00ì‹œ 37ë¶„ / ë³‘ì‹ ë“¤ <ğŸ§¬ì •ì‹ ë‚˜ê°„-í˜¸ì¬ | ê¹€ê°•ëƒ‰ | 582041127323041813> <@!397036116676575233>
00ì‹œ 37ë¶„ / ë³‘ì‹ ë“¤ <ğŸ§¬ì •ì‹ ë‚˜ê°„-í˜¸ì¬ | ê¹€ê°•ëƒ‰ | 582041127323041813> ì•„ì§ë„
00ì‹œ 37ë¶„ / ë³‘ì‹ ë“¤ <ğŸ§¬ì •ì‹ ë‚˜ê°„-í˜¸ì¬ | ê¹€ê°•ëƒ‰ | 582041127323041813> ìëƒ
00ì‹œ 55ë¶„ / [ì •ë³´] ======================
00ì‹œ 55ë¶„ / [ì •ë³´] < êµ¬ë™ ì™„ë£Œ >
00ì‹œ 55ë¶„ / [ì •ë³´] ======================
09ì‹œ 59ë¶„ / [ì •ë³´] c:\Users\82105\Desktop\Project\Discord\DiscordBot_Gwen\cogs\AdminCommand.py ë¡œë“œ ì™„ë£Œ
09ì‹œ 59ë¶„ / [ì •ë³´] c:\Users\82105\Desktop\Project\Discord\DiscordBot_Gwen\cogs\event.py ë¡œë“œ ì™„ë£Œ
09ì‹œ 59ë¶„ / [ì •ë³´] c:\Users\82105\Desktop\Project\Discord\DiscordBot_Gwen\cogs\NormalCommandBot.py ë¡œë“œ ì™„ë£Œ
09ì‹œ 59ë¶„ / [ì •ë³´] c:\Users\82105\Desktop\Project\Discord\DiscordBot_Gwen\cogs\SearchCommand.py ë¡œë“œ ì™„ë£Œ
09ì‹œ 59ë¶„ / [ì •ë³´] ======================
09ì‹œ 59ë¶„ / [ì •ë³´] < êµ¬ë™ ì™„ë£Œ >
09ì‹œ 59ë¶„ / [ì •ë³´] ======================
10ì‹œ 18ë¶„ / ë³‘ì‹ ë“¤ <ì‹¤í—˜ | í•˜ë¦¬í•˜ë£¨ | 758963978331619331> !restart
10ì‹œ 18ë¶„ / [ì •ë³´] c:\Users\82105\Desktop\Project\Discord\DiscordBot_Gwen\cogs\AdminCommand.py ë¡œë“œ ì™„ë£Œ
10ì‹œ 18ë¶„ / [ì •ë³´] 'AdminCommand' ë‹¤ì‹œ ë¶ˆëŸ¬ì˜´
10ì‹œ 18ë¶„ / [ì •ë³´] c:\Users\82105\Desktop\Project\Discord\DiscordBot_Gwen\cogs\event.py ë¡œë“œ ì™„ë£Œ
10ì‹œ 18ë¶„ / [ì •ë³´] 'event' ë‹¤ì‹œ ë¶ˆëŸ¬ì˜´
10ì‹œ 18ë¶„ / [ì •ë³´] c:\Users\82105\Desktop\Project\Discord\DiscordBot_Gwen\cogs\NormalCommandBot.py ë¡œë“œ ì™„ë£Œ
10ì‹œ 18ë¶„ / [ì •ë³´] 'NormalCommandBot' ë‹¤ì‹œ ë¶ˆëŸ¬ì˜´
10ì‹œ 18ë¶„ / [ì •ë³´] c:\Users\82105\Desktop\Project\Discord\DiscordBot_Gwen\cogs\SearchCommand.py ë¡œë“œ ì™„ë£Œ
10ì‹œ 18ë¶„ / [ì •ë³´] 'SearchCommand' ë‹¤ì‹œ ë¶ˆëŸ¬ì˜´
10ì‹œ 18ë¶„ / ë³‘ì‹ ë“¤ <ì‹¤í—˜ | í•˜ë¦¬í•˜ë£¨ | 758963978331619331> !ì±”í”¼ì–¸ ì•„ì¹¼ã„¹
10ì‹œ 18ë¶„ / ë³‘ì‹ ë“¤ <ì‹¤í—˜ | í•˜ë¦¬í•˜ë£¨ | 758963978331619331> !ì±”í”¼ì–¸ ì•„ì¹¼ë¦¬
10ì‹œ 19ë¶„ / ë³‘ì‹ ë“¤ <ì‹¤í—˜ | í•˜ë¦¬í•˜ë£¨ | 758963978331619331> !restart
10ì‹œ 19ë¶„ / [ì •ë³´] c:\Users\82105\Desktop\Project\Discord\DiscordBot_Gwen\cogs\AdminCommand.py ë¡œë“œ ì™„ë£Œ
10ì‹œ 19ë¶„ / [ì •ë³´] 'AdminCommand' ë‹¤ì‹œ ë¶ˆëŸ¬ì˜´
10ì‹œ 19ë¶„ / [ì •ë³´] c:\Users\82105\Desktop\Project\Discord\DiscordBot_Gwen\cogs\event.py ë¡œë“œ ì™„ë£Œ
10ì‹œ 19ë¶„ / [ì •ë³´] 'event' ë‹¤ì‹œ ë¶ˆëŸ¬ì˜´
10ì‹œ 19ë¶„ / [ì •ë³´] c:\Users\82105\Desktop\Project\Discord\DiscordBot_Gwen\cogs\NormalCommandBot.py ë¡œë“œ ì™„ë£Œ
10ì‹œ 19ë¶„ / [ì •ë³´] 'NormalCommandBot' ë‹¤ì‹œ ë¶ˆëŸ¬ì˜´
10ì‹œ 19ë¶„ / [ì •ë³´] c:\Users\82105\Desktop\Project\Discord\DiscordBot_Gwen\cogs\SearchCommand.py ë¡œë“œ ì™„ë£Œ
10ì‹œ 19ë¶„ / [ì •ë³´] 'SearchCommand' ë‹¤ì‹œ ë¶ˆëŸ¬ì˜´
10ì‹œ 19ë¶„ / ë³‘ì‹ ë“¤ <ì‹¤í—˜ | í•˜ë¦¬í•˜ë£¨ | 758963978331619331> !ì±”í”¼ì–¸ ì•„ì¹¼ë¦¬
10ì‹œ 19ë¶„ / ë³‘ì‹ ë“¤ <ğŸ“©ì±„íŒ…ì°½ | TÌ´ÌƒÍ–rÌµÍ˜Ì1Ì¸Í‘Í aÌ¸ÍÌiÌ¶Ì‰ÌnÌ´ÌŒÌ’aÌ´ÌÍ’ | 496627750858260480> ì¼€ë„¨ë„ ë„ˆí”„ë„¤
10ì‹œ 20ë¶„ / ë³‘ì‹ ë“¤ <ì‹¤í—˜ | í•˜ë¦¬í•˜ë£¨ | 758963978331619331> !restart
10ì‹œ 20ë¶„ / [ì •ë³´] c:\Users\82105\Desktop\Project\Discord\DiscordBot_Gwen\cogs\AdminCommand.py ë¡œë“œ ì™„ë£Œ
10ì‹œ 20ë¶„ / [ì •ë³´] 'AdminCommand' ë‹¤ì‹œ ë¶ˆëŸ¬ì˜´
10ì‹œ 20ë¶„ / [ì •ë³´] c:\Users\82105\Desktop\Project\Discord\DiscordBot_Gwen\cogs\event.py ë¡œë“œ ì™„ë£Œ
10ì‹œ 20ë¶„ / [ì •ë³´] 'event' ë‹¤ì‹œ ë¶ˆëŸ¬ì˜´
10ì‹œ 20ë¶„ / [ì •ë³´] c:\Users\82105\Desktop\Project\Discord\DiscordBot_Gwen\cogs\NormalCommandBot.py ë¡œë“œ ì™„ë£Œ
10ì‹œ 20ë¶„ / [ì •ë³´] 'NormalCommandBot' ë‹¤ì‹œ ë¶ˆëŸ¬ì˜´
10ì‹œ 20ë¶„ / [ì •ë³´] c:\Users\82105\Desktop\Project\Discord\DiscordBot_Gwen\cogs\SearchCommand.py ë¡œë“œ ì™„ë£Œ
10ì‹œ 20ë¶„ / [ì •ë³´] 'SearchCommand' ë‹¤ì‹œ ë¶ˆëŸ¬ì˜´
10ì‹œ 20ë¶„ / ë³‘ì‹ ë“¤ <ì‹¤í—˜ | í•˜ë¦¬í•˜ë£¨ | 758963978331619331> !ì±”í”¼ì–¸ ì•„ì¹¼ë¦¬
10ì‹œ 21ë¶„ / ë³‘ì‹ ë“¤ <ì‹¤í—˜ | í•˜ë¦¬í•˜ë£¨ | 758963978331619331> !restart
10ì‹œ 21ë¶„ / [ì •ë³´] c:\Users\82105\Desktop\Project\Discord\DiscordBot_Gwen\cogs\AdminCommand.py ë¡œë“œ ì™„ë£Œ
10ì‹œ 21ë¶„ / [ì •ë³´] 'AdminCommand' ë‹¤ì‹œ ë¶ˆëŸ¬ì˜´
10ì‹œ 21ë¶„ / [ì •ë³´] c:\Users\82105\Desktop\Project\Discord\DiscordBot_Gwen\cogs\event.py ë¡œë“œ ì™„ë£Œ
10ì‹œ 21ë¶„ / [ì •ë³´] 'event' ë‹¤ì‹œ ë¶ˆëŸ¬ì˜´
10ì‹œ 21ë¶„ / [ì •ë³´] c:\Users\82105\Desktop\Project\Discord\DiscordBot_Gwen\cogs\NormalCommandBot.py ë¡œë“œ ì™„ë£Œ
10ì‹œ 21ë¶„ / [ì •ë³´] 'NormalCommandBot' ë‹¤ì‹œ ë¶ˆëŸ¬ì˜´
10ì‹œ 21ë¶„ / [ì •ë³´] c:\Users\82105\Desktop\Project\Discord\DiscordBot_Gwen\cogs\SearchCommand.py ë¡œë“œ ì™„ë£Œ
10ì‹œ 21ë¶„ / [ì •ë³´] 'SearchCommand' ë‹¤ì‹œ ë¶ˆëŸ¬ì˜´
10ì‹œ 21ë¶„ / ë³‘ì‹ ë“¤ <ì‹¤í—˜ | í•˜ë¦¬í•˜ë£¨ | 758963978331619331> !ì±”í”¼ì–¸ ì•„ì¹¼ë¦¬
10ì‹œ 22ë¶„ / ë³‘ì‹ ë“¤ <ì‹¤í—˜ | í•˜ë¦¬í•˜ë£¨ | 758963978331619331> !ì±”í”¼ì–¸ ì•„ì¹¼ë¦¬
10ì‹œ 24ë¶„ / ë³‘ì‹ ë“¤ <ì‹¤í—˜ | í•˜ë¦¬í•˜ë£¨ | 758963978331619331> !restart
10ì‹œ 24ë¶„ / [ì •ë³´] c:\Users\82105\Desktop\Project\Discord\DiscordBot_Gwen\cogs\AdminCommand.py ë¡œë“œ ì™„ë£Œ
10ì‹œ 24ë¶„ / [ì •ë³´] 'AdminCommand' ë‹¤ì‹œ ë¶ˆëŸ¬ì˜´
10ì‹œ 24ë¶„ / [ì •ë³´] c:\Users\82105\Desktop\Project\Discord\DiscordBot_Gwen\cogs\event.py ë¡œë“œ ì™„ë£Œ
10ì‹œ 24ë¶„ / [ì •ë³´] 'event' ë‹¤ì‹œ ë¶ˆëŸ¬ì˜´
10ì‹œ 24ë¶„ / [ì •ë³´] c:\Users\82105\Desktop\Project\Discord\DiscordBot_Gwen\cogs\NormalCommandBot.py ë¡œë“œ ì™„ë£Œ
10ì‹œ 24ë¶„ / [ì •ë³´] 'NormalCommandBot' ë‹¤ì‹œ ë¶ˆëŸ¬ì˜´
10ì‹œ 24ë¶„ / [ì •ë³´] c:\Users\82105\Desktop\Project\Discord\DiscordBot_Gwen\cogs\SearchCommand.py ë¡œë“œ ì™„ë£Œ
10ì‹œ 24ë¶„ / [ì •ë³´] 'SearchCommand' ë‹¤ì‹œ ë¶ˆëŸ¬ì˜´
10ì‹œ 24ë¶„ / ë³‘ì‹ ë“¤ <ì‹¤í—˜ | í•˜ë¦¬í•˜ë£¨ | 758963978331619331> !ì±”í”¼ì–¸ ì¡°ì´
10ì‹œ 24ë¶„ / ë³‘ì‹ ë“¤ <ì‹¤í—˜ | MURYAN | 397036116676575233> ì•„
10ì‹œ 24ë¶„ / ë³‘ì‹ ë“¤ <ì‹¤í—˜ | MURYAN | 397036116676575233> ê°œì¡¸ë´
10ì‹œ 24ë¶„ / ë³‘ì‹ ë“¤ <ì‹¤í—˜ | MURYAN | 397036116676575233> !ì±”í”¼ì–¸ ì¹´ì´ì‚¬
10ì‹œ 24ë¶„ / ë³‘ì‹ ë“¤ <ì‹¤í—˜ | í•˜ë¦¬í•˜ë£¨ | 758963978331619331> !ì±”í”¼ì–¸ ì•„ì¹¼ë¦¬
10ì‹œ 25ë¶„ / ë³‘ì‹ ë“¤ <ì‹¤í—˜ | í•˜ë¦¬í•˜ë£¨ | 758963978331619331> ì•„ì§
10ì‹œ 25ë¶„ / ë³‘ì‹ ë“¤ <ì‹¤í—˜ | í•˜ë¦¬í•˜ë£¨ | 758963978331619331> ì•ˆë§Œë“¤ì—ˆìŠµë‹ˆë‹¤ ^^7
10ì‹œ 25ë¶„ / ë³‘ì‹ ë“¤ <ì‹¤í—˜ | MURYAN | 397036116676575233> ìŠ¹ë¥ ë„ë‚®ê³ 
10ì‹œ 25ë¶„ / ë³‘ì‹ ë“¤ <ì‹¤í—˜ | MURYAN | 397036116676575233> í‹°ì–´ë„ë‹ë„¤
10ì‹œ 25ë¶„ / ë³‘ì‹ ë“¤ <ì‹¤í—˜ | MURYAN | 397036116676575233> ì¹´ì´ì‚¬ ì“°ë ˆê¸°ì±”
10ì‹œ 25ë¶„ / ë³‘ì‹ ë“¤ <ì‹¤í—˜ | í•˜ë¦¬í•˜ë£¨ | 758963978331619331> ì•„ë˜ëŠ”
10ì‹œ 25ë¶„ / ë³‘ì‹ ë“¤ <ì‹¤í—˜ | í•˜ë¦¬í•˜ë£¨ | 758963978331619331> ì•ˆë³´ì„?
10ì‹œ 25ë¶„ / ë³‘ì‹ ë“¤ <ì‹¤í—˜ | í•˜ë¦¬í•˜ë£¨ | 758963978331619331> ìŠ¹ë¥  í”½ë¥  í‹°ì–´
10ì‹œ 25ë¶„ / ë³‘ì‹ ë“¤ <ì‹¤í—˜ | í•˜ë¦¬í•˜ë£¨ | 758963978331619331> ë‹¤ë‚®ì€
10ì‹œ 25ë¶„ / ë³‘ì‹ ë“¤ <ì‹¤í—˜ | í•˜ë¦¬í•˜ë£¨ | 758963978331619331> ì•„ì¹¼ë¦¬í•˜ëŠ”ê±´ ì–´ë–¤ê°€ìš”
10ì‹œ 25ë¶„ / ë³‘ì‹ ë“¤ <ì‹¤í—˜ | í•˜ë¦¬í•˜ë£¨ | 758963978331619331> ìš”ì¦˜ ì•„ì¹¼ë¦¬ë¡œëŠ”
10ì‹œ 25ë¶„ / ë³‘ì‹ ë“¤ <ì‹¤í—˜ | í•˜ë¦¬í•˜ë£¨ | 758963978331619331> ìºë¦¬ë¥¼ ëª»í•˜ê² ë”ë¼
10ì‹œ 26ë¶„ / ë³‘ì‹ ë“¤ <ì‹¤í—˜ | í•˜ë¦¬í•˜ë£¨ | 758963978331619331> íˆíˆ
10ì‹œ 26ë¶„ / ë³‘ì‹ ë“¤ <ì‹¤í—˜ | í•˜ë¦¬í•˜ë£¨ | 758963978331619331> ì•„ì¹¼ë¦¬
10ì‹œ 26ë¶„ / ë³‘ì‹ ë“¤ <ì‹¤í—˜ | í•˜ë¦¬í•˜ë£¨ | 758963978331619331> ë²„í”„ì¢€
10ì‹œ 27ë¶„ / ë³‘ì‹ ë“¤ <ì‹¤í—˜ | í•˜ë¦¬í•˜ë£¨ | 758963978331619331> !ê·¸ì›¬ DM
10ì‹œ 27ë¶„ / ë³‘ì‹ ë“¤ <ì‹¤í—˜ | í•˜ë¦¬í•˜ë£¨ | 758963978331619331> !DM
10ì‹œ 27ë¶„ / ë³‘ì‹ ë“¤ <ì‹¤í—˜ | í•˜ë¦¬í•˜ë£¨ | 758963978331619331> !DM
10ì‹œ 34ë¶„ / ë³‘ì‹ ë“¤ <ğŸ“©ì±„íŒ…ì°½ | ë¶•ì–´ | 487949939566182400> ã……ã…‚
10ì‹œ 34ë¶„ / ë³‘ì‹ ë“¤ <ğŸ“©ì±„íŒ…ì°½ | ë¶•ì–´ | 487949939566182400> ì €ê²Œë¨¸ì•¼
10ì‹œ 35ë¶„ / ë³‘ì‹ ë“¤ <ğŸ“©ì±„íŒ…ì°½ | ë¶•ì–´ | 487949939566182400> 4í‹°ì–´ì— ë°•íë“¯í•œ
10ì‹œ 35ë¶„ / ë³‘ì‹ ë“¤ <ğŸ“©ì±„íŒ…ì°½ | ë¶•ì–´ | 487949939566182400> ëŠë‚Œì´
10ì‹œ 37ë¶„ / ë³‘ì‹ ë“¤ <ì‹¤í—˜ | í•˜ë¦¬í•˜ë£¨ | 758963978331619331> !restart
10ì‹œ 37ë¶„ / [ì •ë³´] c:\Users\82105\Desktop\Project\Discord\DiscordBot_Gwen\cogs\AdminCommand.py ë¡œë“œ ì™„ë£Œ
10ì‹œ 37ë¶„ / [ì •ë³´] 'AdminCommand' ë‹¤ì‹œ ë¶ˆëŸ¬ì˜´
10ì‹œ 37ë¶„ / [ì •ë³´] c:\Users\82105\Desktop\Project\Discord\DiscordBot_Gwen\cogs\event.py ë¡œë“œ ì™„ë£Œ
10ì‹œ 37ë¶„ / [ì •ë³´] 'event' ë‹¤ì‹œ ë¶ˆëŸ¬ì˜´
10ì‹œ 37ë¶„ / [ì •ë³´] c:\Users\82105\Desktop\Project\Discord\DiscordBot_Gwen\cogs\NormalCommandBot.py ë¡œë“œ ì™„ë£Œ
10ì‹œ 37ë¶„ / [ì •ë³´] 'NormalCommandBot' ë‹¤ì‹œ ë¶ˆëŸ¬ì˜´
10ì‹œ 37ë¶„ / [ì •ë³´] c:\Users\82105\Desktop\Project\Discord\DiscordBot_Gwen\cogs\SearchCommand.py ë¡œë“œ ì™„ë£Œ
10ì‹œ 37ë¶„ / [ì •ë³´] 'SearchCommand' ë‹¤ì‹œ ë¶ˆëŸ¬ì˜´
10ì‹œ 37ë¶„ / ë³‘ì‹ ë“¤ <ì‹¤í—˜ | í•˜ë¦¬í•˜ë£¨ | 758963978331619331> !ì±”í”¼ì–¸ ì•„ì¹¼ë¦¬
10ì‹œ 37ë¶„ / [ì˜¤ë¥˜] Traceback (most recent call last):
  File "C:\Users\82105\AppData\Local\Programs\Python\Python39\lib\site-packages\discord\ext\commands\core.py", line 85, in wrapped
    ret = await coro(*args, **kwargs)
  File "c:\Users\82105\Desktop\Project\Discord\DiscordBot_Gwen\cogs\SearchCommand.py", line 184, in ì±”í”¼ì–¸
    luneType = soup.find_all("div", attrs="perk-page__item perk-page__item--mark", limit=2).find("img").get("src")
  File "C:\Users\82105\AppData\Local\Programs\Python\Python39\lib\site-packages\bs4\element.py", line 2253, in __getattr__
    raise AttributeError(
AttributeError: ResultSet object has no attribute 'find'. You're probably treating a list of elements like a single element. Did you call find_all() when you meant to call find()?

The above exception was the direct cause of the following exception:

Traceback (most recent call last):
  File "c:\Users\82105\Desktop\Project\Discord\DiscordBot_Gwen\utils\logger.py", line 22, in err
    raise error
  File "C:\Users\82105\AppData\Local\Programs\Python\Python39\lib\site-packages\discord\ext\commands\bot.py", line 939, in invoke
    await ctx.command.invoke(ctx)
  File "C:\Users\82105\AppData\Local\Programs\Python\Python39\lib\site-packages\discord\ext\commands\core.py", line 863, in invoke
    await injected(*ctx.args, **ctx.kwargs)
  File "C:\Users\82105\AppData\Local\Programs\Python\Python39\lib\site-packages\discord\ext\commands\core.py", line 94, in wrapped
    raise CommandInvokeError(exc) from exc
discord.ext.commands.errors.CommandInvokeError: Command raised an exception: AttributeError: ResultSet object has no attribute 'find'. You're probably treating a list of elements like a single element. Did you call find_all() when you meant to call find()?



10ì‹œ 41ë¶„ / ë³‘ì‹ ë“¤ <ì‹¤í—˜ | í•˜ë¦¬í•˜ë£¨ | 758963978331619331> !restart
10ì‹œ 41ë¶„ / [ì •ë³´] c:\Users\82105\Desktop\Project\Discord\DiscordBot_Gwen\cogs\AdminCommand.py ë¡œë“œ ì™„ë£Œ
10ì‹œ 41ë¶„ / [ì •ë³´] 'AdminCommand' ë‹¤ì‹œ ë¶ˆëŸ¬ì˜´
10ì‹œ 41ë¶„ / [ì •ë³´] c:\Users\82105\Desktop\Project\Discord\DiscordBot_Gwen\cogs\event.py ë¡œë“œ ì™„ë£Œ
10ì‹œ 41ë¶„ / [ì •ë³´] 'event' ë‹¤ì‹œ ë¶ˆëŸ¬ì˜´
10ì‹œ 41ë¶„ / [ì •ë³´] c:\Users\82105\Desktop\Project\Discord\DiscordBot_Gwen\cogs\NormalCommandBot.py ë¡œë“œ ì™„ë£Œ
10ì‹œ 41ë¶„ / [ì •ë³´] 'NormalCommandBot' ë‹¤ì‹œ ë¶ˆëŸ¬ì˜´
10ì‹œ 41ë¶„ / [ì •ë³´] c:\Users\82105\Desktop\Project\Discord\DiscordBot_Gwen\cogs\SearchCommand.py ë¡œë“œ ì™„ë£Œ
10ì‹œ 41ë¶„ / [ì •ë³´] 'SearchCommand' ë‹¤ì‹œ ë¶ˆëŸ¬ì˜´
10ì‹œ 41ë¶„ / ë³‘ì‹ ë“¤ <ì‹¤í—˜ | í•˜ë¦¬í•˜ë£¨ | 758963978331619331> !ì±”í”¼ì–¸ ì•„ì¹¼ë¦¬
10ì‹œ 46ë¶„ / ë³‘ì‹ ë“¤ <ì‹¤í—˜ | MURYAN | 397036116676575233> ê·€ë§Œ
10ì‹œ 46ë¶„ / ë³‘ì‹ ë“¤ <ì‹¤í—˜ | MURYAN | 397036116676575233> ì•ˆë“¤ë¦¬ëŠ”ê²Œì•„ë‹ˆë¼
10ì‹œ 46ë¶„ / ë³‘ì‹ ë“¤ <ì‹¤í—˜ | MURYAN | 397036116676575233> ëˆˆë„ì•ˆë³´ì—¬ìš”
10ì‹œ 46ë¶„ / ë³‘ì‹ ë“¤ <ì‹¤í—˜ | MURYAN | 397036116676575233> íˆíˆ
10ì‹œ 52ë¶„ / ë³‘ì‹ ë“¤ <ì‹¤í—˜ | í•˜ë¦¬í•˜ë£¨ | 758963978331619331> ???????
10ì‹œ 56ë¶„ / ë³‘ì‹ ë“¤ <ì‹¤í—˜ | í•˜ë¦¬í•˜ë£¨ | 758963978331619331> !restart
10ì‹œ 56ë¶„ / [ì •ë³´] c:\Users\82105\Desktop\Project\Discord\DiscordBot_Gwen\cogs\AdminCommand.py ë¡œë“œ ì™„ë£Œ
10ì‹œ 56ë¶„ / [ì •ë³´] 'AdminCommand' ë‹¤ì‹œ ë¶ˆëŸ¬ì˜´
10ì‹œ 56ë¶„ / [ì •ë³´] c:\Users\82105\Desktop\Project\Discord\DiscordBot_Gwen\cogs\event.py ë¡œë“œ ì™„ë£Œ
10ì‹œ 56ë¶„ / [ì •ë³´] 'event' ë‹¤ì‹œ ë¶ˆëŸ¬ì˜´
10ì‹œ 56ë¶„ / [ì •ë³´] c:\Users\82105\Desktop\Project\Discord\DiscordBot_Gwen\cogs\NormalCommandBot.py ë¡œë“œ ì™„ë£Œ
10ì‹œ 56ë¶„ / [ì •ë³´] 'NormalCommandBot' ë‹¤ì‹œ ë¶ˆëŸ¬ì˜´
10ì‹œ 56ë¶„ / [ì •ë³´] c:\Users\82105\Desktop\Project\Discord\DiscordBot_Gwen\cogs\SearchCommand.py ë¡œë“œ ì™„ë£Œ
10ì‹œ 56ë¶„ / [ì •ë³´] 'SearchCommand' ë‹¤ì‹œ ë¶ˆëŸ¬ì˜´
10ì‹œ 56ë¶„ / ë³‘ì‹ ë“¤ <ì‹¤í—˜ | í•˜ë¦¬í•˜ë£¨ | 758963978331619331> !ì±”í”¼ì–¸ ì¡°ì´
10ì‹œ 56ë¶„ / ë³‘ì‹ ë“¤ <ì‹¤í—˜ | MURYAN | 397036116676575233> !ì±”í”¼ì–¸ ì§•í¬ìŠ¤
10ì‹œ 58ë¶„ / ë³‘ì‹ ë“¤ <ì‹¤í—˜ | í•˜ë¦¬í•˜ë£¨ | 758963978331619331> !í•‘
10ì‹œ 59ë¶„ / ë³‘ì‹ ë“¤ <ì‹¤í—˜ | í•˜ë¦¬í•˜ë£¨ | 758963978331619331> !restart
10ì‹œ 59ë¶„ / [ì •ë³´] c:\Users\82105\Desktop\Project\Discord\DiscordBot_Gwen\cogs\AdminCommand.py ë¡œë“œ ì™„ë£Œ
10ì‹œ 59ë¶„ / [ì •ë³´] 'AdminCommand' ë‹¤ì‹œ ë¶ˆëŸ¬ì˜´
10ì‹œ 59ë¶„ / [ì •ë³´] c:\Users\82105\Desktop\Project\Discord\DiscordBot_Gwen\cogs\event.py ë¡œë“œ ì™„ë£Œ
10ì‹œ 59ë¶„ / [ì •ë³´] 'event' ë‹¤ì‹œ ë¶ˆëŸ¬ì˜´
10ì‹œ 59ë¶„ / [ì •ë³´] c:\Users\82105\Desktop\Project\Discord\DiscordBot_Gwen\cogs\NormalCommandBot.py ë¡œë“œ ì™„ë£Œ
10ì‹œ 59ë¶„ / [ì •ë³´] 'NormalCommandBot' ë‹¤ì‹œ ë¶ˆëŸ¬ì˜´
10ì‹œ 59ë¶„ / [ì •ë³´] c:\Users\82105\Desktop\Project\Discord\DiscordBot_Gwen\cogs\SearchCommand.py ë¡œë“œ ì™„ë£Œ
10ì‹œ 59ë¶„ / [ì •ë³´] 'SearchCommand' ë‹¤ì‹œ ë¶ˆëŸ¬ì˜´
10ì‹œ 59ë¶„ / ë³‘ì‹ ë“¤ <ì‹¤í—˜ | í•˜ë¦¬í•˜ë£¨ | 758963978331619331> !ì±”í”¼ì–¸ ì•„ì¹¼ë¦¬
11ì‹œ 04ë¶„ / ë³‘ì‹ ë“¤ <ì‹¤í—˜ | í•˜ë¦¬í•˜ë£¨ | 758963978331619331> !restart
11ì‹œ 04ë¶„ / [ì •ë³´] c:\Users\82105\Desktop\Project\Discord\DiscordBot_Gwen\cogs\AdminCommand.py ë¡œë“œ ì™„ë£Œ
11ì‹œ 04ë¶„ / [ì •ë³´] 'AdminCommand' ë‹¤ì‹œ ë¶ˆëŸ¬ì˜´
11ì‹œ 04ë¶„ / [ì •ë³´] c:\Users\82105\Desktop\Project\Discord\DiscordBot_Gwen\cogs\event.py ë¡œë“œ ì™„ë£Œ
11ì‹œ 04ë¶„ / [ì •ë³´] 'event' ë‹¤ì‹œ ë¶ˆëŸ¬ì˜´
11ì‹œ 04ë¶„ / [ì •ë³´] c:\Users\82105\Desktop\Project\Discord\DiscordBot_Gwen\cogs\NormalCommandBot.py ë¡œë“œ ì™„ë£Œ
11ì‹œ 04ë¶„ / [ì •ë³´] 'NormalCommandBot' ë‹¤ì‹œ ë¶ˆëŸ¬ì˜´
11ì‹œ 04ë¶„ / [ì •ë³´] c:\Users\82105\Desktop\Project\Discord\DiscordBot_Gwen\cogs\SearchCommand.py ë¡œë“œ ì™„ë£Œ
11ì‹œ 04ë¶„ / [ì •ë³´] 'SearchCommand' ë‹¤ì‹œ ë¶ˆëŸ¬ì˜´
11ì‹œ 04ë¶„ / ë³‘ì‹ ë“¤ <ì‹¤í—˜ | í•˜ë¦¬í•˜ë£¨ | 758963978331619331> !ê·¸ì›¬ì‹ ê°€ìœ„ë°”ìœ„ë³´
11ì‹œ 06ë¶„ / ë³‘ì‹ ë“¤ <ì‹¤í—˜ | TÌ´ÌƒÍ–rÌµÍ˜Ì1Ì¸Í‘Í aÌ¸ÍÌiÌ¶Ì‰ÌnÌ´ÌŒÌ’aÌ´ÌÍ’ | 496627750858260480> ã…‹ã…‹ã…‹
11ì‹œ 07ë¶„ / ë³‘ì‹ ë“¤ <ì‹¤í—˜ | TÌ´ÌƒÍ–rÌµÍ˜Ì1Ì¸Í‘Í aÌ¸ÍÌiÌ¶Ì‰ÌnÌ´ÌŒÌ’aÌ´ÌÍ’ | 496627750858260480> !ê·¸ì›¬ì‹ ê°€ìœ„ë°”ìœ„ë³´
11ì‹œ 07ë¶„ / ë³‘ì‹ ë“¤ <ì‹¤í—˜ | TÌ´ÌƒÍ–rÌµÍ˜Ì1Ì¸Í‘Í aÌ¸ÍÌiÌ¶Ì‰ÌnÌ´ÌŒÌ’aÌ´ÌÍ’ | 496627750858260480> ì£¼ì‘
11ì‹œ 08ë¶„ / ë³‘ì‹ ë“¤ <ì‹¤í—˜ | TÌ´ÌƒÍ–rÌµÍ˜Ì1Ì¸Í‘Í aÌ¸ÍÌiÌ¶Ì‰ÌnÌ´ÌŒÌ’aÌ´ÌÍ’ | 496627750858260480> !ê·¸ì›¬ì‹ ê°€ìœ„ë°”ìœ„ë³´
11ì‹œ 08ë¶„ / ë³‘ì‹ ë“¤ <ì‹¤í—˜ | TÌ´ÌƒÍ–rÌµÍ˜Ì1Ì¸Í‘Í aÌ¸ÍÌiÌ¶Ì‰ÌnÌ´ÌŒÌ’aÌ´ÌÍ’ | 496627750858260480> !ê·¸ì›¬ì‹ ê°€ìœ„ë°”ìœ„ë³´
11ì‹œ 08ë¶„ / ë³‘ì‹ ë“¤ <ì‹¤í—˜ | TÌ´ÌƒÍ–rÌµÍ˜Ì1Ì¸Í‘Í aÌ¸ÍÌiÌ¶Ì‰ÌnÌ´ÌŒÌ’aÌ´ÌÍ’ | 496627750858260480> !ê·¸ì›¬ì‹ ê°€ìœ„ë°”ìœ„ë³´
11ì‹œ 08ë¶„ / ë³‘ì‹ ë“¤ <ì‹¤í—˜ | TÌ´ÌƒÍ–rÌµÍ˜Ì1Ì¸Í‘Í aÌ¸ÍÌiÌ¶Ì‰ÌnÌ´ÌŒÌ’aÌ´ÌÍ’ | 496627750858260480> í  ì£¼ì‘ì€ ì•„ë‹ˆë„¤
11ì‹œ 14ë¶„ / ë³‘ì‹ ë“¤ <ì‹¤í—˜ | TÌ´ÌƒÍ–rÌµÍ˜Ì1Ì¸Í‘Í aÌ¸ÍÌiÌ¶Ì‰ÌnÌ´ÌŒÌ’aÌ´ÌÍ’ | 496627750858260480> !ê·¸ì›¬ì‹ ê°€ìœ„ë°”ìœ„ë³´
11ì‹œ 14ë¶„ / ë³‘ì‹ ë“¤ <ì‹¤í—˜ | TÌ´ÌƒÍ–rÌµÍ˜Ì1Ì¸Í‘Í aÌ¸ÍÌiÌ¶Ì‰ÌnÌ´ÌŒÌ’aÌ´ÌÍ’ | 496627750858260480> dã…—
11ì‹œ 15ë¶„ / [ì •ë³´] ë´‡ì„œë²„ ì„œë²„ì—ì„œ ì«“ê²¨ë‚¬ì–´...
11ì‹œ 15ë¶„ / [ì •ë³´] ë´‡ì„œë²„ ì„œë²„ì— ë“¤ì–´ê°”ì–´!
11ì‹œ 15ë¶„ / ë´‡ì„œë²„ <ì¼ë°˜ | í•˜ë¦¬í•˜ë£¨ | 758963978331619331> !ê°€ìœ„ë°”ìœ„ë³´
11ì‹œ 15ë¶„ / ë´‡ì„œë²„ <ì¼ë°˜ | í•˜ë¦¬í•˜ë£¨ | 758963978331619331> !ì „ì  ì‹œë¦¬í•˜ë£¨
11ì‹œ 15ë¶„ / ë´‡ì„œë²„ <ì¼ë°˜ | í•˜ë¦¬í•˜ë£¨ | 758963978331619331> !ì±”í”¼ì–¸ ì•„ì¹¼ë¦¬
11ì‹œ 16ë¶„ / ë´‡ì„œë²„ <ì¼ë°˜ | í•˜ë¦¬í•˜ë£¨ | 758963978331619331> ê·¸ì›¬ì•„ ì¡ë‹´
11ì‹œ 16ë¶„ / ë´‡ì„œë²„ <ì¼ë°˜ | í•˜ë¦¬í•˜ë£¨ | 758963978331619331> ê·¸ì›¬ì•„ ì•ˆë…•
11ì‹œ 16ë¶„ / ë³‘ì‹ ë“¤ <ê³µì§€ | í•˜ë¦¬í•˜ë£¨ | 758963978331619331> ê·¸ì›¬ ë´‡ ì¶”ê°€: https://discord.com/api/oauth2/authorize?client_id=885030846069899264&permissions=137442552896&scope=bot
11ì‹œ 17ë¶„ / [ì •ë³´] í•˜ë¦¬í•˜ë£¨ì´(ê°€) 'ê·¸ì›¬ ë´‡ ì¶”ê°€: https://discord.com/api/oauth2/authorize?client_id=885030846069899264&permissions=137442552896&scope=bot' ë©”ì‹œì§€ë¥¼ 'ê·¸ì›¬ ë´‡ ì¶”ê°€: https://discord.com/api/oauth2/authorize?client_id=885030846069899264&permissions=137442552896&scope=bot
#ë¯¸ì™„ì„±' ë¡œ ìˆ˜ì •
11ì‹œ 25ë¶„ / [ì •ë³´] í•˜ë¦¬í•˜ë£¨ì´(ê°€) 'ê·¸ì›¬ ë´‡ ì¶”ê°€: https://discord.com/api/oauth2/authorize?client_id=885030846069899264&permissions=137442552896&scope=bot
#ë¯¸ì™„ì„±' ë©”ì‹œì§€ë¥¼ 'ê·¸ì›¬ ë´‡ ì¶”ê°€: https://discord.com/api/oauth2/authorize?client_id=885030846069899264&permissions=137442552896&scope=bot

#ë¯¸ì™„ì„±' ë¡œ ìˆ˜ì •
11ì‹œ 26ë¶„ / ë³‘ì‹ ë“¤ <ğŸ“©ì±„íŒ…ì°½ | í•˜ë¦¬í•˜ë£¨ | 758963978331619331> ì§„ì§œ
11ì‹œ 26ë¶„ / ë³‘ì‹ ë“¤ <ğŸ“©ì±„íŒ…ì°½ | í•˜ë¦¬í•˜ë£¨ | 758963978331619331> eqì•ˆëŒë ¤ì£¼ë‚˜?
11ì‹œ 41ë¶„ / ë³‘ì‹ ë“¤ <ğŸ“©ì±„íŒ…ì°½ | ì•Œ ìˆ˜ ì—†ìŒ | 449764097601437702> ë½€ì‚ê°€ ë²„í”„ë¥¼ ë¨¹ì—ˆë‹¤ê³ ?
11ì‹œ 41ë¶„ / ë³‘ì‹ ë“¤ <ğŸ“©ì±„íŒ…ì°½ | ì•Œ ìˆ˜ ì—†ìŒ | 449764097601437702> ì‰´ë“œ ì¿¨ ë²„í”„ë¼ê³ ?
11ì‹œ 43ë¶„ / ë³‘ì‹ ë“¤ <ğŸ“©ì±„íŒ…ì°½ | ì•Œ ìˆ˜ ì—†ìŒ | 449764097601437702> ì´ê±° ì´ê±° ë˜ 1í‹°ì–´ ê°€ëŠ” ê±´ ì•„ë‹Œì§€ ëª°ë¼
11ì‹œ 53ë¶„ / ë³‘ì‹ ë“¤ <ğŸ“©ì±„íŒ…ì°½ | TÌ´ÌƒÍ–rÌµÍ˜Ì1Ì¸Í‘Í aÌ¸ÍÌiÌ¶Ì‰ÌnÌ´ÌŒÌ’aÌ´ÌÍ’ | 496627750858260480> <@!449764097601437702> ì˜¤ ì „ì„¤ì˜ ê±´ìš°
11ì‹œ 54ë¶„ / ë´‡ì„œë²„ <ì¼ë°˜ | í•˜ë¦¬í•˜ë£¨ | 758963978331619331> !restart
11ì‹œ 54ë¶„ / [ì •ë³´] c:\Users\82105\Desktop\Project\Discord\DiscordBot_Gwen\cogs\AdminCommand.py ë¡œë“œ ì™„ë£Œ
11ì‹œ 54ë¶„ / [ì •ë³´] 'AdminCommand' ë‹¤ì‹œ ë¶ˆëŸ¬ì˜´
11ì‹œ 54ë¶„ / [ì •ë³´] c:\Users\82105\Desktop\Project\Discord\DiscordBot_Gwen\cogs\event.py ë¡œë“œ ì™„ë£Œ
11ì‹œ 54ë¶„ / [ì •ë³´] 'event' ë‹¤ì‹œ ë¶ˆëŸ¬ì˜´
11ì‹œ 54ë¶„ / [ì •ë³´] c:\Users\82105\Desktop\Project\Discord\DiscordBot_Gwen\cogs\NormalCommandBot.py ë¡œë“œ ì™„ë£Œ
11ì‹œ 54ë¶„ / [ì •ë³´] 'NormalCommandBot' ë‹¤ì‹œ ë¶ˆëŸ¬ì˜´
11ì‹œ 54ë¶„ / [ì •ë³´] c:\Users\82105\Desktop\Project\Discord\DiscordBot_Gwen\cogs\SearchCommand.py ë¡œë“œ ì™„ë£Œ
11ì‹œ 54ë¶„ / [ì •ë³´] 'SearchCommand' ë‹¤ì‹œ ë¶ˆëŸ¬ì˜´
11ì‹œ 54ë¶„ / ë´‡ì„œë²„ <ì¼ë°˜ | í•˜ë¦¬í•˜ë£¨ | 758963978331619331> !íŒ¨ì¹˜ ë‚´ì—­
11ì‹œ 54ë¶„ / [ì˜¤ë¥˜] Traceback (most recent call last):
  File "C:\Users\82105\AppData\Local\Programs\Python\Python39\lib\site-packages\discord\ext\commands\core.py", line 85, in wrapped
    ret = await coro(*args, **kwargs)
  File "c:\Users\82105\Desktop\Project\Discord\DiscordBot_Gwen\cogs\SearchCommand.py", line 232, in íŒ¨ì¹˜
    await ctx.send(embed=embed)
  File "C:\Users\82105\AppData\Local\Programs\Python\Python39\lib\site-packages\discord\abc.py", line 1065, in send
    data = await state.http.send_message(channel.id, content, tts=tts, embed=embed,
  File "C:\Users\82105\AppData\Local\Programs\Python\Python39\lib\site-packages\discord\http.py", line 254, in request
    raise HTTPException(r, data)
discord.errors.HTTPException: 400 Bad Request (error code: 50035): Invalid Form Body
In embed.thumbnail.url: Scheme "http:https" is not supported. Scheme must be one of ('http', 'https').

The above exception was the direct cause of the following exception:

Traceback (most recent call last):
  File "c:\Users\82105\Desktop\Project\Discord\DiscordBot_Gwen\utils\logger.py", line 22, in err
    raise error
  File "C:\Users\82105\AppData\Local\Programs\Python\Python39\lib\site-packages\discord\ext\commands\bot.py", line 939, in invoke
    await ctx.command.invoke(ctx)
  File "C:\Users\82105\AppData\Local\Programs\Python\Python39\lib\site-packages\discord\ext\commands\core.py", line 863, in invoke
    await injected(*ctx.args, **ctx.kwargs)
  File "C:\Users\82105\AppData\Local\Programs\Python\Python39\lib\site-packages\discord\ext\commands\core.py", line 94, in wrapped
    raise CommandInvokeError(exc) from exc
discord.ext.commands.errors.CommandInvokeError: Command raised an exception: HTTPException: 400 Bad Request (error code: 50035): Invalid Form Body
In embed.thumbnail.url: Scheme "http:https" is not supported. Scheme must be one of ('http', 'https').



11ì‹œ 54ë¶„ / ë³‘ì‹ ë“¤ <ì‹¤í—˜ | TÌ´ÌƒÍ–rÌµÍ˜Ì1Ì¸Í‘Í aÌ¸ÍÌiÌ¶Ì‰ÌnÌ´ÌŒÌ’aÌ´ÌÍ’ | 496627750858260480> !ê·¸ì›¬ì‹ ê°€ìœ„ë°”ìœ„ë³´
11ì‹œ 55ë¶„ / ë³‘ì‹ ë“¤ <ì‹¤í—˜ | TÌ´ÌƒÍ–rÌµÍ˜Ì1Ì¸Í‘Í aÌ¸ÍÌiÌ¶Ì‰ÌnÌ´ÌŒÌ’aÌ´ÌÍ’ | 496627750858260480> !ê·¸ì›¬ì‹ ê°€ìœ„ë°”ìœ„ë³´
11ì‹œ 55ë¶„ / ë³‘ì‹ ë“¤ <ì‹¤í—˜ | TÌ´ÌƒÍ–rÌµÍ˜Ì1Ì¸Í‘Í aÌ¸ÍÌiÌ¶Ì‰ÌnÌ´ÌŒÌ’aÌ´ÌÍ’ | 496627750858260480> !ê·¸ì›¬ì‹ ê°€ìœ„ë°”ìœ„ë³´
11ì‹œ 55ë¶„ / ë³‘ì‹ ë“¤ <ì‹¤í—˜ | TÌ´ÌƒÍ–rÌµÍ˜Ì1Ì¸Í‘Í aÌ¸ÍÌiÌ¶Ì‰ÌnÌ´ÌŒÌ’aÌ´ÌÍ’ | 496627750858260480> !ê·¸ì›¬ì‹ ê°€ìœ„ë°”ìœ„ë³´
11ì‹œ 55ë¶„ / ë³‘ì‹ ë“¤ <ì‹¤í—˜ | TÌ´ÌƒÍ–rÌµÍ˜Ì1Ì¸Í‘Í aÌ¸ÍÌiÌ¶Ì‰ÌnÌ´ÌŒÌ’aÌ´ÌÍ’ | 496627750858260480> !ê·¸ì›¬ì‹ ê°€ìœ„ë°”ìœ„ë³´
11ì‹œ 55ë¶„ / ë³‘ì‹ ë“¤ <ì‹¤í—˜ | TÌ´ÌƒÍ–rÌµÍ˜Ì1Ì¸Í‘Í aÌ¸ÍÌiÌ¶Ì‰ÌnÌ´ÌŒÌ’aÌ´ÌÍ’ | 496627750858260480> !ê·¸ì›¬ì‹ ê°€ìœ„ë°”ìœ„ë³´
11ì‹œ 55ë¶„ / ë³‘ì‹ ë“¤ <ì‹¤í—˜ | TÌ´ÌƒÍ–rÌµÍ˜Ì1Ì¸Í‘Í aÌ¸ÍÌiÌ¶Ì‰ÌnÌ´ÌŒÌ’aÌ´ÌÍ’ | 496627750858260480> !ê·¸ì›¬ì‹ ê°€ìœ„ë°”ìœ„ë³´
11ì‹œ 56ë¶„ / ë´‡ì„œë²„ <ì¼ë°˜ | í•˜ë¦¬í•˜ë£¨ | 758963978331619331> !restart
11ì‹œ 56ë¶„ / [ì •ë³´] c:\Users\82105\Desktop\Project\Discord\DiscordBot_Gwen\cogs\AdminCommand.py ë¡œë“œ ì™„ë£Œ
11ì‹œ 56ë¶„ / [ì •ë³´] 'AdminCommand' ë‹¤ì‹œ ë¶ˆëŸ¬ì˜´
11ì‹œ 56ë¶„ / [ì •ë³´] c:\Users\82105\Desktop\Project\Discord\DiscordBot_Gwen\cogs\event.py ë¡œë“œ ì™„ë£Œ
11ì‹œ 56ë¶„ / [ì •ë³´] 'event' ë‹¤ì‹œ ë¶ˆëŸ¬ì˜´
11ì‹œ 56ë¶„ / [ì •ë³´] c:\Users\82105\Desktop\Project\Discord\DiscordBot_Gwen\cogs\NormalCommandBot.py ë¡œë“œ ì™„ë£Œ
11ì‹œ 56ë¶„ / [ì •ë³´] 'NormalCommandBot' ë‹¤ì‹œ ë¶ˆëŸ¬ì˜´
11ì‹œ 56ë¶„ / [ì •ë³´] c:\Users\82105\Desktop\Project\Discord\DiscordBot_Gwen\cogs\SearchCommand.py ë¡œë“œ ì™„ë£Œ
11ì‹œ 56ë¶„ / [ì •ë³´] 'SearchCommand' ë‹¤ì‹œ ë¶ˆëŸ¬ì˜´
11ì‹œ 56ë¶„ / ë´‡ì„œë²„ <ì¼ë°˜ | í•˜ë¦¬í•˜ë£¨ | 758963978331619331> !íŒ¨ì¹˜ ë‚´ì—­
11ì‹œ 57ë¶„ / ë´‡ì„œë²„ <ì¼ë°˜ | í•˜ë¦¬í•˜ë£¨ | 758963978331619331> !restart
11ì‹œ 57ë¶„ / [ì •ë³´] c:\Users\82105\Desktop\Project\Discord\DiscordBot_Gwen\cogs\AdminCommand.py ë¡œë“œ ì™„ë£Œ
11ì‹œ 57ë¶„ / [ì •ë³´] 'AdminCommand' ë‹¤ì‹œ ë¶ˆëŸ¬ì˜´
11ì‹œ 57ë¶„ / [ì •ë³´] c:\Users\82105\Desktop\Project\Discord\DiscordBot_Gwen\cogs\event.py ë¡œë“œ ì™„ë£Œ
11ì‹œ 57ë¶„ / [ì •ë³´] 'event' ë‹¤ì‹œ ë¶ˆëŸ¬ì˜´
11ì‹œ 57ë¶„ / [ì •ë³´] c:\Users\82105\Desktop\Project\Discord\DiscordBot_Gwen\cogs\NormalCommandBot.py ë¡œë“œ ì™„ë£Œ
11ì‹œ 57ë¶„ / [ì •ë³´] 'NormalCommandBot' ë‹¤ì‹œ ë¶ˆëŸ¬ì˜´
11ì‹œ 57ë¶„ / [ì •ë³´] c:\Users\82105\Desktop\Project\Discord\DiscordBot_Gwen\cogs\SearchCommand.py ë¡œë“œ ì™„ë£Œ
11ì‹œ 57ë¶„ / [ì •ë³´] 'SearchCommand' ë‹¤ì‹œ ë¶ˆëŸ¬ì˜´
11ì‹œ 57ë¶„ / ë´‡ì„œë²„ <ì¼ë°˜ | í•˜ë¦¬í•˜ë£¨ | 758963978331619331> !íŒ¨ì¹˜ ë‚´ì—­
11ì‹œ 57ë¶„ / [ì˜¤ë¥˜] Traceback (most recent call last):
  File "C:\Users\82105\AppData\Local\Programs\Python\Python39\lib\site-packages\discord\ext\commands\core.py", line 85, in wrapped
    ret = await coro(*args, **kwargs)
  File "c:\Users\82105\Desktop\Project\Discord\DiscordBot_Gwen\cogs\SearchCommand.py", line 227, in íŒ¨ì¹˜
    logger.msg(len(patch_list))  # ë©”ì‹œì§€ë¥¼ ê¸°ë¡
  File "c:\Users\82105\Desktop\Project\Discord\DiscordBot_Gwen\utils\logger.py", line 55, in msg
    if message.content == '':
AttributeError: 'int' object has no attribute 'content'

The above exception was the direct cause of the following exception:

Traceback (most recent call last):
  File "c:\Users\82105\Desktop\Project\Discord\DiscordBot_Gwen\utils\logger.py", line 22, in err
    raise error
  File "C:\Users\82105\AppData\Local\Programs\Python\Python39\lib\site-packages\discord\ext\commands\bot.py", line 939, in invoke
    await ctx.command.invoke(ctx)
  File "C:\Users\82105\AppData\Local\Programs\Python\Python39\lib\site-packages\discord\ext\commands\core.py", line 863, in invoke
    await injected(*ctx.args, **ctx.kwargs)
  File "C:\Users\82105\AppData\Local\Programs\Python\Python39\lib\site-packages\discord\ext\commands\core.py", line 94, in wrapped
    raise CommandInvokeError(exc) from exc
discord.ext.commands.errors.CommandInvokeError: Command raised an exception: AttributeError: 'int' object has no attribute 'content'



11ì‹œ 58ë¶„ / ë´‡ì„œë²„ <ì¼ë°˜ | í•˜ë¦¬í•˜ë£¨ | 758963978331619331> !íŒ¨ì¹˜ ë‚´ì—­
11ì‹œ 58ë¶„ / [ì˜¤ë¥˜] Traceback (most recent call last):
  File "C:\Users\82105\AppData\Local\Programs\Python\Python39\lib\site-packages\discord\ext\commands\core.py", line 85, in wrapped
    ret = await coro(*args, **kwargs)
  File "c:\Users\82105\Desktop\Project\Discord\DiscordBot_Gwen\cogs\SearchCommand.py", line 227, in íŒ¨ì¹˜
    logger.msg(len(patch_list))  # ë©”ì‹œì§€ë¥¼ ê¸°ë¡
  File "c:\Users\82105\Desktop\Project\Discord\DiscordBot_Gwen\utils\logger.py", line 55, in msg
    if message.content == '':
AttributeError: 'int' object has no attribute 'content'

The above exception was the direct cause of the following exception:

Traceback (most recent call last):
  File "c:\Users\82105\Desktop\Project\Discord\DiscordBot_Gwen\utils\logger.py", line 22, in err
    raise error
  File "C:\Users\82105\AppData\Local\Programs\Python\Python39\lib\site-packages\discord\ext\commands\bot.py", line 939, in invoke
    await ctx.command.invoke(ctx)
  File "C:\Users\82105\AppData\Local\Programs\Python\Python39\lib\site-packages\discord\ext\commands\core.py", line 863, in invoke
    await injected(*ctx.args, **ctx.kwargs)
  File "C:\Users\82105\AppData\Local\Programs\Python\Python39\lib\site-packages\discord\ext\commands\core.py", line 94, in wrapped
    raise CommandInvokeError(exc) from exc
discord.ext.commands.errors.CommandInvokeError: Command raised an exception: AttributeError: 'int' object has no attribute 'content'



11ì‹œ 58ë¶„ / ë´‡ì„œë²„ <ì¼ë°˜ | í•˜ë¦¬í•˜ë£¨ | 758963978331619331> !restart
11ì‹œ 58ë¶„ / [ì •ë³´] c:\Users\82105\Desktop\Project\Discord\DiscordBot_Gwen\cogs\AdminCommand.py ë¡œë“œ ì™„ë£Œ
11ì‹œ 58ë¶„ / [ì •ë³´] 'AdminCommand' ë‹¤ì‹œ ë¶ˆëŸ¬ì˜´
11ì‹œ 58ë¶„ / [ì •ë³´] c:\Users\82105\Desktop\Project\Discord\DiscordBot_Gwen\cogs\event.py ë¡œë“œ ì™„ë£Œ
11ì‹œ 58ë¶„ / [ì •ë³´] 'event' ë‹¤ì‹œ ë¶ˆëŸ¬ì˜´
11ì‹œ 58ë¶„ / [ì •ë³´] c:\Users\82105\Desktop\Project\Discord\DiscordBot_Gwen\cogs\NormalCommandBot.py ë¡œë“œ ì™„ë£Œ
11ì‹œ 58ë¶„ / [ì •ë³´] 'NormalCommandBot' ë‹¤ì‹œ ë¶ˆëŸ¬ì˜´
11ì‹œ 58ë¶„ / [ì •ë³´] c:\Users\82105\Desktop\Project\Discord\DiscordBot_Gwen\cogs\SearchCommand.py ë¡œë“œ ì™„ë£Œ
11ì‹œ 58ë¶„ / [ì •ë³´] 'SearchCommand' ë‹¤ì‹œ ë¶ˆëŸ¬ì˜´
11ì‹œ 58ë¶„ / ë´‡ì„œë²„ <ì¼ë°˜ | í•˜ë¦¬í•˜ë£¨ | 758963978331619331> !íŒ¨ì¹˜ ë‚´ì—­
11ì‹œ 58ë¶„ / [ì˜¤ë¥˜] Traceback (most recent call last):
  File "C:\Users\82105\AppData\Local\Programs\Python\Python39\lib\site-packages\discord\ext\commands\core.py", line 85, in wrapped
    ret = await coro(*args, **kwargs)
  File "c:\Users\82105\Desktop\Project\Discord\DiscordBot_Gwen\cogs\SearchCommand.py", line 227, in íŒ¨ì¹˜
    logger.msg(len(patch_list))  # ë©”ì‹œì§€ë¥¼ ê¸°ë¡
  File "c:\Users\82105\Desktop\Project\Discord\DiscordBot_Gwen\utils\logger.py", line 55, in msg
    if message.content == '':
AttributeError: 'int' object has no attribute 'content'

The above exception was the direct cause of the following exception:

Traceback (most recent call last):
  File "c:\Users\82105\Desktop\Project\Discord\DiscordBot_Gwen\utils\logger.py", line 22, in err
    raise error
  File "C:\Users\82105\AppData\Local\Programs\Python\Python39\lib\site-packages\discord\ext\commands\bot.py", line 939, in invoke
    await ctx.command.invoke(ctx)
  File "C:\Users\82105\AppData\Local\Programs\Python\Python39\lib\site-packages\discord\ext\commands\core.py", line 863, in invoke
    await injected(*ctx.args, **ctx.kwargs)
  File "C:\Users\82105\AppData\Local\Programs\Python\Python39\lib\site-packages\discord\ext\commands\core.py", line 94, in wrapped
    raise CommandInvokeError(exc) from exc
discord.ext.commands.errors.CommandInvokeError: Command raised an exception: AttributeError: 'int' object has no attribute 'content'



11ì‹œ 58ë¶„ / ë´‡ì„œë²„ <ì¼ë°˜ | í•˜ë¦¬í•˜ë£¨ | 758963978331619331> !restart
11ì‹œ 58ë¶„ / [ì •ë³´] c:\Users\82105\Desktop\Project\Discord\DiscordBot_Gwen\cogs\AdminCommand.py ë¡œë“œ ì™„ë£Œ
11ì‹œ 58ë¶„ / [ì •ë³´] 'AdminCommand' ë‹¤ì‹œ ë¶ˆëŸ¬ì˜´
11ì‹œ 58ë¶„ / [ì •ë³´] c:\Users\82105\Desktop\Project\Discord\DiscordBot_Gwen\cogs\event.py ë¡œë“œ ì™„ë£Œ
11ì‹œ 58ë¶„ / [ì •ë³´] 'event' ë‹¤ì‹œ ë¶ˆëŸ¬ì˜´
11ì‹œ 58ë¶„ / [ì •ë³´] c:\Users\82105\Desktop\Project\Discord\DiscordBot_Gwen\cogs\NormalCommandBot.py ë¡œë“œ ì™„ë£Œ
11ì‹œ 58ë¶„ / [ì •ë³´] 'NormalCommandBot' ë‹¤ì‹œ ë¶ˆëŸ¬ì˜´
11ì‹œ 58ë¶„ / [ì •ë³´] c:\Users\82105\Desktop\Project\Discord\DiscordBot_Gwen\cogs\SearchCommand.py ë¡œë“œ ì™„ë£Œ
11ì‹œ 58ë¶„ / [ì •ë³´] 'SearchCommand' ë‹¤ì‹œ ë¶ˆëŸ¬ì˜´
11ì‹œ 58ë¶„ / ë´‡ì„œë²„ <ì¼ë°˜ | í•˜ë¦¬í•˜ë£¨ | 758963978331619331> !íŒ¨ì¹˜ ë‚´ì—­
11ì‹œ 59ë¶„ / ë´‡ì„œë²„ <ì¼ë°˜ | í•˜ë¦¬í•˜ë£¨ | 758963978331619331> !restart
11ì‹œ 59ë¶„ / [ì •ë³´] c:\Users\82105\Desktop\Project\Discord\DiscordBot_Gwen\cogs\AdminCommand.py ë¡œë“œ ì™„ë£Œ
11ì‹œ 59ë¶„ / [ì •ë³´] 'AdminCommand' ë‹¤ì‹œ ë¶ˆëŸ¬ì˜´
11ì‹œ 59ë¶„ / [ì •ë³´] c:\Users\82105\Desktop\Project\Discord\DiscordBot_Gwen\cogs\event.py ë¡œë“œ ì™„ë£Œ
11ì‹œ 59ë¶„ / [ì •ë³´] 'event' ë‹¤ì‹œ ë¶ˆëŸ¬ì˜´
11ì‹œ 59ë¶„ / [ì •ë³´] c:\Users\82105\Desktop\Project\Discord\DiscordBot_Gwen\cogs\NormalCommandBot.py ë¡œë“œ ì™„ë£Œ
11ì‹œ 59ë¶„ / [ì •ë³´] 'NormalCommandBot' ë‹¤ì‹œ ë¶ˆëŸ¬ì˜´
11ì‹œ 59ë¶„ / [ì •ë³´] c:\Users\82105\Desktop\Project\Discord\DiscordBot_Gwen\cogs\SearchCommand.py ë¡œë“œ ì™„ë£Œ
11ì‹œ 59ë¶„ / [ì •ë³´] 'SearchCommand' ë‹¤ì‹œ ë¶ˆëŸ¬ì˜´
11ì‹œ 59ë¶„ / ë´‡ì„œë²„ <ì¼ë°˜ | í•˜ë¦¬í•˜ë£¨ | 758963978331619331> !íŒ¨ì¹˜ ë‚´ì—­
11ì‹œ 59ë¶„ / ë´‡ì„œë²„ <ì¼ë°˜ | í•˜ë¦¬í•˜ë£¨ | 758963978331619331> !restart
11ì‹œ 59ë¶„ / [ì •ë³´] c:\Users\82105\Desktop\Project\Discord\DiscordBot_Gwen\cogs\AdminCommand.py ë¡œë“œ ì™„ë£Œ
11ì‹œ 59ë¶„ / [ì •ë³´] 'AdminCommand' ë‹¤ì‹œ ë¶ˆëŸ¬ì˜´
11ì‹œ 59ë¶„ / [ì •ë³´] c:\Users\82105\Desktop\Project\Discord\DiscordBot_Gwen\cogs\event.py ë¡œë“œ ì™„ë£Œ
11ì‹œ 59ë¶„ / [ì •ë³´] 'event' ë‹¤ì‹œ ë¶ˆëŸ¬ì˜´
11ì‹œ 59ë¶„ / [ì •ë³´] c:\Users\82105\Desktop\Project\Discord\DiscordBot_Gwen\cogs\NormalCommandBot.py ë¡œë“œ ì™„ë£Œ
11ì‹œ 59ë¶„ / [ì •ë³´] 'NormalCommandBot' ë‹¤ì‹œ ë¶ˆëŸ¬ì˜´
11ì‹œ 59ë¶„ / [ì •ë³´] c:\Users\82105\Desktop\Project\Discord\DiscordBot_Gwen\cogs\SearchCommand.py ë¡œë“œ ì™„ë£Œ
11ì‹œ 59ë¶„ / [ì •ë³´] 'SearchCommand' ë‹¤ì‹œ ë¶ˆëŸ¬ì˜´
11ì‹œ 59ë¶„ / ë´‡ì„œë²„ <ì¼ë°˜ | í•˜ë¦¬í•˜ë£¨ | 758963978331619331> !íŒ¨ì¹˜ ë‚´ì—­
11ì‹œ 59ë¶„ / [ì˜¤ë¥˜] Traceback (most recent call last):
  File "C:\Users\82105\AppData\Local\Programs\Python\Python39\lib\site-packages\discord\ext\commands\core.py", line 85, in wrapped
    ret = await coro(*args, **kwargs)
  File "c:\Users\82105\Desktop\Project\Discord\DiscordBot_Gwen\cogs\SearchCommand.py", line 228, in íŒ¨ì¹˜
    embed.add_field(name=champ_list[i], value=patch_list[i],inline = False)
IndexError: list index out of range

The above exception was the direct cause of the following exception:

Traceback (most recent call last):
  File "c:\Users\82105\Desktop\Project\Discord\DiscordBot_Gwen\utils\logger.py", line 22, in err
    raise error
  File "C:\Users\82105\AppData\Local\Programs\Python\Python39\lib\site-packages\discord\ext\commands\bot.py", line 939, in invoke
    await ctx.command.invoke(ctx)
  File "C:\Users\82105\AppData\Local\Programs\Python\Python39\lib\site-packages\discord\ext\commands\core.py", line 863, in invoke
    await injected(*ctx.args, **ctx.kwargs)
  File "C:\Users\82105\AppData\Local\Programs\Python\Python39\lib\site-packages\discord\ext\commands\core.py", line 94, in wrapped
    raise CommandInvokeError(exc) from exc
discord.ext.commands.errors.CommandInvokeError: Command raised an exception: IndexError: list index out of range



12ì‹œ 05ë¶„ / ë´‡ì„œë²„ <ì¼ë°˜ | í•˜ë¦¬í•˜ë£¨ | 758963978331619331> !restarrt
12ì‹œ 05ë¶„ / ë´‡ì„œë²„ <ì¼ë°˜ | í•˜ë¦¬í•˜ë£¨ | 758963978331619331> !restart
12ì‹œ 05ë¶„ / [ì •ë³´] c:\Users\82105\Desktop\Project\Discord\DiscordBot_Gwen\cogs\AdminCommand.py ë¡œë“œ ì™„ë£Œ
12ì‹œ 05ë¶„ / [ì •ë³´] 'AdminCommand' ë‹¤ì‹œ ë¶ˆëŸ¬ì˜´
12ì‹œ 05ë¶„ / [ì •ë³´] c:\Users\82105\Desktop\Project\Discord\DiscordBot_Gwen\cogs\event.py ë¡œë“œ ì™„ë£Œ
12ì‹œ 05ë¶„ / [ì •ë³´] 'event' ë‹¤ì‹œ ë¶ˆëŸ¬ì˜´
12ì‹œ 05ë¶„ / [ì •ë³´] c:\Users\82105\Desktop\Project\Discord\DiscordBot_Gwen\cogs\NormalCommandBot.py ë¡œë“œ ì™„ë£Œ
12ì‹œ 05ë¶„ / [ì •ë³´] 'NormalCommandBot' ë‹¤ì‹œ ë¶ˆëŸ¬ì˜´
12ì‹œ 05ë¶„ / [ì •ë³´] c:\Users\82105\Desktop\Project\Discord\DiscordBot_Gwen\cogs\SearchCommand.py ë¡œë“œ ì™„ë£Œ
12ì‹œ 05ë¶„ / [ì •ë³´] 'SearchCommand' ë‹¤ì‹œ ë¶ˆëŸ¬ì˜´
12ì‹œ 05ë¶„ / ë´‡ì„œë²„ <ì¼ë°˜ | í•˜ë¦¬í•˜ë£¨ | 758963978331619331> !íŒ¨ì¹˜ ë‚´ì—­
12ì‹œ 05ë¶„ / [ì˜¤ë¥˜] Traceback (most recent call last):
  File "C:\Users\82105\AppData\Local\Programs\Python\Python39\lib\site-packages\discord\ext\commands\core.py", line 85, in wrapped
    ret = await coro(*args, **kwargs)
  File "c:\Users\82105\Desktop\Project\Discord\DiscordBot_Gwen\cogs\SearchCommand.py", line 228, in íŒ¨ì¹˜
    embed.add_field(name=champ_list[i],inline = False)
IndexError: list index out of range

The above exception was the direct cause of the following exception:

Traceback (most recent call last):
  File "c:\Users\82105\Desktop\Project\Discord\DiscordBot_Gwen\utils\logger.py", line 22, in err
    raise error
  File "C:\Users\82105\AppData\Local\Programs\Python\Python39\lib\site-packages\discord\ext\commands\bot.py", line 939, in invoke
    await ctx.command.invoke(ctx)
  File "C:\Users\82105\AppData\Local\Programs\Python\Python39\lib\site-packages\discord\ext\commands\core.py", line 863, in invoke
    await injected(*ctx.args, **ctx.kwargs)
  File "C:\Users\82105\AppData\Local\Programs\Python\Python39\lib\site-packages\discord\ext\commands\core.py", line 94, in wrapped
    raise CommandInvokeError(exc) from exc
discord.ext.commands.errors.CommandInvokeError: Command raised an exception: IndexError: list index out of range



12ì‹œ 06ë¶„ / ë´‡ì„œë²„ <ì¼ë°˜ | í•˜ë¦¬í•˜ë£¨ | 758963978331619331> !restart
12ì‹œ 06ë¶„ / [ì •ë³´] c:\Users\82105\Desktop\Project\Discord\DiscordBot_Gwen\cogs\AdminCommand.py ë¡œë“œ ì™„ë£Œ
12ì‹œ 06ë¶„ / [ì •ë³´] 'AdminCommand' ë‹¤ì‹œ ë¶ˆëŸ¬ì˜´
12ì‹œ 06ë¶„ / [ì •ë³´] c:\Users\82105\Desktop\Project\Discord\DiscordBot_Gwen\cogs\event.py ë¡œë“œ ì™„ë£Œ
12ì‹œ 06ë¶„ / [ì •ë³´] 'event' ë‹¤ì‹œ ë¶ˆëŸ¬ì˜´
12ì‹œ 06ë¶„ / [ì •ë³´] c:\Users\82105\Desktop\Project\Discord\DiscordBot_Gwen\cogs\NormalCommandBot.py ë¡œë“œ ì™„ë£Œ
12ì‹œ 06ë¶„ / [ì •ë³´] 'NormalCommandBot' ë‹¤ì‹œ ë¶ˆëŸ¬ì˜´
12ì‹œ 06ë¶„ / [ì •ë³´] c:\Users\82105\Desktop\Project\Discord\DiscordBot_Gwen\cogs\SearchCommand.py ë¡œë“œ ì™„ë£Œ
12ì‹œ 06ë¶„ / [ì •ë³´] 'SearchCommand' ë‹¤ì‹œ ë¶ˆëŸ¬ì˜´
12ì‹œ 06ë¶„ / ë´‡ì„œë²„ <ì¼ë°˜ | í•˜ë¦¬í•˜ë£¨ | 758963978331619331> !íŒ¨ì¹˜ ë‚´ì—­
12ì‹œ 06ë¶„ / [ì˜¤ë¥˜] Traceback (most recent call last):
  File "C:\Users\82105\AppData\Local\Programs\Python\Python39\lib\site-packages\discord\ext\commands\core.py", line 85, in wrapped
    ret = await coro(*args, **kwargs)
  File "c:\Users\82105\Desktop\Project\Discord\DiscordBot_Gwen\cogs\SearchCommand.py", line 228, in íŒ¨ì¹˜
    embed.add_field(name=champ_list[i],inline = False)
IndexError: list index out of range

The above exception was the direct cause of the following exception:

Traceback (most recent call last):
  File "c:\Users\82105\Desktop\Project\Discord\DiscordBot_Gwen\utils\logger.py", line 22, in err
    raise error
  File "C:\Users\82105\AppData\Local\Programs\Python\Python39\lib\site-packages\discord\ext\commands\bot.py", line 939, in invoke
    await ctx.command.invoke(ctx)
  File "C:\Users\82105\AppData\Local\Programs\Python\Python39\lib\site-packages\discord\ext\commands\core.py", line 863, in invoke
    await injected(*ctx.args, **ctx.kwargs)
  File "C:\Users\82105\AppData\Local\Programs\Python\Python39\lib\site-packages\discord\ext\commands\core.py", line 94, in wrapped
    raise CommandInvokeError(exc) from exc
discord.ext.commands.errors.CommandInvokeError: Command raised an exception: IndexError: list index out of range



12ì‹œ 06ë¶„ / ë´‡ì„œë²„ <ì¼ë°˜ | í•˜ë¦¬í•˜ë£¨ | 758963978331619331> !restart
12ì‹œ 06ë¶„ / [ì •ë³´] c:\Users\82105\Desktop\Project\Discord\DiscordBot_Gwen\cogs\AdminCommand.py ë¡œë“œ ì™„ë£Œ
12ì‹œ 06ë¶„ / [ì •ë³´] 'AdminCommand' ë‹¤ì‹œ ë¶ˆëŸ¬ì˜´
12ì‹œ 06ë¶„ / [ì •ë³´] c:\Users\82105\Desktop\Project\Discord\DiscordBot_Gwen\cogs\event.py ë¡œë“œ ì™„ë£Œ
12ì‹œ 06ë¶„ / [ì •ë³´] 'event' ë‹¤ì‹œ ë¶ˆëŸ¬ì˜´
12ì‹œ 06ë¶„ / [ì •ë³´] c:\Users\82105\Desktop\Project\Discord\DiscordBot_Gwen\cogs\NormalCommandBot.py ë¡œë“œ ì™„ë£Œ
12ì‹œ 06ë¶„ / [ì •ë³´] 'NormalCommandBot' ë‹¤ì‹œ ë¶ˆëŸ¬ì˜´
12ì‹œ 06ë¶„ / [ì •ë³´] c:\Users\82105\Desktop\Project\Discord\DiscordBot_Gwen\cogs\SearchCommand.py ë¡œë“œ ì™„ë£Œ
12ì‹œ 06ë¶„ / [ì •ë³´] 'SearchCommand' ë‹¤ì‹œ ë¶ˆëŸ¬ì˜´
12ì‹œ 06ë¶„ / ë´‡ì„œë²„ <ì¼ë°˜ | í•˜ë¦¬í•˜ë£¨ | 758963978331619331> !íŒ¨ì¹˜ ë‚´ì—­
12ì‹œ 06ë¶„ / [ì˜¤ë¥˜] Traceback (most recent call last):
  File "C:\Users\82105\AppData\Local\Programs\Python\Python39\lib\site-packages\discord\ext\commands\core.py", line 85, in wrapped
    ret = await coro(*args, **kwargs)
  File "c:\Users\82105\Desktop\Project\Discord\DiscordBot_Gwen\cogs\SearchCommand.py", line 222, in íŒ¨ì¹˜
    logger.msg(len(champ_list))  # ë©”ì‹œì§€ë¥¼ ê¸°ë¡
  File "c:\Users\82105\Desktop\Project\Discord\DiscordBot_Gwen\utils\logger.py", line 55, in msg
    if message.content == '':
AttributeError: 'int' object has no attribute 'content'

The above exception was the direct cause of the following exception:

Traceback (most recent call last):
  File "c:\Users\82105\Desktop\Project\Discord\DiscordBot_Gwen\utils\logger.py", line 22, in err
    raise error
  File "C:\Users\82105\AppData\Local\Programs\Python\Python39\lib\site-packages\discord\ext\commands\bot.py", line 939, in invoke
    await ctx.command.invoke(ctx)
  File "C:\Users\82105\AppData\Local\Programs\Python\Python39\lib\site-packages\discord\ext\commands\core.py", line 863, in invoke
    await injected(*ctx.args, **ctx.kwargs)
  File "C:\Users\82105\AppData\Local\Programs\Python\Python39\lib\site-packages\discord\ext\commands\core.py", line 94, in wrapped
    raise CommandInvokeError(exc) from exc
discord.ext.commands.errors.CommandInvokeError: Command raised an exception: AttributeError: 'int' object has no attribute 'content'



12ì‹œ 07ë¶„ / ë´‡ì„œë²„ <ì¼ë°˜ | í•˜ë¦¬í•˜ë£¨ | 758963978331619331> !restart
12ì‹œ 07ë¶„ / [ì •ë³´] c:\Users\82105\Desktop\Project\Discord\DiscordBot_Gwen\cogs\AdminCommand.py ë¡œë“œ ì™„ë£Œ
12ì‹œ 07ë¶„ / [ì •ë³´] 'AdminCommand' ë‹¤ì‹œ ë¶ˆëŸ¬ì˜´
12ì‹œ 07ë¶„ / [ì •ë³´] c:\Users\82105\Desktop\Project\Discord\DiscordBot_Gwen\cogs\event.py ë¡œë“œ ì™„ë£Œ
12ì‹œ 07ë¶„ / [ì •ë³´] 'event' ë‹¤ì‹œ ë¶ˆëŸ¬ì˜´
12ì‹œ 07ë¶„ / [ì •ë³´] c:\Users\82105\Desktop\Project\Discord\DiscordBot_Gwen\cogs\NormalCommandBot.py ë¡œë“œ ì™„ë£Œ
12ì‹œ 07ë¶„ / [ì •ë³´] 'NormalCommandBot' ë‹¤ì‹œ ë¶ˆëŸ¬ì˜´
12ì‹œ 07ë¶„ / [ì •ë³´] c:\Users\82105\Desktop\Project\Discord\DiscordBot_Gwen\cogs\SearchCommand.py ë¡œë“œ ì™„ë£Œ
12ì‹œ 07ë¶„ / [ì •ë³´] 'SearchCommand' ë‹¤ì‹œ ë¶ˆëŸ¬ì˜´
12ì‹œ 07ë¶„ / ë´‡ì„œë²„ <ì¼ë°˜ | í•˜ë¦¬í•˜ë£¨ | 758963978331619331> !íŒ¨ì¹˜ ë‚´ì—­
12ì‹œ 07ë¶„ / [ì •ë³´] 0
12ì‹œ 08ë¶„ / ë´‡ì„œë²„ <ì¼ë°˜ | í•˜ë¦¬í•˜ë£¨ | 758963978331619331> !restart
12ì‹œ 08ë¶„ / [ì •ë³´] c:\Users\82105\Desktop\Project\Discord\DiscordBot_Gwen\cogs\AdminCommand.py ë¡œë“œ ì™„ë£Œ
12ì‹œ 08ë¶„ / [ì •ë³´] 'AdminCommand' ë‹¤ì‹œ ë¶ˆëŸ¬ì˜´
12ì‹œ 08ë¶„ / [ì •ë³´] c:\Users\82105\Desktop\Project\Discord\DiscordBot_Gwen\cogs\event.py ë¡œë“œ ì™„ë£Œ
12ì‹œ 08ë¶„ / [ì •ë³´] 'event' ë‹¤ì‹œ ë¶ˆëŸ¬ì˜´
12ì‹œ 08ë¶„ / [ì •ë³´] c:\Users\82105\Desktop\Project\Discord\DiscordBot_Gwen\cogs\NormalCommandBot.py ë¡œë“œ ì™„ë£Œ
12ì‹œ 08ë¶„ / [ì •ë³´] 'NormalCommandBot' ë‹¤ì‹œ ë¶ˆëŸ¬ì˜´
12ì‹œ 08ë¶„ / [ì •ë³´] c:\Users\82105\Desktop\Project\Discord\DiscordBot_Gwen\cogs\SearchCommand.py ë¡œë“œ ì™„ë£Œ
12ì‹œ 08ë¶„ / [ì •ë³´] 'SearchCommand' ë‹¤ì‹œ ë¶ˆëŸ¬ì˜´
12ì‹œ 08ë¶„ / ë´‡ì„œë²„ <ì¼ë°˜ | í•˜ë¦¬í•˜ë£¨ | 758963978331619331> !íŒ¨ì¹˜ ë‚´ì—­
12ì‹œ 08ë¶„ / [ì •ë³´] 0
12ì‹œ 09ë¶„ / ë´‡ì„œë²„ <ì¼ë°˜ | í•˜ë¦¬í•˜ë£¨ | 758963978331619331> !restart
12ì‹œ 09ë¶„ / [ì •ë³´] c:\Users\82105\Desktop\Project\Discord\DiscordBot_Gwen\cogs\AdminCommand.py ë¡œë“œ ì™„ë£Œ
12ì‹œ 09ë¶„ / [ì •ë³´] 'AdminCommand' ë‹¤ì‹œ ë¶ˆëŸ¬ì˜´
12ì‹œ 09ë¶„ / [ì •ë³´] c:\Users\82105\Desktop\Project\Discord\DiscordBot_Gwen\cogs\event.py ë¡œë“œ ì™„ë£Œ
12ì‹œ 09ë¶„ / [ì •ë³´] 'event' ë‹¤ì‹œ ë¶ˆëŸ¬ì˜´
12ì‹œ 09ë¶„ / [ì •ë³´] c:\Users\82105\Desktop\Project\Discord\DiscordBot_Gwen\cogs\NormalCommandBot.py ë¡œë“œ ì™„ë£Œ
12ì‹œ 09ë¶„ / [ì •ë³´] 'NormalCommandBot' ë‹¤ì‹œ ë¶ˆëŸ¬ì˜´
12ì‹œ 09ë¶„ / [ì •ë³´] c:\Users\82105\Desktop\Project\Discord\DiscordBot_Gwen\cogs\SearchCommand.py ë¡œë“œ ì™„ë£Œ
12ì‹œ 09ë¶„ / [ì •ë³´] 'SearchCommand' ë‹¤ì‹œ ë¶ˆëŸ¬ì˜´
12ì‹œ 09ë¶„ / ë´‡ì„œë²„ <ì¼ë°˜ | í•˜ë¦¬í•˜ë£¨ | 758963978331619331> !íŒ¨ì¹˜ ë‚´ì—­
12ì‹œ 09ë¶„ / [ì •ë³´] 0
12ì‹œ 11ë¶„ / ë´‡ì„œë²„ <ì¼ë°˜ | í•˜ë¦¬í•˜ë£¨ | 758963978331619331> !restart
12ì‹œ 11ë¶„ / [ì •ë³´] c:\Users\82105\Desktop\Project\Discord\DiscordBot_Gwen\cogs\AdminCommand.py ë¡œë“œ ì™„ë£Œ
12ì‹œ 11ë¶„ / [ì •ë³´] 'AdminCommand' ë‹¤ì‹œ ë¶ˆëŸ¬ì˜´
12ì‹œ 11ë¶„ / [ì •ë³´] c:\Users\82105\Desktop\Project\Discord\DiscordBot_Gwen\cogs\event.py ë¡œë“œ ì™„ë£Œ
12ì‹œ 11ë¶„ / [ì •ë³´] 'event' ë‹¤ì‹œ ë¶ˆëŸ¬ì˜´
12ì‹œ 11ë¶„ / [ì •ë³´] c:\Users\82105\Desktop\Project\Discord\DiscordBot_Gwen\cogs\NormalCommandBot.py ë¡œë“œ ì™„ë£Œ
12ì‹œ 11ë¶„ / [ì •ë³´] 'NormalCommandBot' ë‹¤ì‹œ ë¶ˆëŸ¬ì˜´
12ì‹œ 11ë¶„ / [ì •ë³´] c:\Users\82105\Desktop\Project\Discord\DiscordBot_Gwen\cogs\SearchCommand.py ë¡œë“œ ì™„ë£Œ
12ì‹œ 11ë¶„ / [ì •ë³´] 'SearchCommand' ë‹¤ì‹œ ë¶ˆëŸ¬ì˜´
12ì‹œ 11ë¶„ / ë´‡ì„œë²„ <ì¼ë°˜ | í•˜ë¦¬í•˜ë£¨ | 758963978331619331> !íŒ¨ì¹˜ ë‚´ì—­
12ì‹œ 11ë¶„ / [ì •ë³´] 0
12ì‹œ 12ë¶„ / ë³‘ì‹ ë“¤ <ì‹¤í—˜ | TÌ´ÌƒÍ–rÌµÍ˜Ì1Ì¸Í‘Í aÌ¸ÍÌiÌ¶Ì‰ÌnÌ´ÌŒÌ’aÌ´ÌÍ’ | 496627750858260480> !ê·¸ì›¬ì‹ ê°€ìœ„ë°”ìœ„ë³´
12ì‹œ 12ë¶„ / ë³‘ì‹ ë“¤ <ì‹¤í—˜ | TÌ´ÌƒÍ–rÌµÍ˜Ì1Ì¸Í‘Í aÌ¸ÍÌiÌ¶Ì‰ÌnÌ´ÌŒÌ’aÌ´ÌÍ’ | 496627750858260480> !ê·¸ì›¬ì‹ ê°€ìœ„ë°”ìœ„ë³´
12ì‹œ 12ë¶„ / ë³‘ì‹ ë“¤ <ì‹¤í—˜ | TÌ´ÌƒÍ–rÌµÍ˜Ì1Ì¸Í‘Í aÌ¸ÍÌiÌ¶Ì‰ÌnÌ´ÌŒÌ’aÌ´ÌÍ’ | 496627750858260480> !ê·¸ì›¬ì‹ ê°€ìœ„ë°”ìœ„ë³´
12ì‹œ 12ë¶„ / ë³‘ì‹ ë“¤ <ì‹¤í—˜ | TÌ´ÌƒÍ–rÌµÍ˜Ì1Ì¸Í‘Í aÌ¸ÍÌiÌ¶Ì‰ÌnÌ´ÌŒÌ’aÌ´ÌÍ’ | 496627750858260480> !ê·¸ì›¬ì‹ ê°€ìœ„ë°”ìœ„ë³´
12ì‹œ 12ë¶„ / ë³‘ì‹ ë“¤ <ì‹¤í—˜ | TÌ´ÌƒÍ–rÌµÍ˜Ì1Ì¸Í‘Í aÌ¸ÍÌiÌ¶Ì‰ÌnÌ´ÌŒÌ’aÌ´ÌÍ’ | 496627750858260480> !ê·¸ì›¬ì‹ ê°€ìœ„ë°”ìœ„ë³´
12ì‹œ 15ë¶„ / ë´‡ì„œë²„ <ì¼ë°˜ | í•˜ë¦¬í•˜ë£¨ | 758963978331619331> !restart
12ì‹œ 15ë¶„ / [ì •ë³´] c:\Users\82105\Desktop\Project\Discord\DiscordBot_Gwen\cogs\AdminCommand.py ë¡œë“œ ì™„ë£Œ
12ì‹œ 15ë¶„ / [ì •ë³´] 'AdminCommand' ë‹¤ì‹œ ë¶ˆëŸ¬ì˜´
12ì‹œ 15ë¶„ / [ì •ë³´] c:\Users\82105\Desktop\Project\Discord\DiscordBot_Gwen\cogs\event.py ë¡œë“œ ì™„ë£Œ
12ì‹œ 15ë¶„ / [ì •ë³´] 'event' ë‹¤ì‹œ ë¶ˆëŸ¬ì˜´
12ì‹œ 15ë¶„ / [ì •ë³´] c:\Users\82105\Desktop\Project\Discord\DiscordBot_Gwen\cogs\NormalCommandBot.py ë¡œë“œ ì™„ë£Œ
12ì‹œ 15ë¶„ / [ì •ë³´] 'NormalCommandBot' ë‹¤ì‹œ ë¶ˆëŸ¬ì˜´
12ì‹œ 15ë¶„ / [ì •ë³´] c:\Users\82105\Desktop\Project\Discord\DiscordBot_Gwen\cogs\SearchCommand.py ë¡œë“œ ì™„ë£Œ
12ì‹œ 15ë¶„ / [ì •ë³´] 'SearchCommand' ë‹¤ì‹œ ë¶ˆëŸ¬ì˜´
12ì‹œ 16ë¶„ / ë´‡ì„œë²„ <ì¼ë°˜ | í•˜ë¦¬í•˜ë£¨ | 758963978331619331> !íŒ¨ì¹˜ ë‚´ì—­
12ì‹œ 16ë¶„ / [ì •ë³´] 0
12ì‹œ 17ë¶„ / ë´‡ì„œë²„ <ì¼ë°˜ | í•˜ë¦¬í•˜ë£¨ | 758963978331619331> !restart
12ì‹œ 17ë¶„ / [ì •ë³´] c:\Users\82105\Desktop\Project\Discord\DiscordBot_Gwen\cogs\AdminCommand.py ë¡œë“œ ì™„ë£Œ
12ì‹œ 17ë¶„ / [ì •ë³´] 'AdminCommand' ë‹¤ì‹œ ë¶ˆëŸ¬ì˜´
12ì‹œ 17ë¶„ / [ì •ë³´] c:\Users\82105\Desktop\Project\Discord\DiscordBot_Gwen\cogs\event.py ë¡œë“œ ì™„ë£Œ
12ì‹œ 17ë¶„ / [ì •ë³´] 'event' ë‹¤ì‹œ ë¶ˆëŸ¬ì˜´
12ì‹œ 17ë¶„ / [ì •ë³´] c:\Users\82105\Desktop\Project\Discord\DiscordBot_Gwen\cogs\NormalCommandBot.py ë¡œë“œ ì™„ë£Œ
12ì‹œ 17ë¶„ / [ì •ë³´] 'NormalCommandBot' ë‹¤ì‹œ ë¶ˆëŸ¬ì˜´
12ì‹œ 17ë¶„ / [ì •ë³´] c:\Users\82105\Desktop\Project\Discord\DiscordBot_Gwen\cogs\SearchCommand.py ë¡œë“œ ì™„ë£Œ
12ì‹œ 17ë¶„ / [ì •ë³´] 'SearchCommand' ë‹¤ì‹œ ë¶ˆëŸ¬ì˜´
12ì‹œ 17ë¶„ / ë´‡ì„œë²„ <ì¼ë°˜ | í•˜ë¦¬í•˜ë£¨ | 758963978331619331> !íŒ¨ì¹˜ ë‚´ì—­
12ì‹œ 17ë¶„ / [ì˜¤ë¥˜] Traceback (most recent call last):
  File "C:\Users\82105\AppData\Local\Programs\Python\Python39\lib\site-packages\discord\ext\commands\core.py", line 85, in wrapped
    ret = await coro(*args, **kwargs)
  File "c:\Users\82105\Desktop\Project\Discord\DiscordBot_Gwen\cogs\SearchCommand.py", line 218, in íŒ¨ì¹˜
    champ = soup.find("h3", attrs="champion-name").get_text()
AttributeError: 'NoneType' object has no attribute 'get_text'

The above exception was the direct cause of the following exception:

Traceback (most recent call last):
  File "c:\Users\82105\Desktop\Project\Discord\DiscordBot_Gwen\utils\logger.py", line 22, in err
    raise error
  File "C:\Users\82105\AppData\Local\Programs\Python\Python39\lib\site-packages\discord\ext\commands\bot.py", line 939, in invoke
    await ctx.command.invoke(ctx)
  File "C:\Users\82105\AppData\Local\Programs\Python\Python39\lib\site-packages\discord\ext\commands\core.py", line 863, in invoke
    await injected(*ctx.args, **ctx.kwargs)
  File "C:\Users\82105\AppData\Local\Programs\Python\Python39\lib\site-packages\discord\ext\commands\core.py", line 94, in wrapped
    raise CommandInvokeError(exc) from exc
discord.ext.commands.errors.CommandInvokeError: Command raised an exception: AttributeError: 'NoneType' object has no attribute 'get_text'



12ì‹œ 18ë¶„ / ë´‡ì„œë²„ <ì¼ë°˜ | í•˜ë¦¬í•˜ë£¨ | 758963978331619331> !restart
12ì‹œ 18ë¶„ / [ì •ë³´] c:\Users\82105\Desktop\Project\Discord\DiscordBot_Gwen\cogs\AdminCommand.py ë¡œë“œ ì™„ë£Œ
12ì‹œ 18ë¶„ / [ì •ë³´] 'AdminCommand' ë‹¤ì‹œ ë¶ˆëŸ¬ì˜´
12ì‹œ 18ë¶„ / [ì •ë³´] c:\Users\82105\Desktop\Project\Discord\DiscordBot_Gwen\cogs\event.py ë¡œë“œ ì™„ë£Œ
12ì‹œ 18ë¶„ / [ì •ë³´] 'event' ë‹¤ì‹œ ë¶ˆëŸ¬ì˜´
12ì‹œ 18ë¶„ / [ì •ë³´] c:\Users\82105\Desktop\Project\Discord\DiscordBot_Gwen\cogs\NormalCommandBot.py ë¡œë“œ ì™„ë£Œ
12ì‹œ 18ë¶„ / [ì •ë³´] 'NormalCommandBot' ë‹¤ì‹œ ë¶ˆëŸ¬ì˜´
12ì‹œ 18ë¶„ / [ì •ë³´] c:\Users\82105\Desktop\Project\Discord\DiscordBot_Gwen\cogs\SearchCommand.py ë¡œë“œ ì™„ë£Œ
12ì‹œ 18ë¶„ / [ì •ë³´] 'SearchCommand' ë‹¤ì‹œ ë¶ˆëŸ¬ì˜´
12ì‹œ 18ë¶„ / ë´‡ì„œë²„ <ì¼ë°˜ | í•˜ë¦¬í•˜ë£¨ | 758963978331619331> !íŒ¨ì¹˜ ë‚´ì—­
12ì‹œ 18ë¶„ / [ì˜¤ë¥˜] Traceback (most recent call last):
  File "C:\Users\82105\AppData\Local\Programs\Python\Python39\lib\site-packages\discord\ext\commands\core.py", line 85, in wrapped
    ret = await coro(*args, **kwargs)
  File "c:\Users\82105\Desktop\Project\Discord\DiscordBot_Gwen\cogs\SearchCommand.py", line 218, in íŒ¨ì¹˜
    champ = soup.find("h3", attrs="champion-name").get_text().strip()
AttributeError: 'NoneType' object has no attribute 'get_text'

The above exception was the direct cause of the following exception:

Traceback (most recent call last):
  File "c:\Users\82105\Desktop\Project\Discord\DiscordBot_Gwen\utils\logger.py", line 22, in err
    raise error
  File "C:\Users\82105\AppData\Local\Programs\Python\Python39\lib\site-packages\discord\ext\commands\bot.py", line 939, in invoke
    await ctx.command.invoke(ctx)
  File "C:\Users\82105\AppData\Local\Programs\Python\Python39\lib\site-packages\discord\ext\commands\core.py", line 863, in invoke
    await injected(*ctx.args, **ctx.kwargs)
  File "C:\Users\82105\AppData\Local\Programs\Python\Python39\lib\site-packages\discord\ext\commands\core.py", line 94, in wrapped
    raise CommandInvokeError(exc) from exc
discord.ext.commands.errors.CommandInvokeError: Command raised an exception: AttributeError: 'NoneType' object has no attribute 'get_text'



12ì‹œ 18ë¶„ / ë´‡ì„œë²„ <ì¼ë°˜ | í•˜ë¦¬í•˜ë£¨ | 758963978331619331> !restart
12ì‹œ 18ë¶„ / [ì •ë³´] c:\Users\82105\Desktop\Project\Discord\DiscordBot_Gwen\cogs\AdminCommand.py ë¡œë“œ ì™„ë£Œ
12ì‹œ 18ë¶„ / [ì •ë³´] 'AdminCommand' ë‹¤ì‹œ ë¶ˆëŸ¬ì˜´
12ì‹œ 18ë¶„ / [ì •ë³´] c:\Users\82105\Desktop\Project\Discord\DiscordBot_Gwen\cogs\event.py ë¡œë“œ ì™„ë£Œ
12ì‹œ 18ë¶„ / [ì •ë³´] 'event' ë‹¤ì‹œ ë¶ˆëŸ¬ì˜´
12ì‹œ 18ë¶„ / [ì •ë³´] c:\Users\82105\Desktop\Project\Discord\DiscordBot_Gwen\cogs\NormalCommandBot.py ë¡œë“œ ì™„ë£Œ
12ì‹œ 18ë¶„ / [ì •ë³´] 'NormalCommandBot' ë‹¤ì‹œ ë¶ˆëŸ¬ì˜´
12ì‹œ 18ë¶„ / [ì •ë³´] c:\Users\82105\Desktop\Project\Discord\DiscordBot_Gwen\cogs\SearchCommand.py ë¡œë“œ ì™„ë£Œ
12ì‹œ 18ë¶„ / [ì •ë³´] 'SearchCommand' ë‹¤ì‹œ ë¶ˆëŸ¬ì˜´
12ì‹œ 18ë¶„ / ë´‡ì„œë²„ <ì¼ë°˜ | í•˜ë¦¬í•˜ë£¨ | 758963978331619331> !íŒ¨ì¹˜ ë‚´ì—­
12ì‹œ 18ë¶„ / [ì˜¤ë¥˜] Traceback (most recent call last):
  File "C:\Users\82105\AppData\Local\Programs\Python\Python39\lib\site-packages\discord\ext\commands\core.py", line 85, in wrapped
    ret = await coro(*args, **kwargs)
  File "c:\Users\82105\Desktop\Project\Discord\DiscordBot_Gwen\cogs\SearchCommand.py", line 218, in íŒ¨ì¹˜
    champ = soup.find("h3", attrs="champion-name").get_text().strip()
AttributeError: 'NoneType' object has no attribute 'get_text'

The above exception was the direct cause of the following exception:

Traceback (most recent call last):
  File "c:\Users\82105\Desktop\Project\Discord\DiscordBot_Gwen\utils\logger.py", line 22, in err
    raise error
  File "C:\Users\82105\AppData\Local\Programs\Python\Python39\lib\site-packages\discord\ext\commands\bot.py", line 939, in invoke
    await ctx.command.invoke(ctx)
  File "C:\Users\82105\AppData\Local\Programs\Python\Python39\lib\site-packages\discord\ext\commands\core.py", line 863, in invoke
    await injected(*ctx.args, **ctx.kwargs)
  File "C:\Users\82105\AppData\Local\Programs\Python\Python39\lib\site-packages\discord\ext\commands\core.py", line 94, in wrapped
    raise CommandInvokeError(exc) from exc
discord.ext.commands.errors.CommandInvokeError: Command raised an exception: AttributeError: 'NoneType' object has no attribute 'get_text'



12ì‹œ 28ë¶„ / ë´‡ì„œë²„ <ì¼ë°˜ | í•˜ë¦¬í•˜ë£¨ | 758963978331619331> !restart
12ì‹œ 28ë¶„ / [ì •ë³´] c:\Users\82105\Desktop\Project\Discord\DiscordBot_Gwen\cogs\AdminCommand.py ë¡œë“œ ì™„ë£Œ
12ì‹œ 28ë¶„ / [ì •ë³´] 'AdminCommand' ë‹¤ì‹œ ë¶ˆëŸ¬ì˜´
12ì‹œ 28ë¶„ / [ì •ë³´] c:\Users\82105\Desktop\Project\Discord\DiscordBot_Gwen\cogs\event.py ë¡œë“œ ì™„ë£Œ
12ì‹œ 28ë¶„ / [ì •ë³´] 'event' ë‹¤ì‹œ ë¶ˆëŸ¬ì˜´
12ì‹œ 28ë¶„ / [ì •ë³´] c:\Users\82105\Desktop\Project\Discord\DiscordBot_Gwen\cogs\NormalCommandBot.py ë¡œë“œ ì™„ë£Œ
12ì‹œ 28ë¶„ / [ì •ë³´] 'NormalCommandBot' ë‹¤ì‹œ ë¶ˆëŸ¬ì˜´
12ì‹œ 28ë¶„ / [ì •ë³´] c:\Users\82105\Desktop\Project\Discord\DiscordBot_Gwen\cogs\SearchCommand.py ë¡œë“œ ì™„ë£Œ
12ì‹œ 28ë¶„ / [ì •ë³´] 'SearchCommand' ë‹¤ì‹œ ë¶ˆëŸ¬ì˜´
12ì‹œ 28ë¶„ / ë´‡ì„œë²„ <ì¼ë°˜ | í•˜ë¦¬í•˜ë£¨ | 758963978331619331> !íŒ¨ì¹˜ ë…¸íŠ¸
12ì‹œ 28ë¶„ / ë´‡ì„œë²„ <ì¼ë°˜ | í•˜ë¦¬í•˜ë£¨ | 758963978331619331> !íŒ¨ì¹˜ ë‚´ì—­
12ì‹œ 28ë¶„ / [ì˜¤ë¥˜] Traceback (most recent call last):
  File "C:\Users\82105\AppData\Local\Programs\Python\Python39\lib\site-packages\discord\ext\commands\core.py", line 85, in wrapped
    ret = await coro(*args, **kwargs)
  File "c:\Users\82105\Desktop\Project\Discord\DiscordBot_Gwen\cogs\SearchCommand.py", line 222, in íŒ¨ì¹˜
    await ctx.send(embed=embed)
  File "C:\Users\82105\AppData\Local\Programs\Python\Python39\lib\site-packages\discord\abc.py", line 1065, in send
    data = await state.http.send_message(channel.id, content, tts=tts, embed=embed,
  File "C:\Users\82105\AppData\Local\Programs\Python\Python39\lib\site-packages\discord\http.py", line 254, in request
    raise HTTPException(r, data)
discord.errors.HTTPException: 400 Bad Request (error code: 50035): Invalid Form Body
In embed.thumbnail.url: Scheme "http:https" is not supported. Scheme must be one of ('http', 'https').

The above exception was the direct cause of the following exception:

Traceback (most recent call last):
  File "c:\Users\82105\Desktop\Project\Discord\DiscordBot_Gwen\utils\logger.py", line 22, in err
    raise error
  File "C:\Users\82105\AppData\Local\Programs\Python\Python39\lib\site-packages\discord\ext\commands\bot.py", line 939, in invoke
    await ctx.command.invoke(ctx)
  File "C:\Users\82105\AppData\Local\Programs\Python\Python39\lib\site-packages\discord\ext\commands\core.py", line 863, in invoke
    await injected(*ctx.args, **ctx.kwargs)
  File "C:\Users\82105\AppData\Local\Programs\Python\Python39\lib\site-packages\discord\ext\commands\core.py", line 94, in wrapped
    raise CommandInvokeError(exc) from exc
discord.ext.commands.errors.CommandInvokeError: Command raised an exception: HTTPException: 400 Bad Request (error code: 50035): Invalid Form Body
In embed.thumbnail.url: Scheme "http:https" is not supported. Scheme must be one of ('http', 'https').



12ì‹œ 29ë¶„ / ë´‡ì„œë²„ <ì¼ë°˜ | í•˜ë¦¬í•˜ë£¨ | 758963978331619331> !restart
12ì‹œ 29ë¶„ / [ì •ë³´] c:\Users\82105\Desktop\Project\Discord\DiscordBot_Gwen\cogs\AdminCommand.py ë¡œë“œ ì™„ë£Œ
12ì‹œ 29ë¶„ / [ì •ë³´] 'AdminCommand' ë‹¤ì‹œ ë¶ˆëŸ¬ì˜´
12ì‹œ 29ë¶„ / [ì •ë³´] c:\Users\82105\Desktop\Project\Discord\DiscordBot_Gwen\cogs\event.py ë¡œë“œ ì™„ë£Œ
12ì‹œ 29ë¶„ / [ì •ë³´] 'event' ë‹¤ì‹œ ë¶ˆëŸ¬ì˜´
12ì‹œ 29ë¶„ / [ì •ë³´] c:\Users\82105\Desktop\Project\Discord\DiscordBot_Gwen\cogs\NormalCommandBot.py ë¡œë“œ ì™„ë£Œ
12ì‹œ 29ë¶„ / [ì •ë³´] 'NormalCommandBot' ë‹¤ì‹œ ë¶ˆëŸ¬ì˜´
12ì‹œ 29ë¶„ / [ì •ë³´] c:\Users\82105\Desktop\Project\Discord\DiscordBot_Gwen\cogs\SearchCommand.py ë¡œë“œ ì™„ë£Œ
12ì‹œ 29ë¶„ / [ì •ë³´] 'SearchCommand' ë‹¤ì‹œ ë¶ˆëŸ¬ì˜´
12ì‹œ 29ë¶„ / ë´‡ì„œë²„ <ì¼ë°˜ | í•˜ë¦¬í•˜ë£¨ | 758963978331619331> !íŒ¨ì¹˜ ë‚´ì—¬
12ì‹œ 29ë¶„ / ë´‡ì„œë²„ <ì¼ë°˜ | í•˜ë¦¬í•˜ë£¨ | 758963978331619331> !íŒ¨ì¹˜ ë‚´ì—­
12ì‹œ 30ë¶„ / ë´‡ì„œë²„ <ì¼ë°˜ | í•˜ë¦¬í•˜ë£¨ | 758963978331619331> !restart
12ì‹œ 30ë¶„ / [ì •ë³´] c:\Users\82105\Desktop\Project\Discord\DiscordBot_Gwen\cogs\AdminCommand.py ë¡œë“œ ì™„ë£Œ
12ì‹œ 30ë¶„ / [ì •ë³´] 'AdminCommand' ë‹¤ì‹œ ë¶ˆëŸ¬ì˜´
12ì‹œ 30ë¶„ / [ì •ë³´] c:\Users\82105\Desktop\Project\Discord\DiscordBot_Gwen\cogs\event.py ë¡œë“œ ì™„ë£Œ
12ì‹œ 30ë¶„ / [ì •ë³´] 'event' ë‹¤ì‹œ ë¶ˆëŸ¬ì˜´
12ì‹œ 30ë¶„ / [ì •ë³´] c:\Users\82105\Desktop\Project\Discord\DiscordBot_Gwen\cogs\NormalCommandBot.py ë¡œë“œ ì™„ë£Œ
12ì‹œ 30ë¶„ / [ì •ë³´] 'NormalCommandBot' ë‹¤ì‹œ ë¶ˆëŸ¬ì˜´
12ì‹œ 30ë¶„ / [ì •ë³´] c:\Users\82105\Desktop\Project\Discord\DiscordBot_Gwen\cogs\SearchCommand.py ë¡œë“œ ì™„ë£Œ
12ì‹œ 30ë¶„ / [ì •ë³´] 'SearchCommand' ë‹¤ì‹œ ë¶ˆëŸ¬ì˜´
12ì‹œ 30ë¶„ / ë´‡ì„œë²„ <ì¼ë°˜ | í•˜ë¦¬í•˜ë£¨ | 758963978331619331> !íŒ¨ì¹˜ ë‚´ì—­
12ì‹œ 33ë¶„ / ë´‡ì„œë²„ <ì¼ë°˜ | í•˜ë¦¬í•˜ë£¨ | 758963978331619331> !restart
12ì‹œ 33ë¶„ / [ì •ë³´] c:\Users\82105\Desktop\Project\Discord\DiscordBot_Gwen\cogs\AdminCommand.py ë¡œë“œ ì™„ë£Œ
12ì‹œ 33ë¶„ / [ì •ë³´] 'AdminCommand' ë‹¤ì‹œ ë¶ˆëŸ¬ì˜´
12ì‹œ 33ë¶„ / [ì •ë³´] c:\Users\82105\Desktop\Project\Discord\DiscordBot_Gwen\cogs\event.py ë¡œë“œ ì™„ë£Œ
12ì‹œ 33ë¶„ / [ì •ë³´] 'event' ë‹¤ì‹œ ë¶ˆëŸ¬ì˜´
12ì‹œ 33ë¶„ / [ì •ë³´] c:\Users\82105\Desktop\Project\Discord\DiscordBot_Gwen\cogs\NormalCommandBot.py ë¡œë“œ ì™„ë£Œ
12ì‹œ 33ë¶„ / [ì •ë³´] 'NormalCommandBot' ë‹¤ì‹œ ë¶ˆëŸ¬ì˜´
12ì‹œ 33ë¶„ / [ì •ë³´] c:\Users\82105\Desktop\Project\Discord\DiscordBot_Gwen\cogs\SearchCommand.py ë¡œë“œ ì™„ë£Œ
12ì‹œ 33ë¶„ / [ì •ë³´] 'SearchCommand' ë‹¤ì‹œ ë¶ˆëŸ¬ì˜´
12ì‹œ 33ë¶„ / ë´‡ì„œë²„ <ì¼ë°˜ | í•˜ë¦¬í•˜ë£¨ | 758963978331619331> !íŒ¨ì¹˜ ë‚´ì—­
12ì‹œ 33ë¶„ / [ì˜¤ë¥˜] Traceback (most recent call last):
  File "C:\Users\82105\AppData\Local\Programs\Python\Python39\lib\site-packages\discord\ext\commands\core.py", line 85, in wrapped
    ret = await coro(*args, **kwargs)
  File "c:\Users\82105\Desktop\Project\Discord\DiscordBot_Gwen\cogs\SearchCommand.py", line 219, in íŒ¨ì¹˜
    embed.add_field(name="http:" + patchLink, value="League of Legend",url = "http:" + patchLink ,inline = False)
TypeError: add_field() got an unexpected keyword argument 'url'

The above exception was the direct cause of the following exception:

Traceback (most recent call last):
  File "c:\Users\82105\Desktop\Project\Discord\DiscordBot_Gwen\utils\logger.py", line 22, in err
    raise error
  File "C:\Users\82105\AppData\Local\Programs\Python\Python39\lib\site-packages\discord\ext\commands\bot.py", line 939, in invoke
    await ctx.command.invoke(ctx)
  File "C:\Users\82105\AppData\Local\Programs\Python\Python39\lib\site-packages\discord\ext\commands\core.py", line 863, in invoke
    await injected(*ctx.args, **ctx.kwargs)
  File "C:\Users\82105\AppData\Local\Programs\Python\Python39\lib\site-packages\discord\ext\commands\core.py", line 94, in wrapped
    raise CommandInvokeError(exc) from exc
discord.ext.commands.errors.CommandInvokeError: Command raised an exception: TypeError: add_field() got an unexpected keyword argument 'url'



12ì‹œ 36ë¶„ / ë´‡ì„œë²„ <ì¼ë°˜ | í•˜ë¦¬í•˜ë£¨ | 758963978331619331> !restart
12ì‹œ 36ë¶„ / [ì •ë³´] c:\Users\82105\Desktop\Project\Discord\DiscordBot_Gwen\cogs\AdminCommand.py ë¡œë“œ ì™„ë£Œ
12ì‹œ 36ë¶„ / [ì •ë³´] 'AdminCommand' ë‹¤ì‹œ ë¶ˆëŸ¬ì˜´
12ì‹œ 36ë¶„ / [ì •ë³´] c:\Users\82105\Desktop\Project\Discord\DiscordBot_Gwen\cogs\event.py ë¡œë“œ ì™„ë£Œ
12ì‹œ 36ë¶„ / [ì •ë³´] 'event' ë‹¤ì‹œ ë¶ˆëŸ¬ì˜´
12ì‹œ 36ë¶„ / [ì •ë³´] c:\Users\82105\Desktop\Project\Discord\DiscordBot_Gwen\cogs\NormalCommandBot.py ë¡œë“œ ì™„ë£Œ
12ì‹œ 36ë¶„ / [ì •ë³´] 'NormalCommandBot' ë‹¤ì‹œ ë¶ˆëŸ¬ì˜´
12ì‹œ 36ë¶„ / [ì •ë³´] c:\Users\82105\Desktop\Project\Discord\DiscordBot_Gwen\cogs\SearchCommand.py ë¡œë“œ ì™„ë£Œ
12ì‹œ 36ë¶„ / [ì •ë³´] 'SearchCommand' ë‹¤ì‹œ ë¶ˆëŸ¬ì˜´
12ì‹œ 36ë¶„ / ë´‡ì„œë²„ <ì¼ë°˜ | í•˜ë¦¬í•˜ë£¨ | 758963978331619331> !íŒ¨ì¹˜ ë‚´ì—­
12ì‹œ 37ë¶„ / ë´‡ì„œë²„ <ì¼ë°˜ | í•˜ë¦¬í•˜ë£¨ | 758963978331619331> !restart
12ì‹œ 37ë¶„ / [ì •ë³´] c:\Users\82105\Desktop\Project\Discord\DiscordBot_Gwen\cogs\AdminCommand.py ë¡œë“œ ì™„ë£Œ
12ì‹œ 37ë¶„ / [ì •ë³´] 'AdminCommand' ë‹¤ì‹œ ë¶ˆëŸ¬ì˜´
12ì‹œ 37ë¶„ / [ì •ë³´] c:\Users\82105\Desktop\Project\Discord\DiscordBot_Gwen\cogs\event.py ë¡œë“œ ì™„ë£Œ
12ì‹œ 37ë¶„ / [ì •ë³´] 'event' ë‹¤ì‹œ ë¶ˆëŸ¬ì˜´
12ì‹œ 37ë¶„ / [ì •ë³´] c:\Users\82105\Desktop\Project\Discord\DiscordBot_Gwen\cogs\NormalCommandBot.py ë¡œë“œ ì™„ë£Œ
12ì‹œ 37ë¶„ / [ì •ë³´] 'NormalCommandBot' ë‹¤ì‹œ ë¶ˆëŸ¬ì˜´
12ì‹œ 37ë¶„ / [ì •ë³´] c:\Users\82105\Desktop\Project\Discord\DiscordBot_Gwen\cogs\SearchCommand.py ë¡œë“œ ì™„ë£Œ
12ì‹œ 37ë¶„ / [ì •ë³´] 'SearchCommand' ë‹¤ì‹œ ë¶ˆëŸ¬ì˜´
12ì‹œ 37ë¶„ / ë´‡ì„œë²„ <ì¼ë°˜ | í•˜ë¦¬í•˜ë£¨ | 758963978331619331> !íŒ¨ì¹˜ ë‚´ì—­
12ì‹œ 38ë¶„ / ë´‡ì„œë²„ <ì¼ë°˜ | í•˜ë¦¬í•˜ë£¨ | 758963978331619331> !restart
12ì‹œ 38ë¶„ / [ì •ë³´] c:\Users\82105\Desktop\Project\Discord\DiscordBot_Gwen\cogs\AdminCommand.py ë¡œë“œ ì™„ë£Œ
12ì‹œ 38ë¶„ / [ì •ë³´] 'AdminCommand' ë‹¤ì‹œ ë¶ˆëŸ¬ì˜´
12ì‹œ 38ë¶„ / [ì •ë³´] c:\Users\82105\Desktop\Project\Discord\DiscordBot_Gwen\cogs\event.py ë¡œë“œ ì™„ë£Œ
12ì‹œ 38ë¶„ / [ì •ë³´] 'event' ë‹¤ì‹œ ë¶ˆëŸ¬ì˜´
12ì‹œ 38ë¶„ / [ì •ë³´] c:\Users\82105\Desktop\Project\Discord\DiscordBot_Gwen\cogs\NormalCommandBot.py ë¡œë“œ ì™„ë£Œ
12ì‹œ 38ë¶„ / [ì •ë³´] 'NormalCommandBot' ë‹¤ì‹œ ë¶ˆëŸ¬ì˜´
12ì‹œ 38ë¶„ / [ì •ë³´] c:\Users\82105\Desktop\Project\Discord\DiscordBot_Gwen\cogs\SearchCommand.py ë¡œë“œ ì™„ë£Œ
12ì‹œ 38ë¶„ / [ì •ë³´] 'SearchCommand' ë‹¤ì‹œ ë¶ˆëŸ¬ì˜´
12ì‹œ 38ë¶„ / ë´‡ì„œë²„ <ì¼ë°˜ | í•˜ë¦¬í•˜ë£¨ | 758963978331619331> !íŒ¨ì¹˜ ë‚´ì—­
12ì‹œ 39ë¶„ / ë´‡ì„œë²„ <ì¼ë°˜ | í•˜ë¦¬í•˜ë£¨ | 758963978331619331> !restart
12ì‹œ 39ë¶„ / [ì •ë³´] c:\Users\82105\Desktop\Project\Discord\DiscordBot_Gwen\cogs\AdminCommand.py ë¡œë“œ ì™„ë£Œ
12ì‹œ 39ë¶„ / [ì •ë³´] 'AdminCommand' ë‹¤ì‹œ ë¶ˆëŸ¬ì˜´
12ì‹œ 39ë¶„ / [ì •ë³´] c:\Users\82105\Desktop\Project\Discord\DiscordBot_Gwen\cogs\event.py ë¡œë“œ ì™„ë£Œ
12ì‹œ 39ë¶„ / [ì •ë³´] 'event' ë‹¤ì‹œ ë¶ˆëŸ¬ì˜´
12ì‹œ 39ë¶„ / [ì •ë³´] c:\Users\82105\Desktop\Project\Discord\DiscordBot_Gwen\cogs\NormalCommandBot.py ë¡œë“œ ì™„ë£Œ
12ì‹œ 39ë¶„ / [ì •ë³´] 'NormalCommandBot' ë‹¤ì‹œ ë¶ˆëŸ¬ì˜´
12ì‹œ 39ë¶„ / [ì •ë³´] c:\Users\82105\Desktop\Project\Discord\DiscordBot_Gwen\cogs\SearchCommand.py ë¡œë“œ ì™„ë£Œ
12ì‹œ 39ë¶„ / [ì •ë³´] 'SearchCommand' ë‹¤ì‹œ ë¶ˆëŸ¬ì˜´
12ì‹œ 39ë¶„ / ë´‡ì„œë²„ <ì¼ë°˜ | í•˜ë¦¬í•˜ë£¨ | 758963978331619331> !íŒ¨ì¹˜ ë‚´ì—­
12ì‹œ 40ë¶„ / ë´‡ì„œë²„ <ì¼ë°˜ | í•˜ë¦¬í•˜ë£¨ | 758963978331619331> https://ko-kr/news/game-updates/patch-11-18-notes/
12ì‹œ 40ë¶„ / ë´‡ì„œë²„ <ì¼ë°˜ | í•˜ë¦¬í•˜ë£¨ | 758963978331619331> https://www.leagueoflegends.com/ko-kr/news/game-updates/patch-11-18-notes/
12ì‹œ 40ë¶„ / [ì •ë³´] í•˜ë¦¬í•˜ë£¨ì´(ê°€) 'https://www.leagueoflegends.com/ko-kr/news/game-updates/patch-11-18-notes/' ë©”ì‹œì§€ë¥¼ 'https://www.leagueoflegends.com/ko-kr/news/game-updates/patch-11-18-notes/' ë¡œ ìˆ˜ì •
12ì‹œ 40ë¶„ / ë´‡ì„œë²„ <ì¼ë°˜ | í•˜ë¦¬í•˜ë£¨ | 758963978331619331> !restart
12ì‹œ 40ë¶„ / [ì •ë³´] c:\Users\82105\Desktop\Project\Discord\DiscordBot_Gwen\cogs\AdminCommand.py ë¡œë“œ ì™„ë£Œ
12ì‹œ 40ë¶„ / [ì •ë³´] 'AdminCommand' ë‹¤ì‹œ ë¶ˆëŸ¬ì˜´
12ì‹œ 40ë¶„ / [ì •ë³´] c:\Users\82105\Desktop\Project\Discord\DiscordBot_Gwen\cogs\event.py ë¡œë“œ ì™„ë£Œ
12ì‹œ 40ë¶„ / [ì •ë³´] 'event' ë‹¤ì‹œ ë¶ˆëŸ¬ì˜´
12ì‹œ 40ë¶„ / [ì •ë³´] c:\Users\82105\Desktop\Project\Discord\DiscordBot_Gwen\cogs\NormalCommandBot.py ë¡œë“œ ì™„ë£Œ
12ì‹œ 40ë¶„ / [ì •ë³´] 'NormalCommandBot' ë‹¤ì‹œ ë¶ˆëŸ¬ì˜´
12ì‹œ 40ë¶„ / [ì •ë³´] c:\Users\82105\Desktop\Project\Discord\DiscordBot_Gwen\cogs\SearchCommand.py ë¡œë“œ ì™„ë£Œ
12ì‹œ 40ë¶„ / [ì •ë³´] 'SearchCommand' ë‹¤ì‹œ ë¶ˆëŸ¬ì˜´
12ì‹œ 41ë¶„ / ë´‡ì„œë²„ <ì¼ë°˜ | í•˜ë¦¬í•˜ë£¨ | 758963978331619331> !íŒ¨ì¹˜ ë‚´ì—­
12ì‹œ 44ë¶„ / ë´‡ì„œë²„ <ì¼ë°˜ | í•˜ë¦¬í•˜ë£¨ | 758963978331619331> !restart
12ì‹œ 44ë¶„ / [ì •ë³´] c:\Users\82105\Desktop\Project\Discord\DiscordBot_Gwen\cogs\AdminCommand.py ë¡œë“œ ì™„ë£Œ
12ì‹œ 44ë¶„ / [ì •ë³´] 'AdminCommand' ë‹¤ì‹œ ë¶ˆëŸ¬ì˜´
12ì‹œ 44ë¶„ / [ì •ë³´] c:\Users\82105\Desktop\Project\Discord\DiscordBot_Gwen\cogs\event.py ë¡œë“œ ì™„ë£Œ
12ì‹œ 44ë¶„ / [ì •ë³´] 'event' ë‹¤ì‹œ ë¶ˆëŸ¬ì˜´
12ì‹œ 44ë¶„ / [ì •ë³´] c:\Users\82105\Desktop\Project\Discord\DiscordBot_Gwen\cogs\NormalCommandBot.py ë¡œë“œ ì™„ë£Œ
12ì‹œ 44ë¶„ / [ì •ë³´] 'NormalCommandBot' ë‹¤ì‹œ ë¶ˆëŸ¬ì˜´
12ì‹œ 44ë¶„ / [ì •ë³´] c:\Users\82105\Desktop\Project\Discord\DiscordBot_Gwen\cogs\SearchCommand.py ë¡œë“œ ì™„ë£Œ
12ì‹œ 44ë¶„ / [ì •ë³´] 'SearchCommand' ë‹¤ì‹œ ë¶ˆëŸ¬ì˜´
12ì‹œ 44ë¶„ / ë´‡ì„œë²„ <ì¼ë°˜ | í•˜ë¦¬í•˜ë£¨ | 758963978331619331> !íŒ¨ì¹˜ ë…¸íŠ¸
12ì‹œ 45ë¶„ / ë³‘ì‹ ë“¤ <ì‹¤í—˜ | í•˜ë¦¬í•˜ë£¨ | 758963978331619331> !restart
12ì‹œ 45ë¶„ / [ì •ë³´] c:\Users\82105\Desktop\Project\Discord\DiscordBot_Gwen\cogs\AdminCommand.py ë¡œë“œ ì™„ë£Œ
12ì‹œ 45ë¶„ / [ì •ë³´] 'AdminCommand' ë‹¤ì‹œ ë¶ˆëŸ¬ì˜´
12ì‹œ 45ë¶„ / [ì •ë³´] c:\Users\82105\Desktop\Project\Discord\DiscordBot_Gwen\cogs\event.py ë¡œë“œ ì™„ë£Œ
12ì‹œ 45ë¶„ / [ì •ë³´] 'event' ë‹¤ì‹œ ë¶ˆëŸ¬ì˜´
12ì‹œ 45ë¶„ / [ì •ë³´] c:\Users\82105\Desktop\Project\Discord\DiscordBot_Gwen\cogs\NormalCommandBot.py ë¡œë“œ ì™„ë£Œ
12ì‹œ 45ë¶„ / [ì •ë³´] 'NormalCommandBot' ë‹¤ì‹œ ë¶ˆëŸ¬ì˜´
12ì‹œ 45ë¶„ / [ì •ë³´] c:\Users\82105\Desktop\Project\Discord\DiscordBot_Gwen\cogs\SearchCommand.py ë¡œë“œ ì™„ë£Œ
12ì‹œ 45ë¶„ / [ì •ë³´] 'SearchCommand' ë‹¤ì‹œ ë¶ˆëŸ¬ì˜´
12ì‹œ 45ë¶„ / ë³‘ì‹ ë“¤ <ì‹¤í—˜ | í•˜ë¦¬í•˜ë£¨ | 758963978331619331> !íŒ¨ì¹˜ ë…¸íŠ¸
12ì‹œ 52ë¶„ / ë´‡ì„œë²„ <ì¼ë°˜ | í•˜ë¦¬í•˜ë£¨ | 758963978331619331> !restart
12ì‹œ 52ë¶„ / [ì •ë³´] c:\Users\82105\Desktop\Project\Discord\DiscordBot_Gwen\cogs\AdminCommand.py ë¡œë“œ ì™„ë£Œ
12ì‹œ 52ë¶„ / [ì •ë³´] 'AdminCommand' ë‹¤ì‹œ ë¶ˆëŸ¬ì˜´
12ì‹œ 52ë¶„ / [ì •ë³´] c:\Users\82105\Desktop\Project\Discord\DiscordBot_Gwen\cogs\event.py ë¡œë“œ ì™„ë£Œ
12ì‹œ 52ë¶„ / [ì •ë³´] 'event' ë‹¤ì‹œ ë¶ˆëŸ¬ì˜´
12ì‹œ 52ë¶„ / [ì •ë³´] c:\Users\82105\Desktop\Project\Discord\DiscordBot_Gwen\cogs\NormalCommandBot.py ë¡œë“œ ì™„ë£Œ
12ì‹œ 52ë¶„ / [ì •ë³´] 'NormalCommandBot' ë‹¤ì‹œ ë¶ˆëŸ¬ì˜´
12ì‹œ 52ë¶„ / [ì •ë³´] c:\Users\82105\Desktop\Project\Discord\DiscordBot_Gwen\cogs\SearchCommand.py ë¡œë“œ ì™„ë£Œ
12ì‹œ 52ë¶„ / [ì •ë³´] 'SearchCommand' ë‹¤ì‹œ ë¶ˆëŸ¬ì˜´
12ì‹œ 53ë¶„ / ë´‡ì„œë²„ <ì¼ë°˜ | í•˜ë¦¬í•˜ë£¨ | 758963978331619331> !ì±”í”¼ì–¸ë¦¬ìŠ¤íŠ¸
12ì‹œ 53ë¶„ / [ì˜¤ë¥˜] Traceback (most recent call last):
  File "C:\Users\82105\AppData\Local\Programs\Python\Python39\lib\site-packages\discord\ext\commands\core.py", line 85, in wrapped
    ret = await coro(*args, **kwargs)
  File "c:\Users\82105\Desktop\Project\Discord\DiscordBot_Gwen\cogs\SearchCommand.py", line 228, in ì±”í”¼ì–¸ë¦¬ìŠ¤íŠ¸
    embed.add_field(name=i,inline = False)
TypeError: add_field() missing 1 required keyword-only argument: 'value'

The above exception was the direct cause of the following exception:

Traceback (most recent call last):
  File "c:\Users\82105\Desktop\Project\Discord\DiscordBot_Gwen\utils\logger.py", line 22, in err
    raise error
  File "C:\Users\82105\AppData\Local\Programs\Python\Python39\lib\site-packages\discord\ext\commands\bot.py", line 939, in invoke
    await ctx.command.invoke(ctx)
  File "C:\Users\82105\AppData\Local\Programs\Python\Python39\lib\site-packages\discord\ext\commands\core.py", line 863, in invoke
    await injected(*ctx.args, **ctx.kwargs)
  File "C:\Users\82105\AppData\Local\Programs\Python\Python39\lib\site-packages\discord\ext\commands\core.py", line 94, in wrapped
    raise CommandInvokeError(exc) from exc
discord.ext.commands.errors.CommandInvokeError: Command raised an exception: TypeError: add_field() missing 1 required keyword-only argument: 'value'



12ì‹œ 54ë¶„ / ë³‘ì‹ ë“¤ <ì‹¤í—˜ | í•˜ë¦¬í•˜ë£¨ | 758963978331619331> !restart
12ì‹œ 54ë¶„ / [ì •ë³´] c:\Users\82105\Desktop\Project\Discord\DiscordBot_Gwen\cogs\AdminCommand.py ë¡œë“œ ì™„ë£Œ
12ì‹œ 54ë¶„ / [ì •ë³´] 'AdminCommand' ë‹¤ì‹œ ë¶ˆëŸ¬ì˜´
12ì‹œ 54ë¶„ / [ì •ë³´] c:\Users\82105\Desktop\Project\Discord\DiscordBot_Gwen\cogs\event.py ë¡œë“œ ì™„ë£Œ
12ì‹œ 54ë¶„ / [ì •ë³´] 'event' ë‹¤ì‹œ ë¶ˆëŸ¬ì˜´
12ì‹œ 54ë¶„ / [ì •ë³´] c:\Users\82105\Desktop\Project\Discord\DiscordBot_Gwen\cogs\NormalCommandBot.py ë¡œë“œ ì™„ë£Œ
12ì‹œ 54ë¶„ / [ì •ë³´] 'NormalCommandBot' ë‹¤ì‹œ ë¶ˆëŸ¬ì˜´
12ì‹œ 54ë¶„ / [ì •ë³´] c:\Users\82105\Desktop\Project\Discord\DiscordBot_Gwen\cogs\SearchCommand.py ë¡œë“œ ì™„ë£Œ
12ì‹œ 54ë¶„ / [ì •ë³´] 'SearchCommand' ë‹¤ì‹œ ë¶ˆëŸ¬ì˜´
12ì‹œ 54ë¶„ / ë³‘ì‹ ë“¤ <ì‹¤í—˜ | í•˜ë¦¬í•˜ë£¨ | 758963978331619331> !ì±”í”¼ì–¸ë¦¬ìŠ¤íŠ¸
12ì‹œ 54ë¶„ / [ì˜¤ë¥˜] Traceback (most recent call last):
  File "C:\Users\82105\AppData\Local\Programs\Python\Python39\lib\site-packages\discord\ext\commands\core.py", line 85, in wrapped
    ret = await coro(*args, **kwargs)
  File "c:\Users\82105\Desktop\Project\Discord\DiscordBot_Gwen\cogs\SearchCommand.py", line 228, in ì±”í”¼ì–¸ë¦¬ìŠ¤íŠ¸
    embed.add_field(name=key,inline = False)
TypeError: add_field() missing 1 required keyword-only argument: 'value'

The above exception was the direct cause of the following exception:

Traceback (most recent call last):
  File "c:\Users\82105\Desktop\Project\Discord\DiscordBot_Gwen\utils\logger.py", line 22, in err
    raise error
  File "C:\Users\82105\AppData\Local\Programs\Python\Python39\lib\site-packages\discord\ext\commands\bot.py", line 939, in invoke
    await ctx.command.invoke(ctx)
  File "C:\Users\82105\AppData\Local\Programs\Python\Python39\lib\site-packages\discord\ext\commands\core.py", line 863, in invoke
    await injected(*ctx.args, **ctx.kwargs)
  File "C:\Users\82105\AppData\Local\Programs\Python\Python39\lib\site-packages\discord\ext\commands\core.py", line 94, in wrapped
    raise CommandInvokeError(exc) from exc
discord.ext.commands.errors.CommandInvokeError: Command raised an exception: TypeError: add_field() missing 1 required keyword-only argument: 'value'



12ì‹œ 55ë¶„ / ë´‡ì„œë²„ <ì¼ë°˜ | í•˜ë¦¬í•˜ë£¨ | 758963978331619331> !restart
12ì‹œ 55ë¶„ / [ì •ë³´] c:\Users\82105\Desktop\Project\Discord\DiscordBot_Gwen\cogs\AdminCommand.py ë¡œë“œ ì™„ë£Œ
12ì‹œ 55ë¶„ / [ì •ë³´] 'AdminCommand' ë‹¤ì‹œ ë¶ˆëŸ¬ì˜´
12ì‹œ 55ë¶„ / [ì •ë³´] c:\Users\82105\Desktop\Project\Discord\DiscordBot_Gwen\cogs\event.py ë¡œë“œ ì™„ë£Œ
12ì‹œ 55ë¶„ / [ì •ë³´] 'event' ë‹¤ì‹œ ë¶ˆëŸ¬ì˜´
12ì‹œ 55ë¶„ / [ì •ë³´] c:\Users\82105\Desktop\Project\Discord\DiscordBot_Gwen\cogs\NormalCommandBot.py ë¡œë“œ ì™„ë£Œ
12ì‹œ 55ë¶„ / [ì •ë³´] 'NormalCommandBot' ë‹¤ì‹œ ë¶ˆëŸ¬ì˜´
12ì‹œ 55ë¶„ / [ì •ë³´] c:\Users\82105\Desktop\Project\Discord\DiscordBot_Gwen\cogs\SearchCommand.py ë¡œë“œ ì™„ë£Œ
12ì‹œ 55ë¶„ / [ì •ë³´] 'SearchCommand' ë‹¤ì‹œ ë¶ˆëŸ¬ì˜´
12ì‹œ 55ë¶„ / ë´‡ì„œë²„ <ì¼ë°˜ | í•˜ë¦¬í•˜ë£¨ | 758963978331619331> !ì±”í”¼ì–¸ë¦¬ìŠ¤íŠ¸
12ì‹œ 55ë¶„ / [ì˜¤ë¥˜] Traceback (most recent call last):
  File "C:\Users\82105\AppData\Local\Programs\Python\Python39\lib\site-packages\discord\ext\commands\core.py", line 85, in wrapped
    ret = await coro(*args, **kwargs)
  File "c:\Users\82105\Desktop\Project\Discord\DiscordBot_Gwen\cogs\SearchCommand.py", line 229, in ì±”í”¼ì–¸ë¦¬ìŠ¤íŠ¸
    embed.add_field(name=key,inline = True)
TypeError: add_field() missing 1 required keyword-only argument: 'value'

The above exception was the direct cause of the following exception:

Traceback (most recent call last):
  File "c:\Users\82105\Desktop\Project\Discord\DiscordBot_Gwen\utils\logger.py", line 22, in err
    raise error
  File "C:\Users\82105\AppData\Local\Programs\Python\Python39\lib\site-packages\discord\ext\commands\bot.py", line 939, in invoke
    await ctx.command.invoke(ctx)
  File "C:\Users\82105\AppData\Local\Programs\Python\Python39\lib\site-packages\discord\ext\commands\core.py", line 863, in invoke
    await injected(*ctx.args, **ctx.kwargs)
  File "C:\Users\82105\AppData\Local\Programs\Python\Python39\lib\site-packages\discord\ext\commands\core.py", line 94, in wrapped
    raise CommandInvokeError(exc) from exc
discord.ext.commands.errors.CommandInvokeError: Command raised an exception: TypeError: add_field() missing 1 required keyword-only argument: 'value'



12ì‹œ 56ë¶„ / ë´‡ì„œë²„ <ì¼ë°˜ | í•˜ë¦¬í•˜ë£¨ | 758963978331619331> !restart
12ì‹œ 56ë¶„ / [ì •ë³´] c:\Users\82105\Desktop\Project\Discord\DiscordBot_Gwen\cogs\AdminCommand.py ë¡œë“œ ì™„ë£Œ
12ì‹œ 56ë¶„ / [ì •ë³´] 'AdminCommand' ë‹¤ì‹œ ë¶ˆëŸ¬ì˜´
12ì‹œ 56ë¶„ / [ì •ë³´] c:\Users\82105\Desktop\Project\Discord\DiscordBot_Gwen\cogs\event.py ë¡œë“œ ì™„ë£Œ
12ì‹œ 56ë¶„ / [ì •ë³´] 'event' ë‹¤ì‹œ ë¶ˆëŸ¬ì˜´
12ì‹œ 56ë¶„ / [ì •ë³´] c:\Users\82105\Desktop\Project\Discord\DiscordBot_Gwen\cogs\NormalCommandBot.py ë¡œë“œ ì™„ë£Œ
12ì‹œ 56ë¶„ / [ì •ë³´] 'NormalCommandBot' ë‹¤ì‹œ ë¶ˆëŸ¬ì˜´
12ì‹œ 56ë¶„ / [ì •ë³´] c:\Users\82105\Desktop\Project\Discord\DiscordBot_Gwen\cogs\SearchCommand.py ë¡œë“œ ì™„ë£Œ
12ì‹œ 56ë¶„ / [ì •ë³´] 'SearchCommand' ë‹¤ì‹œ ë¶ˆëŸ¬ì˜´
12ì‹œ 56ë¶„ / ë´‡ì„œë²„ <ì¼ë°˜ | í•˜ë¦¬í•˜ë£¨ | 758963978331619331> !ì±”í”¼ì–¸ë¦¬ìŠ¤íŠ¸
12ì‹œ 57ë¶„ / ë´‡ì„œë²„ <ì¼ë°˜ | í•˜ë¦¬í•˜ë£¨ | 758963978331619331> !restart
12ì‹œ 57ë¶„ / [ì •ë³´] c:\Users\82105\Desktop\Project\Discord\DiscordBot_Gwen\cogs\AdminCommand.py ë¡œë“œ ì™„ë£Œ
12ì‹œ 57ë¶„ / [ì •ë³´] 'AdminCommand' ë‹¤ì‹œ ë¶ˆëŸ¬ì˜´
12ì‹œ 57ë¶„ / [ì •ë³´] c:\Users\82105\Desktop\Project\Discord\DiscordBot_Gwen\cogs\event.py ë¡œë“œ ì™„ë£Œ
12ì‹œ 57ë¶„ / [ì •ë³´] 'event' ë‹¤ì‹œ ë¶ˆëŸ¬ì˜´
12ì‹œ 57ë¶„ / [ì •ë³´] c:\Users\82105\Desktop\Project\Discord\DiscordBot_Gwen\cogs\NormalCommandBot.py ë¡œë“œ ì™„ë£Œ
12ì‹œ 57ë¶„ / [ì •ë³´] 'NormalCommandBot' ë‹¤ì‹œ ë¶ˆëŸ¬ì˜´
12ì‹œ 57ë¶„ / [ì •ë³´] c:\Users\82105\Desktop\Project\Discord\DiscordBot_Gwen\cogs\SearchCommand.py ë¡œë“œ ì™„ë£Œ
12ì‹œ 57ë¶„ / [ì •ë³´] 'SearchCommand' ë‹¤ì‹œ ë¶ˆëŸ¬ì˜´
12ì‹œ 57ë¶„ / ë´‡ì„œë²„ <ì¼ë°˜ | í•˜ë¦¬í•˜ë£¨ | 758963978331619331> !ì±”í”¼ì–¸ë¦¬ìŠ¤íŠ¸
12ì‹œ 57ë¶„ / ë³‘ì‹ ë“¤ <ì‹¤í—˜ | í•˜ë¦¬í•˜ë£¨ | 758963978331619331> =music help
12ì‹œ 59ë¶„ / ë´‡ì„œë²„ <ì¼ë°˜ | í•˜ë¦¬í•˜ë£¨ | 758963978331619331> !restart
12ì‹œ 59ë¶„ / [ì •ë³´] c:\Users\82105\Desktop\Project\Discord\DiscordBot_Gwen\cogs\AdminCommand.py ë¡œë“œ ì™„ë£Œ
12ì‹œ 59ë¶„ / [ì •ë³´] 'AdminCommand' ë‹¤ì‹œ ë¶ˆëŸ¬ì˜´
12ì‹œ 59ë¶„ / [ì •ë³´] c:\Users\82105\Desktop\Project\Discord\DiscordBot_Gwen\cogs\event.py ë¡œë“œ ì™„ë£Œ
12ì‹œ 59ë¶„ / [ì •ë³´] 'event' ë‹¤ì‹œ ë¶ˆëŸ¬ì˜´
12ì‹œ 59ë¶„ / [ì •ë³´] c:\Users\82105\Desktop\Project\Discord\DiscordBot_Gwen\cogs\NormalCommandBot.py ë¡œë“œ ì™„ë£Œ
12ì‹œ 59ë¶„ / [ì •ë³´] 'NormalCommandBot' ë‹¤ì‹œ ë¶ˆëŸ¬ì˜´
12ì‹œ 59ë¶„ / [ì •ë³´] c:\Users\82105\Desktop\Project\Discord\DiscordBot_Gwen\cogs\SearchCommand.py ë¡œë“œ ì™„ë£Œ
12ì‹œ 59ë¶„ / [ì •ë³´] 'SearchCommand' ë‹¤ì‹œ ë¶ˆëŸ¬ì˜´
13ì‹œ 00ë¶„ / ë´‡ì„œë²„ <ì¼ë°˜ | í•˜ë¦¬í•˜ë£¨ | 758963978331619331> !ì±”í”¼ì–¸ë¦¬ìŠ¤íŠ¸
13ì‹œ 00ë¶„ / ë´‡ì„œë²„ <ì¼ë°˜ | í•˜ë¦¬í•˜ë£¨ | 758963978331619331> !restart
13ì‹œ 00ë¶„ / [ì •ë³´] c:\Users\82105\Desktop\Project\Discord\DiscordBot_Gwen\cogs\AdminCommand.py ë¡œë“œ ì™„ë£Œ
13ì‹œ 00ë¶„ / [ì •ë³´] 'AdminCommand' ë‹¤ì‹œ ë¶ˆëŸ¬ì˜´
13ì‹œ 00ë¶„ / [ì •ë³´] c:\Users\82105\Desktop\Project\Discord\DiscordBot_Gwen\cogs\event.py ë¡œë“œ ì™„ë£Œ
13ì‹œ 00ë¶„ / [ì •ë³´] 'event' ë‹¤ì‹œ ë¶ˆëŸ¬ì˜´
13ì‹œ 00ë¶„ / [ì •ë³´] c:\Users\82105\Desktop\Project\Discord\DiscordBot_Gwen\cogs\NormalCommandBot.py ë¡œë“œ ì™„ë£Œ
13ì‹œ 00ë¶„ / [ì •ë³´] 'NormalCommandBot' ë‹¤ì‹œ ë¶ˆëŸ¬ì˜´
13ì‹œ 00ë¶„ / [ì •ë³´] c:\Users\82105\Desktop\Project\Discord\DiscordBot_Gwen\cogs\SearchCommand.py ë¡œë“œ ì™„ë£Œ
13ì‹œ 00ë¶„ / [ì •ë³´] 'SearchCommand' ë‹¤ì‹œ ë¶ˆëŸ¬ì˜´
13ì‹œ 00ë¶„ / ë´‡ì„œë²„ <ì¼ë°˜ | í•˜ë¦¬í•˜ë£¨ | 758963978331619331> !ì±”í”¼ì–¸ ë¦¬ìŠ¤íŠ¸
13ì‹œ 00ë¶„ / ë´‡ì„œë²„ <ì¼ë°˜ | í•˜ë¦¬í•˜ë£¨ | 758963978331619331> !ì±”í”¼ì–¸ë¦¬ìŠ¤íŠ¸
13ì‹œ 01ë¶„ / ë´‡ì„œë²„ <ì¼ë°˜ | í•˜ë¦¬í•˜ë£¨ | 758963978331619331> !restart
13ì‹œ 01ë¶„ / [ì •ë³´] c:\Users\82105\Desktop\Project\Discord\DiscordBot_Gwen\cogs\AdminCommand.py ë¡œë“œ ì™„ë£Œ
13ì‹œ 01ë¶„ / [ì •ë³´] 'AdminCommand' ë‹¤ì‹œ ë¶ˆëŸ¬ì˜´
13ì‹œ 01ë¶„ / [ì •ë³´] c:\Users\82105\Desktop\Project\Discord\DiscordBot_Gwen\cogs\event.py ë¡œë“œ ì™„ë£Œ
13ì‹œ 01ë¶„ / [ì •ë³´] 'event' ë‹¤ì‹œ ë¶ˆëŸ¬ì˜´
13ì‹œ 01ë¶„ / [ì •ë³´] c:\Users\82105\Desktop\Project\Discord\DiscordBot_Gwen\cogs\NormalCommandBot.py ë¡œë“œ ì™„ë£Œ
13ì‹œ 01ë¶„ / [ì •ë³´] 'NormalCommandBot' ë‹¤ì‹œ ë¶ˆëŸ¬ì˜´
13ì‹œ 01ë¶„ / [ì •ë³´] c:\Users\82105\Desktop\Project\Discord\DiscordBot_Gwen\cogs\SearchCommand.py ë¡œë“œ ì™„ë£Œ
13ì‹œ 01ë¶„ / [ì •ë³´] 'SearchCommand' ë‹¤ì‹œ ë¶ˆëŸ¬ì˜´
13ì‹œ 01ë¶„ / ë´‡ì„œë²„ <ì¼ë°˜ | í•˜ë¦¬í•˜ë£¨ | 758963978331619331> !ì±”í”¼ì–¸ë¦¬ìŠ¤íŠ¸
13ì‹œ 02ë¶„ / ë´‡ì„œë²„ <ì¼ë°˜ | í•˜ë¦¬í•˜ë£¨ | 758963978331619331> !restart
13ì‹œ 02ë¶„ / [ì •ë³´] c:\Users\82105\Desktop\Project\Discord\DiscordBot_Gwen\cogs\AdminCommand.py ë¡œë“œ ì™„ë£Œ
13ì‹œ 02ë¶„ / [ì •ë³´] 'AdminCommand' ë‹¤ì‹œ ë¶ˆëŸ¬ì˜´
13ì‹œ 02ë¶„ / [ì •ë³´] c:\Users\82105\Desktop\Project\Discord\DiscordBot_Gwen\cogs\event.py ë¡œë“œ ì™„ë£Œ
13ì‹œ 02ë¶„ / [ì •ë³´] 'event' ë‹¤ì‹œ ë¶ˆëŸ¬ì˜´
13ì‹œ 02ë¶„ / [ì •ë³´] c:\Users\82105\Desktop\Project\Discord\DiscordBot_Gwen\cogs\NormalCommandBot.py ë¡œë“œ ì™„ë£Œ
13ì‹œ 02ë¶„ / [ì •ë³´] 'NormalCommandBot' ë‹¤ì‹œ ë¶ˆëŸ¬ì˜´
13ì‹œ 02ë¶„ / [ì •ë³´] c:\Users\82105\Desktop\Project\Discord\DiscordBot_Gwen\cogs\SearchCommand.py ë¡œë“œ ì™„ë£Œ
13ì‹œ 02ë¶„ / [ì •ë³´] 'SearchCommand' ë‹¤ì‹œ ë¶ˆëŸ¬ì˜´
13ì‹œ 02ë¶„ / ë´‡ì„œë²„ <ì¼ë°˜ | í•˜ë¦¬í•˜ë£¨ | 758963978331619331> !ì±”í”¼ì–¸ë¦¬ìŠ¤íŠ¸
13ì‹œ 02ë¶„ / ë³‘ì‹ ë“¤ <ì‹¤í—˜ | í•˜ë¦¬í•˜ë£¨ | 758963978331619331> !ì±”í”¼ì–¸ë¦¬ìŠ¤íŠ¸
13ì‹œ 26ë¶„ / ë³‘ì‹ ë“¤ <ì‹¤í—˜ | TÌ´ÌƒÍ–rÌµÍ˜Ì1Ì¸Í‘Í aÌ¸ÍÌiÌ¶Ì‰ÌnÌ´ÌŒÌ’aÌ´ÌÍ’ | 496627750858260480> ?
13ì‹œ 29ë¶„ / ë³‘ì‹ ë“¤ <ğŸ“©ì±„íŒ…ì°½ | TÌ´ÌƒÍ–rÌµÍ˜Ì1Ì¸Í‘Í aÌ¸ÍÌiÌ¶Ì‰ÌnÌ´ÌŒÌ’aÌ´ÌÍ’ | 496627750858260480> <@&734805645609402448> ì˜¤ì´ì˜¤ì´
13ì‹œ 39ë¶„ / ë³‘ì‹ ë“¤ <ì‹¤í—˜ | ì•Œ ìˆ˜ ì—†ìŒ | 449764097601437702> !ì±”í”¼ì–¸ ë½€ì‚
15ì‹œ 10ë¶„ / ë³‘ì‹ ë“¤ <ì‹¤í—˜ | í•˜ë¦¬í•˜ë£¨ | 758963978331619331> !ì±”í”¼ì–¸ ì•„ë¬´ë¬´
15ì‹œ 16ë¶„ / ë³‘ì‹ ë“¤ <ğŸ“©ì±„íŒ…ì°½ | í•˜ë¦¬í•˜ë£¨ | 758963978331619331> ì™œ
15ì‹œ 16ë¶„ / ë³‘ì‹ ë“¤ <ğŸ“©ì±„íŒ…ì°½ | í•˜ë¦¬í•˜ë£¨ | 758963978331619331> ì™”ë‹¤ ê°€
15ì‹œ 17ë¶„ / ë³‘ì‹ ë“¤ <ğŸ“©ì±„íŒ…ì°½ | MURYAN | 397036116676575233> ë“¤ì–´ê°“ëŠ”ë°
15ì‹œ 17ë¶„ / ë³‘ì‹ ë“¤ <ğŸ“©ì±„íŒ…ì°½ | MURYAN | 397036116676575233> ì™€ì´íŒŒì´ì•½í•´ì„œ
15ì‹œ 17ë¶„ / ë³‘ì‹ ë“¤ <ğŸ“©ì±„íŒ…ì°½ | MURYAN | 397036116676575233> ì—°ê²°ì´ ëŠê¹€ìê¾¸
15ì‹œ 17ë¶„ / ë³‘ì‹ ë“¤ <ğŸ“©ì±„íŒ…ì°½ | ì¥ì„ íš¨ | 534534395118485506> ì–´ì´ì¿ 
15ì‹œ 17ë¶„ / ë³‘ì‹ ë“¤ <ğŸ“©ì±„íŒ…ì°½ | MURYAN | 397036116676575233> ê·¸ë˜ì„œ ê± ë‚˜ì˜´
15ì‹œ 17ë¶„ / ë³‘ì‹ ë“¤ <ğŸ“©ì±„íŒ…ì°½ | í•˜ë¦¬í•˜ë£¨ | 758963978331619331> <:12:883743306721407006>
15ì‹œ 17ë¶„ / [ì •ë³´] í•˜ë¦¬í•˜ë£¨ì´(ê°€) '<:12:883743306721407006>' ë©”ì‹œì§€ë¥¼ ì‚­ì œ
15ì‹œ 17ë¶„ / ë³‘ì‹ ë“¤ <ğŸ“©ì±„íŒ…ì°½ | ì¥ì„ íš¨ | 534534395118485506> ì•„ì‰½ë„¤
15ì‹œ 29ë¶„ / ë³‘ì‹ ë“¤ <ğŸ“©ì±„íŒ…ì°½ | MURYAN | 397036116676575233> í‚¤ì¦ˆì¸ ì¿ ë…¸ê°€
15ì‹œ 29ë¶„ / ë³‘ì‹ ë“¤ <ğŸ“©ì±„íŒ…ì°½ | MURYAN | 397036116676575233> ì‚¬ë‹¤ë©”ë‹¤í† ì‹œí…Œëª¨
15ì‹œ 30ë¶„ / ë³‘ì‹ ë“¤ <ğŸ“©ì±„íŒ…ì°½ | MURYAN | 397036116676575233> ì½”ì½”ë¡œì™€ë§ˆë‹¤ ì´ë¡œì˜¤í•˜ë‚˜ì¸ 
15ì‹œ 30ë¶„ / ë³‘ì‹ ë“¤ <ğŸ“©ì±„íŒ…ì°½ | MURYAN | 397036116676575233> ì‚¬ì´ê³ ë…¸ ìŠ¤íƒ€ë”ìŠ¤íŠ¸
15ì‹œ 30ë¶„ / ë³‘ì‹ ë“¤ <ğŸ“©ì±„íŒ…ì°½ | MURYAN | 397036116676575233> ë§ˆì´ì•„ê°€ë ˆ
15ì‹œ 34ë¶„ / ë³‘ì‹ ë“¤ <ğŸ“©ì±„íŒ…ì°½ | í•˜ë¦¬í•˜ë£¨ | 758963978331619331> í˜ì´íŠ¸ë¥¼
15ì‹œ 34ë¶„ / ë³‘ì‹ ë“¤ <ğŸ“©ì±„íŒ…ì°½ | í•˜ë¦¬í•˜ë£¨ | 758963978331619331> ^^ã…£ë°œ
15ì‹œ 34ë¶„ / ë³‘ì‹ ë“¤ <ğŸ“©ì±„íŒ…ì°½ | í•˜ë¦¬í•˜ë£¨ | 758963978331619331> ì™œë³´ëŠ”ê±°ì„
15ì‹œ 34ë¶„ / ë³‘ì‹ ë“¤ <ğŸ“©ì±„íŒ…ì°½ | MURYAN | 397036116676575233> ì•ˆë³´ê³ 
15ì‹œ 34ë¶„ / ë³‘ì‹ ë“¤ <ğŸ“©ì±„íŒ…ì°½ | MURYAN | 397036116676575233> ë“¤ì„ìˆ˜ë„
15ì‹œ 34ë¶„ / ë³‘ì‹ ë“¤ <ğŸ“©ì±„íŒ…ì°½ | MURYAN | 397036116676575233> ì‡ì§€
15ì‹œ 34ë¶„ / ë³‘ì‹ ë“¤ <ğŸ“©ì±„íŒ…ì°½ | MURYAN | 397036116676575233> ê·¸ëŸ¼
15ì‹œ 35ë¶„ / ë³‘ì‹ ë“¤ <ğŸ“©ì±„íŒ…ì°½ | MURYAN | 397036116676575233> ë‹¤ë¥¸ë…¸ë˜ë¡œ
15ì‹œ 35ë¶„ / ë³‘ì‹ ë“¤ <ğŸ“©ì±„íŒ…ì°½ | MURYAN | 397036116676575233> ë“¤ë ¤ì¤„ê¹Œ?
15ì‹œ 35ë¶„ / ë³‘ì‹ ë“¤ <ğŸ“©ì±„íŒ…ì°½ | MURYAN | 397036116676575233> ë§ˆë‹¤íƒ€ë¦¬ë‚˜ì¿ í…Œ
15ì‹œ 35ë¶„ / ë³‘ì‹ ë“¤ <ğŸ“©ì±„íŒ…ì°½ | MURYAN | 397036116676575233> ë§ˆë‹¤í‚¤ì—ë‚˜ì¿ í…Œ
15ì‹œ 35ë¶„ / ë³‘ì‹ ë“¤ <ğŸ“©ì±„íŒ…ì°½ | MURYAN | 397036116676575233> ì¹´ì‚¬ë„¤íƒ€ í…Œë…¸
15ì‹œ 36ë¶„ / ë³‘ì‹ ë“¤ <ğŸ“©ì±„íŒ…ì°½ | MURYAN | 397036116676575233> íˆë¼ì¹´ë‚˜ì˜¤ ì‚¬ë¼ì‚¬ê°€
15ì‹œ 36ë¶„ / ë³‘ì‹ ë“¤ <ğŸ“©ì±„íŒ…ì°½ | MURYAN | 397036116676575233> ì™“ì–´êµ¿ëµ ìœ„ ë£¨ì¦ˆ
15ì‹œ 36ë¶„ / ë³‘ì‹ ë“¤ <ğŸ“©ì±„íŒ…ì°½ | MURYAN | 397036116676575233> ì™“ì–´ ë² ë“œ ëµ ìœ„ ë‰´
16ì‹œ 26ë¶„ / ë³‘ì‹ ë“¤ <ğŸ“©ì±„íŒ…ì°½ | í•˜ë¦¬í•˜ë£¨ | 758963978331619331> https://www.youtube.com/watch?v=YXxRygpdxE0ã…“
16ì‹œ 26ë¶„ / [ì •ë³´] í•˜ë¦¬í•˜ë£¨ì´(ê°€) 'https://www.youtube.com/watch?v=YXxRygpdxE0ã…“' ë©”ì‹œì§€ë¥¼ 'https://www.youtube.com/watch?v=YXxRygpdxE0ã…“' ë¡œ ìˆ˜ì •
16ì‹œ 26ë¶„ / ë³‘ì‹ ë“¤ <ğŸ“©ì±„íŒ…ì°½ | í•˜ë¦¬í•˜ë£¨ | 758963978331619331> ã…ˆã„´ í•´ë³´ê³  ì‹¶ì€ë°?
16ì‹œ 27ë¶„ / ë³‘ì‹ ë“¤ <ğŸ“©ì±„íŒ…ì°½ | MURYAN | 397036116676575233> ã…‹ã…‹ã…‹ã…‹ã…‹ã…‹ã…‹ã…‹ã…‹ã…‹ã…‹ì”¹
16ì‹œ 27ë¶„ / ë³‘ì‹ ë“¤ <ğŸ“©ì±„íŒ…ì°½ | MURYAN | 397036116676575233> ì €ê±° ì±Œì°ì„ìˆ˜ì‡ë‹¤ ë‚˜
16ì‹œ 30ë¶„ / ë³‘ì‹ ë“¤ <ğŸ“©ì±„íŒ…ì°½ | í•˜ë¦¬í•˜ë£¨ | 758963978331619331> í•œêµ­ ë²„ì „ìœ¼ë¡œ
16ì‹œ 30ë¶„ / ë³‘ì‹ ë“¤ <ğŸ“©ì±„íŒ…ì°½ | í•˜ë¦¬í•˜ë£¨ | 758963978331619331> ë‚˜ì˜¤ë©´
16ì‹œ 30ë¶„ / ë³‘ì‹ ë“¤ <ğŸ“©ì±„íŒ…ì°½ | í•˜ë¦¬í•˜ë£¨ | 758963978331619331> ë§‰ í˜ì´ì»¤ ì˜ì…ë˜ëƒ?
16ì‹œ 30ë¶„ / ë³‘ì‹ ë“¤ <ğŸ“©ì±„íŒ…ì°½ | í•˜ë¦¬í•˜ë£¨ | 758963978331619331> ì•„ë‹ˆë©´
16ì‹œ 30ë¶„ / ë³‘ì‹ ë“¤ <ğŸ“©ì±„íŒ…ì°½ | í•˜ë¦¬í•˜ë£¨ | 758963978331619331> ì˜›ë‚  ì„ ìˆ˜
16ì‹œ 30ë¶„ / ë³‘ì‹ ë“¤ <ğŸ“©ì±„íŒ…ì°½ | í•˜ë¦¬í•˜ë£¨ | 758963978331619331> ì˜ì… ë˜ë ¤ë‚˜
16ì‹œ 30ë¶„ / ë³‘ì‹ ë“¤ <ğŸ“©ì±„íŒ…ì°½ | í•˜ë¦¬í•˜ë£¨ | 758963978331619331> ì´ë¯¸ ì€í‡´í•œ ì°¬ë°¥ì´ í˜•ì´ë¼ë˜ê°€
17ì‹œ 33ë¶„ / ë³‘ì‹ ë“¤ <ì‹¤í—˜ | í•˜ë¦¬í•˜ë£¨ | 758963978331619331> !restart
17ì‹œ 33ë¶„ / [ì •ë³´] c:\Users\82105\Desktop\Project\Discord\DiscordBot_Gwen\cogs\AdminCommand.py ë¡œë“œ ì™„ë£Œ
17ì‹œ 33ë¶„ / [ì •ë³´] 'AdminCommand' ë‹¤ì‹œ ë¶ˆëŸ¬ì˜´
17ì‹œ 33ë¶„ / [ì •ë³´] c:\Users\82105\Desktop\Project\Discord\DiscordBot_Gwen\cogs\event.py ë¡œë“œ ì™„ë£Œ
17ì‹œ 33ë¶„ / [ì •ë³´] 'event' ë‹¤ì‹œ ë¶ˆëŸ¬ì˜´
17ì‹œ 33ë¶„ / [ì •ë³´] c:\Users\82105\Desktop\Project\Discord\DiscordBot_Gwen\cogs\NormalCommandBot.py ë¡œë“œ ì™„ë£Œ
17ì‹œ 33ë¶„ / [ì •ë³´] 'NormalCommandBot' ë‹¤ì‹œ ë¶ˆëŸ¬ì˜´
17ì‹œ 33ë¶„ / [ì •ë³´] c:\Users\82105\Desktop\Project\Discord\DiscordBot_Gwen\cogs\SearchCommand.py ë¡œë“œ ì™„ë£Œ
17ì‹œ 33ë¶„ / [ì •ë³´] 'SearchCommand' ë‹¤ì‹œ ë¶ˆëŸ¬ì˜´
17ì‹œ 33ë¶„ / ë³‘ì‹ ë“¤ <ì‹¤í—˜ | í•˜ë¦¬í•˜ë£¨ | 758963978331619331> !ì±”í”¼ì–¸ íŠ¸ìœ„ìŠ¤í‹°ë“œí˜ì´íŠ¸
17ì‹œ 34ë¶„ / ë³‘ì‹ ë“¤ <ğŸ“©ì±„íŒ…ì°½ | TÌ´ÌƒÍ–rÌµÍ˜Ì1Ì¸Í‘Í aÌ¸ÍÌiÌ¶Ì‰ÌnÌ´ÌŒÌ’aÌ´ÌÍ’ | 496627750858260480> ë‚˜ë„ ì™€ì‘¨
17ì‹œ 34ë¶„ / ë³‘ì‹ ë“¤ <ğŸ“©ì±„íŒ…ì°½ | TÌ´ÌƒÍ–rÌµÍ˜Ì1Ì¸Í‘Í aÌ¸ÍÌiÌ¶Ì‰ÌnÌ´ÌŒÌ’aÌ´ÌÍ’ | 496627750858260480> ì™”ëˆ„
17ì‹œ 36ë¶„ / ë³‘ì‹ ë“¤ <ì‹¤í—˜ | TÌ´ÌƒÍ–rÌµÍ˜Ì1Ì¸Í‘Í aÌ¸ÍÌiÌ¶Ì‰ÌnÌ´ÌŒÌ’aÌ´ÌÍ’ | 496627750858260480> <@!758963978331619331>
17ì‹œ 42ë¶„ / ë³‘ì‹ ë“¤ <ì‹¤í—˜ | í•˜ë¦¬í•˜ë£¨ | 758963978331619331> !restart
17ì‹œ 42ë¶„ / [ì •ë³´] c:\Users\82105\Desktop\Project\Discord\DiscordBot_Gwen\cogs\AdminCommand.py ë¡œë“œ ì™„ë£Œ
17ì‹œ 42ë¶„ / [ì •ë³´] 'AdminCommand' ë‹¤ì‹œ ë¶ˆëŸ¬ì˜´
17ì‹œ 42ë¶„ / [ì •ë³´] c:\Users\82105\Desktop\Project\Discord\DiscordBot_Gwen\cogs\event.py ë¡œë“œ ì™„ë£Œ
17ì‹œ 42ë¶„ / [ì •ë³´] 'event' ë‹¤ì‹œ ë¶ˆëŸ¬ì˜´
17ì‹œ 42ë¶„ / [ì •ë³´] c:\Users\82105\Desktop\Project\Discord\DiscordBot_Gwen\cogs\NormalCommandBot.py ë¡œë“œ ì™„ë£Œ
17ì‹œ 42ë¶„ / [ì •ë³´] 'NormalCommandBot' ë‹¤ì‹œ ë¶ˆëŸ¬ì˜´
17ì‹œ 42ë¶„ / [ì •ë³´] c:\Users\82105\Desktop\Project\Discord\DiscordBot_Gwen\cogs\SearchCommand.py ë¡œë“œ ì™„ë£Œ
17ì‹œ 42ë¶„ / [ì •ë³´] 'SearchCommand' ë‹¤ì‹œ ë¶ˆëŸ¬ì˜´
17ì‹œ 42ë¶„ / ë³‘ì‹ ë“¤ <ì‹¤í—˜ | í•˜ë¦¬í•˜ë£¨ | 758963978331619331> !ì±”í”¼ì–¸ ì•„ì¹¼ë¦¬
17ì‹œ 42ë¶„ / [ì˜¤ë¥˜] Traceback (most recent call last):
  File "C:\Users\82105\AppData\Local\Programs\Python\Python39\lib\site-packages\discord\ext\commands\core.py", line 85, in wrapped
    ret = await coro(*args, **kwargs)
  File "c:\Users\82105\Desktop\Project\Discord\DiscordBot_Gwen\cogs\SearchCommand.py", line 138, in ì±”í”¼ì–¸
    counter_list.append(most.find('img'.get('src')))
AttributeError: 'str' object has no attribute 'get'

The above exception was the direct cause of the following exception:

Traceback (most recent call last):
  File "c:\Users\82105\Desktop\Project\Discord\DiscordBot_Gwen\utils\logger.py", line 22, in err
    raise error
  File "C:\Users\82105\AppData\Local\Programs\Python\Python39\lib\site-packages\discord\ext\commands\bot.py", line 939, in invoke
    await ctx.command.invoke(ctx)
  File "C:\Users\82105\AppData\Local\Programs\Python\Python39\lib\site-packages\discord\ext\commands\core.py", line 863, in invoke
    await injected(*ctx.args, **ctx.kwargs)
  File "C:\Users\82105\AppData\Local\Programs\Python\Python39\lib\site-packages\discord\ext\commands\core.py", line 94, in wrapped
    raise CommandInvokeError(exc) from exc
discord.ext.commands.errors.CommandInvokeError: Command raised an exception: AttributeError: 'str' object has no attribute 'get'



17ì‹œ 43ë¶„ / ë³‘ì‹ ë“¤ <ì‹¤í—˜ | í•˜ë¦¬í•˜ë£¨ | 758963978331619331> !restart
17ì‹œ 43ë¶„ / [ì •ë³´] c:\Users\82105\Desktop\Project\Discord\DiscordBot_Gwen\cogs\AdminCommand.py ë¡œë“œ ì™„ë£Œ
17ì‹œ 43ë¶„ / [ì •ë³´] 'AdminCommand' ë‹¤ì‹œ ë¶ˆëŸ¬ì˜´
17ì‹œ 43ë¶„ / [ì •ë³´] c:\Users\82105\Desktop\Project\Discord\DiscordBot_Gwen\cogs\event.py ë¡œë“œ ì™„ë£Œ
17ì‹œ 43ë¶„ / [ì •ë³´] 'event' ë‹¤ì‹œ ë¶ˆëŸ¬ì˜´
17ì‹œ 43ë¶„ / [ì •ë³´] c:\Users\82105\Desktop\Project\Discord\DiscordBot_Gwen\cogs\NormalCommandBot.py ë¡œë“œ ì™„ë£Œ
17ì‹œ 43ë¶„ / [ì •ë³´] 'NormalCommandBot' ë‹¤ì‹œ ë¶ˆëŸ¬ì˜´
17ì‹œ 43ë¶„ / [ì •ë³´] c:\Users\82105\Desktop\Project\Discord\DiscordBot_Gwen\cogs\SearchCommand.py ë¡œë“œ ì™„ë£Œ
17ì‹œ 43ë¶„ / [ì •ë³´] 'SearchCommand' ë‹¤ì‹œ ë¶ˆëŸ¬ì˜´
17ì‹œ 43ë¶„ / ë³‘ì‹ ë“¤ <ì‹¤í—˜ | í•˜ë¦¬í•˜ë£¨ | 758963978331619331> !ì±”í”¼ì–¸ ì•„ì¹¼ë¦¬
17ì‹œ 44ë¶„ / ë³‘ì‹ ë“¤ <ì‹¤í—˜ | TÌ´ÌƒÍ–rÌµÍ˜Ì1Ì¸Í‘Í aÌ¸ÍÌiÌ¶Ì‰ÌnÌ´ÌŒÌ’aÌ´ÌÍ’ | 496627750858260480> <@!758963978331619331> ë¡¤ í•˜ì
17ì‹œ 45ë¶„ / ë³‘ì‹ ë“¤ <ì‹¤í—˜ | TÌ´ÌƒÍ–rÌµÍ˜Ì1Ì¸Í‘Í aÌ¸ÍÌiÌ¶Ì‰ÌnÌ´ÌŒÌ’aÌ´ÌÍ’ | 496627750858260480> í•´ì¤˜ í•´ì¤˜
17ì‹œ 45ë¶„ / ë³‘ì‹ ë“¤ <ì‹¤í—˜ | í•˜ë¦¬í•˜ë£¨ | 758963978331619331> ì´ì‰
17ì‹œ 45ë¶„ / ë³‘ì‹ ë“¤ <ì‹¤í—˜ | í•˜ë¦¬í•˜ë£¨ | 758963978331619331> ì•„ì§
17ì‹œ 45ë¶„ / ë³‘ì‹ ë“¤ <ì‹¤í—˜ | í•˜ë¦¬í•˜ë£¨ | 758963978331619331> í•œë°œ ë‚¨ì•˜ë”°
17ì‹œ 45ë¶„ / ë³‘ì‹ ë“¤ <ì‹¤í—˜ | TÌ´ÌƒÍ–rÌµÍ˜Ì1Ì¸Í‘Í aÌ¸ÍÌiÌ¶Ì‰ÌnÌ´ÌŒÌ’aÌ´ÌÍ’ | 496627750858260480> ?
17ì‹œ 45ë¶„ / ë³‘ì‹ ë“¤ <ì‹¤í—˜ | TÌ´ÌƒÍ–rÌµÍ˜Ì1Ì¸Í‘Í aÌ¸ÍÌiÌ¶Ì‰ÌnÌ´ÌŒÌ’aÌ´ÌÍ’ | 496627750858260480> í•´ì¤˜í•´ì¤˜
17ì‹œ 45ë¶„ / ë³‘ì‹ ë“¤ <ì‹¤í—˜ | TÌ´ÌƒÍ–rÌµÍ˜Ì1Ì¸Í‘Í aÌ¸ÍÌiÌ¶Ì‰ÌnÌ´ÌŒÌ’aÌ´ÌÍ’ | 496627750858260480> ì‘ì• 
17ì‹œ 47ë¶„ / ë³‘ì‹ ë“¤ <ì‹¤í—˜ | í•˜ë¦¬í•˜ë£¨ | 758963978331619331> !ì±”í”¼ì–¸ ë‹¤ë¦¬ìš°ìŠ¤
17ì‹œ 48ë¶„ / ë³‘ì‹ ë“¤ <ì‹¤í—˜ | TÌ´ÌƒÍ–rÌµÍ˜Ì1Ì¸Í‘Í aÌ¸ÍÌiÌ¶Ì‰ÌnÌ´ÌŒÌ’aÌ´ÌÍ’ | 496627750858260480> ì˜¤ ì¢€ ã„±ã…Šì•„ ì¡Œëˆ„
17ì‹œ 49ë¶„ / ë³‘ì‹ ë“¤ <ì‹¤í—˜ | í•˜ë¦¬í•˜ë£¨ | 758963978331619331> !restart
17ì‹œ 49ë¶„ / [ì •ë³´] c:\Users\82105\Desktop\Project\Discord\DiscordBot_Gwen\cogs\AdminCommand.py ë¡œë“œ ì™„ë£Œ
17ì‹œ 49ë¶„ / [ì •ë³´] 'AdminCommand' ë‹¤ì‹œ ë¶ˆëŸ¬ì˜´
17ì‹œ 49ë¶„ / [ì •ë³´] c:\Users\82105\Desktop\Project\Discord\DiscordBot_Gwen\cogs\event.py ë¡œë“œ ì™„ë£Œ
17ì‹œ 49ë¶„ / [ì •ë³´] 'event' ë‹¤ì‹œ ë¶ˆëŸ¬ì˜´
17ì‹œ 49ë¶„ / [ì •ë³´] c:\Users\82105\Desktop\Project\Discord\DiscordBot_Gwen\cogs\NormalCommandBot.py ë¡œë“œ ì™„ë£Œ
17ì‹œ 49ë¶„ / [ì •ë³´] 'NormalCommandBot' ë‹¤ì‹œ ë¶ˆëŸ¬ì˜´
17ì‹œ 49ë¶„ / [ì •ë³´] c:\Users\82105\Desktop\Project\Discord\DiscordBot_Gwen\cogs\SearchCommand.py ë¡œë“œ ì™„ë£Œ
17ì‹œ 49ë¶„ / [ì •ë³´] 'SearchCommand' ë‹¤ì‹œ ë¶ˆëŸ¬ì˜´
17ì‹œ 49ë¶„ / ë³‘ì‹ ë“¤ <ì‹¤í—˜ | í•˜ë¦¬í•˜ë£¨ | 758963978331619331> !ì±”í”¼ì–¸ ì´ë ë¦¬ì•„
17ì‹œ 49ë¶„ / [ì˜¤ë¥˜] Traceback (most recent call last):
  File "C:\Users\82105\AppData\Local\Programs\Python\Python39\lib\site-packages\discord\ext\commands\core.py", line 85, in wrapped
    ret = await coro(*args, **kwargs)
  File "c:\Users\82105\Desktop\Project\Discord\DiscordBot_Gwen\cogs\SearchCommand.py", line 123, in ì±”í”¼ì–¸
    chamPro = soup.find("div", attrs={"class":"champion-stats-header-info__image"}).find("img").get("src")
AttributeError: 'NoneType' object has no attribute 'find'

The above exception was the direct cause of the following exception:

Traceback (most recent call last):
  File "c:\Users\82105\Desktop\Project\Discord\DiscordBot_Gwen\utils\logger.py", line 22, in err
    raise error
  File "C:\Users\82105\AppData\Local\Programs\Python\Python39\lib\site-packages\discord\ext\commands\bot.py", line 939, in invoke
    await ctx.command.invoke(ctx)
  File "C:\Users\82105\AppData\Local\Programs\Python\Python39\lib\site-packages\discord\ext\commands\core.py", line 863, in invoke
    await injected(*ctx.args, **ctx.kwargs)
  File "C:\Users\82105\AppData\Local\Programs\Python\Python39\lib\site-packages\discord\ext\commands\core.py", line 94, in wrapped
    raise CommandInvokeError(exc) from exc
discord.ext.commands.errors.CommandInvokeError: Command raised an exception: AttributeError: 'NoneType' object has no attribute 'find'



17ì‹œ 49ë¶„ / ë³‘ì‹ ë“¤ <ì‹¤í—˜ | í•˜ë¦¬í•˜ë£¨ | 758963978331619331> ???
17ì‹œ 49ë¶„ / ë³‘ì‹ ë“¤ <ì‹¤í—˜ | í•˜ë¦¬í•˜ë£¨ | 758963978331619331> !ì±”í”¼ì–¸ ì•„ì¹¼ë¦¬
17ì‹œ 49ë¶„ / ë³‘ì‹ ë“¤ <ì‹¤í—˜ | í•˜ë¦¬í•˜ë£¨ | 758963978331619331> ìŠ¤í ë§
17ì‹œ 50ë¶„ / ë³‘ì‹ ë“¤ <ì‹¤í—˜ | í•˜ë¦¬í•˜ë£¨ | 758963978331619331> í‹€ë ¸ë‚˜ë³´ë„¤
17ì‹œ 50ë¶„ / ë³‘ì‹ ë“¤ <ì‹¤í—˜ | í•˜ë¦¬í•˜ë£¨ | 758963978331619331> ì• ë¯¸
17ì‹œ 50ë¶„ / ë³‘ì‹ ë“¤ <ì‹¤í—˜ | í•˜ë¦¬í•˜ë£¨ | 758963978331619331> ì´ë 
17ì‹œ 50ë¶„ / ë³‘ì‹ ë“¤ <ì‹¤í—˜ | í•˜ë¦¬í•˜ë£¨ | 758963978331619331> ìŠ¤í ë§ ë­ë”ë¼
17ì‹œ 50ë¶„ / ë³‘ì‹ ë“¤ <ì‹¤í—˜ | TÌ´ÌƒÍ–rÌµÍ˜Ì1Ì¸Í‘Í aÌ¸ÍÌiÌ¶Ì‰ÌnÌ´ÌŒÌ’aÌ´ÌÍ’ | 496627750858260480> Irelia
17ì‹œ 50ë¶„ / ë³‘ì‹ ë“¤ <ì‹¤í—˜ | í•˜ë¦¬í•˜ë£¨ | 758963978331619331> !restart
17ì‹œ 50ë¶„ / [ì •ë³´] c:\Users\82105\Desktop\Project\Discord\DiscordBot_Gwen\cogs\AdminCommand.py ë¡œë“œ ì™„ë£Œ
17ì‹œ 50ë¶„ / [ì •ë³´] 'AdminCommand' ë‹¤ì‹œ ë¶ˆëŸ¬ì˜´
17ì‹œ 50ë¶„ / [ì •ë³´] c:\Users\82105\Desktop\Project\Discord\DiscordBot_Gwen\cogs\event.py ë¡œë“œ ì™„ë£Œ
17ì‹œ 50ë¶„ / [ì •ë³´] 'event' ë‹¤ì‹œ ë¶ˆëŸ¬ì˜´
17ì‹œ 50ë¶„ / [ì •ë³´] c:\Users\82105\Desktop\Project\Discord\DiscordBot_Gwen\cogs\NormalCommandBot.py ë¡œë“œ ì™„ë£Œ
17ì‹œ 50ë¶„ / [ì •ë³´] 'NormalCommandBot' ë‹¤ì‹œ ë¶ˆëŸ¬ì˜´
17ì‹œ 50ë¶„ / [ì •ë³´] c:\Users\82105\Desktop\Project\Discord\DiscordBot_Gwen\cogs\SearchCommand.py ë¡œë“œ ì™„ë£Œ
17ì‹œ 50ë¶„ / [ì •ë³´] 'SearchCommand' ë‹¤ì‹œ ë¶ˆëŸ¬ì˜´
17ì‹œ 51ë¶„ / ë³‘ì‹ ë“¤ <ì‹¤í—˜ | í•˜ë¦¬í•˜ë£¨ | 758963978331619331> !ì±”í”¼ì–¸ ì•„ì¹¼ë¦¬
17ì‹œ 51ë¶„ / ë³‘ì‹ ë“¤ <ì‹¤í—˜ | TÌ´ÌƒÍ–rÌµÍ˜Ì1Ì¸Í‘Í aÌ¸ÍÌiÌ¶Ì‰ÌnÌ´ÌŒÌ’aÌ´ÌÍ’ | 496627750858260480> ?
17ì‹œ 51ë¶„ / ë³‘ì‹ ë“¤ <ì‹¤í—˜ | TÌ´ÌƒÍ–rÌµÍ˜Ì1Ì¸Í‘Í aÌ¸ÍÌiÌ¶Ì‰ÌnÌ´ÌŒÌ’aÌ´ÌÍ’ | 496627750858260480> ë³´ì—¬ì¤˜
17ì‹œ 51ë¶„ / ë³‘ì‹ ë“¤ <ì‹¤í—˜ | í•˜ë¦¬í•˜ë£¨ | 758963978331619331> ?
17ì‹œ 51ë¶„ / ë³‘ì‹ ë“¤ <ì‹¤í—˜ | TÌ´ÌƒÍ–rÌµÍ˜Ì1Ì¸Í‘Í aÌ¸ÍÌiÌ¶Ì‰ÌnÌ´ÌŒÌ’aÌ´ÌÍ’ | 496627750858260480> !ì±”í”¼ì–¸ ì•„ì¹¼ë¦¬
17ì‹œ 51ë¶„ / ë³‘ì‹ ë“¤ <ì‹¤í—˜ | í•˜ë¦¬í•˜ë£¨ | 758963978331619331> ì•„ì§
17ì‹œ 51ë¶„ / ë³‘ì‹ ë“¤ <ì‹¤í—˜ | í•˜ë¦¬í•˜ë£¨ | 758963978331619331> ì•ˆë§Œë“¬
17ì‹œ 51ë¶„ / ë³‘ì‹ ë“¤ <ì‹¤í—˜ | TÌ´ÌƒÍ–rÌµÍ˜Ì1Ì¸Í‘Í aÌ¸ÍÌiÌ¶Ì‰ÌnÌ´ÌŒÌ’aÌ´ÌÍ’ | 496627750858260480> ì˜¤
17ì‹œ 51ë¶„ / ë³‘ì‹ ë“¤ <ì‹¤í—˜ | TÌ´ÌƒÍ–rÌµÍ˜Ì1Ì¸Í‘Í aÌ¸ÍÌiÌ¶Ì‰ÌnÌ´ÌŒÌ’aÌ´ÌÍ’ | 496627750858260480> ê·¸ë˜ë„ ë‚˜ì˜¤ëŠ”ê²Œ
17ì‹œ 51ë¶„ / ë³‘ì‹ ë“¤ <ì‹¤í—˜ | TÌ´ÌƒÍ–rÌµÍ˜Ì1Ì¸Í‘Í aÌ¸ÍÌiÌ¶Ì‰ÌnÌ´ÌŒÌ’aÌ´ÌÍ’ | 496627750858260480> ì–´ë””ì„
17ì‹œ 51ë¶„ / ë³‘ì‹ ë“¤ <ì‹¤í—˜ | TÌ´ÌƒÍ–rÌµÍ˜Ì1Ì¸Í‘Í aÌ¸ÍÌiÌ¶Ì‰ÌnÌ´ÌŒÌ’aÌ´ÌÍ’ | 496627750858260480> ë””ì½”í•´ìš”
17ì‹œ 51ë¶„ / ë³‘ì‹ ë“¤ <ì‹¤í—˜ | TÌ´ÌƒÍ–rÌµÍ˜Ì1Ì¸Í‘Í aÌ¸ÍÌiÌ¶Ì‰ÌnÌ´ÌŒÌ’aÌ´ÌÍ’ | 496627750858260480> ìš°ë¦¬
17ì‹œ 51ë¶„ / ë³‘ì‹ ë“¤ <ì‹¤í—˜ | TÌ´ÌƒÍ–rÌµÍ˜Ì1Ì¸Í‘Í aÌ¸ÍÌiÌ¶Ì‰ÌnÌ´ÌŒÌ’aÌ´ÌÍ’ | 496627750858260480> ì†Œí†µí•´ìš”
17ì‹œ 53ë¶„ / ë³‘ì‹ ë“¤ <ì‹¤í—˜ | í•˜ë¦¬í•˜ë£¨ | 758963978331619331> ë‚˜
17ì‹œ 53ë¶„ / ë³‘ì‹ ë“¤ <ì‹¤í—˜ | í•˜ë¦¬í•˜ë£¨ | 758963978331619331> ë°¥ë¨¹ì–´ìš”
17ì‹œ 53ë¶„ / ë³‘ì‹ ë“¤ <ì‹¤í—˜ | í•˜ë¦¬í•˜ë£¨ | 758963978331619331> ë°¥ë¨¹ê³ 
17ì‹œ 53ë¶„ / ë³‘ì‹ ë“¤ <ì‹¤í—˜ | í•˜ë¦¬í•˜ë£¨ | 758963978331619331> ì†Œí†µí•´ìš”
17ì‹œ 53ë¶„ / ë³‘ì‹ ë“¤ <ì‹¤í—˜ | TÌ´ÌƒÍ–rÌµÍ˜Ì1Ì¸Í‘Í aÌ¸ÍÌiÌ¶Ì‰ÌnÌ´ÌŒÌ’aÌ´ÌÍ’ | 496627750858260480> ?
17ì‹œ 53ë¶„ / ë³‘ì‹ ë“¤ <ì‹¤í—˜ | TÌ´ÌƒÍ–rÌµÍ˜Ì1Ì¸Í‘Í aÌ¸ÍÌiÌ¶Ì‰ÌnÌ´ÌŒÌ’aÌ´ÌÍ’ | 496627750858260480> ã… 
17ì‹œ 54ë¶„ / ë³‘ì‹ ë“¤ <ì‹¤í—˜ | í•˜ë¦¬í•˜ë£¨ | 758963978331619331> !restart
17ì‹œ 54ë¶„ / [ì •ë³´] c:\Users\82105\Desktop\Project\Discord\DiscordBot_Gwen\cogs\AdminCommand.py ë¡œë“œ ì™„ë£Œ
17ì‹œ 54ë¶„ / [ì •ë³´] 'AdminCommand' ë‹¤ì‹œ ë¶ˆëŸ¬ì˜´
17ì‹œ 54ë¶„ / [ì •ë³´] c:\Users\82105\Desktop\Project\Discord\DiscordBot_Gwen\cogs\event.py ë¡œë“œ ì™„ë£Œ
17ì‹œ 54ë¶„ / [ì •ë³´] 'event' ë‹¤ì‹œ ë¶ˆëŸ¬ì˜´
17ì‹œ 54ë¶„ / [ì •ë³´] c:\Users\82105\Desktop\Project\Discord\DiscordBot_Gwen\cogs\NormalCommandBot.py ë¡œë“œ ì™„ë£Œ
17ì‹œ 54ë¶„ / [ì •ë³´] 'NormalCommandBot' ë‹¤ì‹œ ë¶ˆëŸ¬ì˜´
17ì‹œ 54ë¶„ / [ì •ë³´] c:\Users\82105\Desktop\Project\Discord\DiscordBot_Gwen\cogs\SearchCommand.py ë¡œë“œ ì™„ë£Œ
17ì‹œ 54ë¶„ / [ì •ë³´] 'SearchCommand' ë‹¤ì‹œ ë¶ˆëŸ¬ì˜´
17ì‹œ 54ë¶„ / ë³‘ì‹ ë“¤ <ì‹¤í—˜ | í•˜ë¦¬í•˜ë£¨ | 758963978331619331> !ì±”í”¼ì–¸ ì•„ì¹¼ë¦¬
17ì‹œ 55ë¶„ / [ì •ë³´] c:\Users\82105\Desktop\Project\Discord\DiscordBot_Gwen\cogs\AdminCommand.py ë¡œë“œ ì™„ë£Œ
17ì‹œ 55ë¶„ / [ì •ë³´] c:\Users\82105\Desktop\Project\Discord\DiscordBot_Gwen\cogs\event.py ë¡œë“œ ì™„ë£Œ
17ì‹œ 55ë¶„ / [ì •ë³´] c:\Users\82105\Desktop\Project\Discord\DiscordBot_Gwen\cogs\NormalCommandBot.py ë¡œë“œ ì™„ë£Œ
17ì‹œ 55ë¶„ / [ì •ë³´] c:\Users\82105\Desktop\Project\Discord\DiscordBot_Gwen\cogs\SearchCommand.py ë¡œë“œ ì™„ë£Œ
17ì‹œ 55ë¶„ / ë³‘ì‹ ë“¤ <ì‹¤í—˜ | í•˜ë¦¬í•˜ë£¨ | 758963978331619331> !restart
17ì‹œ 55ë¶„ / [ì •ë³´] ======================
17ì‹œ 55ë¶„ / [ì •ë³´] < êµ¬ë™ ì™„ë£Œ >
17ì‹œ 55ë¶„ / [ì •ë³´] ======================
17ì‹œ 55ë¶„ / [ì •ë³´] c:\Users\82105\Desktop\Project\Discord\DiscordBot_Gwen\cogs\AdminCommand.py ë¡œë“œ ì™„ë£Œ
17ì‹œ 55ë¶„ / [ì •ë³´] 'AdminCommand' ë‹¤ì‹œ ë¶ˆëŸ¬ì˜´
17ì‹œ 55ë¶„ / [ì •ë³´] c:\Users\82105\Desktop\Project\Discord\DiscordBot_Gwen\cogs\event.py ë¡œë“œ ì™„ë£Œ
17ì‹œ 55ë¶„ / [ì •ë³´] 'event' ë‹¤ì‹œ ë¶ˆëŸ¬ì˜´
17ì‹œ 55ë¶„ / [ì •ë³´] c:\Users\82105\Desktop\Project\Discord\DiscordBot_Gwen\cogs\NormalCommandBot.py ë¡œë“œ ì™„ë£Œ
17ì‹œ 55ë¶„ / [ì •ë³´] 'NormalCommandBot' ë‹¤ì‹œ ë¶ˆëŸ¬ì˜´
17ì‹œ 55ë¶„ / [ì •ë³´] c:\Users\82105\Desktop\Project\Discord\DiscordBot_Gwen\cogs\SearchCommand.py ë¡œë“œ ì™„ë£Œ
17ì‹œ 55ë¶„ / [ì •ë³´] 'SearchCommand' ë‹¤ì‹œ ë¶ˆëŸ¬ì˜´
17ì‹œ 55ë¶„ / ë³‘ì‹ ë“¤ <ì‹¤í—˜ | í•˜ë¦¬í•˜ë£¨ | 758963978331619331> !ì±”í”¼ì–¸ ì•„ì¹¼ë¦¬
17ì‹œ 55ë¶„ / ë³‘ì‹ ë“¤ <ì‹¤í—˜ | í•˜ë¦¬í•˜ë£¨ | 758963978331619331> !ì±”í”¼ì–¸ ì´ë ë¦¬ì•„
17ì‹œ 55ë¶„ / ë³‘ì‹ ë“¤ <ì‹¤í—˜ | TÌ´ÌƒÍ–rÌµÍ˜Ì1Ì¸Í‘Í aÌ¸ÍÌiÌ¶Ì‰ÌnÌ´ÌŒÌ’aÌ´ÌÍ’ | 496627750858260480> !ì±”í”¼ì–¸ ì¹´ì´ì‚¬
17ì‹œ 55ë¶„ / ë³‘ì‹ ë“¤ <ì‹¤í—˜ | TÌ´ÌƒÍ–rÌµÍ˜Ì1Ì¸Í‘Í aÌ¸ÍÌiÌ¶Ì‰ÌnÌ´ÌŒÌ’aÌ´ÌÍ’ | 496627750858260480> ì£¼ì•„ì•¼
17ì‹œ 55ë¶„ / ë³‘ì‹ ë“¤ <ì‹¤í—˜ | í•˜ë¦¬í•˜ë£¨ | 758963978331619331> ã…‡ã…‡
17ì‹œ 55ë¶„ / ë³‘ì‹ ë“¤ <ì‹¤í—˜ | TÌ´ÌƒÍ–rÌµÍ˜Ì1Ì¸Í‘Í aÌ¸ÍÌiÌ¶Ì‰ÌnÌ´ÌŒÌ’aÌ´ÌÍ’ | 496627750858260480> ì•„ë‹ˆì•¼
17ì‹œ 56ë¶„ / ë³‘ì‹ ë“¤ <ì‹¤í—˜ | í•˜ë¦¬í•˜ë£¨ | 758963978331619331> ?????????
17ì‹œ 56ë¶„ / ë³‘ì‹ ë“¤ <ì‹¤í—˜ | TÌ´ÌƒÍ–rÌµÍ˜Ì1Ì¸Í‘Í aÌ¸ÍÌiÌ¶Ì‰ÌnÌ´ÌŒÌ’aÌ´ÌÍ’ | 496627750858260480> ã…ã…ã…
17ì‹œ 56ë¶„ / ë³‘ì‹ ë“¤ <ì‹¤í—˜ | í•˜ë¦¬í•˜ë£¨ | 758963978331619331> ê±°
17ì‹œ 56ë¶„ / ë³‘ì‹ ë“¤ <ì‹¤í—˜ | í•˜ë¦¬í•˜ë£¨ | 758963978331619331> ì—†ë‚˜?
17ì‹œ 56ë¶„ / ë³‘ì‹ ë“¤ <ì‹¤í—˜ | TÌ´ÌƒÍ–rÌµÍ˜Ì1Ì¸Í‘Í aÌ¸ÍÌiÌ¶Ì‰ÌnÌ´ÌŒÌ’aÌ´ÌÍ’ | 496627750858260480> ???
17ì‹œ 56ë¶„ / ë³‘ì‹ ë“¤ <ì‹¤í—˜ | TÌ´ÌƒÍ–rÌµÍ˜Ì1Ì¸Í‘Í aÌ¸ÍÌiÌ¶Ì‰ÌnÌ´ÌŒÌ’aÌ´ÌÍ’ | 496627750858260480> ì„ ë„˜ë„¤
17ì‹œ 56ë¶„ / ë³‘ì‹ ë“¤ <ì‹¤í—˜ | í•˜ë¦¬í•˜ë£¨ | 758963978331619331> ì•Šì´
17ì‹œ 56ë¶„ / ë³‘ì‹ ë“¤ <ì‹¤í—˜ | í•˜ë¦¬í•˜ë£¨ | 758963978331619331> ìƒê°ì´ ì—†ë‚˜ë¼ê³ 
17ì‹œ 56ë¶„ / ë³‘ì‹ ë“¤ <ì‹¤í—˜ | í•˜ë¦¬í•˜ë£¨ | 758963978331619331> í•œê±°ì„
17ì‹œ 56ë¶„ / ë³‘ì‹ ë“¤ <ì‹¤í—˜ | í•˜ë¦¬í•˜ë£¨ | 758963978331619331> ã…‡ã…‡
17ì‹œ 58ë¶„ / ë³‘ì‹ ë“¤ <ì‹¤í—˜ | TÌ´ÌƒÍ–rÌµÍ˜Ì1Ì¸Í‘Í aÌ¸ÍÌiÌ¶Ì‰ÌnÌ´ÌŒÌ’aÌ´ÌÍ’ | 496627750858260480> .......
17ì‹œ 58ë¶„ / ë³‘ì‹ ë“¤ <ì‹¤í—˜ | í•˜ë¦¬í•˜ë£¨ | 758963978331619331> ^^7
18ì‹œ 00ë¶„ / ë³‘ì‹ ë“¤ <ì‹¤í—˜ | TÌ´ÌƒÍ–rÌµÍ˜Ì1Ì¸Í‘Í aÌ¸ÍÌiÌ¶Ì‰ÌnÌ´ÌŒÌ’aÌ´ÌÍ’ | 496627750858260480> ì¤‘êµ­ ì˜í™”íŠ¹
18ì‹œ 00ë¶„ / ë³‘ì‹ ë“¤ <ì‹¤í—˜ | TÌ´ÌƒÍ–rÌµÍ˜Ì1Ì¸Í‘Í aÌ¸ÍÌiÌ¶Ì‰ÌnÌ´ÌŒÌ’aÌ´ÌÍ’ | 496627750858260480> ê°ì„±í•˜ë©´ ë¨¸ë¦¬ í•˜ì–€ìƒ‰ë¨
18ì‹œ 01ë¶„ / ë³‘ì‹ ë“¤ <ì‹¤í—˜ | í•˜ë¦¬í•˜ë£¨ | 758963978331619331> ë“œë ˆê³¤ë³¼íŠ¹ ê°ì„±í•˜ë©´ ë¨¸ë¦¬ì¹´ë½ ê¸¸ì–´ì§
18ì‹œ 01ë¶„ / ë³‘ì‹ ë“¤ <ì‹¤í—˜ | TÌ´ÌƒÍ–rÌµÍ˜Ì1Ì¸Í‘Í aÌ¸ÍÌiÌ¶Ì‰ÌnÌ´ÌŒÌ’aÌ´ÌÍ’ | 496627750858260480> ã…Œã…‹ã…‹ã…‹ã…‹ã…‹ã…‹
18ì‹œ 01ë¶„ / ë³‘ì‹ ë“¤ <ì‹¤í—˜ | TÌ´ÌƒÍ–rÌµÍ˜Ì1Ì¸Í‘Í aÌ¸ÍÌiÌ¶Ì‰ÌnÌ´ÌŒÌ’aÌ´ÌÍ’ | 496627750858260480> ìš°ë¦¬ ë””ì½”í•´ìš”
18ì‹œ 06ë¶„ / ë³‘ì‹ ë“¤ <ì‹¤í—˜ | í•˜ë¦¬í•˜ë£¨ | 758963978331619331> !restart
18ì‹œ 06ë¶„ / [ì •ë³´] c:\Users\82105\Desktop\Project\Discord\DiscordBot_Gwen\cogs\AdminCommand.py ë¡œë“œ ì™„ë£Œ
18ì‹œ 06ë¶„ / [ì •ë³´] 'AdminCommand' ë‹¤ì‹œ ë¶ˆëŸ¬ì˜´
18ì‹œ 06ë¶„ / [ì •ë³´] c:\Users\82105\Desktop\Project\Discord\DiscordBot_Gwen\cogs\event.py ë¡œë“œ ì™„ë£Œ
18ì‹œ 06ë¶„ / [ì •ë³´] 'event' ë‹¤ì‹œ ë¶ˆëŸ¬ì˜´
18ì‹œ 06ë¶„ / [ì •ë³´] c:\Users\82105\Desktop\Project\Discord\DiscordBot_Gwen\cogs\NormalCommandBot.py ë¡œë“œ ì™„ë£Œ
18ì‹œ 06ë¶„ / [ì •ë³´] 'NormalCommandBot' ë‹¤ì‹œ ë¶ˆëŸ¬ì˜´
18ì‹œ 06ë¶„ / [ì •ë³´] c:\Users\82105\Desktop\Project\Discord\DiscordBot_Gwen\cogs\SearchCommand.py ë¡œë“œ ì™„ë£Œ
18ì‹œ 06ë¶„ / [ì •ë³´] 'SearchCommand' ë‹¤ì‹œ ë¶ˆëŸ¬ì˜´
18ì‹œ 06ë¶„ / [ì •ë³´] 0
18ì‹œ 06ë¶„ / ë´‡ì„œë²„ <ì¼ë°˜ | í•˜ë¦¬í•˜ë£¨ | 758963978331619331> !PS
18ì‹œ 07ë¶„ / [ì •ë³´] 0
18ì‹œ 07ë¶„ / ë´‡ì„œë²„ <ì¼ë°˜ | í•˜ë¦¬í•˜ë£¨ | 758963978331619331> !PS
18ì‹œ 08ë¶„ / ë´‡ì„œë²„ <ì¼ë°˜ | í•˜ë¦¬í•˜ë£¨ | 758963978331619331> !restart
18ì‹œ 08ë¶„ / [ì •ë³´] c:\Users\82105\Desktop\Project\Discord\DiscordBot_Gwen\cogs\AdminCommand.py ë¡œë“œ ì™„ë£Œ
18ì‹œ 08ë¶„ / [ì •ë³´] 'AdminCommand' ë‹¤ì‹œ ë¶ˆëŸ¬ì˜´
18ì‹œ 08ë¶„ / [ì •ë³´] c:\Users\82105\Desktop\Project\Discord\DiscordBot_Gwen\cogs\event.py ë¡œë“œ ì™„ë£Œ
18ì‹œ 08ë¶„ / [ì •ë³´] 'event' ë‹¤ì‹œ ë¶ˆëŸ¬ì˜´
18ì‹œ 08ë¶„ / [ì •ë³´] c:\Users\82105\Desktop\Project\Discord\DiscordBot_Gwen\cogs\NormalCommandBot.py ë¡œë“œ ì™„ë£Œ
18ì‹œ 08ë¶„ / [ì •ë³´] 'NormalCommandBot' ë‹¤ì‹œ ë¶ˆëŸ¬ì˜´
18ì‹œ 08ë¶„ / [ì •ë³´] c:\Users\82105\Desktop\Project\Discord\DiscordBot_Gwen\cogs\SearchCommand.py ë¡œë“œ ì™„ë£Œ
18ì‹œ 08ë¶„ / [ì •ë³´] 'SearchCommand' ë‹¤ì‹œ ë¶ˆëŸ¬ì˜´
18ì‹œ 08ë¶„ / [ì •ë³´] 0
18ì‹œ 08ë¶„ / ë´‡ì„œë²„ <ì¼ë°˜ | í•˜ë¦¬í•˜ë£¨ | 758963978331619331> !PS
18ì‹œ 08ë¶„ / [ì •ë³´] 0
18ì‹œ 08ë¶„ / ë´‡ì„œë²„ <ì¼ë°˜ | í•˜ë¦¬í•˜ë£¨ | 758963978331619331> !PS
18ì‹œ 11ë¶„ / ë´‡ì„œë²„ <ì¼ë°˜ | í•˜ë¦¬í•˜ë£¨ | 758963978331619331> !restart
18ì‹œ 11ë¶„ / [ì •ë³´] c:\Users\82105\Desktop\Project\Discord\DiscordBot_Gwen\cogs\AdminCommand.py ë¡œë“œ ì™„ë£Œ
18ì‹œ 11ë¶„ / [ì •ë³´] 'AdminCommand' ë‹¤ì‹œ ë¶ˆëŸ¬ì˜´
18ì‹œ 11ë¶„ / [ì •ë³´] c:\Users\82105\Desktop\Project\Discord\DiscordBot_Gwen\cogs\event.py ë¡œë“œ ì™„ë£Œ
18ì‹œ 11ë¶„ / [ì •ë³´] 'event' ë‹¤ì‹œ ë¶ˆëŸ¬ì˜´
18ì‹œ 11ë¶„ / [ì •ë³´] c:\Users\82105\Desktop\Project\Discord\DiscordBot_Gwen\cogs\NormalCommandBot.py ë¡œë“œ ì™„ë£Œ
18ì‹œ 11ë¶„ / [ì •ë³´] 'NormalCommandBot' ë‹¤ì‹œ ë¶ˆëŸ¬ì˜´
18ì‹œ 11ë¶„ / [ì •ë³´] c:\Users\82105\Desktop\Project\Discord\DiscordBot_Gwen\cogs\SearchCommand.py ë¡œë“œ ì™„ë£Œ
18ì‹œ 11ë¶„ / [ì •ë³´] 'SearchCommand' ë‹¤ì‹œ ë¶ˆëŸ¬ì˜´
18ì‹œ 11ë¶„ / [ì •ë³´] None
18ì‹œ 11ë¶„ / ë´‡ì„œë²„ <ì¼ë°˜ | í•˜ë¦¬í•˜ë£¨ | 758963978331619331> !PS
18ì‹œ 12ë¶„ / ë´‡ì„œë²„ <ì¼ë°˜ | í•˜ë¦¬í•˜ë£¨ | 758963978331619331> !restart
18ì‹œ 12ë¶„ / [ì •ë³´] c:\Users\82105\Desktop\Project\Discord\DiscordBot_Gwen\cogs\AdminCommand.py ë¡œë“œ ì™„ë£Œ
18ì‹œ 12ë¶„ / [ì •ë³´] 'AdminCommand' ë‹¤ì‹œ ë¶ˆëŸ¬ì˜´
18ì‹œ 12ë¶„ / [ì •ë³´] c:\Users\82105\Desktop\Project\Discord\DiscordBot_Gwen\cogs\event.py ë¡œë“œ ì™„ë£Œ
18ì‹œ 12ë¶„ / [ì •ë³´] 'event' ë‹¤ì‹œ ë¶ˆëŸ¬ì˜´
18ì‹œ 12ë¶„ / [ì •ë³´] c:\Users\82105\Desktop\Project\Discord\DiscordBot_Gwen\cogs\NormalCommandBot.py ë¡œë“œ ì™„ë£Œ
18ì‹œ 12ë¶„ / [ì •ë³´] 'NormalCommandBot' ë‹¤ì‹œ ë¶ˆëŸ¬ì˜´
18ì‹œ 12ë¶„ / [ì •ë³´] c:\Users\82105\Desktop\Project\Discord\DiscordBot_Gwen\cogs\SearchCommand.py ë¡œë“œ ì™„ë£Œ
18ì‹œ 12ë¶„ / [ì •ë³´] 'SearchCommand' ë‹¤ì‹œ ë¶ˆëŸ¬ì˜´
18ì‹œ 12ë¶„ / [ì •ë³´] None
18ì‹œ 12ë¶„ / ë´‡ì„œë²„ <ì¼ë°˜ | í•˜ë¦¬í•˜ë£¨ | 758963978331619331> !PS
18ì‹œ 14ë¶„ / ë´‡ì„œë²„ <ì¼ë°˜ | í•˜ë¦¬í•˜ë£¨ | 758963978331619331> !restart
18ì‹œ 14ë¶„ / [ì •ë³´] c:\Users\82105\Desktop\Project\Discord\DiscordBot_Gwen\cogs\AdminCommand.py ë¡œë“œ ì™„ë£Œ
18ì‹œ 14ë¶„ / [ì •ë³´] 'AdminCommand' ë‹¤ì‹œ ë¶ˆëŸ¬ì˜´
18ì‹œ 14ë¶„ / [ì •ë³´] c:\Users\82105\Desktop\Project\Discord\DiscordBot_Gwen\cogs\event.py ë¡œë“œ ì™„ë£Œ
18ì‹œ 14ë¶„ / [ì •ë³´] 'event' ë‹¤ì‹œ ë¶ˆëŸ¬ì˜´
18ì‹œ 14ë¶„ / [ì •ë³´] c:\Users\82105\Desktop\Project\Discord\DiscordBot_Gwen\cogs\NormalCommandBot.py ë¡œë“œ ì™„ë£Œ
18ì‹œ 14ë¶„ / [ì •ë³´] 'NormalCommandBot' ë‹¤ì‹œ ë¶ˆëŸ¬ì˜´
18ì‹œ 14ë¶„ / [ì •ë³´] c:\Users\82105\Desktop\Project\Discord\DiscordBot_Gwen\cogs\SearchCommand.py ë¡œë“œ ì™„ë£Œ
18ì‹œ 14ë¶„ / [ì •ë³´] 'SearchCommand' ë‹¤ì‹œ ë¶ˆëŸ¬ì˜´
18ì‹œ 14ë¶„ / ë´‡ì„œë²„ <ì¼ë°˜ | í•˜ë¦¬í•˜ë£¨ | 758963978331619331> !PS
18ì‹œ 14ë¶„ / [ì˜¤ë¥˜] Traceback (most recent call last):
  File "C:\Users\82105\AppData\Local\Programs\Python\Python39\lib\site-packages\discord\ext\commands\core.py", line 85, in wrapped
    ret = await coro(*args, **kwargs)
  File "c:\Users\82105\Desktop\Project\Discord\DiscordBot_Gwen\cogs\SearchCommand.py", line 250, in PS
    res = requests.get(url,headers=headers).text
  File "C:\Users\82105\AppData\Local\Programs\Python\Python39\lib\site-packages\requests\api.py", line 75, in get
    return request('get', url, params=params, **kwargs)
  File "C:\Users\82105\AppData\Local\Programs\Python\Python39\lib\site-packages\requests\api.py", line 61, in request
    return session.request(method=method, url=url, **kwargs)
  File "C:\Users\82105\AppData\Local\Programs\Python\Python39\lib\site-packages\requests\sessions.py", line 542, in request
    resp = self.send(prep, **send_kwargs)
  File "C:\Users\82105\AppData\Local\Programs\Python\Python39\lib\site-packages\requests\sessions.py", line 655, in send
    r = adapter.send(request, **kwargs)
  File "C:\Users\82105\AppData\Local\Programs\Python\Python39\lib\site-packages\requests\adapters.py", line 439, in send
    resp = conn.urlopen(
  File "C:\Users\82105\AppData\Local\Programs\Python\Python39\lib\site-packages\urllib3\connectionpool.py", line 699, in urlopen
    httplib_response = self._make_request(
  File "C:\Users\82105\AppData\Local\Programs\Python\Python39\lib\site-packages\urllib3\connectionpool.py", line 394, in _make_request
    conn.request(method, url, **httplib_request_kw)
  File "C:\Users\82105\AppData\Local\Programs\Python\Python39\lib\site-packages\urllib3\connection.py", line 234, in request
    super(HTTPConnection, self).request(method, url, body=body, headers=headers)
  File "C:\Users\82105\AppData\Local\Programs\Python\Python39\lib\http\client.py", line 1279, in request
    self._send_request(method, url, body, headers, encode_chunked)
  File "C:\Users\82105\AppData\Local\Programs\Python\Python39\lib\http\client.py", line 1320, in _send_request
    self.putheader(hdr, value)
  File "C:\Users\82105\AppData\Local\Programs\Python\Python39\lib\site-packages\urllib3\connection.py", line 219, in putheader
    _HTTPConnection.putheader(self, header, *values)
  File "C:\Users\82105\AppData\Local\Programs\Python\Python39\lib\http\client.py", line 1252, in putheader
    values[i] = one_value.encode('latin-1')
UnicodeEncodeError: 'latin-1' codec can't encode characters in position 0-3: ordinal not in range(256)

The above exception was the direct cause of the following exception:

Traceback (most recent call last):
  File "c:\Users\82105\Desktop\Project\Discord\DiscordBot_Gwen\utils\logger.py", line 22, in err
    raise error
  File "C:\Users\82105\AppData\Local\Programs\Python\Python39\lib\site-packages\discord\ext\commands\bot.py", line 939, in invoke
    await ctx.command.invoke(ctx)
  File "C:\Users\82105\AppData\Local\Programs\Python\Python39\lib\site-packages\discord\ext\commands\core.py", line 863, in invoke
    await injected(*ctx.args, **ctx.kwargs)
  File "C:\Users\82105\AppData\Local\Programs\Python\Python39\lib\site-packages\discord\ext\commands\core.py", line 94, in wrapped
    raise CommandInvokeError(exc) from exc
discord.ext.commands.errors.CommandInvokeError: Command raised an exception: UnicodeEncodeError: 'latin-1' codec can't encode characters in position 0-3: ordinal not in range(256)



18ì‹œ 16ë¶„ / ë´‡ì„œë²„ <ì¼ë°˜ | í•˜ë¦¬í•˜ë£¨ | 758963978331619331> !restart
18ì‹œ 16ë¶„ / [ì •ë³´] c:\Users\82105\Desktop\Project\Discord\DiscordBot_Gwen\cogs\AdminCommand.py ë¡œë“œ ì™„ë£Œ
18ì‹œ 16ë¶„ / [ì •ë³´] 'AdminCommand' ë‹¤ì‹œ ë¶ˆëŸ¬ì˜´
18ì‹œ 16ë¶„ / [ì •ë³´] c:\Users\82105\Desktop\Project\Discord\DiscordBot_Gwen\cogs\event.py ë¡œë“œ ì™„ë£Œ
18ì‹œ 16ë¶„ / [ì •ë³´] 'event' ë‹¤ì‹œ ë¶ˆëŸ¬ì˜´
18ì‹œ 16ë¶„ / [ì •ë³´] c:\Users\82105\Desktop\Project\Discord\DiscordBot_Gwen\cogs\NormalCommandBot.py ë¡œë“œ ì™„ë£Œ
18ì‹œ 16ë¶„ / [ì •ë³´] 'NormalCommandBot' ë‹¤ì‹œ ë¶ˆëŸ¬ì˜´
18ì‹œ 16ë¶„ / [ì •ë³´] c:\Users\82105\Desktop\Project\Discord\DiscordBot_Gwen\cogs\SearchCommand.py ë¡œë“œ ì™„ë£Œ
18ì‹œ 16ë¶„ / [ì •ë³´] 'SearchCommand' ë‹¤ì‹œ ë¶ˆëŸ¬ì˜´
18ì‹œ 16ë¶„ / [ì •ë³´] 0
18ì‹œ 16ë¶„ / ë´‡ì„œë²„ <ì¼ë°˜ | í•˜ë¦¬í•˜ë£¨ | 758963978331619331> !PS
18ì‹œ 17ë¶„ / ë´‡ì„œë²„ <ì¼ë°˜ | í•˜ë¦¬í•˜ë£¨ | 758963978331619331> !restart
18ì‹œ 17ë¶„ / [ì •ë³´] c:\Users\82105\Desktop\Project\Discord\DiscordBot_Gwen\cogs\AdminCommand.py ë¡œë“œ ì™„ë£Œ
18ì‹œ 17ë¶„ / [ì •ë³´] 'AdminCommand' ë‹¤ì‹œ ë¶ˆëŸ¬ì˜´
18ì‹œ 17ë¶„ / [ì •ë³´] c:\Users\82105\Desktop\Project\Discord\DiscordBot_Gwen\cogs\event.py ë¡œë“œ ì™„ë£Œ
18ì‹œ 17ë¶„ / [ì •ë³´] 'event' ë‹¤ì‹œ ë¶ˆëŸ¬ì˜´
18ì‹œ 17ë¶„ / [ì •ë³´] c:\Users\82105\Desktop\Project\Discord\DiscordBot_Gwen\cogs\NormalCommandBot.py ë¡œë“œ ì™„ë£Œ
18ì‹œ 17ë¶„ / [ì •ë³´] 'NormalCommandBot' ë‹¤ì‹œ ë¶ˆëŸ¬ì˜´
18ì‹œ 17ë¶„ / [ì •ë³´] c:\Users\82105\Desktop\Project\Discord\DiscordBot_Gwen\cogs\SearchCommand.py ë¡œë“œ ì™„ë£Œ
18ì‹œ 17ë¶„ / [ì •ë³´] 'SearchCommand' ë‹¤ì‹œ ë¶ˆëŸ¬ì˜´
18ì‹œ 17ë¶„ / ë´‡ì„œë²„ <ì¼ë°˜ | í•˜ë¦¬í•˜ë£¨ | 758963978331619331> !PS
18ì‹œ 17ë¶„ / [ì˜¤ë¥˜] Traceback (most recent call last):
  File "C:\Users\82105\AppData\Local\Programs\Python\Python39\lib\site-packages\discord\ext\commands\core.py", line 85, in wrapped
    ret = await coro(*args, **kwargs)
  File "c:\Users\82105\Desktop\Project\Discord\DiscordBot_Gwen\cogs\SearchCommand.py", line 253, in PS
    patch = soup.find("div", attrs={"class":"simplebar-content", "sytle":"padding: 0px;"}).get_text()
AttributeError: 'NoneType' object has no attribute 'get_text'

The above exception was the direct cause of the following exception:

Traceback (most recent call last):
  File "c:\Users\82105\Desktop\Project\Discord\DiscordBot_Gwen\utils\logger.py", line 22, in err
    raise error
  File "C:\Users\82105\AppData\Local\Programs\Python\Python39\lib\site-packages\discord\ext\commands\bot.py", line 939, in invoke
    await ctx.command.invoke(ctx)
  File "C:\Users\82105\AppData\Local\Programs\Python\Python39\lib\site-packages\discord\ext\commands\core.py", line 863, in invoke
    await injected(*ctx.args, **ctx.kwargs)
  File "C:\Users\82105\AppData\Local\Programs\Python\Python39\lib\site-packages\discord\ext\commands\core.py", line 94, in wrapped
    raise CommandInvokeError(exc) from exc
discord.ext.commands.errors.CommandInvokeError: Command raised an exception: AttributeError: 'NoneType' object has no attribute 'get_text'



18ì‹œ 18ë¶„ / ë´‡ì„œë²„ <ì¼ë°˜ | í•˜ë¦¬í•˜ë£¨ | 758963978331619331> !restart
18ì‹œ 18ë¶„ / [ì •ë³´] c:\Users\82105\Desktop\Project\Discord\DiscordBot_Gwen\cogs\AdminCommand.py ë¡œë“œ ì™„ë£Œ
18ì‹œ 18ë¶„ / [ì •ë³´] 'AdminCommand' ë‹¤ì‹œ ë¶ˆëŸ¬ì˜´
18ì‹œ 18ë¶„ / [ì •ë³´] c:\Users\82105\Desktop\Project\Discord\DiscordBot_Gwen\cogs\event.py ë¡œë“œ ì™„ë£Œ
18ì‹œ 18ë¶„ / [ì •ë³´] 'event' ë‹¤ì‹œ ë¶ˆëŸ¬ì˜´
18ì‹œ 18ë¶„ / [ì •ë³´] c:\Users\82105\Desktop\Project\Discord\DiscordBot_Gwen\cogs\NormalCommandBot.py ë¡œë“œ ì™„ë£Œ
18ì‹œ 18ë¶„ / [ì •ë³´] 'NormalCommandBot' ë‹¤ì‹œ ë¶ˆëŸ¬ì˜´
18ì‹œ 18ë¶„ / [ì •ë³´] c:\Users\82105\Desktop\Project\Discord\DiscordBot_Gwen\cogs\SearchCommand.py ë¡œë“œ ì™„ë£Œ
18ì‹œ 18ë¶„ / [ì •ë³´] 'SearchCommand' ë‹¤ì‹œ ë¶ˆëŸ¬ì˜´
18ì‹œ 18ë¶„ / ë´‡ì„œë²„ <ì¼ë°˜ | í•˜ë¦¬í•˜ë£¨ | 758963978331619331> !PS
18ì‹œ 18ë¶„ / [ì˜¤ë¥˜] Traceback (most recent call last):
  File "C:\Users\82105\AppData\Local\Programs\Python\Python39\lib\site-packages\discord\ext\commands\core.py", line 85, in wrapped
    ret = await coro(*args, **kwargs)
  File "c:\Users\82105\Desktop\Project\Discord\DiscordBot_Gwen\cogs\SearchCommand.py", line 253, in PS
    patch = soup.find("div", attrs={"class":"simplebar-content"}).get_text()
AttributeError: 'NoneType' object has no attribute 'get_text'

The above exception was the direct cause of the following exception:

Traceback (most recent call last):
  File "c:\Users\82105\Desktop\Project\Discord\DiscordBot_Gwen\utils\logger.py", line 22, in err
    raise error
  File "C:\Users\82105\AppData\Local\Programs\Python\Python39\lib\site-packages\discord\ext\commands\bot.py", line 939, in invoke
    await ctx.command.invoke(ctx)
  File "C:\Users\82105\AppData\Local\Programs\Python\Python39\lib\site-packages\discord\ext\commands\core.py", line 863, in invoke
    await injected(*ctx.args, **ctx.kwargs)
  File "C:\Users\82105\AppData\Local\Programs\Python\Python39\lib\site-packages\discord\ext\commands\core.py", line 94, in wrapped
    raise CommandInvokeError(exc) from exc
discord.ext.commands.errors.CommandInvokeError: Command raised an exception: AttributeError: 'NoneType' object has no attribute 'get_text'



18ì‹œ 20ë¶„ / ë´‡ì„œë²„ <ì¼ë°˜ | í•˜ë¦¬í•˜ë£¨ | 758963978331619331> !restart
18ì‹œ 20ë¶„ / [ì •ë³´] c:\Users\82105\Desktop\Project\Discord\DiscordBot_Gwen\cogs\AdminCommand.py ë¡œë“œ ì™„ë£Œ
18ì‹œ 20ë¶„ / [ì •ë³´] 'AdminCommand' ë‹¤ì‹œ ë¶ˆëŸ¬ì˜´
18ì‹œ 20ë¶„ / [ì •ë³´] c:\Users\82105\Desktop\Project\Discord\DiscordBot_Gwen\cogs\event.py ë¡œë“œ ì™„ë£Œ
18ì‹œ 20ë¶„ / [ì •ë³´] 'event' ë‹¤ì‹œ ë¶ˆëŸ¬ì˜´
18ì‹œ 20ë¶„ / [ì •ë³´] c:\Users\82105\Desktop\Project\Discord\DiscordBot_Gwen\cogs\NormalCommandBot.py ë¡œë“œ ì™„ë£Œ
18ì‹œ 20ë¶„ / [ì •ë³´] 'NormalCommandBot' ë‹¤ì‹œ ë¶ˆëŸ¬ì˜´
18ì‹œ 20ë¶„ / [ì •ë³´] c:\Users\82105\Desktop\Project\Discord\DiscordBot_Gwen\cogs\SearchCommand.py ë¡œë“œ ì™„ë£Œ
18ì‹œ 20ë¶„ / [ì •ë³´] 'SearchCommand' ë‹¤ì‹œ ë¶ˆëŸ¬ì˜´
18ì‹œ 20ë¶„ / ë´‡ì„œë²„ <ì¼ë°˜ | í•˜ë¦¬í•˜ë£¨ | 758963978331619331> !PS
18ì‹œ 20ë¶„ / [ì˜¤ë¥˜] Traceback (most recent call last):
  File "C:\Users\82105\AppData\Local\Programs\Python\Python39\lib\site-packages\discord\ext\commands\core.py", line 85, in wrapped
    ret = await coro(*args, **kwargs)
  File "c:\Users\82105\Desktop\Project\Discord\DiscordBot_Gwen\cogs\SearchCommand.py", line 253, in PS
    patch = soup.find("div", attrs={"class":"simplebar-content"}).get_text()
AttributeError: 'NoneType' object has no attribute 'get_text'

The above exception was the direct cause of the following exception:

Traceback (most recent call last):
  File "c:\Users\82105\Desktop\Project\Discord\DiscordBot_Gwen\utils\logger.py", line 22, in err
    raise error
  File "C:\Users\82105\AppData\Local\Programs\Python\Python39\lib\site-packages\discord\ext\commands\bot.py", line 939, in invoke
    await ctx.command.invoke(ctx)
  File "C:\Users\82105\AppData\Local\Programs\Python\Python39\lib\site-packages\discord\ext\commands\core.py", line 863, in invoke
    await injected(*ctx.args, **ctx.kwargs)
  File "C:\Users\82105\AppData\Local\Programs\Python\Python39\lib\site-packages\discord\ext\commands\core.py", line 94, in wrapped
    raise CommandInvokeError(exc) from exc
discord.ext.commands.errors.CommandInvokeError: Command raised an exception: AttributeError: 'NoneType' object has no attribute 'get_text'



18ì‹œ 21ë¶„ / ë´‡ì„œë²„ <ì¼ë°˜ | í•˜ë¦¬í•˜ë£¨ | 758963978331619331> !restart
18ì‹œ 21ë¶„ / [ì •ë³´] c:\Users\82105\Desktop\Project\Discord\DiscordBot_Gwen\cogs\AdminCommand.py ë¡œë“œ ì™„ë£Œ
18ì‹œ 21ë¶„ / [ì •ë³´] 'AdminCommand' ë‹¤ì‹œ ë¶ˆëŸ¬ì˜´
18ì‹œ 21ë¶„ / [ì •ë³´] c:\Users\82105\Desktop\Project\Discord\DiscordBot_Gwen\cogs\event.py ë¡œë“œ ì™„ë£Œ
18ì‹œ 21ë¶„ / [ì •ë³´] 'event' ë‹¤ì‹œ ë¶ˆëŸ¬ì˜´
18ì‹œ 21ë¶„ / [ì •ë³´] c:\Users\82105\Desktop\Project\Discord\DiscordBot_Gwen\cogs\NormalCommandBot.py ë¡œë“œ ì™„ë£Œ
18ì‹œ 21ë¶„ / [ì •ë³´] 'NormalCommandBot' ë‹¤ì‹œ ë¶ˆëŸ¬ì˜´
18ì‹œ 21ë¶„ / [ì •ë³´] c:\Users\82105\Desktop\Project\Discord\DiscordBot_Gwen\cogs\SearchCommand.py ë¡œë“œ ì™„ë£Œ
18ì‹œ 21ë¶„ / [ì •ë³´] 'SearchCommand' ë‹¤ì‹œ ë¶ˆëŸ¬ì˜´
18ì‹œ 21ë¶„ / ë´‡ì„œë²„ <ì¼ë°˜ | í•˜ë¦¬í•˜ë£¨ | 758963978331619331> !PS
18ì‹œ 21ë¶„ / [ì˜¤ë¥˜] Traceback (most recent call last):
  File "C:\Users\82105\AppData\Local\Programs\Python\Python39\lib\site-packages\discord\ext\commands\core.py", line 85, in wrapped
    ret = await coro(*args, **kwargs)
  File "c:\Users\82105\Desktop\Project\Discord\DiscordBot_Gwen\cogs\SearchCommand.py", line 253, in PS
    patch = soup.find("div", attrs={"class":"simplebar-content"}).get_text()
AttributeError: 'NoneType' object has no attribute 'get_text'

The above exception was the direct cause of the following exception:

Traceback (most recent call last):
  File "c:\Users\82105\Desktop\Project\Discord\DiscordBot_Gwen\utils\logger.py", line 22, in err
    raise error
  File "C:\Users\82105\AppData\Local\Programs\Python\Python39\lib\site-packages\discord\ext\commands\bot.py", line 939, in invoke
    await ctx.command.invoke(ctx)
  File "C:\Users\82105\AppData\Local\Programs\Python\Python39\lib\site-packages\discord\ext\commands\core.py", line 863, in invoke
    await injected(*ctx.args, **ctx.kwargs)
  File "C:\Users\82105\AppData\Local\Programs\Python\Python39\lib\site-packages\discord\ext\commands\core.py", line 94, in wrapped
    raise CommandInvokeError(exc) from exc
discord.ext.commands.errors.CommandInvokeError: Command raised an exception: AttributeError: 'NoneType' object has no attribute 'get_text'



18ì‹œ 22ë¶„ / ë³‘ì‹ ë“¤ <ì‹¤í—˜ | TÌ´ÌƒÍ–rÌµÍ˜Ì1Ì¸Í‘Í aÌ¸ÍÌiÌ¶Ì‰ÌnÌ´ÌŒÌ’aÌ´ÌÍ’ | 496627750858260480> !ì±”í”¼ì–¸ ì•„ì¹¼ë¦¬
18ì‹œ 23ë¶„ / ë´‡ì„œë²„ <ì¼ë°˜ | í•˜ë¦¬í•˜ë£¨ | 758963978331619331> !restart
18ì‹œ 23ë¶„ / [ì •ë³´] c:\Users\82105\Desktop\Project\Discord\DiscordBot_Gwen\cogs\AdminCommand.py ë¡œë“œ ì™„ë£Œ
18ì‹œ 23ë¶„ / [ì •ë³´] 'AdminCommand' ë‹¤ì‹œ ë¶ˆëŸ¬ì˜´
18ì‹œ 23ë¶„ / [ì •ë³´] c:\Users\82105\Desktop\Project\Discord\DiscordBot_Gwen\cogs\event.py ë¡œë“œ ì™„ë£Œ
18ì‹œ 23ë¶„ / [ì •ë³´] 'event' ë‹¤ì‹œ ë¶ˆëŸ¬ì˜´
18ì‹œ 23ë¶„ / [ì •ë³´] c:\Users\82105\Desktop\Project\Discord\DiscordBot_Gwen\cogs\NormalCommandBot.py ë¡œë“œ ì™„ë£Œ
18ì‹œ 23ë¶„ / [ì •ë³´] 'NormalCommandBot' ë‹¤ì‹œ ë¶ˆëŸ¬ì˜´
18ì‹œ 23ë¶„ / [ì •ë³´] c:\Users\82105\Desktop\Project\Discord\DiscordBot_Gwen\cogs\SearchCommand.py ë¡œë“œ ì™„ë£Œ
18ì‹œ 23ë¶„ / [ì •ë³´] 'SearchCommand' ë‹¤ì‹œ ë¶ˆëŸ¬ì˜´
18ì‹œ 23ë¶„ / ë´‡ì„œë²„ <ì¼ë°˜ | í•˜ë¦¬í•˜ë£¨ | 758963978331619331> !PS
18ì‹œ 23ë¶„ / [ì˜¤ë¥˜] Traceback (most recent call last):
  File "C:\Users\82105\AppData\Local\Programs\Python\Python39\lib\site-packages\discord\ext\commands\core.py", line 85, in wrapped
    ret = await coro(*args, **kwargs)
  File "c:\Users\82105\Desktop\Project\Discord\DiscordBot_Gwen\cogs\SearchCommand.py", line 251, in PS
    res = urllib.request.Request(url=url, headers=head).text
AttributeError: 'Request' object has no attribute 'text'

The above exception was the direct cause of the following exception:

Traceback (most recent call last):
  File "c:\Users\82105\Desktop\Project\Discord\DiscordBot_Gwen\utils\logger.py", line 22, in err
    raise error
  File "C:\Users\82105\AppData\Local\Programs\Python\Python39\lib\site-packages\discord\ext\commands\bot.py", line 939, in invoke
    await ctx.command.invoke(ctx)
  File "C:\Users\82105\AppData\Local\Programs\Python\Python39\lib\site-packages\discord\ext\commands\core.py", line 863, in invoke
    await injected(*ctx.args, **ctx.kwargs)
  File "C:\Users\82105\AppData\Local\Programs\Python\Python39\lib\site-packages\discord\ext\commands\core.py", line 94, in wrapped
    raise CommandInvokeError(exc) from exc
discord.ext.commands.errors.CommandInvokeError: Command raised an exception: AttributeError: 'Request' object has no attribute 'text'



18ì‹œ 24ë¶„ / ë³‘ì‹ ë“¤ <ì‹¤í—˜ | TÌ´ÌƒÍ–rÌµÍ˜Ì1Ì¸Í‘Í aÌ¸ÍÌiÌ¶Ì‰ÌnÌ´ÌŒÌ’aÌ´ÌÍ’ | 496627750858260480> !ì±”í”¼ì–¸ ì•„í ë¦¬ì˜¤ìŠ¤
18ì‹œ 25ë¶„ / ë´‡ì„œë²„ <ì¼ë°˜ | í•˜ë¦¬í•˜ë£¨ | 758963978331619331> !restart
18ì‹œ 25ë¶„ / [ì •ë³´] c:\Users\82105\Desktop\Project\Discord\DiscordBot_Gwen\cogs\AdminCommand.py ë¡œë“œ ì™„ë£Œ
18ì‹œ 25ë¶„ / [ì •ë³´] 'AdminCommand' ë‹¤ì‹œ ë¶ˆëŸ¬ì˜´
18ì‹œ 25ë¶„ / [ì •ë³´] c:\Users\82105\Desktop\Project\Discord\DiscordBot_Gwen\cogs\event.py ë¡œë“œ ì™„ë£Œ
18ì‹œ 25ë¶„ / [ì •ë³´] 'event' ë‹¤ì‹œ ë¶ˆëŸ¬ì˜´
18ì‹œ 25ë¶„ / [ì •ë³´] c:\Users\82105\Desktop\Project\Discord\DiscordBot_Gwen\cogs\NormalCommandBot.py ë¡œë“œ ì™„ë£Œ
18ì‹œ 25ë¶„ / [ì •ë³´] 'NormalCommandBot' ë‹¤ì‹œ ë¶ˆëŸ¬ì˜´
18ì‹œ 25ë¶„ / [ì •ë³´] c:\Users\82105\Desktop\Project\Discord\DiscordBot_Gwen\cogs\SearchCommand.py ë¡œë“œ ì™„ë£Œ
18ì‹œ 25ë¶„ / [ì •ë³´] 'SearchCommand' ë‹¤ì‹œ ë¶ˆëŸ¬ì˜´
18ì‹œ 25ë¶„ / ë´‡ì„œë²„ <ì¼ë°˜ | í•˜ë¦¬í•˜ë£¨ | 758963978331619331> !PS
18ì‹œ 25ë¶„ / [ì˜¤ë¥˜] Traceback (most recent call last):
  File "C:\Users\82105\AppData\Local\Programs\Python\Python39\lib\site-packages\discord\ext\commands\core.py", line 85, in wrapped
    ret = await coro(*args, **kwargs)
  File "c:\Users\82105\Desktop\Project\Discord\DiscordBot_Gwen\cogs\SearchCommand.py", line 251, in PS
    res = urllib.request.Request(url=url, headers=head).text
AttributeError: 'Request' object has no attribute 'text'

The above exception was the direct cause of the following exception:

Traceback (most recent call last):
  File "c:\Users\82105\Desktop\Project\Discord\DiscordBot_Gwen\utils\logger.py", line 22, in err
    raise error
  File "C:\Users\82105\AppData\Local\Programs\Python\Python39\lib\site-packages\discord\ext\commands\bot.py", line 939, in invoke
    await ctx.command.invoke(ctx)
  File "C:\Users\82105\AppData\Local\Programs\Python\Python39\lib\site-packages\discord\ext\commands\core.py", line 863, in invoke
    await injected(*ctx.args, **ctx.kwargs)
  File "C:\Users\82105\AppData\Local\Programs\Python\Python39\lib\site-packages\discord\ext\commands\core.py", line 94, in wrapped
    raise CommandInvokeError(exc) from exc
discord.ext.commands.errors.CommandInvokeError: Command raised an exception: AttributeError: 'Request' object has no attribute 'text'



18ì‹œ 26ë¶„ / ë´‡ì„œë²„ <ì¼ë°˜ | í•˜ë¦¬í•˜ë£¨ | 758963978331619331> !restart
18ì‹œ 26ë¶„ / [ì •ë³´] c:\Users\82105\Desktop\Project\Discord\DiscordBot_Gwen\cogs\AdminCommand.py ë¡œë“œ ì™„ë£Œ
18ì‹œ 26ë¶„ / [ì •ë³´] 'AdminCommand' ë‹¤ì‹œ ë¶ˆëŸ¬ì˜´
18ì‹œ 26ë¶„ / [ì •ë³´] c:\Users\82105\Desktop\Project\Discord\DiscordBot_Gwen\cogs\event.py ë¡œë“œ ì™„ë£Œ
18ì‹œ 26ë¶„ / [ì •ë³´] 'event' ë‹¤ì‹œ ë¶ˆëŸ¬ì˜´
18ì‹œ 26ë¶„ / [ì •ë³´] c:\Users\82105\Desktop\Project\Discord\DiscordBot_Gwen\cogs\NormalCommandBot.py ë¡œë“œ ì™„ë£Œ
18ì‹œ 26ë¶„ / [ì •ë³´] 'NormalCommandBot' ë‹¤ì‹œ ë¶ˆëŸ¬ì˜´
18ì‹œ 26ë¶„ / [ì •ë³´] c:\Users\82105\Desktop\Project\Discord\DiscordBot_Gwen\cogs\SearchCommand.py ë¡œë“œ ì™„ë£Œ
18ì‹œ 26ë¶„ / [ì •ë³´] 'SearchCommand' ë‹¤ì‹œ ë¶ˆëŸ¬ì˜´
18ì‹œ 26ë¶„ / ë´‡ì„œë²„ <ì¼ë°˜ | í•˜ë¦¬í•˜ë£¨ | 758963978331619331> !PS
18ì‹œ 26ë¶„ / [ì˜¤ë¥˜] Traceback (most recent call last):
  File "C:\Users\82105\AppData\Local\Programs\Python\Python39\lib\site-packages\discord\ext\commands\core.py", line 85, in wrapped
    ret = await coro(*args, **kwargs)
  File "c:\Users\82105\Desktop\Project\Discord\DiscordBot_Gwen\cogs\SearchCommand.py", line 253, in PS
    soup = BeautifulSoup(res, "html.parser")
  File "C:\Users\82105\AppData\Local\Programs\Python\Python39\lib\site-packages\bs4\__init__.py", line 312, in __init__
    elif len(markup) <= 256 and (
TypeError: object of type 'Request' has no len()

The above exception was the direct cause of the following exception:

Traceback (most recent call last):
  File "c:\Users\82105\Desktop\Project\Discord\DiscordBot_Gwen\utils\logger.py", line 22, in err
    raise error
  File "C:\Users\82105\AppData\Local\Programs\Python\Python39\lib\site-packages\discord\ext\commands\bot.py", line 939, in invoke
    await ctx.command.invoke(ctx)
  File "C:\Users\82105\AppData\Local\Programs\Python\Python39\lib\site-packages\discord\ext\commands\core.py", line 863, in invoke
    await injected(*ctx.args, **ctx.kwargs)
  File "C:\Users\82105\AppData\Local\Programs\Python\Python39\lib\site-packages\discord\ext\commands\core.py", line 94, in wrapped
    raise CommandInvokeError(exc) from exc
discord.ext.commands.errors.CommandInvokeError: Command raised an exception: TypeError: object of type 'Request' has no len()



18ì‹œ 26ë¶„ / ë´‡ì„œë²„ <ì¼ë°˜ | í•˜ë¦¬í•˜ë£¨ | 758963978331619331> !restart
18ì‹œ 26ë¶„ / [ì •ë³´] c:\Users\82105\Desktop\Project\Discord\DiscordBot_Gwen\cogs\AdminCommand.py ë¡œë“œ ì™„ë£Œ
18ì‹œ 26ë¶„ / [ì •ë³´] 'AdminCommand' ë‹¤ì‹œ ë¶ˆëŸ¬ì˜´
18ì‹œ 26ë¶„ / [ì •ë³´] c:\Users\82105\Desktop\Project\Discord\DiscordBot_Gwen\cogs\event.py ë¡œë“œ ì™„ë£Œ
18ì‹œ 26ë¶„ / [ì •ë³´] 'event' ë‹¤ì‹œ ë¶ˆëŸ¬ì˜´
18ì‹œ 26ë¶„ / [ì •ë³´] c:\Users\82105\Desktop\Project\Discord\DiscordBot_Gwen\cogs\NormalCommandBot.py ë¡œë“œ ì™„ë£Œ
18ì‹œ 26ë¶„ / [ì •ë³´] 'NormalCommandBot' ë‹¤ì‹œ ë¶ˆëŸ¬ì˜´
18ì‹œ 26ë¶„ / [ì •ë³´] c:\Users\82105\Desktop\Project\Discord\DiscordBot_Gwen\cogs\SearchCommand.py ë¡œë“œ ì™„ë£Œ
18ì‹œ 26ë¶„ / [ì •ë³´] 'SearchCommand' ë‹¤ì‹œ ë¶ˆëŸ¬ì˜´
18ì‹œ 26ë¶„ / ë´‡ì„œë²„ <ì¼ë°˜ | í•˜ë¦¬í•˜ë£¨ | 758963978331619331> !PS
18ì‹œ 26ë¶„ / [ì˜¤ë¥˜] Traceback (most recent call last):
  File "C:\Users\82105\AppData\Local\Programs\Python\Python39\lib\site-packages\discord\ext\commands\core.py", line 85, in wrapped
    ret = await coro(*args, **kwargs)
  File "c:\Users\82105\Desktop\Project\Discord\DiscordBot_Gwen\cogs\SearchCommand.py", line 253, in PS
    soup = BeautifulSoup(res, "html.parser")
  File "C:\Users\82105\AppData\Local\Programs\Python\Python39\lib\site-packages\bs4\__init__.py", line 312, in __init__
    elif len(markup) <= 256 and (
TypeError: object of type 'Request' has no len()

The above exception was the direct cause of the following exception:

Traceback (most recent call last):
  File "c:\Users\82105\Desktop\Project\Discord\DiscordBot_Gwen\utils\logger.py", line 22, in err
    raise error
  File "C:\Users\82105\AppData\Local\Programs\Python\Python39\lib\site-packages\discord\ext\commands\bot.py", line 939, in invoke
    await ctx.command.invoke(ctx)
  File "C:\Users\82105\AppData\Local\Programs\Python\Python39\lib\site-packages\discord\ext\commands\core.py", line 863, in invoke
    await injected(*ctx.args, **ctx.kwargs)
  File "C:\Users\82105\AppData\Local\Programs\Python\Python39\lib\site-packages\discord\ext\commands\core.py", line 94, in wrapped
    raise CommandInvokeError(exc) from exc
discord.ext.commands.errors.CommandInvokeError: Command raised an exception: TypeError: object of type 'Request' has no len()



18ì‹œ 27ë¶„ / ë´‡ì„œë²„ <ì¼ë°˜ | í•˜ë¦¬í•˜ë£¨ | 758963978331619331> !restart
18ì‹œ 27ë¶„ / [ì •ë³´] c:\Users\82105\Desktop\Project\Discord\DiscordBot_Gwen\cogs\AdminCommand.py ë¡œë“œ ì™„ë£Œ
18ì‹œ 27ë¶„ / [ì •ë³´] 'AdminCommand' ë‹¤ì‹œ ë¶ˆëŸ¬ì˜´
18ì‹œ 27ë¶„ / [ì •ë³´] c:\Users\82105\Desktop\Project\Discord\DiscordBot_Gwen\cogs\event.py ë¡œë“œ ì™„ë£Œ
18ì‹œ 27ë¶„ / [ì •ë³´] 'event' ë‹¤ì‹œ ë¶ˆëŸ¬ì˜´
18ì‹œ 27ë¶„ / [ì •ë³´] c:\Users\82105\Desktop\Project\Discord\DiscordBot_Gwen\cogs\NormalCommandBot.py ë¡œë“œ ì™„ë£Œ
18ì‹œ 27ë¶„ / [ì •ë³´] 'NormalCommandBot' ë‹¤ì‹œ ë¶ˆëŸ¬ì˜´
18ì‹œ 27ë¶„ / [ì •ë³´] c:\Users\82105\Desktop\Project\Discord\DiscordBot_Gwen\cogs\SearchCommand.py ë¡œë“œ ì™„ë£Œ
18ì‹œ 27ë¶„ / [ì •ë³´] 'SearchCommand' ë‹¤ì‹œ ë¶ˆëŸ¬ì˜´
18ì‹œ 27ë¶„ / [ì •ë³´] <title>LOL.PS</title>
18ì‹œ 27ë¶„ / ë´‡ì„œë²„ <ì¼ë°˜ | í•˜ë¦¬í•˜ë£¨ | 758963978331619331> !PS
18ì‹œ 27ë¶„ / [ì˜¤ë¥˜] Traceback (most recent call last):
  File "C:\Users\82105\AppData\Local\Programs\Python\Python39\lib\site-packages\discord\ext\commands\core.py", line 85, in wrapped
    ret = await coro(*args, **kwargs)
  File "c:\Users\82105\Desktop\Project\Discord\DiscordBot_Gwen\cogs\SearchCommand.py", line 257, in PS
    patch = soup.find("div", attrs={"class":"simplebar-content"}).get_text()
AttributeError: 'NoneType' object has no attribute 'get_text'

The above exception was the direct cause of the following exception:

Traceback (most recent call last):
  File "c:\Users\82105\Desktop\Project\Discord\DiscordBot_Gwen\utils\logger.py", line 22, in err
    raise error
  File "C:\Users\82105\AppData\Local\Programs\Python\Python39\lib\site-packages\discord\ext\commands\bot.py", line 939, in invoke
    await ctx.command.invoke(ctx)
  File "C:\Users\82105\AppData\Local\Programs\Python\Python39\lib\site-packages\discord\ext\commands\core.py", line 863, in invoke
    await injected(*ctx.args, **ctx.kwargs)
  File "C:\Users\82105\AppData\Local\Programs\Python\Python39\lib\site-packages\discord\ext\commands\core.py", line 94, in wrapped
    raise CommandInvokeError(exc) from exc
discord.ext.commands.errors.CommandInvokeError: Command raised an exception: AttributeError: 'NoneType' object has no attribute 'get_text'



18ì‹œ 27ë¶„ / ë´‡ì„œë²„ <ì¼ë°˜ | í•˜ë¦¬í•˜ë£¨ | 758963978331619331> !restart
18ì‹œ 27ë¶„ / [ì •ë³´] c:\Users\82105\Desktop\Project\Discord\DiscordBot_Gwen\cogs\AdminCommand.py ë¡œë“œ ì™„ë£Œ
18ì‹œ 27ë¶„ / [ì •ë³´] 'AdminCommand' ë‹¤ì‹œ ë¶ˆëŸ¬ì˜´
18ì‹œ 27ë¶„ / [ì •ë³´] c:\Users\82105\Desktop\Project\Discord\DiscordBot_Gwen\cogs\event.py ë¡œë“œ ì™„ë£Œ
18ì‹œ 27ë¶„ / [ì •ë³´] 'event' ë‹¤ì‹œ ë¶ˆëŸ¬ì˜´
18ì‹œ 27ë¶„ / [ì •ë³´] c:\Users\82105\Desktop\Project\Discord\DiscordBot_Gwen\cogs\NormalCommandBot.py ë¡œë“œ ì™„ë£Œ
18ì‹œ 27ë¶„ / [ì •ë³´] 'NormalCommandBot' ë‹¤ì‹œ ë¶ˆëŸ¬ì˜´
18ì‹œ 27ë¶„ / [ì •ë³´] c:\Users\82105\Desktop\Project\Discord\DiscordBot_Gwen\cogs\SearchCommand.py ë¡œë“œ ì™„ë£Œ
18ì‹œ 27ë¶„ / [ì •ë³´] 'SearchCommand' ë‹¤ì‹œ ë¶ˆëŸ¬ì˜´
18ì‹œ 27ë¶„ / [ì •ë³´] <title>LOL.PS</title>
18ì‹œ 27ë¶„ / ë´‡ì„œë²„ <ì¼ë°˜ | í•˜ë¦¬í•˜ë£¨ | 758963978331619331> !PS
18ì‹œ 29ë¶„ / ë´‡ì„œë²„ <ì¼ë°˜ | í•˜ë¦¬í•˜ë£¨ | 758963978331619331> !restart
18ì‹œ 29ë¶„ / [ì •ë³´] c:\Users\82105\Desktop\Project\Discord\DiscordBot_Gwen\cogs\AdminCommand.py ë¡œë“œ ì™„ë£Œ
18ì‹œ 29ë¶„ / [ì •ë³´] 'AdminCommand' ë‹¤ì‹œ ë¶ˆëŸ¬ì˜´
18ì‹œ 29ë¶„ / [ì •ë³´] c:\Users\82105\Desktop\Project\Discord\DiscordBot_Gwen\cogs\event.py ë¡œë“œ ì™„ë£Œ
18ì‹œ 29ë¶„ / [ì •ë³´] 'event' ë‹¤ì‹œ ë¶ˆëŸ¬ì˜´
18ì‹œ 29ë¶„ / [ì •ë³´] c:\Users\82105\Desktop\Project\Discord\DiscordBot_Gwen\cogs\NormalCommandBot.py ë¡œë“œ ì™„ë£Œ
18ì‹œ 29ë¶„ / [ì •ë³´] 'NormalCommandBot' ë‹¤ì‹œ ë¶ˆëŸ¬ì˜´
18ì‹œ 29ë¶„ / [ì •ë³´] c:\Users\82105\Desktop\Project\Discord\DiscordBot_Gwen\cogs\SearchCommand.py ë¡œë“œ ì™„ë£Œ
18ì‹œ 29ë¶„ / [ì •ë³´] 'SearchCommand' ë‹¤ì‹œ ë¶ˆëŸ¬ì˜´
18ì‹œ 29ë¶„ / [ì •ë³´] <title>LOL.PS</title>
18ì‹œ 29ë¶„ / ë´‡ì„œë²„ <ì¼ë°˜ | í•˜ë¦¬í•˜ë£¨ | 758963978331619331> !PS
18ì‹œ 32ë¶„ / ë³‘ì‹ ë“¤ <ğŸ“©ì±„íŒ…ì°½ | TÌ´ÌƒÍ–rÌµÍ˜Ì1Ì¸Í‘Í aÌ¸ÍÌiÌ¶Ì‰ÌnÌ´ÌŒÌ’aÌ´ÌÍ’ | 496627750858260480> <@!758963978331619331> ì†Œí†µí•˜ìë©”
18ì‹œ 34ë¶„ / ë´‡ì„œë²„ <ì¼ë°˜ | í•˜ë¦¬í•˜ë£¨ | 758963978331619331> !restart
18ì‹œ 34ë¶„ / [ì •ë³´] c:\Users\82105\Desktop\Project\Discord\DiscordBot_Gwen\cogs\AdminCommand.py ë¡œë“œ ì™„ë£Œ
18ì‹œ 34ë¶„ / [ì •ë³´] 'AdminCommand' ë‹¤ì‹œ ë¶ˆëŸ¬ì˜´
18ì‹œ 34ë¶„ / [ì •ë³´] c:\Users\82105\Desktop\Project\Discord\DiscordBot_Gwen\cogs\event.py ë¡œë“œ ì™„ë£Œ
18ì‹œ 34ë¶„ / [ì •ë³´] 'event' ë‹¤ì‹œ ë¶ˆëŸ¬ì˜´
18ì‹œ 34ë¶„ / [ì •ë³´] c:\Users\82105\Desktop\Project\Discord\DiscordBot_Gwen\cogs\NormalCommandBot.py ë¡œë“œ ì™„ë£Œ
18ì‹œ 34ë¶„ / [ì •ë³´] 'NormalCommandBot' ë‹¤ì‹œ ë¶ˆëŸ¬ì˜´
18ì‹œ 34ë¶„ / [ì •ë³´] c:\Users\82105\Desktop\Project\Discord\DiscordBot_Gwen\cogs\SearchCommand.py ë¡œë“œ ì™„ë£Œ
18ì‹œ 34ë¶„ / [ì •ë³´] 'SearchCommand' ë‹¤ì‹œ ë¶ˆëŸ¬ì˜´
18ì‹œ 34ë¶„ / [ì •ë³´] <title>LOL.PS</title>
18ì‹œ 34ë¶„ / ë´‡ì„œë²„ <ì¼ë°˜ | í•˜ë¦¬í•˜ë£¨ | 758963978331619331> !PS
18ì‹œ 34ë¶„ / [ì˜¤ë¥˜] Traceback (most recent call last):
  File "C:\Users\82105\AppData\Local\Programs\Python\Python39\lib\site-packages\discord\ext\commands\core.py", line 85, in wrapped
    ret = await coro(*args, **kwargs)
  File "c:\Users\82105\Desktop\Project\Discord\DiscordBot_Gwen\cogs\SearchCommand.py", line 260, in PS
    patch = soup.find("div", attrs={"class":"simplebar-content"}).get_text()
AttributeError: 'NoneType' object has no attribute 'get_text'

The above exception was the direct cause of the following exception:

Traceback (most recent call last):
  File "c:\Users\82105\Desktop\Project\Discord\DiscordBot_Gwen\utils\logger.py", line 22, in err
    raise error
  File "C:\Users\82105\AppData\Local\Programs\Python\Python39\lib\site-packages\discord\ext\commands\bot.py", line 939, in invoke
    await ctx.command.invoke(ctx)
  File "C:\Users\82105\AppData\Local\Programs\Python\Python39\lib\site-packages\discord\ext\commands\core.py", line 863, in invoke
    await injected(*ctx.args, **ctx.kwargs)
  File "C:\Users\82105\AppData\Local\Programs\Python\Python39\lib\site-packages\discord\ext\commands\core.py", line 94, in wrapped
    raise CommandInvokeError(exc) from exc
discord.ext.commands.errors.CommandInvokeError: Command raised an exception: AttributeError: 'NoneType' object has no attribute 'get_text'



18ì‹œ 34ë¶„ / ë´‡ì„œë²„ <ì¼ë°˜ | í•˜ë¦¬í•˜ë£¨ | 758963978331619331> !restart
18ì‹œ 34ë¶„ / [ì •ë³´] c:\Users\82105\Desktop\Project\Discord\DiscordBot_Gwen\cogs\AdminCommand.py ë¡œë“œ ì™„ë£Œ
18ì‹œ 34ë¶„ / [ì •ë³´] 'AdminCommand' ë‹¤ì‹œ ë¶ˆëŸ¬ì˜´
18ì‹œ 34ë¶„ / [ì •ë³´] c:\Users\82105\Desktop\Project\Discord\DiscordBot_Gwen\cogs\event.py ë¡œë“œ ì™„ë£Œ
18ì‹œ 34ë¶„ / [ì •ë³´] 'event' ë‹¤ì‹œ ë¶ˆëŸ¬ì˜´
18ì‹œ 34ë¶„ / [ì •ë³´] c:\Users\82105\Desktop\Project\Discord\DiscordBot_Gwen\cogs\NormalCommandBot.py ë¡œë“œ ì™„ë£Œ
18ì‹œ 34ë¶„ / [ì •ë³´] 'NormalCommandBot' ë‹¤ì‹œ ë¶ˆëŸ¬ì˜´
18ì‹œ 34ë¶„ / [ì •ë³´] c:\Users\82105\Desktop\Project\Discord\DiscordBot_Gwen\cogs\SearchCommand.py ë¡œë“œ ì™„ë£Œ
18ì‹œ 34ë¶„ / [ì •ë³´] 'SearchCommand' ë‹¤ì‹œ ë¶ˆëŸ¬ì˜´
18ì‹œ 34ë¶„ / [ì •ë³´] <title>LOL.PS</title>
18ì‹œ 34ë¶„ / ë´‡ì„œë²„ <ì¼ë°˜ | í•˜ë¦¬í•˜ë£¨ | 758963978331619331> !PS
18ì‹œ 34ë¶„ / [ì˜¤ë¥˜] Traceback (most recent call last):
  File "C:\Users\82105\AppData\Local\Programs\Python\Python39\lib\site-packages\discord\ext\commands\core.py", line 85, in wrapped
    ret = await coro(*args, **kwargs)
  File "c:\Users\82105\Desktop\Project\Discord\DiscordBot_Gwen\cogs\SearchCommand.py", line 261, in PS
    await ctx.send(soup.get_text())
  File "C:\Users\82105\AppData\Local\Programs\Python\Python39\lib\site-packages\discord\abc.py", line 1065, in send
    data = await state.http.send_message(channel.id, content, tts=tts, embed=embed,
  File "C:\Users\82105\AppData\Local\Programs\Python\Python39\lib\site-packages\discord\http.py", line 254, in request
    raise HTTPException(r, data)
discord.errors.HTTPException: 400 Bad Request (error code: 50035): Invalid Form Body
In content: Must be 4000 or fewer in length.

The above exception was the direct cause of the following exception:

Traceback (most recent call last):
  File "c:\Users\82105\Desktop\Project\Discord\DiscordBot_Gwen\utils\logger.py", line 22, in err
    raise error
  File "C:\Users\82105\AppData\Local\Programs\Python\Python39\lib\site-packages\discord\ext\commands\bot.py", line 939, in invoke
    await ctx.command.invoke(ctx)
  File "C:\Users\82105\AppData\Local\Programs\Python\Python39\lib\site-packages\discord\ext\commands\core.py", line 863, in invoke
    await injected(*ctx.args, **ctx.kwargs)
  File "C:\Users\82105\AppData\Local\Programs\Python\Python39\lib\site-packages\discord\ext\commands\core.py", line 94, in wrapped
    raise CommandInvokeError(exc) from exc
discord.ext.commands.errors.CommandInvokeError: Command raised an exception: HTTPException: 400 Bad Request (error code: 50035): Invalid Form Body
In content: Must be 4000 or fewer in length.



18ì‹œ 35ë¶„ / [ì •ë³´] <title>LOL.PS</title>
18ì‹œ 35ë¶„ / ë´‡ì„œë²„ <ì¼ë°˜ | í•˜ë¦¬í•˜ë£¨ | 758963978331619331> !PS
18ì‹œ 35ë¶„ / [ì˜¤ë¥˜] Traceback (most recent call last):
  File "C:\Users\82105\AppData\Local\Programs\Python\Python39\lib\site-packages\discord\ext\commands\core.py", line 85, in wrapped
    ret = await coro(*args, **kwargs)
  File "c:\Users\82105\Desktop\Project\Discord\DiscordBot_Gwen\cogs\SearchCommand.py", line 261, in PS
    #await ctx.send(soup.get_text())
  File "C:\Users\82105\AppData\Local\Programs\Python\Python39\lib\site-packages\discord\abc.py", line 1065, in send
    data = await state.http.send_message(channel.id, content, tts=tts, embed=embed,
  File "C:\Users\82105\AppData\Local\Programs\Python\Python39\lib\site-packages\discord\http.py", line 254, in request
    raise HTTPException(r, data)
discord.errors.HTTPException: 400 Bad Request (error code: 50035): Invalid Form Body
In content: Must be 4000 or fewer in length.

The above exception was the direct cause of the following exception:

Traceback (most recent call last):
  File "c:\Users\82105\Desktop\Project\Discord\DiscordBot_Gwen\utils\logger.py", line 22, in err
    raise error
  File "C:\Users\82105\AppData\Local\Programs\Python\Python39\lib\site-packages\discord\ext\commands\bot.py", line 939, in invoke
    await ctx.command.invoke(ctx)
  File "C:\Users\82105\AppData\Local\Programs\Python\Python39\lib\site-packages\discord\ext\commands\core.py", line 863, in invoke
    await injected(*ctx.args, **ctx.kwargs)
  File "C:\Users\82105\AppData\Local\Programs\Python\Python39\lib\site-packages\discord\ext\commands\core.py", line 94, in wrapped
    raise CommandInvokeError(exc) from exc
discord.ext.commands.errors.CommandInvokeError: Command raised an exception: HTTPException: 400 Bad Request (error code: 50035): Invalid Form Body
In content: Must be 4000 or fewer in length.



18ì‹œ 37ë¶„ / ë´‡ì„œë²„ <ì¼ë°˜ | í•˜ë¦¬í•˜ë£¨ | 758963978331619331> !restart
18ì‹œ 37ë¶„ / [ì •ë³´] c:\Users\82105\Desktop\Project\Discord\DiscordBot_Gwen\cogs\AdminCommand.py ë¡œë“œ ì™„ë£Œ
18ì‹œ 37ë¶„ / [ì •ë³´] 'AdminCommand' ë‹¤ì‹œ ë¶ˆëŸ¬ì˜´
18ì‹œ 37ë¶„ / [ì •ë³´] c:\Users\82105\Desktop\Project\Discord\DiscordBot_Gwen\cogs\event.py ë¡œë“œ ì™„ë£Œ
18ì‹œ 37ë¶„ / [ì •ë³´] 'event' ë‹¤ì‹œ ë¶ˆëŸ¬ì˜´
18ì‹œ 37ë¶„ / [ì •ë³´] c:\Users\82105\Desktop\Project\Discord\DiscordBot_Gwen\cogs\NormalCommandBot.py ë¡œë“œ ì™„ë£Œ
18ì‹œ 37ë¶„ / [ì •ë³´] 'NormalCommandBot' ë‹¤ì‹œ ë¶ˆëŸ¬ì˜´
18ì‹œ 37ë¶„ / [ì •ë³´] c:\Users\82105\Desktop\Project\Discord\DiscordBot_Gwen\cogs\SearchCommand.py ë¡œë“œ ì™„ë£Œ
18ì‹œ 37ë¶„ / [ì •ë³´] 'SearchCommand' ë‹¤ì‹œ ë¶ˆëŸ¬ì˜´
18ì‹œ 37ë¶„ / ë´‡ì„œë²„ <ì¼ë°˜ | í•˜ë¦¬í•˜ë£¨ | 758963978331619331> !PS
18ì‹œ 37ë¶„ / [ì˜¤ë¥˜] Traceback (most recent call last):
  File "C:\Users\82105\AppData\Local\Programs\Python\Python39\lib\site-packages\discord\ext\commands\core.py", line 85, in wrapped
    ret = await coro(*args, **kwargs)
  File "c:\Users\82105\Desktop\Project\Discord\DiscordBot_Gwen\cogs\SearchCommand.py", line 257, in PS
    logger.info()
TypeError: info() missing 1 required positional argument: 'msg'

The above exception was the direct cause of the following exception:

Traceback (most recent call last):
  File "c:\Users\82105\Desktop\Project\Discord\DiscordBot_Gwen\utils\logger.py", line 22, in err
    raise error
  File "C:\Users\82105\AppData\Local\Programs\Python\Python39\lib\site-packages\discord\ext\commands\bot.py", line 939, in invoke
    await ctx.command.invoke(ctx)
  File "C:\Users\82105\AppData\Local\Programs\Python\Python39\lib\site-packages\discord\ext\commands\core.py", line 863, in invoke
    await injected(*ctx.args, **ctx.kwargs)
  File "C:\Users\82105\AppData\Local\Programs\Python\Python39\lib\site-packages\discord\ext\commands\core.py", line 94, in wrapped
    raise CommandInvokeError(exc) from exc
discord.ext.commands.errors.CommandInvokeError: Command raised an exception: TypeError: info() missing 1 required positional argument: 'msg'



18ì‹œ 37ë¶„ / ë´‡ì„œë²„ <ì¼ë°˜ | í•˜ë¦¬í•˜ë£¨ | 758963978331619331> !restart
18ì‹œ 37ë¶„ / [ì •ë³´] c:\Users\82105\Desktop\Project\Discord\DiscordBot_Gwen\cogs\AdminCommand.py ë¡œë“œ ì™„ë£Œ
18ì‹œ 37ë¶„ / [ì •ë³´] 'AdminCommand' ë‹¤ì‹œ ë¶ˆëŸ¬ì˜´
18ì‹œ 37ë¶„ / [ì •ë³´] c:\Users\82105\Desktop\Project\Discord\DiscordBot_Gwen\cogs\event.py ë¡œë“œ ì™„ë£Œ
18ì‹œ 37ë¶„ / [ì •ë³´] 'event' ë‹¤ì‹œ ë¶ˆëŸ¬ì˜´
18ì‹œ 37ë¶„ / [ì •ë³´] c:\Users\82105\Desktop\Project\Discord\DiscordBot_Gwen\cogs\NormalCommandBot.py ë¡œë“œ ì™„ë£Œ
18ì‹œ 37ë¶„ / [ì •ë³´] 'NormalCommandBot' ë‹¤ì‹œ ë¶ˆëŸ¬ì˜´
18ì‹œ 37ë¶„ / [ì •ë³´] c:\Users\82105\Desktop\Project\Discord\DiscordBot_Gwen\cogs\SearchCommand.py ë¡œë“œ ì™„ë£Œ
18ì‹œ 37ë¶„ / [ì •ë³´] 'SearchCommand' ë‹¤ì‹œ ë¶ˆëŸ¬ì˜´
18ì‹œ 37ë¶„ / ë´‡ì„œë²„ <ì¼ë°˜ | í•˜ë¦¬í•˜ë£¨ | 758963978331619331> !PS
18ì‹œ 37ë¶„ / [ì˜¤ë¥˜] Traceback (most recent call last):
  File "C:\Users\82105\AppData\Local\Programs\Python\Python39\lib\site-packages\discord\ext\commands\core.py", line 85, in wrapped
    ret = await coro(*args, **kwargs)
  File "c:\Users\82105\Desktop\Project\Discord\DiscordBot_Gwen\cogs\SearchCommand.py", line 258, in PS
    patch = soup.find("div", attrs={"class":"simplebar-content-wrapper"}).get_text()
AttributeError: 'NoneType' object has no attribute 'get_text'

The above exception was the direct cause of the following exception:

Traceback (most recent call last):
  File "c:\Users\82105\Desktop\Project\Discord\DiscordBot_Gwen\utils\logger.py", line 22, in err
    raise error
  File "C:\Users\82105\AppData\Local\Programs\Python\Python39\lib\site-packages\discord\ext\commands\bot.py", line 939, in invoke
    await ctx.command.invoke(ctx)
  File "C:\Users\82105\AppData\Local\Programs\Python\Python39\lib\site-packages\discord\ext\commands\core.py", line 863, in invoke
    await injected(*ctx.args, **ctx.kwargs)
  File "C:\Users\82105\AppData\Local\Programs\Python\Python39\lib\site-packages\discord\ext\commands\core.py", line 94, in wrapped
    raise CommandInvokeError(exc) from exc
discord.ext.commands.errors.CommandInvokeError: Command raised an exception: AttributeError: 'NoneType' object has no attribute 'get_text'



18ì‹œ 38ë¶„ / ë´‡ì„œë²„ <ì¼ë°˜ | í•˜ë¦¬í•˜ë£¨ | 758963978331619331> !restart
18ì‹œ 38ë¶„ / [ì •ë³´] c:\Users\82105\Desktop\Project\Discord\DiscordBot_Gwen\cogs\AdminCommand.py ë¡œë“œ ì™„ë£Œ
18ì‹œ 38ë¶„ / [ì •ë³´] 'AdminCommand' ë‹¤ì‹œ ë¶ˆëŸ¬ì˜´
18ì‹œ 38ë¶„ / [ì •ë³´] c:\Users\82105\Desktop\Project\Discord\DiscordBot_Gwen\cogs\event.py ë¡œë“œ ì™„ë£Œ
18ì‹œ 38ë¶„ / [ì •ë³´] 'event' ë‹¤ì‹œ ë¶ˆëŸ¬ì˜´
18ì‹œ 38ë¶„ / [ì •ë³´] c:\Users\82105\Desktop\Project\Discord\DiscordBot_Gwen\cogs\NormalCommandBot.py ë¡œë“œ ì™„ë£Œ
18ì‹œ 38ë¶„ / [ì •ë³´] 'NormalCommandBot' ë‹¤ì‹œ ë¶ˆëŸ¬ì˜´
18ì‹œ 38ë¶„ / [ì •ë³´] c:\Users\82105\Desktop\Project\Discord\DiscordBot_Gwen\cogs\SearchCommand.py ë¡œë“œ ì™„ë£Œ
18ì‹œ 38ë¶„ / [ì •ë³´] 'SearchCommand' ë‹¤ì‹œ ë¶ˆëŸ¬ì˜´
18ì‹œ 38ë¶„ / ë´‡ì„œë²„ <ì¼ë°˜ | í•˜ë¦¬í•˜ë£¨ | 758963978331619331> !PS
18ì‹œ 38ë¶„ / [ì˜¤ë¥˜] Traceback (most recent call last):
  File "C:\Users\82105\AppData\Local\Programs\Python\Python39\lib\site-packages\discord\ext\commands\core.py", line 85, in wrapped
    ret = await coro(*args, **kwargs)
  File "c:\Users\82105\Desktop\Project\Discord\DiscordBot_Gwen\cogs\SearchCommand.py", line 258, in PS
    patch = soup.find("div", attrs={"class":"swiper-slide champ-slide"}).get_text()
AttributeError: 'NoneType' object has no attribute 'get_text'

The above exception was the direct cause of the following exception:

Traceback (most recent call last):
  File "c:\Users\82105\Desktop\Project\Discord\DiscordBot_Gwen\utils\logger.py", line 22, in err
    raise error
  File "C:\Users\82105\AppData\Local\Programs\Python\Python39\lib\site-packages\discord\ext\commands\bot.py", line 939, in invoke
    await ctx.command.invoke(ctx)
  File "C:\Users\82105\AppData\Local\Programs\Python\Python39\lib\site-packages\discord\ext\commands\core.py", line 863, in invoke
    await injected(*ctx.args, **ctx.kwargs)
  File "C:\Users\82105\AppData\Local\Programs\Python\Python39\lib\site-packages\discord\ext\commands\core.py", line 94, in wrapped
    raise CommandInvokeError(exc) from exc
discord.ext.commands.errors.CommandInvokeError: Command raised an exception: AttributeError: 'NoneType' object has no attribute 'get_text'



18ì‹œ 39ë¶„ / ë´‡ì„œë²„ <ì¼ë°˜ | í•˜ë¦¬í•˜ë£¨ | 758963978331619331> !restart
18ì‹œ 39ë¶„ / [ì •ë³´] c:\Users\82105\Desktop\Project\Discord\DiscordBot_Gwen\cogs\AdminCommand.py ë¡œë“œ ì™„ë£Œ
18ì‹œ 39ë¶„ / [ì •ë³´] 'AdminCommand' ë‹¤ì‹œ ë¶ˆëŸ¬ì˜´
18ì‹œ 39ë¶„ / [ì •ë³´] c:\Users\82105\Desktop\Project\Discord\DiscordBot_Gwen\cogs\event.py ë¡œë“œ ì™„ë£Œ
18ì‹œ 39ë¶„ / [ì •ë³´] 'event' ë‹¤ì‹œ ë¶ˆëŸ¬ì˜´
18ì‹œ 39ë¶„ / [ì •ë³´] c:\Users\82105\Desktop\Project\Discord\DiscordBot_Gwen\cogs\NormalCommandBot.py ë¡œë“œ ì™„ë£Œ
18ì‹œ 39ë¶„ / [ì •ë³´] 'NormalCommandBot' ë‹¤ì‹œ ë¶ˆëŸ¬ì˜´
18ì‹œ 39ë¶„ / [ì •ë³´] c:\Users\82105\Desktop\Project\Discord\DiscordBot_Gwen\cogs\SearchCommand.py ë¡œë“œ ì™„ë£Œ
18ì‹œ 39ë¶„ / [ì •ë³´] 'SearchCommand' ë‹¤ì‹œ ë¶ˆëŸ¬ì˜´
18ì‹œ 39ë¶„ / ë´‡ì„œë²„ <ì¼ë°˜ | í•˜ë¦¬í•˜ë£¨ | 758963978331619331> !PS
18ì‹œ 40ë¶„ / ë´‡ì„œë²„ <ì¼ë°˜ | í•˜ë¦¬í•˜ë£¨ | 758963978331619331> !restart
18ì‹œ 40ë¶„ / [ì •ë³´] c:\Users\82105\Desktop\Project\Discord\DiscordBot_Gwen\cogs\AdminCommand.py ë¡œë“œ ì™„ë£Œ
18ì‹œ 40ë¶„ / [ì •ë³´] 'AdminCommand' ë‹¤ì‹œ ë¶ˆëŸ¬ì˜´
18ì‹œ 40ë¶„ / [ì •ë³´] c:\Users\82105\Desktop\Project\Discord\DiscordBot_Gwen\cogs\event.py ë¡œë“œ ì™„ë£Œ
18ì‹œ 40ë¶„ / [ì •ë³´] 'event' ë‹¤ì‹œ ë¶ˆëŸ¬ì˜´
18ì‹œ 40ë¶„ / [ì •ë³´] c:\Users\82105\Desktop\Project\Discord\DiscordBot_Gwen\cogs\NormalCommandBot.py ë¡œë“œ ì™„ë£Œ
18ì‹œ 40ë¶„ / [ì •ë³´] 'NormalCommandBot' ë‹¤ì‹œ ë¶ˆëŸ¬ì˜´
18ì‹œ 40ë¶„ / [ì •ë³´] c:\Users\82105\Desktop\Project\Discord\DiscordBot_Gwen\cogs\SearchCommand.py ë¡œë“œ ì™„ë£Œ
18ì‹œ 40ë¶„ / [ì •ë³´] 'SearchCommand' ë‹¤ì‹œ ë¶ˆëŸ¬ì˜´
18ì‹œ 40ë¶„ / ë´‡ì„œë²„ <ì¼ë°˜ | í•˜ë¦¬í•˜ë£¨ | 758963978331619331> !PS
18ì‹œ 40ë¶„ / [ì˜¤ë¥˜] Traceback (most recent call last):
  File "C:\Users\82105\AppData\Local\Programs\Python\Python39\lib\site-packages\discord\ext\commands\core.py", line 85, in wrapped
    ret = await coro(*args, **kwargs)
  File "c:\Users\82105\Desktop\Project\Discord\DiscordBot_Gwen\cogs\SearchCommand.py", line 259, in PS
    await ctx.send(patch)
  File "C:\Users\82105\AppData\Local\Programs\Python\Python39\lib\site-packages\discord\abc.py", line 1065, in send
    data = await state.http.send_message(channel.id, content, tts=tts, embed=embed,
  File "C:\Users\82105\AppData\Local\Programs\Python\Python39\lib\site-packages\discord\http.py", line 254, in request
    raise HTTPException(r, data)
discord.errors.HTTPException: 400 Bad Request (error code: 50006): Cannot send an empty message

The above exception was the direct cause of the following exception:

Traceback (most recent call last):
  File "c:\Users\82105\Desktop\Project\Discord\DiscordBot_Gwen\utils\logger.py", line 22, in err
    raise error
  File "C:\Users\82105\AppData\Local\Programs\Python\Python39\lib\site-packages\discord\ext\commands\bot.py", line 939, in invoke
    await ctx.command.invoke(ctx)
  File "C:\Users\82105\AppData\Local\Programs\Python\Python39\lib\site-packages\discord\ext\commands\core.py", line 863, in invoke
    await injected(*ctx.args, **ctx.kwargs)
  File "C:\Users\82105\AppData\Local\Programs\Python\Python39\lib\site-packages\discord\ext\commands\core.py", line 94, in wrapped
    raise CommandInvokeError(exc) from exc
discord.ext.commands.errors.CommandInvokeError: Command raised an exception: HTTPException: 400 Bad Request (error code: 50006): Cannot send an empty message



18ì‹œ 42ë¶„ / ë´‡ì„œë²„ <ì¼ë°˜ | í•˜ë¦¬í•˜ë£¨ | 758963978331619331> !restart
18ì‹œ 42ë¶„ / [ì •ë³´] c:\Users\82105\Desktop\Project\Discord\DiscordBot_Gwen\cogs\AdminCommand.py ë¡œë“œ ì™„ë£Œ
18ì‹œ 42ë¶„ / [ì •ë³´] 'AdminCommand' ë‹¤ì‹œ ë¶ˆëŸ¬ì˜´
18ì‹œ 42ë¶„ / [ì •ë³´] c:\Users\82105\Desktop\Project\Discord\DiscordBot_Gwen\cogs\event.py ë¡œë“œ ì™„ë£Œ
18ì‹œ 42ë¶„ / [ì •ë³´] 'event' ë‹¤ì‹œ ë¶ˆëŸ¬ì˜´
18ì‹œ 42ë¶„ / [ì •ë³´] c:\Users\82105\Desktop\Project\Discord\DiscordBot_Gwen\cogs\NormalCommandBot.py ë¡œë“œ ì™„ë£Œ
18ì‹œ 42ë¶„ / [ì •ë³´] 'NormalCommandBot' ë‹¤ì‹œ ë¶ˆëŸ¬ì˜´
18ì‹œ 42ë¶„ / [ì •ë³´] c:\Users\82105\Desktop\Project\Discord\DiscordBot_Gwen\cogs\SearchCommand.py ë¡œë“œ ì™„ë£Œ
18ì‹œ 42ë¶„ / [ì •ë³´] 'SearchCommand' ë‹¤ì‹œ ë¶ˆëŸ¬ì˜´
18ì‹œ 42ë¶„ / ë´‡ì„œë²„ <ì¼ë°˜ | í•˜ë¦¬í•˜ë£¨ | 758963978331619331> !PS
18ì‹œ 42ë¶„ / [ì˜¤ë¥˜] Traceback (most recent call last):
  File "C:\Users\82105\AppData\Local\Programs\Python\Python39\lib\site-packages\discord\ext\commands\core.py", line 85, in wrapped
    ret = await coro(*args, **kwargs)
  File "c:\Users\82105\Desktop\Project\Discord\DiscordBot_Gwen\cogs\SearchCommand.py", line 258, in PS
    patch = soup.find("div", attrs={"class":"simplebar-placeholder"}).get_text()
AttributeError: 'NoneType' object has no attribute 'get_text'

The above exception was the direct cause of the following exception:

Traceback (most recent call last):
  File "c:\Users\82105\Desktop\Project\Discord\DiscordBot_Gwen\utils\logger.py", line 22, in err
    raise error
  File "C:\Users\82105\AppData\Local\Programs\Python\Python39\lib\site-packages\discord\ext\commands\bot.py", line 939, in invoke
    await ctx.command.invoke(ctx)
  File "C:\Users\82105\AppData\Local\Programs\Python\Python39\lib\site-packages\discord\ext\commands\core.py", line 863, in invoke
    await injected(*ctx.args, **ctx.kwargs)
  File "C:\Users\82105\AppData\Local\Programs\Python\Python39\lib\site-packages\discord\ext\commands\core.py", line 94, in wrapped
    raise CommandInvokeError(exc) from exc
discord.ext.commands.errors.CommandInvokeError: Command raised an exception: AttributeError: 'NoneType' object has no attribute 'get_text'



18ì‹œ 43ë¶„ / ë´‡ì„œë²„ <ì¼ë°˜ | í•˜ë¦¬í•˜ë£¨ | 758963978331619331> !restart
18ì‹œ 43ë¶„ / [ì •ë³´] c:\Users\82105\Desktop\Project\Discord\DiscordBot_Gwen\cogs\AdminCommand.py ë¡œë“œ ì™„ë£Œ
18ì‹œ 43ë¶„ / [ì •ë³´] 'AdminCommand' ë‹¤ì‹œ ë¶ˆëŸ¬ì˜´
18ì‹œ 43ë¶„ / [ì •ë³´] c:\Users\82105\Desktop\Project\Discord\DiscordBot_Gwen\cogs\event.py ë¡œë“œ ì™„ë£Œ
18ì‹œ 43ë¶„ / [ì •ë³´] 'event' ë‹¤ì‹œ ë¶ˆëŸ¬ì˜´
18ì‹œ 43ë¶„ / [ì •ë³´] c:\Users\82105\Desktop\Project\Discord\DiscordBot_Gwen\cogs\NormalCommandBot.py ë¡œë“œ ì™„ë£Œ
18ì‹œ 43ë¶„ / [ì •ë³´] 'NormalCommandBot' ë‹¤ì‹œ ë¶ˆëŸ¬ì˜´
18ì‹œ 43ë¶„ / [ì •ë³´] c:\Users\82105\Desktop\Project\Discord\DiscordBot_Gwen\cogs\SearchCommand.py ë¡œë“œ ì™„ë£Œ
18ì‹œ 43ë¶„ / [ì •ë³´] 'SearchCommand' ë‹¤ì‹œ ë¶ˆëŸ¬ì˜´
18ì‹œ 44ë¶„ / ë´‡ì„œë²„ <ì¼ë°˜ | í•˜ë¦¬í•˜ë£¨ | 758963978331619331> !PS
18ì‹œ 44ë¶„ / [ì˜¤ë¥˜] Traceback (most recent call last):
  File "C:\Users\82105\AppData\Local\Programs\Python\Python39\lib\site-packages\discord\ext\commands\core.py", line 85, in wrapped
    ret = await coro(*args, **kwargs)
  File "c:\Users\82105\Desktop\Project\Discord\DiscordBot_Gwen\cogs\SearchCommand.py", line 258, in PS
    patch = soup.find("div", attrs={"class":"champinfo-difference"}).get_text()
AttributeError: 'NoneType' object has no attribute 'get_text'

The above exception was the direct cause of the following exception:

Traceback (most recent call last):
  File "c:\Users\82105\Desktop\Project\Discord\DiscordBot_Gwen\utils\logger.py", line 22, in err
    raise error
  File "C:\Users\82105\AppData\Local\Programs\Python\Python39\lib\site-packages\discord\ext\commands\bot.py", line 939, in invoke
    await ctx.command.invoke(ctx)
  File "C:\Users\82105\AppData\Local\Programs\Python\Python39\lib\site-packages\discord\ext\commands\core.py", line 863, in invoke
    await injected(*ctx.args, **ctx.kwargs)
  File "C:\Users\82105\AppData\Local\Programs\Python\Python39\lib\site-packages\discord\ext\commands\core.py", line 94, in wrapped
    raise CommandInvokeError(exc) from exc
discord.ext.commands.errors.CommandInvokeError: Command raised an exception: AttributeError: 'NoneType' object has no attribute 'get_text'



18ì‹œ 44ë¶„ / ë´‡ì„œë²„ <ì¼ë°˜ | í•˜ë¦¬í•˜ë£¨ | 758963978331619331> !restart
18ì‹œ 44ë¶„ / [ì •ë³´] c:\Users\82105\Desktop\Project\Discord\DiscordBot_Gwen\cogs\AdminCommand.py ë¡œë“œ ì™„ë£Œ
18ì‹œ 44ë¶„ / [ì •ë³´] 'AdminCommand' ë‹¤ì‹œ ë¶ˆëŸ¬ì˜´
18ì‹œ 44ë¶„ / [ì •ë³´] c:\Users\82105\Desktop\Project\Discord\DiscordBot_Gwen\cogs\event.py ë¡œë“œ ì™„ë£Œ
18ì‹œ 44ë¶„ / [ì •ë³´] 'event' ë‹¤ì‹œ ë¶ˆëŸ¬ì˜´
18ì‹œ 44ë¶„ / [ì •ë³´] c:\Users\82105\Desktop\Project\Discord\DiscordBot_Gwen\cogs\NormalCommandBot.py ë¡œë“œ ì™„ë£Œ
18ì‹œ 44ë¶„ / [ì •ë³´] 'NormalCommandBot' ë‹¤ì‹œ ë¶ˆëŸ¬ì˜´
18ì‹œ 44ë¶„ / [ì •ë³´] c:\Users\82105\Desktop\Project\Discord\DiscordBot_Gwen\cogs\SearchCommand.py ë¡œë“œ ì™„ë£Œ
18ì‹œ 44ë¶„ / [ì •ë³´] 'SearchCommand' ë‹¤ì‹œ ë¶ˆëŸ¬ì˜´
18ì‹œ 44ë¶„ / ë´‡ì„œë²„ <ì¼ë°˜ | í•˜ë¦¬í•˜ë£¨ | 758963978331619331> !PS
18ì‹œ 44ë¶„ / [ì˜¤ë¥˜] Traceback (most recent call last):
  File "C:\Users\82105\AppData\Local\Programs\Python\Python39\lib\site-packages\discord\ext\commands\core.py", line 85, in wrapped
    ret = await coro(*args, **kwargs)
  File "c:\Users\82105\Desktop\Project\Discord\DiscordBot_Gwen\cogs\SearchCommand.py", line 258, in PS
    patch = soup.find("h4", attrs={"class":"champinfo-label"}).get_text()
AttributeError: 'NoneType' object has no attribute 'get_text'

The above exception was the direct cause of the following exception:

Traceback (most recent call last):
  File "c:\Users\82105\Desktop\Project\Discord\DiscordBot_Gwen\utils\logger.py", line 22, in err
    raise error
  File "C:\Users\82105\AppData\Local\Programs\Python\Python39\lib\site-packages\discord\ext\commands\bot.py", line 939, in invoke
    await ctx.command.invoke(ctx)
  File "C:\Users\82105\AppData\Local\Programs\Python\Python39\lib\site-packages\discord\ext\commands\core.py", line 863, in invoke
    await injected(*ctx.args, **ctx.kwargs)
  File "C:\Users\82105\AppData\Local\Programs\Python\Python39\lib\site-packages\discord\ext\commands\core.py", line 94, in wrapped
    raise CommandInvokeError(exc) from exc
discord.ext.commands.errors.CommandInvokeError: Command raised an exception: AttributeError: 'NoneType' object has no attribute 'get_text'



18ì‹œ 47ë¶„ / ë´‡ì„œë²„ <ì¼ë°˜ | í•˜ë¦¬í•˜ë£¨ | 758963978331619331> !restart
18ì‹œ 47ë¶„ / [ì •ë³´] c:\Users\82105\Desktop\Project\Discord\DiscordBot_Gwen\cogs\AdminCommand.py ë¡œë“œ ì™„ë£Œ
18ì‹œ 47ë¶„ / [ì •ë³´] 'AdminCommand' ë‹¤ì‹œ ë¶ˆëŸ¬ì˜´
18ì‹œ 47ë¶„ / [ì •ë³´] c:\Users\82105\Desktop\Project\Discord\DiscordBot_Gwen\cogs\event.py ë¡œë“œ ì™„ë£Œ
18ì‹œ 47ë¶„ / [ì •ë³´] 'event' ë‹¤ì‹œ ë¶ˆëŸ¬ì˜´
18ì‹œ 47ë¶„ / [ì •ë³´] c:\Users\82105\Desktop\Project\Discord\DiscordBot_Gwen\cogs\NormalCommandBot.py ë¡œë“œ ì™„ë£Œ
18ì‹œ 47ë¶„ / [ì •ë³´] 'NormalCommandBot' ë‹¤ì‹œ ë¶ˆëŸ¬ì˜´
18ì‹œ 47ë¶„ / [ì •ë³´] c:\Users\82105\Desktop\Project\Discord\DiscordBot_Gwen\cogs\SearchCommand.py ë¡œë“œ ì™„ë£Œ
18ì‹œ 47ë¶„ / [ì •ë³´] 'SearchCommand' ë‹¤ì‹œ ë¶ˆëŸ¬ì˜´
18ì‹œ 48ë¶„ / ë´‡ì„œë²„ <ì¼ë°˜ | í•˜ë¦¬í•˜ë£¨ | 758963978331619331> !PS
18ì‹œ 48ë¶„ / [ì˜¤ë¥˜] Traceback (most recent call last):
  File "C:\Users\82105\AppData\Local\Programs\Python\Python39\lib\site-packages\discord\ext\commands\core.py", line 85, in wrapped
    ret = await coro(*args, **kwargs)
  File "c:\Users\82105\Desktop\Project\Discord\DiscordBot_Gwen\cogs\SearchCommand.py", line 258, in PS
    patch = soup.find("h4", attrs={"class":"champ-link text-right"}).get_text()
AttributeError: 'NoneType' object has no attribute 'get_text'

The above exception was the direct cause of the following exception:

Traceback (most recent call last):
  File "c:\Users\82105\Desktop\Project\Discord\DiscordBot_Gwen\utils\logger.py", line 22, in err
    raise error
  File "C:\Users\82105\AppData\Local\Programs\Python\Python39\lib\site-packages\discord\ext\commands\bot.py", line 939, in invoke
    await ctx.command.invoke(ctx)
  File "C:\Users\82105\AppData\Local\Programs\Python\Python39\lib\site-packages\discord\ext\commands\core.py", line 863, in invoke
    await injected(*ctx.args, **ctx.kwargs)
  File "C:\Users\82105\AppData\Local\Programs\Python\Python39\lib\site-packages\discord\ext\commands\core.py", line 94, in wrapped
    raise CommandInvokeError(exc) from exc
discord.ext.commands.errors.CommandInvokeError: Command raised an exception: AttributeError: 'NoneType' object has no attribute 'get_text'



18ì‹œ 48ë¶„ / ë´‡ì„œë²„ <ì¼ë°˜ | í•˜ë¦¬í•˜ë£¨ | 758963978331619331> !restart
18ì‹œ 48ë¶„ / [ì •ë³´] c:\Users\82105\Desktop\Project\Discord\DiscordBot_Gwen\cogs\AdminCommand.py ë¡œë“œ ì™„ë£Œ
18ì‹œ 48ë¶„ / [ì •ë³´] 'AdminCommand' ë‹¤ì‹œ ë¶ˆëŸ¬ì˜´
18ì‹œ 48ë¶„ / [ì •ë³´] c:\Users\82105\Desktop\Project\Discord\DiscordBot_Gwen\cogs\event.py ë¡œë“œ ì™„ë£Œ
18ì‹œ 48ë¶„ / [ì •ë³´] 'event' ë‹¤ì‹œ ë¶ˆëŸ¬ì˜´
18ì‹œ 48ë¶„ / [ì •ë³´] c:\Users\82105\Desktop\Project\Discord\DiscordBot_Gwen\cogs\NormalCommandBot.py ë¡œë“œ ì™„ë£Œ
18ì‹œ 48ë¶„ / [ì •ë³´] 'NormalCommandBot' ë‹¤ì‹œ ë¶ˆëŸ¬ì˜´
18ì‹œ 48ë¶„ / [ì •ë³´] c:\Users\82105\Desktop\Project\Discord\DiscordBot_Gwen\cogs\SearchCommand.py ë¡œë“œ ì™„ë£Œ
18ì‹œ 48ë¶„ / [ì •ë³´] 'SearchCommand' ë‹¤ì‹œ ë¶ˆëŸ¬ì˜´
18ì‹œ 48ë¶„ / ë´‡ì„œë²„ <ì¼ë°˜ | í•˜ë¦¬í•˜ë£¨ | 758963978331619331> !PS
18ì‹œ 48ë¶„ / [ì˜¤ë¥˜] Traceback (most recent call last):
  File "C:\Users\82105\AppData\Local\Programs\Python\Python39\lib\site-packages\discord\ext\commands\core.py", line 85, in wrapped
    ret = await coro(*args, **kwargs)
  File "c:\Users\82105\Desktop\Project\Discord\DiscordBot_Gwen\cogs\SearchCommand.py", line 259, in PS
    await ctx.send(patch)
  File "C:\Users\82105\AppData\Local\Programs\Python\Python39\lib\site-packages\discord\abc.py", line 1065, in send
    data = await state.http.send_message(channel.id, content, tts=tts, embed=embed,
  File "C:\Users\82105\AppData\Local\Programs\Python\Python39\lib\site-packages\discord\http.py", line 254, in request
    raise HTTPException(r, data)
discord.errors.HTTPException: 400 Bad Request (error code: 50006): Cannot send an empty message

The above exception was the direct cause of the following exception:

Traceback (most recent call last):
  File "c:\Users\82105\Desktop\Project\Discord\DiscordBot_Gwen\utils\logger.py", line 22, in err
    raise error
  File "C:\Users\82105\AppData\Local\Programs\Python\Python39\lib\site-packages\discord\ext\commands\bot.py", line 939, in invoke
    await ctx.command.invoke(ctx)
  File "C:\Users\82105\AppData\Local\Programs\Python\Python39\lib\site-packages\discord\ext\commands\core.py", line 863, in invoke
    await injected(*ctx.args, **ctx.kwargs)
  File "C:\Users\82105\AppData\Local\Programs\Python\Python39\lib\site-packages\discord\ext\commands\core.py", line 94, in wrapped
    raise CommandInvokeError(exc) from exc
discord.ext.commands.errors.CommandInvokeError: Command raised an exception: HTTPException: 400 Bad Request (error code: 50006): Cannot send an empty message



18ì‹œ 49ë¶„ / ë´‡ì„œë²„ <ì¼ë°˜ | í•˜ë¦¬í•˜ë£¨ | 758963978331619331> !restart
18ì‹œ 49ë¶„ / [ì •ë³´] c:\Users\82105\Desktop\Project\Discord\DiscordBot_Gwen\cogs\AdminCommand.py ë¡œë“œ ì™„ë£Œ
18ì‹œ 49ë¶„ / [ì •ë³´] 'AdminCommand' ë‹¤ì‹œ ë¶ˆëŸ¬ì˜´
18ì‹œ 49ë¶„ / [ì •ë³´] c:\Users\82105\Desktop\Project\Discord\DiscordBot_Gwen\cogs\event.py ë¡œë“œ ì™„ë£Œ
18ì‹œ 49ë¶„ / [ì •ë³´] 'event' ë‹¤ì‹œ ë¶ˆëŸ¬ì˜´
18ì‹œ 49ë¶„ / [ì •ë³´] c:\Users\82105\Desktop\Project\Discord\DiscordBot_Gwen\cogs\NormalCommandBot.py ë¡œë“œ ì™„ë£Œ
18ì‹œ 49ë¶„ / [ì •ë³´] 'NormalCommandBot' ë‹¤ì‹œ ë¶ˆëŸ¬ì˜´
18ì‹œ 49ë¶„ / [ì •ë³´] c:\Users\82105\Desktop\Project\Discord\DiscordBot_Gwen\cogs\SearchCommand.py ë¡œë“œ ì™„ë£Œ
18ì‹œ 49ë¶„ / [ì •ë³´] 'SearchCommand' ë‹¤ì‹œ ë¶ˆëŸ¬ì˜´
18ì‹œ 49ë¶„ / ë´‡ì„œë²„ <ì¼ë°˜ | í•˜ë¦¬í•˜ë£¨ | 758963978331619331> !PS
18ì‹œ 49ë¶„ / ë´‡ì„œë²„ <ì¼ë°˜ | í•˜ë¦¬í•˜ë£¨ | 758963978331619331> !restart
18ì‹œ 49ë¶„ / [ì •ë³´] c:\Users\82105\Desktop\Project\Discord\DiscordBot_Gwen\cogs\AdminCommand.py ë¡œë“œ ì™„ë£Œ
18ì‹œ 49ë¶„ / [ì •ë³´] 'AdminCommand' ë‹¤ì‹œ ë¶ˆëŸ¬ì˜´
18ì‹œ 49ë¶„ / [ì •ë³´] c:\Users\82105\Desktop\Project\Discord\DiscordBot_Gwen\cogs\event.py ë¡œë“œ ì™„ë£Œ
18ì‹œ 49ë¶„ / [ì •ë³´] 'event' ë‹¤ì‹œ ë¶ˆëŸ¬ì˜´
18ì‹œ 49ë¶„ / [ì •ë³´] c:\Users\82105\Desktop\Project\Discord\DiscordBot_Gwen\cogs\NormalCommandBot.py ë¡œë“œ ì™„ë£Œ
18ì‹œ 49ë¶„ / [ì •ë³´] 'NormalCommandBot' ë‹¤ì‹œ ë¶ˆëŸ¬ì˜´
18ì‹œ 49ë¶„ / [ì •ë³´] c:\Users\82105\Desktop\Project\Discord\DiscordBot_Gwen\cogs\SearchCommand.py ë¡œë“œ ì™„ë£Œ
18ì‹œ 49ë¶„ / [ì •ë³´] 'SearchCommand' ë‹¤ì‹œ ë¶ˆëŸ¬ì˜´
18ì‹œ 49ë¶„ / ë´‡ì„œë²„ <ì¼ë°˜ | í•˜ë¦¬í•˜ë£¨ | 758963978331619331> !PS
18ì‹œ 49ë¶„ / [ì˜¤ë¥˜] Traceback (most recent call last):
  File "C:\Users\82105\AppData\Local\Programs\Python\Python39\lib\site-packages\discord\ext\commands\core.py", line 85, in wrapped
    ret = await coro(*args, **kwargs)
  File "c:\Users\82105\Desktop\Project\Discord\DiscordBot_Gwen\cogs\SearchCommand.py", line 259, in PS
    await ctx.send(patch)
  File "C:\Users\82105\AppData\Local\Programs\Python\Python39\lib\site-packages\discord\abc.py", line 1065, in send
    data = await state.http.send_message(channel.id, content, tts=tts, embed=embed,
  File "C:\Users\82105\AppData\Local\Programs\Python\Python39\lib\site-packages\discord\http.py", line 254, in request
    raise HTTPException(r, data)
discord.errors.HTTPException: 400 Bad Request (error code: 50006): Cannot send an empty message

The above exception was the direct cause of the following exception:

Traceback (most recent call last):
  File "c:\Users\82105\Desktop\Project\Discord\DiscordBot_Gwen\utils\logger.py", line 22, in err
    raise error
  File "C:\Users\82105\AppData\Local\Programs\Python\Python39\lib\site-packages\discord\ext\commands\bot.py", line 939, in invoke
    await ctx.command.invoke(ctx)
  File "C:\Users\82105\AppData\Local\Programs\Python\Python39\lib\site-packages\discord\ext\commands\core.py", line 863, in invoke
    await injected(*ctx.args, **ctx.kwargs)
  File "C:\Users\82105\AppData\Local\Programs\Python\Python39\lib\site-packages\discord\ext\commands\core.py", line 94, in wrapped
    raise CommandInvokeError(exc) from exc
discord.ext.commands.errors.CommandInvokeError: Command raised an exception: HTTPException: 400 Bad Request (error code: 50006): Cannot send an empty message



18ì‹œ 50ë¶„ / ë´‡ì„œë²„ <ì¼ë°˜ | í•˜ë¦¬í•˜ë£¨ | 758963978331619331> !restart
18ì‹œ 50ë¶„ / [ì •ë³´] c:\Users\82105\Desktop\Project\Discord\DiscordBot_Gwen\cogs\AdminCommand.py ë¡œë“œ ì™„ë£Œ
18ì‹œ 50ë¶„ / [ì •ë³´] 'AdminCommand' ë‹¤ì‹œ ë¶ˆëŸ¬ì˜´
18ì‹œ 50ë¶„ / [ì •ë³´] c:\Users\82105\Desktop\Project\Discord\DiscordBot_Gwen\cogs\event.py ë¡œë“œ ì™„ë£Œ
18ì‹œ 50ë¶„ / [ì •ë³´] 'event' ë‹¤ì‹œ ë¶ˆëŸ¬ì˜´
18ì‹œ 50ë¶„ / [ì •ë³´] c:\Users\82105\Desktop\Project\Discord\DiscordBot_Gwen\cogs\NormalCommandBot.py ë¡œë“œ ì™„ë£Œ
18ì‹œ 50ë¶„ / [ì •ë³´] 'NormalCommandBot' ë‹¤ì‹œ ë¶ˆëŸ¬ì˜´
18ì‹œ 50ë¶„ / [ì •ë³´] c:\Users\82105\Desktop\Project\Discord\DiscordBot_Gwen\cogs\SearchCommand.py ë¡œë“œ ì™„ë£Œ
18ì‹œ 50ë¶„ / [ì •ë³´] 'SearchCommand' ë‹¤ì‹œ ë¶ˆëŸ¬ì˜´
18ì‹œ 50ë¶„ / ë´‡ì„œë²„ <ì¼ë°˜ | í•˜ë¦¬í•˜ë£¨ | 758963978331619331> !PS
18ì‹œ 50ë¶„ / [ì˜¤ë¥˜] Traceback (most recent call last):
  File "C:\Users\82105\AppData\Local\Programs\Python\Python39\lib\site-packages\discord\ext\commands\core.py", line 85, in wrapped
    ret = await coro(*args, **kwargs)
  File "c:\Users\82105\Desktop\Project\Discord\DiscordBot_Gwen\cogs\SearchCommand.py", line 259, in PS
    await ctx.send(patch)
  File "C:\Users\82105\AppData\Local\Programs\Python\Python39\lib\site-packages\discord\abc.py", line 1065, in send
    data = await state.http.send_message(channel.id, content, tts=tts, embed=embed,
  File "C:\Users\82105\AppData\Local\Programs\Python\Python39\lib\site-packages\discord\http.py", line 254, in request
    raise HTTPException(r, data)
discord.errors.HTTPException: 400 Bad Request (error code: 50006): Cannot send an empty message

The above exception was the direct cause of the following exception:

Traceback (most recent call last):
  File "c:\Users\82105\Desktop\Project\Discord\DiscordBot_Gwen\utils\logger.py", line 22, in err
    raise error
  File "C:\Users\82105\AppData\Local\Programs\Python\Python39\lib\site-packages\discord\ext\commands\bot.py", line 939, in invoke
    await ctx.command.invoke(ctx)
  File "C:\Users\82105\AppData\Local\Programs\Python\Python39\lib\site-packages\discord\ext\commands\core.py", line 863, in invoke
    await injected(*ctx.args, **ctx.kwargs)
  File "C:\Users\82105\AppData\Local\Programs\Python\Python39\lib\site-packages\discord\ext\commands\core.py", line 94, in wrapped
    raise CommandInvokeError(exc) from exc
discord.ext.commands.errors.CommandInvokeError: Command raised an exception: HTTPException: 400 Bad Request (error code: 50006): Cannot send an empty message



18ì‹œ 51ë¶„ / ë´‡ì„œë²„ <ì¼ë°˜ | í•˜ë¦¬í•˜ë£¨ | 758963978331619331> !restart
18ì‹œ 51ë¶„ / [ì •ë³´] c:\Users\82105\Desktop\Project\Discord\DiscordBot_Gwen\cogs\AdminCommand.py ë¡œë“œ ì™„ë£Œ
18ì‹œ 51ë¶„ / [ì •ë³´] 'AdminCommand' ë‹¤ì‹œ ë¶ˆëŸ¬ì˜´
18ì‹œ 51ë¶„ / [ì •ë³´] c:\Users\82105\Desktop\Project\Discord\DiscordBot_Gwen\cogs\event.py ë¡œë“œ ì™„ë£Œ
18ì‹œ 51ë¶„ / [ì •ë³´] 'event' ë‹¤ì‹œ ë¶ˆëŸ¬ì˜´
18ì‹œ 51ë¶„ / [ì •ë³´] c:\Users\82105\Desktop\Project\Discord\DiscordBot_Gwen\cogs\NormalCommandBot.py ë¡œë“œ ì™„ë£Œ
18ì‹œ 51ë¶„ / [ì •ë³´] 'NormalCommandBot' ë‹¤ì‹œ ë¶ˆëŸ¬ì˜´
18ì‹œ 51ë¶„ / [ì •ë³´] c:\Users\82105\Desktop\Project\Discord\DiscordBot_Gwen\cogs\SearchCommand.py ë¡œë“œ ì™„ë£Œ
18ì‹œ 51ë¶„ / [ì •ë³´] 'SearchCommand' ë‹¤ì‹œ ë¶ˆëŸ¬ì˜´
18ì‹œ 51ë¶„ / ë´‡ì„œë²„ <ì¼ë°˜ | í•˜ë¦¬í•˜ë£¨ | 758963978331619331> !PS
18ì‹œ 51ë¶„ / [ì˜¤ë¥˜] Traceback (most recent call last):
  File "C:\Users\82105\AppData\Local\Programs\Python\Python39\lib\site-packages\discord\ext\commands\core.py", line 85, in wrapped
    ret = await coro(*args, **kwargs)
  File "c:\Users\82105\Desktop\Project\Discord\DiscordBot_Gwen\cogs\SearchCommand.py", line 259, in PS
    await ctx.send(patch)
  File "C:\Users\82105\AppData\Local\Programs\Python\Python39\lib\site-packages\discord\abc.py", line 1065, in send
    data = await state.http.send_message(channel.id, content, tts=tts, embed=embed,
  File "C:\Users\82105\AppData\Local\Programs\Python\Python39\lib\site-packages\discord\http.py", line 254, in request
    raise HTTPException(r, data)
discord.errors.HTTPException: 400 Bad Request (error code: 50006): Cannot send an empty message

The above exception was the direct cause of the following exception:

Traceback (most recent call last):
  File "c:\Users\82105\Desktop\Project\Discord\DiscordBot_Gwen\utils\logger.py", line 22, in err
    raise error
  File "C:\Users\82105\AppData\Local\Programs\Python\Python39\lib\site-packages\discord\ext\commands\bot.py", line 939, in invoke
    await ctx.command.invoke(ctx)
  File "C:\Users\82105\AppData\Local\Programs\Python\Python39\lib\site-packages\discord\ext\commands\core.py", line 863, in invoke
    await injected(*ctx.args, **ctx.kwargs)
  File "C:\Users\82105\AppData\Local\Programs\Python\Python39\lib\site-packages\discord\ext\commands\core.py", line 94, in wrapped
    raise CommandInvokeError(exc) from exc
discord.ext.commands.errors.CommandInvokeError: Command raised an exception: HTTPException: 400 Bad Request (error code: 50006): Cannot send an empty message



18ì‹œ 52ë¶„ / ë´‡ì„œë²„ <ì¼ë°˜ | í•˜ë¦¬í•˜ë£¨ | 758963978331619331> !restart
18ì‹œ 52ë¶„ / [ì •ë³´] c:\Users\82105\Desktop\Project\Discord\DiscordBot_Gwen\cogs\AdminCommand.py ë¡œë“œ ì™„ë£Œ
18ì‹œ 52ë¶„ / [ì •ë³´] 'AdminCommand' ë‹¤ì‹œ ë¶ˆëŸ¬ì˜´
18ì‹œ 52ë¶„ / [ì •ë³´] c:\Users\82105\Desktop\Project\Discord\DiscordBot_Gwen\cogs\event.py ë¡œë“œ ì™„ë£Œ
18ì‹œ 52ë¶„ / [ì •ë³´] 'event' ë‹¤ì‹œ ë¶ˆëŸ¬ì˜´
18ì‹œ 52ë¶„ / [ì •ë³´] c:\Users\82105\Desktop\Project\Discord\DiscordBot_Gwen\cogs\NormalCommandBot.py ë¡œë“œ ì™„ë£Œ
18ì‹œ 52ë¶„ / [ì •ë³´] 'NormalCommandBot' ë‹¤ì‹œ ë¶ˆëŸ¬ì˜´
18ì‹œ 52ë¶„ / [ì •ë³´] c:\Users\82105\Desktop\Project\Discord\DiscordBot_Gwen\cogs\SearchCommand.py ë¡œë“œ ì™„ë£Œ
18ì‹œ 52ë¶„ / [ì •ë³´] 'SearchCommand' ë‹¤ì‹œ ë¶ˆëŸ¬ì˜´
18ì‹œ 52ë¶„ / ë´‡ì„œë²„ <ì¼ë°˜ | í•˜ë¦¬í•˜ë£¨ | 758963978331619331> !PS
18ì‹œ 52ë¶„ / [ì˜¤ë¥˜] Traceback (most recent call last):
  File "C:\Users\82105\AppData\Local\Programs\Python\Python39\lib\site-packages\discord\ext\commands\core.py", line 85, in wrapped
    ret = await coro(*args, **kwargs)
  File "c:\Users\82105\Desktop\Project\Discord\DiscordBot_Gwen\cogs\SearchCommand.py", line 259, in PS
    await ctx.send(patch)
  File "C:\Users\82105\AppData\Local\Programs\Python\Python39\lib\site-packages\discord\abc.py", line 1065, in send
    data = await state.http.send_message(channel.id, content, tts=tts, embed=embed,
  File "C:\Users\82105\AppData\Local\Programs\Python\Python39\lib\site-packages\discord\http.py", line 254, in request
    raise HTTPException(r, data)
discord.errors.HTTPException: 400 Bad Request (error code: 50035): Invalid Form Body
In content: Must be 4000 or fewer in length.

The above exception was the direct cause of the following exception:

Traceback (most recent call last):
  File "c:\Users\82105\Desktop\Project\Discord\DiscordBot_Gwen\utils\logger.py", line 22, in err
    raise error
  File "C:\Users\82105\AppData\Local\Programs\Python\Python39\lib\site-packages\discord\ext\commands\bot.py", line 939, in invoke
    await ctx.command.invoke(ctx)
  File "C:\Users\82105\AppData\Local\Programs\Python\Python39\lib\site-packages\discord\ext\commands\core.py", line 863, in invoke
    await injected(*ctx.args, **ctx.kwargs)
  File "C:\Users\82105\AppData\Local\Programs\Python\Python39\lib\site-packages\discord\ext\commands\core.py", line 94, in wrapped
    raise CommandInvokeError(exc) from exc
discord.ext.commands.errors.CommandInvokeError: Command raised an exception: HTTPException: 400 Bad Request (error code: 50035): Invalid Form Body
In content: Must be 4000 or fewer in length.



18ì‹œ 55ë¶„ / ë´‡ì„œë²„ <ì¼ë°˜ | í•˜ë¦¬í•˜ë£¨ | 758963978331619331> !restart
18ì‹œ 55ë¶„ / [ì •ë³´] c:\Users\82105\Desktop\Project\Discord\DiscordBot_Gwen\cogs\AdminCommand.py ë¡œë“œ ì™„ë£Œ
18ì‹œ 55ë¶„ / [ì •ë³´] 'AdminCommand' ë‹¤ì‹œ ë¶ˆëŸ¬ì˜´
18ì‹œ 55ë¶„ / [ì •ë³´] c:\Users\82105\Desktop\Project\Discord\DiscordBot_Gwen\cogs\event.py ë¡œë“œ ì™„ë£Œ
18ì‹œ 55ë¶„ / [ì •ë³´] 'event' ë‹¤ì‹œ ë¶ˆëŸ¬ì˜´
18ì‹œ 55ë¶„ / [ì •ë³´] c:\Users\82105\Desktop\Project\Discord\DiscordBot_Gwen\cogs\NormalCommandBot.py ë¡œë“œ ì™„ë£Œ
18ì‹œ 55ë¶„ / [ì •ë³´] 'NormalCommandBot' ë‹¤ì‹œ ë¶ˆëŸ¬ì˜´
18ì‹œ 55ë¶„ / [ì •ë³´] c:\Users\82105\Desktop\Project\Discord\DiscordBot_Gwen\cogs\SearchCommand.py ë¡œë“œ ì™„ë£Œ
18ì‹œ 55ë¶„ / [ì •ë³´] 'SearchCommand' ë‹¤ì‹œ ë¶ˆëŸ¬ì˜´
18ì‹œ 55ë¶„ / ë´‡ì„œë²„ <ì¼ë°˜ | í•˜ë¦¬í•˜ë£¨ | 758963978331619331> !PS
18ì‹œ 55ë¶„ / [ì˜¤ë¥˜] Traceback (most recent call last):
  File "C:\Users\82105\AppData\Local\Programs\Python\Python39\lib\site-packages\discord\ext\commands\core.py", line 85, in wrapped
    ret = await coro(*args, **kwargs)
  File "c:\Users\82105\Desktop\Project\Discord\DiscordBot_Gwen\cogs\SearchCommand.py", line 259, in PS
    await ctx.send(patch)
  File "C:\Users\82105\AppData\Local\Programs\Python\Python39\lib\site-packages\discord\abc.py", line 1065, in send
    data = await state.http.send_message(channel.id, content, tts=tts, embed=embed,
  File "C:\Users\82105\AppData\Local\Programs\Python\Python39\lib\site-packages\discord\http.py", line 254, in request
    raise HTTPException(r, data)
discord.errors.HTTPException: 400 Bad Request (error code: 50006): Cannot send an empty message

The above exception was the direct cause of the following exception:

Traceback (most recent call last):
  File "c:\Users\82105\Desktop\Project\Discord\DiscordBot_Gwen\utils\logger.py", line 22, in err
    raise error
  File "C:\Users\82105\AppData\Local\Programs\Python\Python39\lib\site-packages\discord\ext\commands\bot.py", line 939, in invoke
    await ctx.command.invoke(ctx)
  File "C:\Users\82105\AppData\Local\Programs\Python\Python39\lib\site-packages\discord\ext\commands\core.py", line 863, in invoke
    await injected(*ctx.args, **ctx.kwargs)
  File "C:\Users\82105\AppData\Local\Programs\Python\Python39\lib\site-packages\discord\ext\commands\core.py", line 94, in wrapped
    raise CommandInvokeError(exc) from exc
discord.ext.commands.errors.CommandInvokeError: Command raised an exception: HTTPException: 400 Bad Request (error code: 50006): Cannot send an empty message



19ì‹œ 32ë¶„ / [ì •ë³´] c:\Users\82105\Desktop\Project\Discord\DiscordBot_Gwen\cogs\AdminCommand.py ë¡œë“œ ì™„ë£Œ
19ì‹œ 32ë¶„ / [ì •ë³´] c:\Users\82105\Desktop\Project\Discord\DiscordBot_Gwen\cogs\event.py ë¡œë“œ ì™„ë£Œ
19ì‹œ 32ë¶„ / [ì •ë³´] c:\Users\82105\Desktop\Project\Discord\DiscordBot_Gwen\cogs\NormalCommandBot.py ë¡œë“œ ì™„ë£Œ
19ì‹œ 32ë¶„ / [ì •ë³´] c:\Users\82105\Desktop\Project\Discord\DiscordBot_Gwen\cogs\SearchCommand.py ë¡œë“œ ì™„ë£Œ
19ì‹œ 32ë¶„ / [ì •ë³´] ======================
19ì‹œ 32ë¶„ / [ì •ë³´] < êµ¬ë™ ì™„ë£Œ >
19ì‹œ 32ë¶„ / [ì •ë³´] ======================
19ì‹œ 32ë¶„ / ë´‡ì„œë²„ <ì¼ë°˜ | í•˜ë¦¬í•˜ë£¨ | 758963978331619331> !PS'
19ì‹œ 32ë¶„ / ë´‡ì„œë²„ <ì¼ë°˜ | í•˜ë¦¬í•˜ë£¨ | 758963978331619331> !PS
19ì‹œ 32ë¶„ / [ì˜¤ë¥˜] Traceback (most recent call last):
  File "C:\Users\82105\AppData\Local\Programs\Python\Python39\lib\site-packages\discord\ext\commands\core.py", line 85, in wrapped
    ret = await coro(*args, **kwargs)
  File "c:\Users\82105\Desktop\Project\Discord\DiscordBot_Gwen\cogs\SearchCommand.py", line 260, in PS
    await ctx.send(soup.get_text())
  File "C:\Users\82105\AppData\Local\Programs\Python\Python39\lib\site-packages\discord\abc.py", line 1065, in send
    data = await state.http.send_message(channel.id, content, tts=tts, embed=embed,
  File "C:\Users\82105\AppData\Local\Programs\Python\Python39\lib\site-packages\discord\http.py", line 254, in request
    raise HTTPException(r, data)
discord.errors.HTTPException: 400 Bad Request (error code: 50035): Invalid Form Body
In content: Must be 4000 or fewer in length.

The above exception was the direct cause of the following exception:

Traceback (most recent call last):
  File "c:\Users\82105\Desktop\Project\Discord\DiscordBot_Gwen\utils\logger.py", line 22, in err
    raise error
  File "C:\Users\82105\AppData\Local\Programs\Python\Python39\lib\site-packages\discord\ext\commands\bot.py", line 939, in invoke
    await ctx.command.invoke(ctx)
  File "C:\Users\82105\AppData\Local\Programs\Python\Python39\lib\site-packages\discord\ext\commands\core.py", line 863, in invoke
    await injected(*ctx.args, **ctx.kwargs)
  File "C:\Users\82105\AppData\Local\Programs\Python\Python39\lib\site-packages\discord\ext\commands\core.py", line 94, in wrapped
    raise CommandInvokeError(exc) from exc
discord.ext.commands.errors.CommandInvokeError: Command raised an exception: HTTPException: 400 Bad Request (error code: 50035): Invalid Form Body
In content: Must be 4000 or fewer in length.



19ì‹œ 34ë¶„ / ë´‡ì„œë²„ <ì¼ë°˜ | í•˜ë¦¬í•˜ë£¨ | 758963978331619331> !PS
19ì‹œ 34ë¶„ / [ì˜¤ë¥˜] Traceback (most recent call last):
  File "C:\Users\82105\AppData\Local\Programs\Python\Python39\lib\site-packages\discord\ext\commands\core.py", line 85, in wrapped
    ret = await coro(*args, **kwargs)
  File "c:\Users\82105\Desktop\Project\Discord\DiscordBot_Gwen\cogs\SearchCommand.py", line 260, in PS
    for most in range(0,3000):
  File "C:\Users\82105\AppData\Local\Programs\Python\Python39\lib\site-packages\discord\abc.py", line 1065, in send
    data = await state.http.send_message(channel.id, content, tts=tts, embed=embed,
  File "C:\Users\82105\AppData\Local\Programs\Python\Python39\lib\site-packages\discord\http.py", line 254, in request
    raise HTTPException(r, data)
discord.errors.HTTPException: 400 Bad Request (error code: 50035): Invalid Form Body
In content: Must be 4000 or fewer in length.

The above exception was the direct cause of the following exception:

Traceback (most recent call last):
  File "c:\Users\82105\Desktop\Project\Discord\DiscordBot_Gwen\utils\logger.py", line 22, in err
    raise error
  File "C:\Users\82105\AppData\Local\Programs\Python\Python39\lib\site-packages\discord\ext\commands\bot.py", line 939, in invoke
    await ctx.command.invoke(ctx)
  File "C:\Users\82105\AppData\Local\Programs\Python\Python39\lib\site-packages\discord\ext\commands\core.py", line 863, in invoke
    await injected(*ctx.args, **ctx.kwargs)
  File "C:\Users\82105\AppData\Local\Programs\Python\Python39\lib\site-packages\discord\ext\commands\core.py", line 94, in wrapped
    raise CommandInvokeError(exc) from exc
discord.ext.commands.errors.CommandInvokeError: Command raised an exception: HTTPException: 400 Bad Request (error code: 50035): Invalid Form Body
In content: Must be 4000 or fewer in length.



19ì‹œ 34ë¶„ / ë´‡ì„œë²„ <ì¼ë°˜ | í•˜ë¦¬í•˜ë£¨ | 758963978331619331> !restart
19ì‹œ 34ë¶„ / [ì •ë³´] c:\Users\82105\Desktop\Project\Discord\DiscordBot_Gwen\cogs\AdminCommand.py ë¡œë“œ ì™„ë£Œ
19ì‹œ 34ë¶„ / [ì •ë³´] 'AdminCommand' ë‹¤ì‹œ ë¶ˆëŸ¬ì˜´
19ì‹œ 34ë¶„ / [ì •ë³´] c:\Users\82105\Desktop\Project\Discord\DiscordBot_Gwen\cogs\event.py ë¡œë“œ ì™„ë£Œ
19ì‹œ 34ë¶„ / [ì •ë³´] 'event' ë‹¤ì‹œ ë¶ˆëŸ¬ì˜´
19ì‹œ 34ë¶„ / [ì •ë³´] c:\Users\82105\Desktop\Project\Discord\DiscordBot_Gwen\cogs\NormalCommandBot.py ë¡œë“œ ì™„ë£Œ
19ì‹œ 34ë¶„ / [ì •ë³´] 'NormalCommandBot' ë‹¤ì‹œ ë¶ˆëŸ¬ì˜´
19ì‹œ 34ë¶„ / [ì •ë³´] c:\Users\82105\Desktop\Project\Discord\DiscordBot_Gwen\cogs\SearchCommand.py ë¡œë“œ ì™„ë£Œ
19ì‹œ 34ë¶„ / [ì •ë³´] 'SearchCommand' ë‹¤ì‹œ ë¶ˆëŸ¬ì˜´
19ì‹œ 35ë¶„ / [ì •ë³´] c:\Users\82105\Desktop\Project\Discord\DiscordBot_Gwen\cogs\AdminCommand.py ë¡œë“œ ì™„ë£Œ
19ì‹œ 35ë¶„ / [ì •ë³´] c:\Users\82105\Desktop\Project\Discord\DiscordBot_Gwen\cogs\event.py ë¡œë“œ ì™„ë£Œ
19ì‹œ 35ë¶„ / [ì •ë³´] c:\Users\82105\Desktop\Project\Discord\DiscordBot_Gwen\cogs\NormalCommandBot.py ë¡œë“œ ì™„ë£Œ
19ì‹œ 35ë¶„ / [ì •ë³´] c:\Users\82105\Desktop\Project\Discord\DiscordBot_Gwen\cogs\SearchCommand.py ë¡œë“œ ì™„ë£Œ
19ì‹œ 35ë¶„ / [ì •ë³´] ======================
19ì‹œ 35ë¶„ / [ì •ë³´] < êµ¬ë™ ì™„ë£Œ >
19ì‹œ 35ë¶„ / [ì •ë³´] ======================
19ì‹œ 35ë¶„ / ë´‡ì„œë²„ <ì¼ë°˜ | í•˜ë¦¬í•˜ë£¨ | 758963978331619331> !PS
19ì‹œ 36ë¶„ / ë´‡ì„œë²„ <ì¼ë°˜ | í•˜ë¦¬í•˜ë£¨ | 758963978331619331> !restart
19ì‹œ 36ë¶„ / [ì •ë³´] c:\Users\82105\Desktop\Project\Discord\DiscordBot_Gwen\cogs\AdminCommand.py ë¡œë“œ ì™„ë£Œ
19ì‹œ 36ë¶„ / [ì •ë³´] 'AdminCommand' ë‹¤ì‹œ ë¶ˆëŸ¬ì˜´
19ì‹œ 36ë¶„ / [ì •ë³´] c:\Users\82105\Desktop\Project\Discord\DiscordBot_Gwen\cogs\event.py ë¡œë“œ ì™„ë£Œ
19ì‹œ 36ë¶„ / [ì •ë³´] 'event' ë‹¤ì‹œ ë¶ˆëŸ¬ì˜´
19ì‹œ 36ë¶„ / [ì •ë³´] c:\Users\82105\Desktop\Project\Discord\DiscordBot_Gwen\cogs\NormalCommandBot.py ë¡œë“œ ì™„ë£Œ
19ì‹œ 36ë¶„ / [ì •ë³´] 'NormalCommandBot' ë‹¤ì‹œ ë¶ˆëŸ¬ì˜´
19ì‹œ 36ë¶„ / [ì •ë³´] c:\Users\82105\Desktop\Project\Discord\DiscordBot_Gwen\cogs\SearchCommand.py ë¡œë“œ ì™„ë£Œ
19ì‹œ 36ë¶„ / [ì •ë³´] 'SearchCommand' ë‹¤ì‹œ ë¶ˆëŸ¬ì˜´
19ì‹œ 36ë¶„ / ë´‡ì„œë²„ <ì¼ë°˜ | í•˜ë¦¬í•˜ë£¨ | 758963978331619331> !PS
19ì‹œ 38ë¶„ / ë³‘ì‹ ë“¤ <ì‹¤í—˜ | TÌ´ÌƒÍ–rÌµÍ˜Ì1Ì¸Í‘Í aÌ¸ÍÌiÌ¶Ì‰ÌnÌ´ÌŒÌ’aÌ´ÌÍ’ | 496627750858260480> !ê·¸ì›¬ì‹ê°€ìœ„ë°”ìœ„ë³´
19ì‹œ 38ë¶„ / ë³‘ì‹ ë“¤ <ì‹¤í—˜ | TÌ´ÌƒÍ–rÌµÍ˜Ì1Ì¸Í‘Í aÌ¸ÍÌiÌ¶Ì‰ÌnÌ´ÌŒÌ’aÌ´ÌÍ’ | 496627750858260480> !ê°€ìœ„ë°”ìœ„ë³´
19ì‹œ 43ë¶„ / ë³‘ì‹ ë“¤ <ì‹¤í—˜ | í•˜ë¦¬í•˜ë£¨ | 758963978331619331> !íŒ¨ì¹˜ ë…¸íŠ¸
19ì‹œ 44ë¶„ / ë³‘ì‹ ë“¤ <ğŸ“©ì±„íŒ…ì°½ | í•˜ë¦¬í•˜ë£¨ | 758963978331619331> ì†Œí†µì„ í•˜ê¸°ìœ„í•´ì„ 
19ì‹œ 44ë¶„ / ë³‘ì‹ ë“¤ <ğŸ“©ì±„íŒ…ì°½ | í•˜ë¦¬í•˜ë£¨ | 758963978331619331> í¸ì˜ì ì„
19ì‹œ 44ë¶„ / ë³‘ì‹ ë“¤ <ğŸ“©ì±„íŒ…ì°½ | í•˜ë¦¬í•˜ë£¨ | 758963978331619331> ê°ˆ í•„ìš”ê°€
19ì‹œ 44ë¶„ / ë³‘ì‹ ë“¤ <ğŸ“©ì±„íŒ…ì°½ | í•˜ë¦¬í•˜ë£¨ | 758963978331619331> ìˆë‹¤
20ì‹œ 13ë¶„ / ë³‘ì‹ ë“¤ <ğŸ“©ì±„íŒ…ì°½ | TÌ´ÌƒÍ–rÌµÍ˜Ì1Ì¸Í‘Í aÌ¸ÍÌiÌ¶Ì‰ÌnÌ´ÌŒÌ’aÌ´ÌÍ’ | 496627750858260480> <@!758963978331619331>
20ì‹œ 14ë¶„ / ë³‘ì‹ ë“¤ <ğŸ“©ì±„íŒ…ì°½ | TÌ´ÌƒÍ–rÌµÍ˜Ì1Ì¸Í‘Í aÌ¸ÍÌiÌ¶Ì‰ÌnÌ´ÌŒÌ’aÌ´ÌÍ’ | 496627750858260480> ì†Œí†µí•´ ã……ã…‚
20ì‹œ 31ë¶„ / ë³‘ì‹ ë“¤ <ğŸ“©ì±„íŒ…ì°½ | í•˜ë¦¬í•˜ë£¨ | 758963978331619331> ì†Œí†µí•´ìš”
20ì‹œ 31ë¶„ / ë³‘ì‹ ë“¤ <ğŸ“©ì±„íŒ…ì°½ | í•˜ë¦¬í•˜ë£¨ | 758963978331619331> ã…‹ã…‹ã…‹ã…‹ã…‹ã…‹ã…‹ã…‹ã…‹ã…‹
20ì‹œ 41ë¶„ / ë³‘ì‹ ë“¤ <ì‹¤í—˜ | í•˜ë¦¬í•˜ë£¨ | 758963978331619331> !restart
20ì‹œ 41ë¶„ / [ì •ë³´] c:\Users\82105\Desktop\Project\Discord\DiscordBot_Gwen\cogs\AdminCommand.py ë¡œë“œ ì™„ë£Œ
20ì‹œ 41ë¶„ / [ì •ë³´] 'AdminCommand' ë‹¤ì‹œ ë¶ˆëŸ¬ì˜´
20ì‹œ 41ë¶„ / [ì •ë³´] c:\Users\82105\Desktop\Project\Discord\DiscordBot_Gwen\cogs\event.py ë¡œë“œ ì™„ë£Œ
20ì‹œ 41ë¶„ / [ì •ë³´] 'event' ë‹¤ì‹œ ë¶ˆëŸ¬ì˜´
20ì‹œ 41ë¶„ / [ì •ë³´] c:\Users\82105\Desktop\Project\Discord\DiscordBot_Gwen\cogs\NormalCommandBot.py ë¡œë“œ ì™„ë£Œ
20ì‹œ 41ë¶„ / [ì •ë³´] 'NormalCommandBot' ë‹¤ì‹œ ë¶ˆëŸ¬ì˜´
20ì‹œ 41ë¶„ / [ì •ë³´] c:\Users\82105\Desktop\Project\Discord\DiscordBot_Gwen\cogs\SearchCommand.py ë¡œë“œ ì™„ë£Œ
20ì‹œ 41ë¶„ / [ì •ë³´] 'SearchCommand' ë‹¤ì‹œ ë¶ˆëŸ¬ì˜´
20ì‹œ 42ë¶„ / ë³‘ì‹ ë“¤ <ì‹¤í—˜ | í•˜ë¦¬í•˜ë£¨ | 758963978331619331> !ì±”í”¼ì–¸ ì¼€ë„¨
20ì‹œ 53ë¶„ / ë³‘ì‹ ë“¤ <ğŸ“©ì±„íŒ…ì°½ | TÌ´ÌƒÍ–rÌµÍ˜Ì1Ì¸Í‘Í aÌ¸ÍÌiÌ¶Ì‰ÌnÌ´ÌŒÌ’aÌ´ÌÍ’ | 496627750858260480> ê·¸ëƒ¥ ë’¤ì§€ì…ˆ
21ì‹œ 48ë¶„ / ë³‘ì‹ ë“¤ <ì‹¤í—˜ | í•˜ë¦¬í•˜ë£¨ | 758963978331619331> !ì±”í”¼ì–¸ ì´ë¸”ë¦°
23ì‹œ 12ë¶„ / ë³‘ì‹ ë“¤ <ì‹¤í—˜ | í•˜ë¦¬í•˜ë£¨ | 758963978331619331> !ì±”í”¼ì–¸ ì•„ì¹¼ë¦¬
