00시 30분 / 병신들 <실험 | 김강냉 | 582041127323041813> !탑 갱플랭크
00시 34분 / 병신들 <🧬정신나간-호재 | 하리하루 | 758963978331619331> 오렌만에
00시 34분 / 병신들 <🧬정신나간-호재 | 하리하루 | 758963978331619331> 소아온보니까
00시 34분 / 병신들 <🧬정신나간-호재 | 하리하루 | 758963978331619331> 재밌네
00시 57분 / 병신들 <🧬정신나간-호재 | 김강냉 | 582041127323041813> <@!397036116676575233> 병현이를 떨어뜨리라는
00시 57분 / 병신들 <🧬정신나간-호재 | 김강냉 | 582041127323041813> 미션을 컴플리트햇다
00시 58분 / 병신들 <🧬정신나간-호재 | MURYAN | 397036116676575233> ㅋㅋㅋㅋㅋㅋㅋㅋㅋㅋㅋㅋㅋㅋㅋ
00시 58분 / 병신들 <🧬정신나간-호재 | MURYAN | 397036116676575233> 존나웃기네
00시 58분 / 병신들 <🧬정신나간-호재 | 김강냉 | 582041127323041813> 아니
00시 58분 / 병신들 <🧬정신나간-호재 | 김강냉 | 582041127323041813> 마이가
00시 58분 / 병신들 <🧬정신나간-호재 | MURYAN | 397036116676575233> 이건봐야지
00시 58분 / 병신들 <🧬정신나간-호재 | 김강냉 | 582041127323041813> 크라켄을 ㅇ안가
00시 58분 / 병신들 <🧬정신나간-호재 | 김강냉 | 582041127323041813> 아니;
00시 58분 / 병신들 <🧬정신나간-호재 | 김강냉 | 582041127323041813> 정복자들고
00시 58분 / 병신들 <🧬정신나간-호재 | 김강냉 | 582041127323041813> 드락가는놈은
00시 58분 / 병신들 <🧬정신나간-호재 | 김강냉 | 582041127323041813> 첨ㅁ보네
00시 58분 / 병신들 <🧬정신나간-호재 | MURYAN | 397036116676575233> 아 나도이제
00시 58분 / 병신들 <🧬정신나간-호재 | MURYAN | 397036116676575233> 차장님때처럼
00시 59분 / 병신들 <🧬정신나간-호재 | MURYAN | 397036116676575233> 시간텀 한시간두고
00시 59분 / 병신들 <🧬정신나간-호재 | MURYAN | 397036116676575233> 읽을꺼야
00시 59분 / 병신들 <🧬정신나간-호재 | MURYAN | 397036116676575233> 삐짐
00시 59분 / 병신들 <🧬정신나간-호재 | 김강냉 | 582041127323041813> ?
00시 59분 / 병신들 <🧬정신나간-호재 | 김강냉 | 582041127323041813> 어지럽네
01시 01분 / 병신들 <🧬정신나간-호재 | MURYAN | 397036116676575233> 그러게 내가
01시 01분 / 병신들 <🧬정신나간-호재 | 김강냉 | 582041127323041813> 늦ㅇ늠
01시 01분 / 병신들 <🧬정신나간-호재 | MURYAN | 397036116676575233> 오늘 솔랭하라
01시 01분 / 병신들 <🧬정신나간-호재 | MURYAN | 397036116676575233> 햇잖아
01시 01분 / 병신들 <🧬정신나간-호재 | MURYAN | 397036116676575233> ㅋㅋㅋㅋㅋㅋ
01시 01분 / 병신들 <🧬정신나간-호재 | 김강냉 | 582041127323041813> ^^
01시 01분 / 병신들 <🧬정신나간-호재 | 김강냉 | 582041127323041813> 난
01시 01분 / 병신들 <🧬정신나간-호재 | 김강냉 | 582041127323041813> 점수여유있어서
01시 01분 / 병신들 <🧬정신나간-호재 | 김강냉 | 582041127323041813> ^^
01시 01분 / 병신들 <🧬정신나간-호재 | 김강냉 | 582041127323041813> 실3인데
09시 28분 / [정보] ======================
09시 28분 / [정보] < 구동 완료 >
09시 28분 / [정보] ======================
09시 29분 / 병신들 <실험 | 하리하루 | 758963978331619331> !미드 벨코즈
09시 30분 / 병신들 <실험 | 하리하루 | 758963978331619331> !정글 유미
09시 30분 / 병신들 <실험 | 하리하루 | 758963978331619331> !정글 가렌
09시 31분 / 병신들 <🧬정신나간-호재 | 박병현 | 690902795452416043> zzzzzzzzzzzzzzzzzzzzzzzz
09시 31분 / 병신들 <실험 | 하리하루 | 758963978331619331> !정글 야스오
09시 32분 / 병신들 <실험 | 하리하루 | 758963978331619331> !잡담
09시 34분 / 병신들 <실험 | 하리하루 | 758963978331619331> 히히바보
09시 40분 / 병신들 <실험 | 하리하루 | 758963978331619331> !restart
09시 40분 / [정보] c:\Users\82105\Desktop\Project\Discord\DiscordBot_Gwen\cogs\AdminCommand.py 로드 완료
09시 40분 / [정보] 'AdminCommand' 다시 불러옴
09시 40분 / [정보] c:\Users\82105\Desktop\Project\Discord\DiscordBot_Gwen\cogs\event.py 로드 완료
09시 40분 / [정보] 'event' 다시 불러옴
09시 40분 / [정보] c:\Users\82105\Desktop\Project\Discord\DiscordBot_Gwen\cogs\NormalCommandBot.py 로드 완료
09시 40분 / [정보] 'NormalCommandBot' 다시 불러옴
09시 40분 / [정보] c:\Users\82105\Desktop\Project\Discord\DiscordBot_Gwen\cogs\SearchCommand.py 로드 완료
09시 40분 / [정보] 'SearchCommand' 다시 불러옴
09시 40분 / 병신들 <실험 | 하리하루 | 758963978331619331> !히히네이스라고 말해줘
09시 40분 / 병신들 <실험 | 하리하루 | 758963978331619331> 애미
09시 41분 / 병신들 <실험 | 하리하루 | 758963978331619331> 라고 말해줘
09시 41분 / 병신들 <실험 | 하리하루 | 758963978331619331> 히히네이스라고 말해줘
09시 41분 / 병신들 <실험 | 하리하루 | 758963978331619331> !restart
09시 42분 / [정보] c:\Users\82105\Desktop\Project\Discord\DiscordBot_Gwen\cogs\AdminCommand.py 로드 완료
09시 42분 / [정보] 'AdminCommand' 다시 불러옴
09시 42분 / [정보] c:\Users\82105\Desktop\Project\Discord\DiscordBot_Gwen\cogs\event.py 로드 완료
09시 42분 / [정보] 'event' 다시 불러옴
09시 42분 / [정보] c:\Users\82105\Desktop\Project\Discord\DiscordBot_Gwen\cogs\NormalCommandBot.py 로드 완료
09시 42분 / [정보] 'NormalCommandBot' 다시 불러옴
09시 42분 / [정보] c:\Users\82105\Desktop\Project\Discord\DiscordBot_Gwen\cogs\SearchCommand.py 로드 완료
09시 42분 / [정보] 'SearchCommand' 다시 불러옴
09시 42분 / 병신들 <실험 | 하리하루 | 758963978331619331> 라고 말해줘
09시 43분 / 병신들 <실험 | 하리하루 | 758963978331619331> 그웬아 말해줘
09시 43분 / 병신들 <실험 | 하리하루 | 758963978331619331> !미드 조이
09시 45분 / 병신들 <실험 | T̴͖̃r̵̍͘1̸͑͠á̸́ỉ̶̍ň̴̒a̴̍͒ | 496627750858260480> 선생님 질문이 있습니다
09시 45분 / 병신들 <실험 | T̴͖̃r̵̍͘1̸͑͠á̸́ỉ̶̍ň̴̒a̴̍͒ | 496627750858260480> 저거 뒤에 배경이 다 초록색인데
09시 45분 / 병신들 <실험 | T̴͖̃r̵̍͘1̸͑͠á̸́ỉ̶̍ň̴̒a̴̍͒ | 496627750858260480> 비스킷 혼자 검은색입니다
09시 45분 / 병신들 <실험 | T̴͖̃r̵̍͘1̸͑͠á̸́ỉ̶̍ň̴̒a̴̍͒ | 496627750858260480> 왜그런가요?
09시 45분 / 병신들 <실험 | 하리하루 | 758963978331619331> 옵지가
09시 45분 / 병신들 <실험 | 하리하루 | 758963978331619331> 저런
09시 45분 / 병신들 <실험 | 하리하루 | 758963978331619331> 이미지를
09시 46분 / 병신들 <실험 | 하리하루 | 758963978331619331> 씁니다
09시 46분 / 병신들 <실험 | T̴͖̃r̵̍͘1̸͑͠á̸́ỉ̶̍ň̴̒a̴̍͒ | 496627750858260480> 아하
09시 46분 / 병신들 <실험 | T̴͖̃r̵̍͘1̸͑͠á̸́ỉ̶̍ň̴̒a̴̍͒ | 496627750858260480> 학교십니까?
09시 48분 / 병신들 <실험 | 하리하루 | 758963978331619331> ㅖ
09시 48분 / 병신들 <실험 | T̴͖̃r̵̍͘1̸͑͠á̸́ỉ̶̍ň̴̒a̴̍͒ | 496627750858260480> ㅋ
09시 48분 / 병신들 <실험 | T̴͖̃r̵̍͘1̸͑͠á̸́ỉ̶̍ň̴̒a̴̍͒ | 496627750858260480> 누가 학교를 감?
09시 48분 / 병신들 <실험 | 하리하루 | 758963978331619331> ^ㅣ발
10시 21분 / 병신들 <실험 | T̴͖̃r̵̍͘1̸͑͠á̸́ỉ̶̍ň̴̒a̴̍͒ | 496627750858260480> !챔피언 카이사
10시 23분 / 병신들 <실험 | 하리하루 | 758963978331619331> 히히네이스
10시 23분 / 병신들 <실험 | T̴͖̃r̵̍͘1̸͑͠á̸́ỉ̶̍ň̴̒a̴̍͒ | 496627750858260480> 주아야 롤하자
10시 24분 / 병신들 <실험 | T̴͖̃r̵̍͘1̸͑͠á̸́ỉ̶̍ň̴̒a̴̍͒ | 496627750858260480> 아 학교지
10시 24분 / 병신들 <실험 | 김강냉 | 582041127323041813> !칼날비
10시 26분 / 병신들 <실험 | 하리하루 | 758963978331619331> !미드 카이사
10시 27분 / 병신들 <실험 | T̴͖̃r̵̍͘1̸͑͠á̸́ỉ̶̍ň̴̒a̴̍͒ | 496627750858260480> !미드 이즈리얼
10시 27분 / 병신들 <실험 | 하리하루 | 758963978331619331> !탑 케이틀린
10시 27분 / 병신들 <실험 | T̴͖̃r̵̍͘1̸͑͠á̸́ỉ̶̍ň̴̒a̴̍͒ | 496627750858260480> 아니 이즈룬을 지금 보여준다고?
10시 27분 / 병신들 <실험 | T̴͖̃r̵̍͘1̸͑͠á̸́ỉ̶̍ň̴̒a̴̍͒ | 496627750858260480> ㅋㅋㅋㅋㅋ
10시 27분 / 병신들 <실험 | 하리하루 | 758963978331619331> !탑 케이틀린
10시 27분 / 병신들 <실험 | 하리하루 | 758963978331619331> 여기 인터넷 느려
10시 27분 / 병신들 <실험 | T̴͖̃r̵̍͘1̸͑͠á̸́ỉ̶̍ň̴̒a̴̍͒ | 496627750858260480> !치속 이즈리얼
10시 27분 / 병신들 <실험 | T̴͖̃r̵̍͘1̸͑͠á̸́ỉ̶̍ň̴̒a̴̍͒ | 496627750858260480> !가위바위보
10시 28분 / 병신들 <실험 | T̴͖̃r̵̍͘1̸͑͠á̸́ỉ̶̍ň̴̒a̴̍͒ | 496627750858260480> ㅋ
10시 28분 / 병신들 <실험 | T̴͖̃r̵̍͘1̸͑͠á̸́ỉ̶̍ň̴̒a̴̍͒ | 496627750858260480> ㅈ밥
10시 28분 / 병신들 <실험 | 하리하루 | 758963978331619331> !그웬식 가위바위보
10시 28분 / 병신들 <실험 | T̴͖̃r̵̍͘1̸͑͠á̸́ỉ̶̍ň̴̒a̴̍͒ | 496627750858260480> ㅋ
10시 28분 / 병신들 <실험 | 하리하루 | 758963978331619331> ㅋ
10시 31분 / [정보] ======================
10시 31분 / [정보] < 구동 완료 >
10시 31분 / [정보] ======================
10시 32분 / 병신들 <실험 | 하리하루 | 758963978331619331> !그웬식 가위바위보
11시 25분 / [정보] ======================
11시 25분 / [정보] < 구동 완료 >
11시 25분 / [정보] ======================
11시 39분 / 병신들 <📊명령어 | 이태현 | 492914018969845773> !p https://www.youtube.com/watch?v=O-Yky07M_dw
11시 39분 / [정보] 이태현이(가) '!p https://www.youtube.com/watch?v=O-Yky07M_dw' 메시지를 '!p https://www.youtube.com/watch?v=O-Yky07M_dw' 로 수정
15시 15분 / [정보] ======================
15시 15분 / [정보] < 구동 완료 >
15시 15분 / [정보] ======================
15시 41분 / 병신들 <실험 | 하리하루 | 758963978331619331> !restart
15시 41분 / [정보] c:\Users\82105\Desktop\Project\Discord\DiscordBot_Gwen\cogs\AdminCommand.py 로드 완료
15시 41분 / [정보] 'AdminCommand' 다시 불러옴
15시 41분 / [정보] c:\Users\82105\Desktop\Project\Discord\DiscordBot_Gwen\cogs\event.py 로드 완료
15시 41분 / [정보] 'event' 다시 불러옴
15시 41분 / [정보] c:\Users\82105\Desktop\Project\Discord\DiscordBot_Gwen\cogs\NormalCommandBot.py 로드 완료
15시 41분 / [정보] 'NormalCommandBot' 다시 불러옴
15시 41분 / [정보] c:\Users\82105\Desktop\Project\Discord\DiscordBot_Gwen\cogs\SearchCommand.py 로드 완료
15시 41분 / [정보] 'SearchCommand' 다시 불러옴
16시 27분 / [정보] ======================
16시 27분 / [정보] < 구동 완료 >
16시 27분 / [정보] ======================
17시 34분 / 병신들 <실험 | 하리하루 | 758963978331619331> !restart
17시 34분 / [정보] c:\Users\82105\Desktop\Project\Discord\DiscordBot_Gwen\cogs\AdminCommand.py 로드 완료
17시 34분 / [정보] 'AdminCommand' 다시 불러옴
17시 34분 / [정보] c:\Users\82105\Desktop\Project\Discord\DiscordBot_Gwen\cogs\event.py 로드 완료
17시 34분 / [정보] 'event' 다시 불러옴
17시 34분 / [정보] c:\Users\82105\Desktop\Project\Discord\DiscordBot_Gwen\cogs\NormalCommandBot.py 로드 완료
17시 34분 / [정보] 'NormalCommandBot' 다시 불러옴
17시 34분 / [정보] c:\Users\82105\Desktop\Project\Discord\DiscordBot_Gwen\cogs\SearchCommand.py 로드 완료
17시 34분 / [정보] 'SearchCommand' 다시 불러옴
17시 34분 / 병신들 <실험 | 하리하루 | 758963978331619331> !restart
17시 34분 / [정보] c:\Users\82105\Desktop\Project\Discord\DiscordBot_Gwen\cogs\AdminCommand.py 로드 완료
17시 34분 / [정보] 'AdminCommand' 다시 불러옴
17시 34분 / [정보] c:\Users\82105\Desktop\Project\Discord\DiscordBot_Gwen\cogs\event.py 로드 완료
17시 34분 / [정보] 'event' 다시 불러옴
17시 34분 / [정보] c:\Users\82105\Desktop\Project\Discord\DiscordBot_Gwen\cogs\NormalCommandBot.py 로드 완료
17시 34분 / [정보] 'NormalCommandBot' 다시 불러옴
17시 34분 / [정보] c:\Users\82105\Desktop\Project\Discord\DiscordBot_Gwen\cogs\SearchCommand.py 로드 완료
17시 34분 / [정보] 'SearchCommand' 다시 불러옴
17시 34분 / 봇서버 <일반 | 하리하루 | 758963978331619331> !restart
17시 34분 / [정보] c:\Users\82105\Desktop\Project\Discord\DiscordBot_Gwen\cogs\AdminCommand.py 로드 완료
17시 34분 / [정보] 'AdminCommand' reload complete
17시 34분 / [정보] c:\Users\82105\Desktop\Project\Discord\DiscordBot_Gwen\cogs\event.py 로드 완료
17시 34분 / [정보] 'event' reload complete
17시 34분 / [정보] c:\Users\82105\Desktop\Project\Discord\DiscordBot_Gwen\cogs\NormalCommandBot.py 로드 완료
17시 34분 / [정보] 'NormalCommandBot' reload complete
17시 34분 / [정보] c:\Users\82105\Desktop\Project\Discord\DiscordBot_Gwen\cogs\SearchCommand.py 로드 완료
17시 34분 / [정보] 'SearchCommand' reload complete
17시 35분 / 봇서버 <일반 | 하리하루 | 758963978331619331> !restart
17시 35분 / [정보] c:\Users\82105\Desktop\Project\Discord\DiscordBot_Gwen\cogs\AdminCommand.py 로드 완료
17시 35분 / [정보] 'AdminCommand' reload complete
17시 35분 / [정보] c:\Users\82105\Desktop\Project\Discord\DiscordBot_Gwen\cogs\event.py 로드 완료
17시 35분 / [정보] 'event' reload complete
17시 35분 / [정보] c:\Users\82105\Desktop\Project\Discord\DiscordBot_Gwen\cogs\NormalCommandBot.py 로드 완료
17시 35분 / [정보] 'NormalCommandBot' reload complete
17시 35분 / [정보] c:\Users\82105\Desktop\Project\Discord\DiscordBot_Gwen\cogs\SearchCommand.py 로드 완료
17시 35분 / [정보] 'SearchCommand' reload complete
17시 35분 / 봇서버 <일반 | 하리하루 | 758963978331619331> !restart
17시 35분 / [정보] c:\Users\82105\Desktop\Project\Discord\DiscordBot_Gwen\cogs\AdminCommand.py 로드 완료
17시 35분 / [정보] 'AdminCommand' reload complete
17시 35분 / [정보] c:\Users\82105\Desktop\Project\Discord\DiscordBot_Gwen\cogs\event.py 로드 완료
17시 35분 / [정보] 'event' reload complete
17시 35분 / [정보] c:\Users\82105\Desktop\Project\Discord\DiscordBot_Gwen\cogs\NormalCommandBot.py 로드 완료
17시 35분 / [정보] 'NormalCommandBot' reload complete
17시 35분 / [정보] c:\Users\82105\Desktop\Project\Discord\DiscordBot_Gwen\cogs\SearchCommand.py 로드 완료
17시 35분 / [정보] 'SearchCommand' reload complete
17시 35분 / 봇서버 <일반 | 하리하루 | 758963978331619331> !restart
17시 35분 / [정보] c:\Users\82105\Desktop\Project\Discord\DiscordBot_Gwen\cogs\AdminCommand.py 로드 완료
17시 35분 / [정보] 'AdminCommand' reload complete
17시 35분 / [정보] c:\Users\82105\Desktop\Project\Discord\DiscordBot_Gwen\cogs\event.py 로드 완료
17시 35분 / [정보] 'event' reload complete
17시 35분 / [정보] c:\Users\82105\Desktop\Project\Discord\DiscordBot_Gwen\cogs\NormalCommandBot.py 로드 완료
17시 35분 / [정보] 'NormalCommandBot' reload complete
17시 35분 / [정보] c:\Users\82105\Desktop\Project\Discord\DiscordBot_Gwen\cogs\SearchCommand.py 로드 완료
17시 35분 / [정보] 'SearchCommand' reload complete
17시 36분 / 봇서버 <일반 | 하리하루 | 758963978331619331> !프로필
17시 49분 / 병신들 <실험 | T̴͖̃r̵̍͘1̸͑͠á̸́ỉ̶̍ň̴̒a̴̍͒ | 496627750858260480> !주아
17시 49분 / 병신들 <실험 | T̴͖̃r̵̍͘1̸͑͠á̸́ỉ̶̍ň̴̒a̴̍͒ | 496627750858260480> !챔피언 이즈리얼
17시 49분 / 병신들 <실험 | 하리하루 | 758963978331619331> 고딴 명령어는 없다
17시 49분 / 병신들 <실험 | T̴͖̃r̵̍͘1̸͑͠á̸́ỉ̶̍ň̴̒a̴̍͒ | 496627750858260480> 아
17시 49분 / 병신들 <실험 | T̴͖̃r̵̍͘1̸͑͠á̸́ỉ̶̍ň̴̒a̴̍͒ | 496627750858260480> 만들어주셈
17시 50분 / 병신들 <실험 | 하리하루 | 758963978331619331> !미드 이즈리얼
17시 50분 / 병신들 <실험 | T̴͖̃r̵̍͘1̸͑͠á̸́ỉ̶̍ň̴̒a̴̍͒ | 496627750858260480> !미드 박주아
17시 50분 / 병신들 <실험 | 하리하루 | 758963978331619331> 으 역겨워
17시 50분 / 병신들 <실험 | T̴͖̃r̵̍͘1̸͑͠á̸́ỉ̶̍ň̴̒a̴̍͒ | 496627750858260480> 아니 왜 어없음
17시 50분 / 병신들 <실험 | T̴͖̃r̵̍͘1̸͑͠á̸́ỉ̶̍ň̴̒a̴̍͒ | 496627750858260480> 만들어주셈
17시 50분 / 병신들 <실험 | T̴͖̃r̵̍͘1̸͑͠á̸́ỉ̶̍ň̴̒a̴̍͒ | 496627750858260480> !치속 이즈리얼
17시 52분 / 병신들 <📩채팅창 | 시현 부계 | 626297445101338624> taewoongwoong.kro.kr
17시 53분 / 병신들 <실험 | 하리하루 | 758963978331619331> 미드 이즈 픽률이
17시 54분 / 병신들 <실험 | 하리하루 | 758963978331619331> 스카너 픽률보다
17시 54분 / 병신들 <실험 | 하리하루 | 758963978331619331> 높노
18시 31분 / [정보] ======================
18시 31분 / [정보] < 구동 완료 >
18시 31분 / [정보] ======================
19시 13분 / 병신들 <🧬정신나간-호재 | 박병현 | 690902795452416043> zzzzzzzzzzzzz
19시 13분 / 병신들 <🧬정신나간-호재 | 박병현 | 690902795452416043> 그게 맞는거냐??ㅋㅋㅋㅋ
19시 13분 / 병신들 <🧬정신나간-호재 | MURYAN | 397036116676575233> 그러게
19시 13분 / 병신들 <🧬정신나간-호재 | MURYAN | 397036116676575233> 해 다 지고
19시 13분 / 병신들 <🧬정신나간-호재 | MURYAN | 397036116676575233> 캄캄한이시간에
19시 13분 / 병신들 <🧬정신나간-호재 | MURYAN | 397036116676575233> 학원가는게
19시 13분 / 병신들 <🧬정신나간-호재 | MURYAN | 397036116676575233> 맞는거냐
19시 13분 / 병신들 <🧬정신나간-호재 | 박병현 | 690902795452416043> 난
19시 13분 / 병신들 <🧬정신나간-호재 | 박병현 | 690902795452416043> 집도착
19시 13분 / 병신들 <🧬정신나간-호재 | 박병현 | 690902795452416043> 한지 좀 됬는젱
19시 14분 / 병신들 <🧬정신나간-호재 | 박병현 | 690902795452416043> 죠스바 빨고 있는뎁
19시 32분 / [정보] c:\Users\82105\Desktop\Project\Discord\DiscordBot_Gwen\cogs\AdminCommand.py 로드 완료
19시 32분 / [정보] c:\Users\82105\Desktop\Project\Discord\DiscordBot_Gwen\cogs\event.py 로드 완료
19시 32분 / [정보] c:\Users\82105\Desktop\Project\Discord\DiscordBot_Gwen\cogs\Favorability.py 로드 완료
19시 32분 / [정보] c:\Users\82105\Desktop\Project\Discord\DiscordBot_Gwen\cogs\NormalCommandBot.py 로드 완료
19시 32분 / [정보] c:\Users\82105\Desktop\Project\Discord\DiscordBot_Gwen\cogs\SearchCommand.py 로드 완료
19시 32분 / [정보] ======================
19시 32분 / [정보] < 구동 완료 >
19시 32분 / [정보] ======================
19시 32분 / 봇서버 <일반 | 하리하루 | 758963978331619331> !학습 이제 부터
19시 32분 / [오류] Traceback (most recent call last):
  File "C:\Users\82105\AppData\Local\Programs\Python\Python39\lib\site-packages\discord\ext\commands\core.py", line 85, in wrapped
    ret = await coro(*args, **kwargs)
  File "c:\Users\82105\Desktop\Project\Discord\DiscordBot_Gwen\cogs\Favorability.py", line 19, in 학습
    word = ctx.split(" ")
AttributeError: 'Context' object has no attribute 'split'

The above exception was the direct cause of the following exception:

Traceback (most recent call last):
  File "c:\Users\82105\Desktop\Project\Discord\DiscordBot_Gwen\utils\logger.py", line 22, in err
    raise error
  File "C:\Users\82105\AppData\Local\Programs\Python\Python39\lib\site-packages\discord\ext\commands\bot.py", line 939, in invoke
    await ctx.command.invoke(ctx)
  File "C:\Users\82105\AppData\Local\Programs\Python\Python39\lib\site-packages\discord\ext\commands\core.py", line 863, in invoke
    await injected(*ctx.args, **ctx.kwargs)
  File "C:\Users\82105\AppData\Local\Programs\Python\Python39\lib\site-packages\discord\ext\commands\core.py", line 94, in wrapped
    raise CommandInvokeError(exc) from exc
discord.ext.commands.errors.CommandInvokeError: Command raised an exception: AttributeError: 'Context' object has no attribute 'split'



19시 34분 / 봇서버 <일반 | 하리하루 | 758963978331619331> !미드 아칼리
19시 34분 / 봇서버 <일반 | 하리하루 | 758963978331619331> !미드 조이
19시 36분 / 봇서버 <일반 | 하리하루 | 758963978331619331> 그웬아 김강냉 ㅄ
19시 38분 / 봇서버 <일반 | 하리하루 | 758963978331619331> !학습 ㅇ ㅇ
19시 38분 / [오류] Traceback (most recent call last):
  File "C:\Users\82105\AppData\Local\Programs\Python\Python39\lib\site-packages\discord\ext\commands\core.py", line 85, in wrapped
    ret = await coro(*args, **kwargs)
  File "c:\Users\82105\Desktop\Project\Discord\DiscordBot_Gwen\cogs\Favorability.py", line 19, in 학습
    word = ctx.split(" ")
AttributeError: 'Context' object has no attribute 'split'

The above exception was the direct cause of the following exception:

Traceback (most recent call last):
  File "c:\Users\82105\Desktop\Project\Discord\DiscordBot_Gwen\utils\logger.py", line 22, in err
    raise error
  File "C:\Users\82105\AppData\Local\Programs\Python\Python39\lib\site-packages\discord\ext\commands\bot.py", line 939, in invoke
    await ctx.command.invoke(ctx)
  File "C:\Users\82105\AppData\Local\Programs\Python\Python39\lib\site-packages\discord\ext\commands\core.py", line 863, in invoke
    await injected(*ctx.args, **ctx.kwargs)
  File "C:\Users\82105\AppData\Local\Programs\Python\Python39\lib\site-packages\discord\ext\commands\core.py", line 94, in wrapped
    raise CommandInvokeError(exc) from exc
discord.ext.commands.errors.CommandInvokeError: Command raised an exception: AttributeError: 'Context' object has no attribute 'split'



19시 38분 / 봇서버 <일반 | 하리하루 | 758963978331619331> !restart
19시 38분 / [정보] c:\Users\82105\Desktop\Project\Discord\DiscordBot_Gwen\cogs\AdminCommand.py 로드 완료
19시 38분 / [정보] 'AdminCommand' reload complete
19시 38분 / [정보] c:\Users\82105\Desktop\Project\Discord\DiscordBot_Gwen\cogs\event.py 로드 완료
19시 38분 / [정보] 'event' reload complete
19시 38분 / [정보] c:\Users\82105\Desktop\Project\Discord\DiscordBot_Gwen\cogs\Favorability.py 로드 완료
19시 38분 / [정보] 'Favorability' reload complete
19시 38분 / [정보] c:\Users\82105\Desktop\Project\Discord\DiscordBot_Gwen\cogs\NormalCommandBot.py 로드 완료
19시 38분 / [정보] 'NormalCommandBot' reload complete
19시 38분 / [정보] c:\Users\82105\Desktop\Project\Discord\DiscordBot_Gwen\cogs\SearchCommand.py 로드 완료
19시 38분 / [정보] 'SearchCommand' reload complete
19시 38분 / 봇서버 <일반 | 하리하루 | 758963978331619331> !학습 ㅇ ㅇ
19시 38분 / [오류] Traceback (most recent call last):
  File "C:\Users\82105\AppData\Local\Programs\Python\Python39\lib\site-packages\discord\ext\commands\core.py", line 85, in wrapped
    ret = await coro(*args, **kwargs)
  File "c:\Users\82105\Desktop\Project\Discord\DiscordBot_Gwen\cogs\Favorability.py", line 19, in 학습
    word = ctx.split(" ")
AttributeError: 'Context' object has no attribute 'split'

The above exception was the direct cause of the following exception:

Traceback (most recent call last):
  File "c:\Users\82105\Desktop\Project\Discord\DiscordBot_Gwen\utils\logger.py", line 22, in err
    raise error
  File "C:\Users\82105\AppData\Local\Programs\Python\Python39\lib\site-packages\discord\ext\commands\bot.py", line 939, in invoke
    await ctx.command.invoke(ctx)
  File "C:\Users\82105\AppData\Local\Programs\Python\Python39\lib\site-packages\discord\ext\commands\core.py", line 863, in invoke
    await injected(*ctx.args, **ctx.kwargs)
  File "C:\Users\82105\AppData\Local\Programs\Python\Python39\lib\site-packages\discord\ext\commands\core.py", line 94, in wrapped
    raise CommandInvokeError(exc) from exc
discord.ext.commands.errors.CommandInvokeError: Command raised an exception: AttributeError: 'Context' object has no attribute 'split'



19시 39분 / 봇서버 <일반 | 하리하루 | 758963978331619331> !restart
19시 39분 / [정보] c:\Users\82105\Desktop\Project\Discord\DiscordBot_Gwen\cogs\AdminCommand.py 로드 완료
19시 39분 / [정보] 'AdminCommand' reload complete
19시 39분 / [정보] c:\Users\82105\Desktop\Project\Discord\DiscordBot_Gwen\cogs\event.py 로드 완료
19시 39분 / [정보] 'event' reload complete
19시 39분 / [정보] c:\Users\82105\Desktop\Project\Discord\DiscordBot_Gwen\cogs\Favorability.py 로드 완료
19시 39분 / [정보] 'Favorability' reload complete
19시 39분 / [정보] c:\Users\82105\Desktop\Project\Discord\DiscordBot_Gwen\cogs\NormalCommandBot.py 로드 완료
19시 39분 / [정보] 'NormalCommandBot' reload complete
19시 39분 / [정보] c:\Users\82105\Desktop\Project\Discord\DiscordBot_Gwen\cogs\SearchCommand.py 로드 완료
19시 39분 / [정보] 'SearchCommand' reload complete
19시 39분 / 봇서버 <일반 | 하리하루 | 758963978331619331> !학습 ㅇ ㅇ
19시 39분 / [오류] Traceback (most recent call last):
  File "C:\Users\82105\AppData\Local\Programs\Python\Python39\lib\site-packages\discord\ext\commands\core.py", line 85, in wrapped
    ret = await coro(*args, **kwargs)
  File "c:\Users\82105\Desktop\Project\Discord\DiscordBot_Gwen\cogs\Favorability.py", line 19, in 학습
    word = ctx.split(" ")
AttributeError: 'Context' object has no attribute 'split'

The above exception was the direct cause of the following exception:

Traceback (most recent call last):
  File "c:\Users\82105\Desktop\Project\Discord\DiscordBot_Gwen\utils\logger.py", line 22, in err
    raise error
  File "C:\Users\82105\AppData\Local\Programs\Python\Python39\lib\site-packages\discord\ext\commands\bot.py", line 939, in invoke
    await ctx.command.invoke(ctx)
  File "C:\Users\82105\AppData\Local\Programs\Python\Python39\lib\site-packages\discord\ext\commands\core.py", line 863, in invoke
    await injected(*ctx.args, **ctx.kwargs)
  File "C:\Users\82105\AppData\Local\Programs\Python\Python39\lib\site-packages\discord\ext\commands\core.py", line 94, in wrapped
    raise CommandInvokeError(exc) from exc
discord.ext.commands.errors.CommandInvokeError: Command raised an exception: AttributeError: 'Context' object has no attribute 'split'



21시 41분 / [정보] ======================
21시 41분 / [정보] < 구동 완료 >
21시 41분 / [정보] ======================
21시 59분 / 병신들 <실험 | T̴͖̃r̵̍͘1̸͑͠á̸́ỉ̶̍ň̴̒a̴̍͒ | 496627750858260480> <@!758963978331619331> 마크 쉐이더 보내줘
21시 59분 / 병신들 <실험 | T̴͖̃r̵̍͘1̸͑͠á̸́ỉ̶̍ň̴̒a̴̍͒ | 496627750858260480> 응애
22시 53분 / 병신들 <🧬정신나간-호재 | 김강냉 | 582041127323041813> ?
23시 26분 / 병신들 <실험 | 하리하루 | 758963978331619331> !원딜 아크샨
