00ì‹œ 03ë¶„ / ë³‘ì‹ ë“¤ <ì‹¤í—˜ | ê¹€ê°•ëƒ‰ | 582041127323041813> https://youtu.be/4W0uOIubCDA
00ì‹œ 03ë¶„ / [ì •ë³´] ê¹€ê°•ëƒ‰ì´(ê°€) 'https://youtu.be/4W0uOIubCDA' ë©”ì‹œì§€ë¥¼ 'https://youtu.be/4W0uOIubCDA' ë¡œ ìˆ˜ì •
00ì‹œ 03ë¶„ / ë³‘ì‹ ë“¤ <ì‹¤í—˜ | ê¹€ê°•ëƒ‰ | 582041127323041813> ì‚¬ì „ì˜ˆì•½ ã…‡ ã…¡ã…‡ì• 
00ì‹œ 34ë¶„ / ë³‘ì‹ ë“¤ <ğŸ“©ì±„íŒ…ì°½ | ë°•ë³‘í˜„ | 690902795452416043> <@!595209237920088074> ì•„ê¹ŒëŠ” ë„ˆë¬´ ì •ì‹ ì—†ì—ˆìŒ.....ã…ˆã……ã…ˆã…… ã… ã… 
01ì‹œ 01ë¶„ / ë³‘ì‹ ë“¤ <ì‹¤í—˜ | ping | 669911401183182848> ë“œë””ì–´ ë ˆì•œì´
02ì‹œ 35ë¶„ / ë³‘ì‹ ë“¤ <ğŸ“©ì±„íŒ…ì°½ | ì¬í˜„ | 595209237920088074> ã…‹ã…‹ã…‹ã…‹ã…‹ ã„±ã…Šã„±ã…Š
04ì‹œ 27ë¶„ / ë³‘ì‹ ë“¤ <ğŸ“©ì±„íŒ…ì°½ | ê¹€ê°•ëƒ‰ | 582041127323041813> https://youtu.be/o2XGl8PLLlI
04ì‹œ 27ë¶„ / ë³‘ì‹ ë“¤ <ğŸ“©ì±„íŒ…ì°½ | ê¹€ê°•ëƒ‰ | 582041127323041813> ë ˆë°€ë¦¬ì•„ëŠ” ì™œë‚˜ì˜¤ê³ 
04ì‹œ 27ë¶„ / ë³‘ì‹ ë“¤ <ğŸ“©ì±„íŒ…ì°½ | ê¹€ê°•ëƒ‰ | 582041127323041813> ê³¼ë¡œì‚¬ëŠ” ì”¬ìŠ¤í‹¸ëŸ¬ë…¸ ã…‹ã…‹ã…‹ã…‹ã…‹ã…‹ã…‹
04ì‹œ 27ë¶„ / ë³‘ì‹ ë“¤ <ğŸ“©ì±„íŒ…ì°½ | ê¹€ê°•ëƒ‰ | 582041127323041813> ê·¸ì € ë ˆë°€ê°“,,
11ì‹œ 44ë¶„ / [ì •ë³´] ======================
11ì‹œ 44ë¶„ / [ì •ë³´] < êµ¬ë™ ì™„ë£Œ >
11ì‹œ 44ë¶„ / [ì •ë³´] ======================
11ì‹œ 59ë¶„ / ë³‘ì‹ ë“¤ <ì‹¤í—˜ | í•˜ë¦¬í•˜ë£¨ | 758963978331619331> !íŒ¨ì¹˜ ë…¸íŠ¸
12ì‹œ 00ë¶„ / ë³‘ì‹ ë“¤ <ì‹¤í—˜ | í•˜ë¦¬í•˜ë£¨ | 758963978331619331> !restart
12ì‹œ 00ë¶„ / [ì •ë³´] c:\Users\82105\Desktop\Project\Discord\DiscordBot_Gwen\cogs\AdminCommand.py ë¡œë“œ ì™„ë£Œ
12ì‹œ 00ë¶„ / [ì •ë³´] 'AdminCommand' ë‹¤ì‹œ ë¶ˆëŸ¬ì˜´
12ì‹œ 00ë¶„ / [ì •ë³´] c:\Users\82105\Desktop\Project\Discord\DiscordBot_Gwen\cogs\event.py ë¡œë“œ ì™„ë£Œ
12ì‹œ 00ë¶„ / [ì •ë³´] 'event' ë‹¤ì‹œ ë¶ˆëŸ¬ì˜´
12ì‹œ 00ë¶„ / [ì •ë³´] c:\Users\82105\Desktop\Project\Discord\DiscordBot_Gwen\cogs\NormalCommandBot.py ë¡œë“œ ì™„ë£Œ
12ì‹œ 00ë¶„ / [ì •ë³´] 'NormalCommandBot' ë‹¤ì‹œ ë¶ˆëŸ¬ì˜´
12ì‹œ 00ë¶„ / [ì •ë³´] c:\Users\82105\Desktop\Project\Discord\DiscordBot_Gwen\cogs\SearchCommand.py ë¡œë“œ ì™„ë£Œ
12ì‹œ 00ë¶„ / [ì •ë³´] 'SearchCommand' ë‹¤ì‹œ ë¶ˆëŸ¬ì˜´
12ì‹œ 00ë¶„ / ë³‘ì‹ ë“¤ <ì‹¤í—˜ | í•˜ë¦¬í•˜ë£¨ | 758963978331619331> !íŒ¨ì¹˜ ë…¸íŠ¸
13ì‹œ 04ë¶„ / ë³‘ì‹ ë“¤ <ì‹¤í—˜ | í•˜ë¦¬í•˜ë£¨ | 758963978331619331> ???
13ì‹œ 04ë¶„ / ë³‘ì‹ ë“¤ <ğŸ“©ì±„íŒ…ì°½ | í•˜ë¦¬í•˜ë£¨ | 758963978331619331> ì™œ
13ì‹œ 04ë¶„ / ë³‘ì‹ ë“¤ <ğŸ“©ì±„íŒ…ì°½ | í•˜ë¦¬í•˜ë£¨ | 758963978331619331> ì˜¤ê³ 
13ì‹œ 04ë¶„ / ë³‘ì‹ ë“¤ <ğŸ“©ì±„íŒ…ì°½ | í•˜ë¦¬í•˜ë£¨ | 758963978331619331> ê°€ë…¸
13ì‹œ 04ë¶„ / ë³‘ì‹ ë“¤ <ğŸ“©ì±„íŒ…ì°½ | ë°•ë³‘í˜„ | 690902795452416043> í•™ì›ì¸ë°
13ì‹œ 04ë¶„ / ë³‘ì‹ ë“¤ <ğŸ“©ì±„íŒ…ì°½ | ë°•ë³‘í˜„ | 690902795452416043> ì—ì–´íŒŸ ë§ë„ ê°‘ìê¸°
13ì‹œ 05ë¶„ / ë³‘ì‹ ë“¤ <ğŸ“©ì±„íŒ…ì°½ | ë°•ë³‘í˜„ | 690902795452416043> í°ìœ¼ë¡œ ë‹ˆ ì†Œë¦¬ ë“¤ë¦¬ê¸¸ë˜ ê°œ ë†€ëŒ
13ì‹œ 06ë¶„ / ë³‘ì‹ ë“¤ <ğŸ“©ì±„íŒ…ì°½ | ë°•ë³‘í˜„ | 690902795452416043> ë­”ì§„ ëª¨ë¥´ê²Œã…†ì§€ë§Œ
13ì‹œ 06ë¶„ / ë³‘ì‹ ë“¤ <ğŸ“©ì±„íŒ…ì°½ | ë°•ë³‘í˜„ | 690902795452416043> ì¬ë°Œê²Œ í•˜ì‹œê³ ~
13ì‹œ 06ë¶„ / ë³‘ì‹ ë“¤ <ğŸ“©ì±„íŒ…ì°½ | ë°•ë³‘í˜„ | 690902795452416043> ë‚œ ë‹¤ì‹œ ê°‘ë‹ˆë‹¤;;
13ì‹œ 41ë¶„ / ë³‘ì‹ ë“¤ <ì‹¤í—˜ | í•˜ë¦¬í•˜ë£¨ | 758963978331619331> !restart
13ì‹œ 41ë¶„ / [ì •ë³´] c:\Users\82105\Desktop\Project\Discord\DiscordBot_Gwen\cogs\AdminCommand.py ë¡œë“œ ì™„ë£Œ
13ì‹œ 41ë¶„ / [ì •ë³´] 'AdminCommand' ë‹¤ì‹œ ë¶ˆëŸ¬ì˜´
13ì‹œ 41ë¶„ / [ì •ë³´] c:\Users\82105\Desktop\Project\Discord\DiscordBot_Gwen\cogs\event.py ë¡œë“œ ì™„ë£Œ
13ì‹œ 41ë¶„ / [ì •ë³´] 'event' ë‹¤ì‹œ ë¶ˆëŸ¬ì˜´
13ì‹œ 41ë¶„ / [ì •ë³´] c:\Users\82105\Desktop\Project\Discord\DiscordBot_Gwen\cogs\NormalCommandBot.py ë¡œë“œ ì™„ë£Œ
13ì‹œ 41ë¶„ / [ì •ë³´] 'NormalCommandBot' ë‹¤ì‹œ ë¶ˆëŸ¬ì˜´
13ì‹œ 41ë¶„ / [ì •ë³´] c:\Users\82105\Desktop\Project\Discord\DiscordBot_Gwen\cogs\SearchCommand.py ë¡œë“œ ì™„ë£Œ
13ì‹œ 41ë¶„ / [ì •ë³´] 'SearchCommand' ë‹¤ì‹œ ë¶ˆëŸ¬ì˜´
13ì‹œ 42ë¶„ / ë³‘ì‹ ë“¤ <ì‹¤í—˜ | í•˜ë¦¬í•˜ë£¨ | 758963978331619331> !ì±”í”¼ì–¸ ì¡°ì´
13ì‹œ 42ë¶„ / [ì˜¤ë¥˜] Traceback (most recent call last):
  File "C:\Users\82105\AppData\Local\Programs\Python\Python39\lib\site-packages\discord\ext\commands\core.py", line 85, in wrapped
    ret = await coro(*args, **kwargs)
  File "c:\Users\82105\Desktop\Project\Discord\DiscordBot_Gwen\cogs\SearchCommand.py", line 211, in ì±”í”¼ì–¸
    Background.paste(getImg(SeleLune_list[0], 200,200), (250,200))
IndexError: list index out of range

The above exception was the direct cause of the following exception:

Traceback (most recent call last):
  File "c:\Users\82105\Desktop\Project\Discord\DiscordBot_Gwen\utils\logger.py", line 22, in err
    raise error
  File "C:\Users\82105\AppData\Local\Programs\Python\Python39\lib\site-packages\discord\ext\commands\bot.py", line 939, in invoke
    await ctx.command.invoke(ctx)
  File "C:\Users\82105\AppData\Local\Programs\Python\Python39\lib\site-packages\discord\ext\commands\core.py", line 863, in invoke
    await injected(*ctx.args, **ctx.kwargs)
  File "C:\Users\82105\AppData\Local\Programs\Python\Python39\lib\site-packages\discord\ext\commands\core.py", line 94, in wrapped
    raise CommandInvokeError(exc) from exc
discord.ext.commands.errors.CommandInvokeError: Command raised an exception: IndexError: list index out of range



13ì‹œ 42ë¶„ / ë³‘ì‹ ë“¤ <ì‹¤í—˜ | í•˜ë¦¬í•˜ë£¨ | 758963978331619331> !restart
13ì‹œ 42ë¶„ / [ì •ë³´] c:\Users\82105\Desktop\Project\Discord\DiscordBot_Gwen\cogs\AdminCommand.py ë¡œë“œ ì™„ë£Œ
13ì‹œ 42ë¶„ / [ì •ë³´] 'AdminCommand' ë‹¤ì‹œ ë¶ˆëŸ¬ì˜´
13ì‹œ 42ë¶„ / [ì •ë³´] c:\Users\82105\Desktop\Project\Discord\DiscordBot_Gwen\cogs\event.py ë¡œë“œ ì™„ë£Œ
13ì‹œ 42ë¶„ / [ì •ë³´] 'event' ë‹¤ì‹œ ë¶ˆëŸ¬ì˜´
13ì‹œ 42ë¶„ / [ì •ë³´] c:\Users\82105\Desktop\Project\Discord\DiscordBot_Gwen\cogs\NormalCommandBot.py ë¡œë“œ ì™„ë£Œ
13ì‹œ 42ë¶„ / [ì •ë³´] 'NormalCommandBot' ë‹¤ì‹œ ë¶ˆëŸ¬ì˜´
13ì‹œ 42ë¶„ / [ì •ë³´] c:\Users\82105\Desktop\Project\Discord\DiscordBot_Gwen\cogs\SearchCommand.py ë¡œë“œ ì™„ë£Œ
13ì‹œ 42ë¶„ / [ì •ë³´] 'SearchCommand' ë‹¤ì‹œ ë¶ˆëŸ¬ì˜´
13ì‹œ 42ë¶„ / ë³‘ì‹ ë“¤ <ì‹¤í—˜ | í•˜ë¦¬í•˜ë£¨ | 758963978331619331> !ì±”í”¼ì–¸ ì¡°ì´
13ì‹œ 42ë¶„ / [ì˜¤ë¥˜] Traceback (most recent call last):
  File "C:\Users\82105\AppData\Local\Programs\Python\Python39\lib\site-packages\discord\ext\commands\core.py", line 85, in wrapped
    ret = await coro(*args, **kwargs)
  File "c:\Users\82105\Desktop\Project\Discord\DiscordBot_Gwen\cogs\SearchCommand.py", line 211, in ì±”í”¼ì–¸
    Background.paste(getImg(SeleLune_list[0], 200,200), (250,200))
IndexError: list index out of range

The above exception was the direct cause of the following exception:

Traceback (most recent call last):
  File "c:\Users\82105\Desktop\Project\Discord\DiscordBot_Gwen\utils\logger.py", line 22, in err
    raise error
  File "C:\Users\82105\AppData\Local\Programs\Python\Python39\lib\site-packages\discord\ext\commands\bot.py", line 939, in invoke
    await ctx.command.invoke(ctx)
  File "C:\Users\82105\AppData\Local\Programs\Python\Python39\lib\site-packages\discord\ext\commands\core.py", line 863, in invoke
    await injected(*ctx.args, **ctx.kwargs)
  File "C:\Users\82105\AppData\Local\Programs\Python\Python39\lib\site-packages\discord\ext\commands\core.py", line 94, in wrapped
    raise CommandInvokeError(exc) from exc
discord.ext.commands.errors.CommandInvokeError: Command raised an exception: IndexError: list index out of range



13ì‹œ 43ë¶„ / ë³‘ì‹ ë“¤ <ì‹¤í—˜ | í•˜ë¦¬í•˜ë£¨ | 758963978331619331> !restart
13ì‹œ 43ë¶„ / [ì •ë³´] c:\Users\82105\Desktop\Project\Discord\DiscordBot_Gwen\cogs\AdminCommand.py ë¡œë“œ ì™„ë£Œ
13ì‹œ 43ë¶„ / [ì •ë³´] 'AdminCommand' ë‹¤ì‹œ ë¶ˆëŸ¬ì˜´
13ì‹œ 43ë¶„ / [ì •ë³´] c:\Users\82105\Desktop\Project\Discord\DiscordBot_Gwen\cogs\event.py ë¡œë“œ ì™„ë£Œ
13ì‹œ 43ë¶„ / [ì •ë³´] 'event' ë‹¤ì‹œ ë¶ˆëŸ¬ì˜´
13ì‹œ 43ë¶„ / [ì •ë³´] c:\Users\82105\Desktop\Project\Discord\DiscordBot_Gwen\cogs\NormalCommandBot.py ë¡œë“œ ì™„ë£Œ
13ì‹œ 43ë¶„ / [ì •ë³´] 'NormalCommandBot' ë‹¤ì‹œ ë¶ˆëŸ¬ì˜´
13ì‹œ 43ë¶„ / [ì •ë³´] c:\Users\82105\Desktop\Project\Discord\DiscordBot_Gwen\cogs\SearchCommand.py ë¡œë“œ ì™„ë£Œ
13ì‹œ 43ë¶„ / [ì •ë³´] 'SearchCommand' ë‹¤ì‹œ ë¶ˆëŸ¬ì˜´
13ì‹œ 44ë¶„ / ë³‘ì‹ ë“¤ <ì‹¤í—˜ | í•˜ë¦¬í•˜ë£¨ | 758963978331619331> !ì±”í”¼ì–¸ ì¡°ì´
13ì‹œ 44ë¶„ / [ì˜¤ë¥˜] Traceback (most recent call last):
  File "C:\Users\82105\AppData\Local\Programs\Python\Python39\lib\site-packages\discord\ext\commands\core.py", line 85, in wrapped
    ret = await coro(*args, **kwargs)
  File "c:\Users\82105\Desktop\Project\Discord\DiscordBot_Gwen\cogs\SearchCommand.py", line 211, in ì±”í”¼ì–¸
    Background.paste(getImg(SeleLune_list[0], 200,200), (250,200))
IndexError: list index out of range

The above exception was the direct cause of the following exception:

Traceback (most recent call last):
  File "c:\Users\82105\Desktop\Project\Discord\DiscordBot_Gwen\utils\logger.py", line 22, in err
    raise error
  File "C:\Users\82105\AppData\Local\Programs\Python\Python39\lib\site-packages\discord\ext\commands\bot.py", line 939, in invoke
    await ctx.command.invoke(ctx)
  File "C:\Users\82105\AppData\Local\Programs\Python\Python39\lib\site-packages\discord\ext\commands\core.py", line 863, in invoke
    await injected(*ctx.args, **ctx.kwargs)
  File "C:\Users\82105\AppData\Local\Programs\Python\Python39\lib\site-packages\discord\ext\commands\core.py", line 94, in wrapped
    raise CommandInvokeError(exc) from exc
discord.ext.commands.errors.CommandInvokeError: Command raised an exception: IndexError: list index out of range



13ì‹œ 44ë¶„ / ë³‘ì‹ ë“¤ <ì‹¤í—˜ | í•˜ë¦¬í•˜ë£¨ | 758963978331619331> !restart
13ì‹œ 44ë¶„ / [ì •ë³´] c:\Users\82105\Desktop\Project\Discord\DiscordBot_Gwen\cogs\AdminCommand.py ë¡œë“œ ì™„ë£Œ
13ì‹œ 44ë¶„ / [ì •ë³´] 'AdminCommand' ë‹¤ì‹œ ë¶ˆëŸ¬ì˜´
13ì‹œ 44ë¶„ / [ì •ë³´] c:\Users\82105\Desktop\Project\Discord\DiscordBot_Gwen\cogs\event.py ë¡œë“œ ì™„ë£Œ
13ì‹œ 44ë¶„ / [ì •ë³´] 'event' ë‹¤ì‹œ ë¶ˆëŸ¬ì˜´
13ì‹œ 44ë¶„ / [ì •ë³´] c:\Users\82105\Desktop\Project\Discord\DiscordBot_Gwen\cogs\NormalCommandBot.py ë¡œë“œ ì™„ë£Œ
13ì‹œ 44ë¶„ / [ì •ë³´] 'NormalCommandBot' ë‹¤ì‹œ ë¶ˆëŸ¬ì˜´
13ì‹œ 44ë¶„ / [ì •ë³´] c:\Users\82105\Desktop\Project\Discord\DiscordBot_Gwen\cogs\SearchCommand.py ë¡œë“œ ì™„ë£Œ
13ì‹œ 44ë¶„ / [ì •ë³´] 'SearchCommand' ë‹¤ì‹œ ë¶ˆëŸ¬ì˜´
13ì‹œ 44ë¶„ / ë³‘ì‹ ë“¤ <ì‹¤í—˜ | í•˜ë¦¬í•˜ë£¨ | 758963978331619331> !ì±”í”¼ì–¸ ì¡°ì´
13ì‹œ 48ë¶„ / ë³‘ì‹ ë“¤ <ì‹¤í—˜ | í•˜ë¦¬í•˜ë£¨ | 758963978331619331> !restart
13ì‹œ 48ë¶„ / [ì •ë³´] c:\Users\82105\Desktop\Project\Discord\DiscordBot_Gwen\cogs\AdminCommand.py ë¡œë“œ ì™„ë£Œ
13ì‹œ 48ë¶„ / [ì •ë³´] 'AdminCommand' ë‹¤ì‹œ ë¶ˆëŸ¬ì˜´
13ì‹œ 48ë¶„ / [ì •ë³´] c:\Users\82105\Desktop\Project\Discord\DiscordBot_Gwen\cogs\event.py ë¡œë“œ ì™„ë£Œ
13ì‹œ 48ë¶„ / [ì •ë³´] 'event' ë‹¤ì‹œ ë¶ˆëŸ¬ì˜´
13ì‹œ 48ë¶„ / [ì •ë³´] c:\Users\82105\Desktop\Project\Discord\DiscordBot_Gwen\cogs\NormalCommandBot.py ë¡œë“œ ì™„ë£Œ
13ì‹œ 48ë¶„ / [ì •ë³´] 'NormalCommandBot' ë‹¤ì‹œ ë¶ˆëŸ¬ì˜´
13ì‹œ 48ë¶„ / [ì •ë³´] c:\Users\82105\Desktop\Project\Discord\DiscordBot_Gwen\cogs\SearchCommand.py ë¡œë“œ ì™„ë£Œ
13ì‹œ 48ë¶„ / [ì •ë³´] 'SearchCommand' ë‹¤ì‹œ ë¶ˆëŸ¬ì˜´
13ì‹œ 48ë¶„ / ë³‘ì‹ ë“¤ <ì‹¤í—˜ | í•˜ë¦¬í•˜ë£¨ | 758963978331619331> !ì±”í”¼ì–¸ ì¡°ì´
13ì‹œ 48ë¶„ / [ì˜¤ë¥˜] Traceback (most recent call last):
  File "C:\Users\82105\AppData\Local\Programs\Python\Python39\lib\site-packages\discord\ext\commands\core.py", line 85, in wrapped
    ret = await coro(*args, **kwargs)
  File "c:\Users\82105\Desktop\Project\Discord\DiscordBot_Gwen\cogs\SearchCommand.py", line 211, in ì±”í”¼ì–¸
    Background.paste(getImg(SeleLune_list[0], 200,200), (250,200))
IndexError: list index out of range

The above exception was the direct cause of the following exception:

Traceback (most recent call last):
  File "c:\Users\82105\Desktop\Project\Discord\DiscordBot_Gwen\utils\logger.py", line 22, in err
    raise error
  File "C:\Users\82105\AppData\Local\Programs\Python\Python39\lib\site-packages\discord\ext\commands\bot.py", line 939, in invoke
    await ctx.command.invoke(ctx)
  File "C:\Users\82105\AppData\Local\Programs\Python\Python39\lib\site-packages\discord\ext\commands\core.py", line 863, in invoke
    await injected(*ctx.args, **ctx.kwargs)
  File "C:\Users\82105\AppData\Local\Programs\Python\Python39\lib\site-packages\discord\ext\commands\core.py", line 94, in wrapped
    raise CommandInvokeError(exc) from exc
discord.ext.commands.errors.CommandInvokeError: Command raised an exception: IndexError: list index out of range



13ì‹œ 49ë¶„ / ë³‘ì‹ ë“¤ <ì‹¤í—˜ | í•˜ë¦¬í•˜ë£¨ | 758963978331619331> !restart
13ì‹œ 49ë¶„ / [ì •ë³´] c:\Users\82105\Desktop\Project\Discord\DiscordBot_Gwen\cogs\AdminCommand.py ë¡œë“œ ì™„ë£Œ
13ì‹œ 49ë¶„ / [ì •ë³´] 'AdminCommand' ë‹¤ì‹œ ë¶ˆëŸ¬ì˜´
13ì‹œ 49ë¶„ / [ì •ë³´] c:\Users\82105\Desktop\Project\Discord\DiscordBot_Gwen\cogs\event.py ë¡œë“œ ì™„ë£Œ
13ì‹œ 49ë¶„ / [ì •ë³´] 'event' ë‹¤ì‹œ ë¶ˆëŸ¬ì˜´
13ì‹œ 49ë¶„ / [ì •ë³´] c:\Users\82105\Desktop\Project\Discord\DiscordBot_Gwen\cogs\NormalCommandBot.py ë¡œë“œ ì™„ë£Œ
13ì‹œ 49ë¶„ / [ì •ë³´] 'NormalCommandBot' ë‹¤ì‹œ ë¶ˆëŸ¬ì˜´
13ì‹œ 49ë¶„ / [ì •ë³´] c:\Users\82105\Desktop\Project\Discord\DiscordBot_Gwen\cogs\SearchCommand.py ë¡œë“œ ì™„ë£Œ
13ì‹œ 49ë¶„ / [ì •ë³´] 'SearchCommand' ë‹¤ì‹œ ë¶ˆëŸ¬ì˜´
13ì‹œ 49ë¶„ / ë³‘ì‹ ë“¤ <ì‹¤í—˜ | í•˜ë¦¬í•˜ë£¨ | 758963978331619331> !ì±”í”¼ì–¸ ì¡°ì´
13ì‹œ 50ë¶„ / [ì •ë³´] 0
13ì‹œ 51ë¶„ / ë³‘ì‹ ë“¤ <ì‹¤í—˜ | í•˜ë¦¬í•˜ë£¨ | 758963978331619331> !ì±”í”¼ì–¸ ì•„ì¹¼ë¦¬
13ì‹œ 51ë¶„ / [ì •ë³´] 0
13ì‹œ 52ë¶„ / ë³‘ì‹ ë“¤ <ì‹¤í—˜ | í•˜ë¦¬í•˜ë£¨ | 758963978331619331> !restart
13ì‹œ 52ë¶„ / [ì •ë³´] c:\Users\82105\Desktop\Project\Discord\DiscordBot_Gwen\cogs\AdminCommand.py ë¡œë“œ ì™„ë£Œ
13ì‹œ 52ë¶„ / [ì •ë³´] 'AdminCommand' ë‹¤ì‹œ ë¶ˆëŸ¬ì˜´
13ì‹œ 52ë¶„ / [ì •ë³´] c:\Users\82105\Desktop\Project\Discord\DiscordBot_Gwen\cogs\event.py ë¡œë“œ ì™„ë£Œ
13ì‹œ 52ë¶„ / [ì •ë³´] 'event' ë‹¤ì‹œ ë¶ˆëŸ¬ì˜´
13ì‹œ 52ë¶„ / [ì •ë³´] c:\Users\82105\Desktop\Project\Discord\DiscordBot_Gwen\cogs\NormalCommandBot.py ë¡œë“œ ì™„ë£Œ
13ì‹œ 52ë¶„ / [ì •ë³´] 'NormalCommandBot' ë‹¤ì‹œ ë¶ˆëŸ¬ì˜´
13ì‹œ 52ë¶„ / [ì •ë³´] c:\Users\82105\Desktop\Project\Discord\DiscordBot_Gwen\cogs\SearchCommand.py ë¡œë“œ ì™„ë£Œ
13ì‹œ 52ë¶„ / [ì •ë³´] 'SearchCommand' ë‹¤ì‹œ ë¶ˆëŸ¬ì˜´
13ì‹œ 53ë¶„ / ë³‘ì‹ ë“¤ <ì‹¤í—˜ | í•˜ë¦¬í•˜ë£¨ | 758963978331619331> !ì±”í”¼ì–¸ ì•„ì¹¼ë¦¬
13ì‹œ 53ë¶„ / [ì •ë³´] 0
13ì‹œ 53ë¶„ / ë³‘ì‹ ë“¤ <ì‹¤í—˜ | í•˜ë¦¬í•˜ë£¨ | 758963978331619331> !restart
13ì‹œ 53ë¶„ / [ì •ë³´] c:\Users\82105\Desktop\Project\Discord\DiscordBot_Gwen\cogs\AdminCommand.py ë¡œë“œ ì™„ë£Œ
13ì‹œ 53ë¶„ / [ì •ë³´] 'AdminCommand' ë‹¤ì‹œ ë¶ˆëŸ¬ì˜´
13ì‹œ 53ë¶„ / [ì •ë³´] c:\Users\82105\Desktop\Project\Discord\DiscordBot_Gwen\cogs\event.py ë¡œë“œ ì™„ë£Œ
13ì‹œ 53ë¶„ / [ì •ë³´] 'event' ë‹¤ì‹œ ë¶ˆëŸ¬ì˜´
13ì‹œ 53ë¶„ / [ì •ë³´] c:\Users\82105\Desktop\Project\Discord\DiscordBot_Gwen\cogs\NormalCommandBot.py ë¡œë“œ ì™„ë£Œ
13ì‹œ 53ë¶„ / [ì •ë³´] 'NormalCommandBot' ë‹¤ì‹œ ë¶ˆëŸ¬ì˜´
13ì‹œ 53ë¶„ / [ì •ë³´] c:\Users\82105\Desktop\Project\Discord\DiscordBot_Gwen\cogs\SearchCommand.py ë¡œë“œ ì™„ë£Œ
13ì‹œ 53ë¶„ / [ì •ë³´] 'SearchCommand' ë‹¤ì‹œ ë¶ˆëŸ¬ì˜´
13ì‹œ 54ë¶„ / ë³‘ì‹ ë“¤ <ì‹¤í—˜ | í•˜ë¦¬í•˜ë£¨ | 758963978331619331> !ì±”í”¼ì–¸ ì•„ì¹¼ë¦¬
13ì‹œ 54ë¶„ / [ì˜¤ë¥˜] Traceback (most recent call last):
  File "C:\Users\82105\AppData\Local\Programs\Python\Python39\lib\site-packages\discord\ext\commands\core.py", line 85, in wrapped
    ret = await coro(*args, **kwargs)
  File "c:\Users\82105\Desktop\Project\Discord\DiscordBot_Gwen\cogs\SearchCommand.py", line 200, in ì±”í”¼ì–¸
    SeleLune = soup.find("div", attrs={"class":"perk-page__item  perk-page__item--active"}).find("img").get("src")
AttributeError: 'NoneType' object has no attribute 'find'

The above exception was the direct cause of the following exception:

Traceback (most recent call last):
  File "c:\Users\82105\Desktop\Project\Discord\DiscordBot_Gwen\utils\logger.py", line 22, in err
    raise error
  File "C:\Users\82105\AppData\Local\Programs\Python\Python39\lib\site-packages\discord\ext\commands\bot.py", line 939, in invoke
    await ctx.command.invoke(ctx)
  File "C:\Users\82105\AppData\Local\Programs\Python\Python39\lib\site-packages\discord\ext\commands\core.py", line 863, in invoke
    await injected(*ctx.args, **ctx.kwargs)
  File "C:\Users\82105\AppData\Local\Programs\Python\Python39\lib\site-packages\discord\ext\commands\core.py", line 94, in wrapped
    raise CommandInvokeError(exc) from exc
discord.ext.commands.errors.CommandInvokeError: Command raised an exception: AttributeError: 'NoneType' object has no attribute 'find'



13ì‹œ 54ë¶„ / ë³‘ì‹ ë“¤ <ì‹¤í—˜ | í•˜ë¦¬í•˜ë£¨ | 758963978331619331> !restart
13ì‹œ 54ë¶„ / [ì •ë³´] c:\Users\82105\Desktop\Project\Discord\DiscordBot_Gwen\cogs\AdminCommand.py ë¡œë“œ ì™„ë£Œ
13ì‹œ 54ë¶„ / [ì •ë³´] 'AdminCommand' ë‹¤ì‹œ ë¶ˆëŸ¬ì˜´
13ì‹œ 54ë¶„ / [ì •ë³´] c:\Users\82105\Desktop\Project\Discord\DiscordBot_Gwen\cogs\event.py ë¡œë“œ ì™„ë£Œ
13ì‹œ 54ë¶„ / [ì •ë³´] 'event' ë‹¤ì‹œ ë¶ˆëŸ¬ì˜´
13ì‹œ 54ë¶„ / [ì •ë³´] c:\Users\82105\Desktop\Project\Discord\DiscordBot_Gwen\cogs\NormalCommandBot.py ë¡œë“œ ì™„ë£Œ
13ì‹œ 54ë¶„ / [ì •ë³´] 'NormalCommandBot' ë‹¤ì‹œ ë¶ˆëŸ¬ì˜´
13ì‹œ 54ë¶„ / [ì •ë³´] c:\Users\82105\Desktop\Project\Discord\DiscordBot_Gwen\cogs\SearchCommand.py ë¡œë“œ ì™„ë£Œ
13ì‹œ 54ë¶„ / [ì •ë³´] 'SearchCommand' ë‹¤ì‹œ ë¶ˆëŸ¬ì˜´
13ì‹œ 54ë¶„ / ë³‘ì‹ ë“¤ <ì‹¤í—˜ | í•˜ë¦¬í•˜ë£¨ | 758963978331619331> !ì±”í”¼ì–¸ ì•„ì¹¼ë¦¬
13ì‹œ 54ë¶„ / [ì •ë³´] 0
13ì‹œ 56ë¶„ / ë³‘ì‹ ë“¤ <ì‹¤í—˜ | í•˜ë¦¬í•˜ë£¨ | 758963978331619331> !restart
13ì‹œ 56ë¶„ / [ì •ë³´] c:\Users\82105\Desktop\Project\Discord\DiscordBot_Gwen\cogs\AdminCommand.py ë¡œë“œ ì™„ë£Œ
13ì‹œ 56ë¶„ / [ì •ë³´] 'AdminCommand' ë‹¤ì‹œ ë¶ˆëŸ¬ì˜´
13ì‹œ 56ë¶„ / [ì •ë³´] c:\Users\82105\Desktop\Project\Discord\DiscordBot_Gwen\cogs\event.py ë¡œë“œ ì™„ë£Œ
13ì‹œ 56ë¶„ / [ì •ë³´] 'event' ë‹¤ì‹œ ë¶ˆëŸ¬ì˜´
13ì‹œ 56ë¶„ / [ì •ë³´] c:\Users\82105\Desktop\Project\Discord\DiscordBot_Gwen\cogs\NormalCommandBot.py ë¡œë“œ ì™„ë£Œ
13ì‹œ 56ë¶„ / [ì •ë³´] 'NormalCommandBot' ë‹¤ì‹œ ë¶ˆëŸ¬ì˜´
13ì‹œ 56ë¶„ / [ì •ë³´] c:\Users\82105\Desktop\Project\Discord\DiscordBot_Gwen\cogs\SearchCommand.py ë¡œë“œ ì™„ë£Œ
13ì‹œ 56ë¶„ / [ì •ë³´] 'SearchCommand' ë‹¤ì‹œ ë¶ˆëŸ¬ì˜´
13ì‹œ 56ë¶„ / ë³‘ì‹ ë“¤ <ì‹¤í—˜ | í•˜ë¦¬í•˜ë£¨ | 758963978331619331> !ì±”í”¼ì–¸ ì•„ì¹¼ë¦¬
13ì‹œ 56ë¶„ / [ì •ë³´] 0
13ì‹œ 57ë¶„ / ë³‘ì‹ ë“¤ <ì‹¤í—˜ | í•˜ë¦¬í•˜ë£¨ | 758963978331619331> !restart
13ì‹œ 57ë¶„ / [ì •ë³´] c:\Users\82105\Desktop\Project\Discord\DiscordBot_Gwen\cogs\AdminCommand.py ë¡œë“œ ì™„ë£Œ
13ì‹œ 57ë¶„ / [ì •ë³´] 'AdminCommand' ë‹¤ì‹œ ë¶ˆëŸ¬ì˜´
13ì‹œ 57ë¶„ / [ì •ë³´] c:\Users\82105\Desktop\Project\Discord\DiscordBot_Gwen\cogs\event.py ë¡œë“œ ì™„ë£Œ
13ì‹œ 57ë¶„ / [ì •ë³´] 'event' ë‹¤ì‹œ ë¶ˆëŸ¬ì˜´
13ì‹œ 57ë¶„ / [ì •ë³´] c:\Users\82105\Desktop\Project\Discord\DiscordBot_Gwen\cogs\NormalCommandBot.py ë¡œë“œ ì™„ë£Œ
13ì‹œ 57ë¶„ / [ì •ë³´] 'NormalCommandBot' ë‹¤ì‹œ ë¶ˆëŸ¬ì˜´
13ì‹œ 57ë¶„ / [ì •ë³´] c:\Users\82105\Desktop\Project\Discord\DiscordBot_Gwen\cogs\SearchCommand.py ë¡œë“œ ì™„ë£Œ
13ì‹œ 57ë¶„ / [ì •ë³´] 'SearchCommand' ë‹¤ì‹œ ë¶ˆëŸ¬ì˜´
13ì‹œ 57ë¶„ / ë³‘ì‹ ë“¤ <ì‹¤í—˜ | í•˜ë¦¬í•˜ë£¨ | 758963978331619331> !ì±”í”¼ì–¸ ì•„ì¹¼ë¦¬
13ì‹œ 57ë¶„ / [ì •ë³´] 2
13ì‹œ 57ë¶„ / ë³‘ì‹ ë“¤ <ì‹¤í—˜ | í•˜ë¦¬í•˜ë£¨ | 758963978331619331> !restart
13ì‹œ 57ë¶„ / [ì •ë³´] c:\Users\82105\Desktop\Project\Discord\DiscordBot_Gwen\cogs\AdminCommand.py ë¡œë“œ ì™„ë£Œ
13ì‹œ 57ë¶„ / [ì •ë³´] 'AdminCommand' ë‹¤ì‹œ ë¶ˆëŸ¬ì˜´
13ì‹œ 57ë¶„ / [ì •ë³´] c:\Users\82105\Desktop\Project\Discord\DiscordBot_Gwen\cogs\event.py ë¡œë“œ ì™„ë£Œ
13ì‹œ 57ë¶„ / [ì •ë³´] 'event' ë‹¤ì‹œ ë¶ˆëŸ¬ì˜´
13ì‹œ 57ë¶„ / [ì •ë³´] c:\Users\82105\Desktop\Project\Discord\DiscordBot_Gwen\cogs\NormalCommandBot.py ë¡œë“œ ì™„ë£Œ
13ì‹œ 57ë¶„ / [ì •ë³´] 'NormalCommandBot' ë‹¤ì‹œ ë¶ˆëŸ¬ì˜´
13ì‹œ 57ë¶„ / [ì •ë³´] c:\Users\82105\Desktop\Project\Discord\DiscordBot_Gwen\cogs\SearchCommand.py ë¡œë“œ ì™„ë£Œ
13ì‹œ 57ë¶„ / [ì •ë³´] 'SearchCommand' ë‹¤ì‹œ ë¶ˆëŸ¬ì˜´
13ì‹œ 57ë¶„ / ë³‘ì‹ ë“¤ <ì‹¤í—˜ | í•˜ë¦¬í•˜ë£¨ | 758963978331619331> !ì±”í”¼ì–¸ ì¡°ì´
13ì‹œ 57ë¶„ / [ì •ë³´] 2
13ì‹œ 59ë¶„ / ë³‘ì‹ ë“¤ <ì‹¤í—˜ | í•˜ë¦¬í•˜ë£¨ | 758963978331619331> !restart
13ì‹œ 59ë¶„ / [ì •ë³´] c:\Users\82105\Desktop\Project\Discord\DiscordBot_Gwen\cogs\AdminCommand.py ë¡œë“œ ì™„ë£Œ
13ì‹œ 59ë¶„ / [ì •ë³´] 'AdminCommand' ë‹¤ì‹œ ë¶ˆëŸ¬ì˜´
13ì‹œ 59ë¶„ / [ì •ë³´] c:\Users\82105\Desktop\Project\Discord\DiscordBot_Gwen\cogs\event.py ë¡œë“œ ì™„ë£Œ
13ì‹œ 59ë¶„ / [ì •ë³´] 'event' ë‹¤ì‹œ ë¶ˆëŸ¬ì˜´
13ì‹œ 59ë¶„ / [ì •ë³´] c:\Users\82105\Desktop\Project\Discord\DiscordBot_Gwen\cogs\NormalCommandBot.py ë¡œë“œ ì™„ë£Œ
13ì‹œ 59ë¶„ / [ì •ë³´] 'NormalCommandBot' ë‹¤ì‹œ ë¶ˆëŸ¬ì˜´
13ì‹œ 59ë¶„ / [ì •ë³´] c:\Users\82105\Desktop\Project\Discord\DiscordBot_Gwen\cogs\SearchCommand.py ë¡œë“œ ì™„ë£Œ
13ì‹œ 59ë¶„ / [ì •ë³´] 'SearchCommand' ë‹¤ì‹œ ë¶ˆëŸ¬ì˜´
13ì‹œ 59ë¶„ / ë³‘ì‹ ë“¤ <ì‹¤í—˜ | í•˜ë¦¬í•˜ë£¨ | 758963978331619331> !ì±”í”¼ì–¸ ì•„ì¹¼ë¦¬
13ì‹œ 59ë¶„ / [ì •ë³´] 0
14ì‹œ 05ë¶„ / [ì •ë³´] c:\Users\82105\Desktop\Project\Discord\DiscordBot_Gwen\cogs\AdminCommand.py ë¡œë“œ ì™„ë£Œ
14ì‹œ 05ë¶„ / [ì •ë³´] c:\Users\82105\Desktop\Project\Discord\DiscordBot_Gwen\cogs\event.py ë¡œë“œ ì™„ë£Œ
14ì‹œ 05ë¶„ / [ì •ë³´] c:\Users\82105\Desktop\Project\Discord\DiscordBot_Gwen\cogs\NormalCommandBot.py ë¡œë“œ ì™„ë£Œ
14ì‹œ 05ë¶„ / [ì •ë³´] c:\Users\82105\Desktop\Project\Discord\DiscordBot_Gwen\cogs\SearchCommand.py ë¡œë“œ ì™„ë£Œ
14ì‹œ 05ë¶„ / [ì •ë³´] ======================
14ì‹œ 05ë¶„ / [ì •ë³´] < êµ¬ë™ ì™„ë£Œ >
14ì‹œ 05ë¶„ / [ì •ë³´] ======================
14ì‹œ 05ë¶„ / ë³‘ì‹ ë“¤ <ì‹¤í—˜ | í•˜ë¦¬í•˜ë£¨ | 758963978331619331> !ì±”í”¼ì–¸ ì•„ì¹¼ë¦¬
14ì‹œ 05ë¶„ / [ì •ë³´] 5
14ì‹œ 06ë¶„ / ë³‘ì‹ ë“¤ <ì‹¤í—˜ | í•˜ë¦¬í•˜ë£¨ | 758963978331619331> !restart
14ì‹œ 06ë¶„ / [ì •ë³´] c:\Users\82105\Desktop\Project\Discord\DiscordBot_Gwen\cogs\AdminCommand.py ë¡œë“œ ì™„ë£Œ
14ì‹œ 06ë¶„ / [ì •ë³´] 'AdminCommand' ë‹¤ì‹œ ë¶ˆëŸ¬ì˜´
14ì‹œ 06ë¶„ / [ì •ë³´] c:\Users\82105\Desktop\Project\Discord\DiscordBot_Gwen\cogs\event.py ë¡œë“œ ì™„ë£Œ
14ì‹œ 06ë¶„ / [ì •ë³´] 'event' ë‹¤ì‹œ ë¶ˆëŸ¬ì˜´
14ì‹œ 06ë¶„ / [ì •ë³´] c:\Users\82105\Desktop\Project\Discord\DiscordBot_Gwen\cogs\NormalCommandBot.py ë¡œë“œ ì™„ë£Œ
14ì‹œ 06ë¶„ / [ì •ë³´] 'NormalCommandBot' ë‹¤ì‹œ ë¶ˆëŸ¬ì˜´
14ì‹œ 06ë¶„ / [ì •ë³´] c:\Users\82105\Desktop\Project\Discord\DiscordBot_Gwen\cogs\SearchCommand.py ë¡œë“œ ì™„ë£Œ
14ì‹œ 06ë¶„ / [ì •ë³´] 'SearchCommand' ë‹¤ì‹œ ë¶ˆëŸ¬ì˜´
14ì‹œ 06ë¶„ / ë³‘ì‹ ë“¤ <ì‹¤í—˜ | í•˜ë¦¬í•˜ë£¨ | 758963978331619331> !ì±”í”¼ì–¸ ì¡°ì´
14ì‹œ 06ë¶„ / ë³‘ì‹ ë“¤ <ì‹¤í—˜ | í•˜ë¦¬í•˜ë£¨ | 758963978331619331> !ì±”í”¼ì–¸ ì•„ì¹¼ë¦¬
14ì‹œ 09ë¶„ / ë³‘ì‹ ë“¤ <ì‹¤í—˜ | í•˜ë¦¬í•˜ë£¨ | 758963978331619331> !restart
14ì‹œ 09ë¶„ / [ì •ë³´] c:\Users\82105\Desktop\Project\Discord\DiscordBot_Gwen\cogs\AdminCommand.py ë¡œë“œ ì™„ë£Œ
14ì‹œ 09ë¶„ / [ì •ë³´] 'AdminCommand' ë‹¤ì‹œ ë¶ˆëŸ¬ì˜´
14ì‹œ 09ë¶„ / [ì •ë³´] c:\Users\82105\Desktop\Project\Discord\DiscordBot_Gwen\cogs\event.py ë¡œë“œ ì™„ë£Œ
14ì‹œ 09ë¶„ / [ì •ë³´] 'event' ë‹¤ì‹œ ë¶ˆëŸ¬ì˜´
14ì‹œ 09ë¶„ / [ì •ë³´] c:\Users\82105\Desktop\Project\Discord\DiscordBot_Gwen\cogs\NormalCommandBot.py ë¡œë“œ ì™„ë£Œ
14ì‹œ 09ë¶„ / [ì •ë³´] 'NormalCommandBot' ë‹¤ì‹œ ë¶ˆëŸ¬ì˜´
14ì‹œ 09ë¶„ / [ì •ë³´] c:\Users\82105\Desktop\Project\Discord\DiscordBot_Gwen\cogs\SearchCommand.py ë¡œë“œ ì™„ë£Œ
14ì‹œ 09ë¶„ / [ì •ë³´] 'SearchCommand' ë‹¤ì‹œ ë¶ˆëŸ¬ì˜´
14ì‹œ 09ë¶„ / ë³‘ì‹ ë“¤ <ì‹¤í—˜ | í•˜ë¦¬í•˜ë£¨ | 758963978331619331> !ì±”í”¼ì–¸ ì¡°ì´
14ì‹œ 10ë¶„ / ë³‘ì‹ ë“¤ <ì‹¤í—˜ | í•˜ë¦¬í•˜ë£¨ | 758963978331619331> !restart
14ì‹œ 10ë¶„ / [ì •ë³´] c:\Users\82105\Desktop\Project\Discord\DiscordBot_Gwen\cogs\AdminCommand.py ë¡œë“œ ì™„ë£Œ
14ì‹œ 10ë¶„ / [ì •ë³´] 'AdminCommand' ë‹¤ì‹œ ë¶ˆëŸ¬ì˜´
14ì‹œ 10ë¶„ / [ì •ë³´] c:\Users\82105\Desktop\Project\Discord\DiscordBot_Gwen\cogs\event.py ë¡œë“œ ì™„ë£Œ
14ì‹œ 10ë¶„ / [ì •ë³´] 'event' ë‹¤ì‹œ ë¶ˆëŸ¬ì˜´
14ì‹œ 10ë¶„ / [ì •ë³´] c:\Users\82105\Desktop\Project\Discord\DiscordBot_Gwen\cogs\NormalCommandBot.py ë¡œë“œ ì™„ë£Œ
14ì‹œ 10ë¶„ / [ì •ë³´] 'NormalCommandBot' ë‹¤ì‹œ ë¶ˆëŸ¬ì˜´
14ì‹œ 10ë¶„ / [ì •ë³´] c:\Users\82105\Desktop\Project\Discord\DiscordBot_Gwen\cogs\SearchCommand.py ë¡œë“œ ì™„ë£Œ
14ì‹œ 10ë¶„ / [ì •ë³´] 'SearchCommand' ë‹¤ì‹œ ë¶ˆëŸ¬ì˜´
14ì‹œ 10ë¶„ / ë³‘ì‹ ë“¤ <ì‹¤í—˜ | í•˜ë¦¬í•˜ë£¨ | 758963978331619331> !ì±”í”¼ì–¸ ì¡°ì´
14ì‹œ 10ë¶„ / ë³‘ì‹ ë“¤ <ì‹¤í—˜ | í•˜ë¦¬í•˜ë£¨ | 758963978331619331> !ì±”í”¼ì–¸ ë…¸í‹¸ëŸ¬ìŠ¤
14ì‹œ 11ë¶„ / ë³‘ì‹ ë“¤ <ì‹¤í—˜ | í•˜ë¦¬í•˜ë£¨ | 758963978331619331> !ì±”í”¼ì–¸ ìŠ¤ì¹´ë„ˆ
14ì‹œ 19ë¶„ / ë³‘ì‹ ë“¤ <ì‹¤í—˜ | í•˜ë¦¬í•˜ë£¨ | 758963978331619331> !restart
14ì‹œ 19ë¶„ / [ì •ë³´] c:\Users\82105\Desktop\Project\Discord\DiscordBot_Gwen\cogs\AdminCommand.py ë¡œë“œ ì™„ë£Œ
14ì‹œ 19ë¶„ / [ì •ë³´] 'AdminCommand' ë‹¤ì‹œ ë¶ˆëŸ¬ì˜´
14ì‹œ 19ë¶„ / [ì •ë³´] c:\Users\82105\Desktop\Project\Discord\DiscordBot_Gwen\cogs\event.py ë¡œë“œ ì™„ë£Œ
14ì‹œ 19ë¶„ / [ì •ë³´] 'event' ë‹¤ì‹œ ë¶ˆëŸ¬ì˜´
14ì‹œ 19ë¶„ / [ì •ë³´] c:\Users\82105\Desktop\Project\Discord\DiscordBot_Gwen\cogs\NormalCommandBot.py ë¡œë“œ ì™„ë£Œ
14ì‹œ 19ë¶„ / [ì •ë³´] 'NormalCommandBot' ë‹¤ì‹œ ë¶ˆëŸ¬ì˜´
14ì‹œ 19ë¶„ / [ì •ë³´] c:\Users\82105\Desktop\Project\Discord\DiscordBot_Gwen\cogs\SearchCommand.py ë¡œë“œ ì™„ë£Œ
14ì‹œ 19ë¶„ / [ì •ë³´] 'SearchCommand' ë‹¤ì‹œ ë¶ˆëŸ¬ì˜´
14ì‹œ 19ë¶„ / ë³‘ì‹ ë“¤ <ì‹¤í—˜ | í•˜ë¦¬í•˜ë£¨ | 758963978331619331> !ì±”í”¼ì–¸ ìŠ¤ì¹´ë„ˆ
14ì‹œ 19ë¶„ / [ì •ë³´] 0
14ì‹œ 27ë¶„ / [ì •ë³´] c:\Users\82105\Desktop\Project\Discord\DiscordBot_Gwen\cogs\AdminCommand.py ë¡œë“œ ì™„ë£Œ
14ì‹œ 27ë¶„ / [ì •ë³´] c:\Users\82105\Desktop\Project\Discord\DiscordBot_Gwen\cogs\event.py ë¡œë“œ ì™„ë£Œ
14ì‹œ 27ë¶„ / [ì •ë³´] c:\Users\82105\Desktop\Project\Discord\DiscordBot_Gwen\cogs\NormalCommandBot.py ë¡œë“œ ì™„ë£Œ
14ì‹œ 27ë¶„ / [ì •ë³´] c:\Users\82105\Desktop\Project\Discord\DiscordBot_Gwen\cogs\SearchCommand.py ë¡œë“œ ì™„ë£Œ
14ì‹œ 27ë¶„ / ë³‘ì‹ ë“¤ <ì‹¤í—˜ | í•˜ë¦¬í•˜ë£¨ | 758963978331619331> !ì±”í”¼ì–¸ ì¡°ì´
14ì‹œ 27ë¶„ / [ì •ë³´] ======================
14ì‹œ 27ë¶„ / [ì •ë³´] < êµ¬ë™ ì™„ë£Œ >
14ì‹œ 27ë¶„ / [ì •ë³´] ======================
14ì‹œ 29ë¶„ / ë³‘ì‹ ë“¤ <ì‹¤í—˜ | í•˜ë¦¬í•˜ë£¨ | 758963978331619331> !ì±”í”¼ì–¸ ì•„ì¹¼ë¦¬
14ì‹œ 30ë¶„ / ë³‘ì‹ ë“¤ <ì‹¤í—˜ | í•˜ë¦¬í•˜ë£¨ | 758963978331619331> !ì±”í”¼ì–¸ ì¼€ë„¨
15ì‹œ 48ë¶„ / ë³‘ì‹ ë“¤ <ì‹¤í—˜ | í•˜ë¦¬í•˜ë£¨ | 758963978331619331> !ì±”í”¼ì–¸ íŒŒì´í¬
16ì‹œ 28ë¶„ / ë³‘ì‹ ë“¤ <ì‹¤í—˜ | í•˜ë¦¬í•˜ë£¨ | 758963978331619331> !ì±”í”¼ì–¸ ì•„í¬ìƒ¨
16ì‹œ 30ë¶„ / ë³‘ì‹ ë“¤ <ì‹¤í—˜ | í•˜ë¦¬í•˜ë£¨ | 758963978331619331> !ì±”í”¼ì–¸ ì¹´íƒ€ë¦¬ë‚˜
17ì‹œ 03ë¶„ / ë³‘ì‹ ë“¤ <ì‹¤í—˜ | í•˜ë¦¬í•˜ë£¨ | 758963978331619331> !ì±”í”¼ì–¸ ë£°ë£¨
17ì‹œ 08ë¶„ / ë³‘ì‹ ë“¤ <ì‹¤í—˜ | í•˜ë¦¬í•˜ë£¨ | 758963978331619331> !restart
17ì‹œ 08ë¶„ / [ì •ë³´] c:\Users\82105\Desktop\Project\Discord\DiscordBot_Gwen\cogs\AdminCommand.py ë¡œë“œ ì™„ë£Œ
17ì‹œ 08ë¶„ / [ì •ë³´] 'AdminCommand' ë‹¤ì‹œ ë¶ˆëŸ¬ì˜´
17ì‹œ 08ë¶„ / [ì •ë³´] c:\Users\82105\Desktop\Project\Discord\DiscordBot_Gwen\cogs\event.py ë¡œë“œ ì™„ë£Œ
17ì‹œ 08ë¶„ / [ì •ë³´] 'event' ë‹¤ì‹œ ë¶ˆëŸ¬ì˜´
17ì‹œ 08ë¶„ / [ì •ë³´] c:\Users\82105\Desktop\Project\Discord\DiscordBot_Gwen\cogs\NormalCommandBot.py ë¡œë“œ ì™„ë£Œ
17ì‹œ 08ë¶„ / [ì •ë³´] 'NormalCommandBot' ë‹¤ì‹œ ë¶ˆëŸ¬ì˜´
17ì‹œ 08ë¶„ / [ì •ë³´] c:\Users\82105\Desktop\Project\Discord\DiscordBot_Gwen\cogs\SearchCommand.py ë¡œë“œ ì™„ë£Œ
17ì‹œ 08ë¶„ / [ì •ë³´] 'SearchCommand' ë‹¤ì‹œ ë¶ˆëŸ¬ì˜´
17ì‹œ 08ë¶„ / ë³‘ì‹ ë“¤ <ì‹¤í—˜ | í•˜ë¦¬í•˜ë£¨ | 758963978331619331> !ì±”í”¼ì–¸ ê·¸ì›¬
17ì‹œ 14ë¶„ / ë³‘ì‹ ë“¤ <ì‹¤í—˜ | í•˜ë¦¬í•˜ë£¨ | 758963978331619331> !restart
17ì‹œ 14ë¶„ / [ì •ë³´] c:\Users\82105\Desktop\Project\Discord\DiscordBot_Gwen\cogs\AdminCommand.py ë¡œë“œ ì™„ë£Œ
17ì‹œ 14ë¶„ / [ì •ë³´] 'AdminCommand' ë‹¤ì‹œ ë¶ˆëŸ¬ì˜´
17ì‹œ 14ë¶„ / [ì •ë³´] c:\Users\82105\Desktop\Project\Discord\DiscordBot_Gwen\cogs\event.py ë¡œë“œ ì™„ë£Œ
17ì‹œ 14ë¶„ / [ì •ë³´] 'event' ë‹¤ì‹œ ë¶ˆëŸ¬ì˜´
17ì‹œ 14ë¶„ / [ì •ë³´] c:\Users\82105\Desktop\Project\Discord\DiscordBot_Gwen\cogs\NormalCommandBot.py ë¡œë“œ ì™„ë£Œ
17ì‹œ 14ë¶„ / [ì •ë³´] 'NormalCommandBot' ë‹¤ì‹œ ë¶ˆëŸ¬ì˜´
17ì‹œ 14ë¶„ / [ì •ë³´] c:\Users\82105\Desktop\Project\Discord\DiscordBot_Gwen\cogs\SearchCommand.py ë¡œë“œ ì™„ë£Œ
17ì‹œ 14ë¶„ / [ì •ë³´] 'SearchCommand' ë‹¤ì‹œ ë¶ˆëŸ¬ì˜´
17ì‹œ 14ë¶„ / ë³‘ì‹ ë“¤ <ì‹¤í—˜ | í•˜ë¦¬í•˜ë£¨ | 758963978331619331> !ì±”í”¼ì–¸ ì¡°ì´
17ì‹œ 16ë¶„ / ë³‘ì‹ ë“¤ <ì‹¤í—˜ | í•˜ë¦¬í•˜ë£¨ | 758963978331619331> !ì±”í”¼ì–¸ ì•„í¬ìƒ¨
17ì‹œ 17ë¶„ / ë³‘ì‹ ë“¤ <ì‹¤í—˜ | TÌ´ÌƒÍ–rÌµÍ˜Ì1Ì¸Í‘Í aÌ¸ÍÌiÌ¶Ì‰ÌnÌ´ÌŒÌ’aÌ´ÌÍ’ | 496627750858260480> !ì±”í”¼ì–¸ ì´ì¦ˆë¦¬ì–¼
17ì‹œ 31ë¶„ / ë³‘ì‹ ë“¤ <ì‹¤í—˜ | í•˜ë¦¬í•˜ë£¨ | 758963978331619331> !restart
17ì‹œ 31ë¶„ / [ì •ë³´] c:\Users\82105\Desktop\Project\Discord\DiscordBot_Gwen\cogs\AdminCommand.py ë¡œë“œ ì™„ë£Œ
17ì‹œ 31ë¶„ / [ì •ë³´] 'AdminCommand' ë‹¤ì‹œ ë¶ˆëŸ¬ì˜´
17ì‹œ 31ë¶„ / [ì •ë³´] c:\Users\82105\Desktop\Project\Discord\DiscordBot_Gwen\cogs\event.py ë¡œë“œ ì™„ë£Œ
17ì‹œ 31ë¶„ / [ì •ë³´] 'event' ë‹¤ì‹œ ë¶ˆëŸ¬ì˜´
17ì‹œ 31ë¶„ / [ì •ë³´] c:\Users\82105\Desktop\Project\Discord\DiscordBot_Gwen\cogs\NormalCommandBot.py ë¡œë“œ ì™„ë£Œ
17ì‹œ 31ë¶„ / [ì •ë³´] 'NormalCommandBot' ë‹¤ì‹œ ë¶ˆëŸ¬ì˜´
17ì‹œ 31ë¶„ / [ì •ë³´] c:\Users\82105\Desktop\Project\Discord\DiscordBot_Gwen\cogs\SearchCommand.py ë¡œë“œ ì™„ë£Œ
17ì‹œ 31ë¶„ / [ì •ë³´] 'SearchCommand' ë‹¤ì‹œ ë¶ˆëŸ¬ì˜´
17ì‹œ 31ë¶„ / ë³‘ì‹ ë“¤ <ì‹¤í—˜ | í•˜ë¦¬í•˜ë£¨ | 758963978331619331> !ì›ë”œ ì¡°ì´
17ì‹œ 31ë¶„ / ë³‘ì‹ ë“¤ <ì‹¤í—˜ | í•˜ë¦¬í•˜ë£¨ | 758963978331619331> !ë¯¸ë“œ ì¡°ì´
17ì‹œ 31ë¶„ / ë³‘ì‹ ë“¤ <ì‹¤í—˜ | í•˜ë¦¬í•˜ë£¨ | 758963978331619331> ^^ã…£ë°œ
17ì‹œ 32ë¶„ / ë³‘ì‹ ë“¤ <ì‹¤í—˜ | í•˜ë¦¬í•˜ë£¨ | 758963978331619331> !ì±”í”¼ì–¸ ì¡°ì´
17ì‹œ 33ë¶„ / ë³‘ì‹ ë“¤ <ì‹¤í—˜ | í•˜ë¦¬í•˜ë£¨ | 758963978331619331> !restart
17ì‹œ 33ë¶„ / [ì •ë³´] c:\Users\82105\Desktop\Project\Discord\DiscordBot_Gwen\cogs\AdminCommand.py ë¡œë“œ ì™„ë£Œ
17ì‹œ 33ë¶„ / [ì •ë³´] 'AdminCommand' ë‹¤ì‹œ ë¶ˆëŸ¬ì˜´
17ì‹œ 33ë¶„ / [ì •ë³´] c:\Users\82105\Desktop\Project\Discord\DiscordBot_Gwen\cogs\event.py ë¡œë“œ ì™„ë£Œ
17ì‹œ 33ë¶„ / [ì •ë³´] 'event' ë‹¤ì‹œ ë¶ˆëŸ¬ì˜´
17ì‹œ 33ë¶„ / [ì •ë³´] c:\Users\82105\Desktop\Project\Discord\DiscordBot_Gwen\cogs\NormalCommandBot.py ë¡œë“œ ì™„ë£Œ
17ì‹œ 33ë¶„ / [ì •ë³´] 'NormalCommandBot' ë‹¤ì‹œ ë¶ˆëŸ¬ì˜´
17ì‹œ 33ë¶„ / [ì •ë³´] c:\Users\82105\Desktop\Project\Discord\DiscordBot_Gwen\cogs\SearchCommand.py ë¡œë“œ ì™„ë£Œ
17ì‹œ 33ë¶„ / [ì •ë³´] 'SearchCommand' ë‹¤ì‹œ ë¶ˆëŸ¬ì˜´
17ì‹œ 33ë¶„ / ë³‘ì‹ ë“¤ <ì‹¤í—˜ | í•˜ë¦¬í•˜ë£¨ | 758963978331619331> !ì›ë”œ ì¡°ì´
17ì‹œ 33ë¶„ / ë³‘ì‹ ë“¤ <ì‹¤í—˜ | í•˜ë¦¬í•˜ë£¨ | 758963978331619331> !ì„œí¿ ì¡°ì´
17ì‹œ 36ë¶„ / ë³‘ì‹ ë“¤ <ì‹¤í—˜ | í•˜ë¦¬í•˜ë£¨ | 758963978331619331> !restart
17ì‹œ 36ë¶„ / [ì •ë³´] c:\Users\82105\Desktop\Project\Discord\DiscordBot_Gwen\cogs\AdminCommand.py ë¡œë“œ ì™„ë£Œ
17ì‹œ 36ë¶„ / [ì •ë³´] 'AdminCommand' ë‹¤ì‹œ ë¶ˆëŸ¬ì˜´
17ì‹œ 36ë¶„ / [ì •ë³´] c:\Users\82105\Desktop\Project\Discord\DiscordBot_Gwen\cogs\event.py ë¡œë“œ ì™„ë£Œ
17ì‹œ 36ë¶„ / [ì •ë³´] 'event' ë‹¤ì‹œ ë¶ˆëŸ¬ì˜´
17ì‹œ 36ë¶„ / [ì •ë³´] c:\Users\82105\Desktop\Project\Discord\DiscordBot_Gwen\cogs\NormalCommandBot.py ë¡œë“œ ì™„ë£Œ
17ì‹œ 36ë¶„ / [ì •ë³´] 'NormalCommandBot' ë‹¤ì‹œ ë¶ˆëŸ¬ì˜´
17ì‹œ 36ë¶„ / [ì •ë³´] c:\Users\82105\Desktop\Project\Discord\DiscordBot_Gwen\cogs\SearchCommand.py ë¡œë“œ ì™„ë£Œ
17ì‹œ 36ë¶„ / [ì •ë³´] 'SearchCommand' ë‹¤ì‹œ ë¶ˆëŸ¬ì˜´
17ì‹œ 36ë¶„ / ë³‘ì‹ ë“¤ <ì‹¤í—˜ | í•˜ë¦¬í•˜ë£¨ | 758963978331619331> !ì„œí¿ ì¡°ì´
17ì‹œ 39ë¶„ / ë³‘ì‹ ë“¤ <ì‹¤í—˜ | í•˜ë¦¬í•˜ë£¨ | 758963978331619331> !restart
17ì‹œ 39ë¶„ / [ì •ë³´] c:\Users\82105\Desktop\Project\Discord\DiscordBot_Gwen\cogs\AdminCommand.py ë¡œë“œ ì™„ë£Œ
17ì‹œ 39ë¶„ / [ì •ë³´] 'AdminCommand' ë‹¤ì‹œ ë¶ˆëŸ¬ì˜´
17ì‹œ 39ë¶„ / [ì •ë³´] c:\Users\82105\Desktop\Project\Discord\DiscordBot_Gwen\cogs\event.py ë¡œë“œ ì™„ë£Œ
17ì‹œ 39ë¶„ / [ì •ë³´] 'event' ë‹¤ì‹œ ë¶ˆëŸ¬ì˜´
17ì‹œ 39ë¶„ / [ì •ë³´] c:\Users\82105\Desktop\Project\Discord\DiscordBot_Gwen\cogs\NormalCommandBot.py ë¡œë“œ ì™„ë£Œ
17ì‹œ 39ë¶„ / [ì •ë³´] 'NormalCommandBot' ë‹¤ì‹œ ë¶ˆëŸ¬ì˜´
17ì‹œ 39ë¶„ / [ì •ë³´] c:\Users\82105\Desktop\Project\Discord\DiscordBot_Gwen\cogs\SearchCommand.py ë¡œë“œ ì™„ë£Œ
17ì‹œ 39ë¶„ / [ì •ë³´] 'SearchCommand' ë‹¤ì‹œ ë¶ˆëŸ¬ì˜´
17ì‹œ 39ë¶„ / ë³‘ì‹ ë“¤ <ì‹¤í—˜ | í•˜ë¦¬í•˜ë£¨ | 758963978331619331> !ì„œí¿ ì¡°ì´
17ì‹œ 40ë¶„ / ë³‘ì‹ ë“¤ <ì‹¤í—˜ | í•˜ë¦¬í•˜ë£¨ | 758963978331619331> !ì›ë”œ ì•„í¬ìƒ¨
17ì‹œ 40ë¶„ / ë³‘ì‹ ë“¤ <ì‹¤í—˜ | í•˜ë¦¬í•˜ë£¨ | 758963978331619331> !íƒ‘ íŒí…Œì˜¨
17ì‹œ 40ë¶„ / ë³‘ì‹ ë“¤ <ì‹¤í—˜ | í•˜ë¦¬í•˜ë£¨ | 758963978331619331> !ì •ê¸€ ì¡°ì´
17ì‹œ 40ë¶„ / [ì˜¤ë¥˜] Traceback (most recent call last):
  File "C:\Users\82105\AppData\Local\Programs\Python\Python39\lib\site-packages\discord\ext\commands\core.py", line 85, in wrapped
    ret = await coro(*args, **kwargs)
  File "c:\Users\82105\Desktop\Project\Discord\DiscordBot_Gwen\cogs\SearchCommand.py", line 475, in ì •ê¸€
    Background.paste(getImg(spell_list[0], 100,100), (90, 1185))
IndexError: list index out of range

The above exception was the direct cause of the following exception:

Traceback (most recent call last):
  File "c:\Users\82105\Desktop\Project\Discord\DiscordBot_Gwen\utils\logger.py", line 22, in err
    raise error
  File "C:\Users\82105\AppData\Local\Programs\Python\Python39\lib\site-packages\discord\ext\commands\bot.py", line 939, in invoke
    await ctx.command.invoke(ctx)
  File "C:\Users\82105\AppData\Local\Programs\Python\Python39\lib\site-packages\discord\ext\commands\core.py", line 863, in invoke
    await injected(*ctx.args, **ctx.kwargs)
  File "C:\Users\82105\AppData\Local\Programs\Python\Python39\lib\site-packages\discord\ext\commands\core.py", line 94, in wrapped
    raise CommandInvokeError(exc) from exc
discord.ext.commands.errors.CommandInvokeError: Command raised an exception: IndexError: list index out of range



17ì‹œ 41ë¶„ / ë³‘ì‹ ë“¤ <ì‹¤í—˜ | í•˜ë¦¬í•˜ë£¨ | 758963978331619331> !ì •ê¸€ ì‹ ë“œë¼
17ì‹œ 41ë¶„ / [ì˜¤ë¥˜] Traceback (most recent call last):
  File "C:\Users\82105\AppData\Local\Programs\Python\Python39\lib\site-packages\discord\ext\commands\core.py", line 85, in wrapped
    ret = await coro(*args, **kwargs)
  File "c:\Users\82105\Desktop\Project\Discord\DiscordBot_Gwen\cogs\SearchCommand.py", line 481, in ì •ê¸€
    Background.paste(getImg(counter_list[0], 100,100), (500,1270))
IndexError: list index out of range

The above exception was the direct cause of the following exception:

Traceback (most recent call last):
  File "c:\Users\82105\Desktop\Project\Discord\DiscordBot_Gwen\utils\logger.py", line 22, in err
    raise error
  File "C:\Users\82105\AppData\Local\Programs\Python\Python39\lib\site-packages\discord\ext\commands\bot.py", line 939, in invoke
    await ctx.command.invoke(ctx)
  File "C:\Users\82105\AppData\Local\Programs\Python\Python39\lib\site-packages\discord\ext\commands\core.py", line 863, in invoke
    await injected(*ctx.args, **ctx.kwargs)
  File "C:\Users\82105\AppData\Local\Programs\Python\Python39\lib\site-packages\discord\ext\commands\core.py", line 94, in wrapped
    raise CommandInvokeError(exc) from exc
discord.ext.commands.errors.CommandInvokeError: Command raised an exception: IndexError: list index out of range



17ì‹œ 41ë¶„ / ë³‘ì‹ ë“¤ <ì‹¤í—˜ | í•˜ë¦¬í•˜ë£¨ | 758963978331619331> !ì •ê¸€ ì•„ë¬´ë¬´
17ì‹œ 41ë¶„ / ë³‘ì‹ ë“¤ <ì‹¤í—˜ | í•˜ë¦¬í•˜ë£¨ | 758963978331619331> !ì •ê¸€ ì•„í¬ìƒ¨
17ì‹œ 41ë¶„ / [ì˜¤ë¥˜] Traceback (most recent call last):
  File "C:\Users\82105\AppData\Local\Programs\Python\Python39\lib\site-packages\discord\ext\commands\core.py", line 85, in wrapped
    ret = await coro(*args, **kwargs)
  File "c:\Users\82105\Desktop\Project\Discord\DiscordBot_Gwen\cogs\SearchCommand.py", line 483, in ì •ê¸€
    Background.paste(getImg(counter_list[2], 100,100), (750,1270))
IndexError: list index out of range

The above exception was the direct cause of the following exception:

Traceback (most recent call last):
  File "c:\Users\82105\Desktop\Project\Discord\DiscordBot_Gwen\utils\logger.py", line 22, in err
    raise error
  File "C:\Users\82105\AppData\Local\Programs\Python\Python39\lib\site-packages\discord\ext\commands\bot.py", line 939, in invoke
    await ctx.command.invoke(ctx)
  File "C:\Users\82105\AppData\Local\Programs\Python\Python39\lib\site-packages\discord\ext\commands\core.py", line 863, in invoke
    await injected(*ctx.args, **ctx.kwargs)
  File "C:\Users\82105\AppData\Local\Programs\Python\Python39\lib\site-packages\discord\ext\commands\core.py", line 94, in wrapped
    raise CommandInvokeError(exc) from exc
discord.ext.commands.errors.CommandInvokeError: Command raised an exception: IndexError: list index out of range



17ì‹œ 41ë¶„ / ë³‘ì‹ ë“¤ <ì‹¤í—˜ | í•˜ë¦¬í•˜ë£¨ | 758963978331619331> !ì›ë”œ ì•„ë¬´ë¬´
17ì‹œ 41ë¶„ / [ì˜¤ë¥˜] Traceback (most recent call last):
  File "C:\Users\82105\AppData\Local\Programs\Python\Python39\lib\site-packages\discord\ext\commands\core.py", line 85, in wrapped
    ret = await coro(*args, **kwargs)
  File "c:\Users\82105\Desktop\Project\Discord\DiscordBot_Gwen\cogs\SearchCommand.py", line 793, in ì›ë”œ
    Background.paste(getImg(counter_list[0], 100,100), (500,1270))
IndexError: list index out of range

The above exception was the direct cause of the following exception:

Traceback (most recent call last):
  File "c:\Users\82105\Desktop\Project\Discord\DiscordBot_Gwen\utils\logger.py", line 22, in err
    raise error
  File "C:\Users\82105\AppData\Local\Programs\Python\Python39\lib\site-packages\discord\ext\commands\bot.py", line 939, in invoke
    await ctx.command.invoke(ctx)
  File "C:\Users\82105\AppData\Local\Programs\Python\Python39\lib\site-packages\discord\ext\commands\core.py", line 863, in invoke
    await injected(*ctx.args, **ctx.kwargs)
  File "C:\Users\82105\AppData\Local\Programs\Python\Python39\lib\site-packages\discord\ext\commands\core.py", line 94, in wrapped
    raise CommandInvokeError(exc) from exc
discord.ext.commands.errors.CommandInvokeError: Command raised an exception: IndexError: list index out of range



17ì‹œ 43ë¶„ / ë³‘ì‹ ë“¤ <ì‹¤í—˜ | í•˜ë¦¬í•˜ë£¨ | 758963978331619331> !ì •ê¸€ ë£¨ì‹œì•ˆ
17ì‹œ 43ë¶„ / [ì˜¤ë¥˜] Traceback (most recent call last):
  File "C:\Users\82105\AppData\Local\Programs\Python\Python39\lib\site-packages\discord\ext\commands\core.py", line 85, in wrapped
    ret = await coro(*args, **kwargs)
  File "c:\Users\82105\Desktop\Project\Discord\DiscordBot_Gwen\cogs\SearchCommand.py", line 481, in ì •ê¸€
    Background.paste(getImg(counter_list[0], 100,100), (500,1270))
IndexError: list index out of range

The above exception was the direct cause of the following exception:

Traceback (most recent call last):
  File "c:\Users\82105\Desktop\Project\Discord\DiscordBot_Gwen\utils\logger.py", line 22, in err
    raise error
  File "C:\Users\82105\AppData\Local\Programs\Python\Python39\lib\site-packages\discord\ext\commands\bot.py", line 939, in invoke
    await ctx.command.invoke(ctx)
  File "C:\Users\82105\AppData\Local\Programs\Python\Python39\lib\site-packages\discord\ext\commands\core.py", line 863, in invoke
    await injected(*ctx.args, **ctx.kwargs)
  File "C:\Users\82105\AppData\Local\Programs\Python\Python39\lib\site-packages\discord\ext\commands\core.py", line 94, in wrapped
    raise CommandInvokeError(exc) from exc
discord.ext.commands.errors.CommandInvokeError: Command raised an exception: IndexError: list index out of range



17ì‹œ 49ë¶„ / ë³‘ì‹ ë“¤ <ì‹¤í—˜ | í•˜ë¦¬í•˜ë£¨ | 758963978331619331> !restart
17ì‹œ 49ë¶„ / [ì •ë³´] c:\Users\82105\Desktop\Project\Discord\DiscordBot_Gwen\cogs\AdminCommand.py ë¡œë“œ ì™„ë£Œ
17ì‹œ 49ë¶„ / [ì •ë³´] 'AdminCommand' ë‹¤ì‹œ ë¶ˆëŸ¬ì˜´
17ì‹œ 49ë¶„ / [ì •ë³´] c:\Users\82105\Desktop\Project\Discord\DiscordBot_Gwen\cogs\event.py ë¡œë“œ ì™„ë£Œ
17ì‹œ 49ë¶„ / [ì •ë³´] 'event' ë‹¤ì‹œ ë¶ˆëŸ¬ì˜´
17ì‹œ 49ë¶„ / [ì •ë³´] c:\Users\82105\Desktop\Project\Discord\DiscordBot_Gwen\cogs\NormalCommandBot.py ë¡œë“œ ì™„ë£Œ
17ì‹œ 49ë¶„ / [ì •ë³´] 'NormalCommandBot' ë‹¤ì‹œ ë¶ˆëŸ¬ì˜´
17ì‹œ 49ë¶„ / [ì •ë³´] c:\Users\82105\Desktop\Project\Discord\DiscordBot_Gwen\cogs\SearchCommand.py ë¡œë“œ ì™„ë£Œ
17ì‹œ 49ë¶„ / [ì •ë³´] 'SearchCommand' ë‹¤ì‹œ ë¶ˆëŸ¬ì˜´
17ì‹œ 49ë¶„ / ë³‘ì‹ ë“¤ <ì‹¤í—˜ | í•˜ë¦¬í•˜ë£¨ | 758963978331619331> !ì±”í”¼ì–¸ ì•„ì¹¼ë¦¬
17ì‹œ 50ë¶„ / ë³‘ì‹ ë“¤ <ì‹¤í—˜ | í•˜ë¦¬í•˜ë£¨ | 758963978331619331> !restart
17ì‹œ 50ë¶„ / [ì •ë³´] c:\Users\82105\Desktop\Project\Discord\DiscordBot_Gwen\cogs\AdminCommand.py ë¡œë“œ ì™„ë£Œ
17ì‹œ 50ë¶„ / [ì •ë³´] 'AdminCommand' ë‹¤ì‹œ ë¶ˆëŸ¬ì˜´
17ì‹œ 50ë¶„ / [ì •ë³´] c:\Users\82105\Desktop\Project\Discord\DiscordBot_Gwen\cogs\event.py ë¡œë“œ ì™„ë£Œ
17ì‹œ 50ë¶„ / [ì •ë³´] 'event' ë‹¤ì‹œ ë¶ˆëŸ¬ì˜´
17ì‹œ 50ë¶„ / [ì •ë³´] c:\Users\82105\Desktop\Project\Discord\DiscordBot_Gwen\cogs\NormalCommandBot.py ë¡œë“œ ì™„ë£Œ
17ì‹œ 50ë¶„ / [ì •ë³´] 'NormalCommandBot' ë‹¤ì‹œ ë¶ˆëŸ¬ì˜´
17ì‹œ 50ë¶„ / [ì •ë³´] c:\Users\82105\Desktop\Project\Discord\DiscordBot_Gwen\cogs\SearchCommand.py ë¡œë“œ ì™„ë£Œ
17ì‹œ 50ë¶„ / [ì •ë³´] 'SearchCommand' ë‹¤ì‹œ ë¶ˆëŸ¬ì˜´
17ì‹œ 50ë¶„ / ë³‘ì‹ ë“¤ <ì‹¤í—˜ | í•˜ë¦¬í•˜ë£¨ | 758963978331619331> !ì±”í”¼ì–¸ ì•„ì¹¼ë¦¬
17ì‹œ 53ë¶„ / ë³‘ì‹ ë“¤ <ì‹¤í—˜ | í•˜ë¦¬í•˜ë£¨ | 758963978331619331> !restart
17ì‹œ 53ë¶„ / [ì •ë³´] c:\Users\82105\Desktop\Project\Discord\DiscordBot_Gwen\cogs\AdminCommand.py ë¡œë“œ ì™„ë£Œ
17ì‹œ 53ë¶„ / [ì •ë³´] 'AdminCommand' ë‹¤ì‹œ ë¶ˆëŸ¬ì˜´
17ì‹œ 53ë¶„ / [ì •ë³´] c:\Users\82105\Desktop\Project\Discord\DiscordBot_Gwen\cogs\event.py ë¡œë“œ ì™„ë£Œ
17ì‹œ 53ë¶„ / [ì •ë³´] 'event' ë‹¤ì‹œ ë¶ˆëŸ¬ì˜´
17ì‹œ 53ë¶„ / [ì •ë³´] c:\Users\82105\Desktop\Project\Discord\DiscordBot_Gwen\cogs\NormalCommandBot.py ë¡œë“œ ì™„ë£Œ
17ì‹œ 53ë¶„ / [ì •ë³´] 'NormalCommandBot' ë‹¤ì‹œ ë¶ˆëŸ¬ì˜´
17ì‹œ 53ë¶„ / [ì •ë³´] c:\Users\82105\Desktop\Project\Discord\DiscordBot_Gwen\cogs\SearchCommand.py ë¡œë“œ ì™„ë£Œ
17ì‹œ 53ë¶„ / [ì •ë³´] 'SearchCommand' ë‹¤ì‹œ ë¶ˆëŸ¬ì˜´
17ì‹œ 53ë¶„ / ë³‘ì‹ ë“¤ <ì‹¤í—˜ | í•˜ë¦¬í•˜ë£¨ | 758963978331619331> !ì±”í”¼ì–¸ ì¡°ì´
17ì‹œ 55ë¶„ / ë³‘ì‹ ë“¤ <ì‹¤í—˜ | í•˜ë¦¬í•˜ë£¨ | 758963978331619331> !restart
17ì‹œ 55ë¶„ / [ì •ë³´] c:\Users\82105\Desktop\Project\Discord\DiscordBot_Gwen\cogs\AdminCommand.py ë¡œë“œ ì™„ë£Œ
17ì‹œ 55ë¶„ / [ì •ë³´] 'AdminCommand' ë‹¤ì‹œ ë¶ˆëŸ¬ì˜´
17ì‹œ 55ë¶„ / [ì •ë³´] c:\Users\82105\Desktop\Project\Discord\DiscordBot_Gwen\cogs\event.py ë¡œë“œ ì™„ë£Œ
17ì‹œ 55ë¶„ / [ì •ë³´] 'event' ë‹¤ì‹œ ë¶ˆëŸ¬ì˜´
17ì‹œ 55ë¶„ / [ì •ë³´] c:\Users\82105\Desktop\Project\Discord\DiscordBot_Gwen\cogs\NormalCommandBot.py ë¡œë“œ ì™„ë£Œ
17ì‹œ 55ë¶„ / [ì •ë³´] 'NormalCommandBot' ë‹¤ì‹œ ë¶ˆëŸ¬ì˜´
17ì‹œ 55ë¶„ / [ì •ë³´] c:\Users\82105\Desktop\Project\Discord\DiscordBot_Gwen\cogs\SearchCommand.py ë¡œë“œ ì™„ë£Œ
17ì‹œ 55ë¶„ / [ì •ë³´] 'SearchCommand' ë‹¤ì‹œ ë¶ˆëŸ¬ì˜´
17ì‹œ 55ë¶„ / ë³‘ì‹ ë“¤ <ì‹¤í—˜ | í•˜ë¦¬í•˜ë£¨ | 758963978331619331> !ì±”í”¼ì–¸ ì¡°ì´
17ì‹œ 56ë¶„ / ë³‘ì‹ ë“¤ <ì‹¤í—˜ | í•˜ë¦¬í•˜ë£¨ | 758963978331619331> !restart
17ì‹œ 56ë¶„ / [ì •ë³´] c:\Users\82105\Desktop\Project\Discord\DiscordBot_Gwen\cogs\AdminCommand.py ë¡œë“œ ì™„ë£Œ
17ì‹œ 56ë¶„ / [ì •ë³´] 'AdminCommand' ë‹¤ì‹œ ë¶ˆëŸ¬ì˜´
17ì‹œ 56ë¶„ / [ì •ë³´] c:\Users\82105\Desktop\Project\Discord\DiscordBot_Gwen\cogs\event.py ë¡œë“œ ì™„ë£Œ
17ì‹œ 56ë¶„ / [ì •ë³´] 'event' ë‹¤ì‹œ ë¶ˆëŸ¬ì˜´
17ì‹œ 56ë¶„ / [ì •ë³´] c:\Users\82105\Desktop\Project\Discord\DiscordBot_Gwen\cogs\NormalCommandBot.py ë¡œë“œ ì™„ë£Œ
17ì‹œ 56ë¶„ / [ì •ë³´] 'NormalCommandBot' ë‹¤ì‹œ ë¶ˆëŸ¬ì˜´
17ì‹œ 56ë¶„ / [ì •ë³´] c:\Users\82105\Desktop\Project\Discord\DiscordBot_Gwen\cogs\SearchCommand.py ë¡œë“œ ì™„ë£Œ
17ì‹œ 56ë¶„ / [ì •ë³´] 'SearchCommand' ë‹¤ì‹œ ë¶ˆëŸ¬ì˜´
17ì‹œ 56ë¶„ / ë³‘ì‹ ë“¤ <ì‹¤í—˜ | í•˜ë¦¬í•˜ë£¨ | 758963978331619331> !ì±”í”¼ì–¸ ì¡°ì´
17ì‹œ 57ë¶„ / ë³‘ì‹ ë“¤ <ì‹¤í—˜ | í•˜ë¦¬í•˜ë£¨ | 758963978331619331> !restart
17ì‹œ 57ë¶„ / [ì •ë³´] c:\Users\82105\Desktop\Project\Discord\DiscordBot_Gwen\cogs\AdminCommand.py ë¡œë“œ ì™„ë£Œ
17ì‹œ 57ë¶„ / [ì •ë³´] 'AdminCommand' ë‹¤ì‹œ ë¶ˆëŸ¬ì˜´
17ì‹œ 57ë¶„ / [ì •ë³´] c:\Users\82105\Desktop\Project\Discord\DiscordBot_Gwen\cogs\event.py ë¡œë“œ ì™„ë£Œ
17ì‹œ 57ë¶„ / [ì •ë³´] 'event' ë‹¤ì‹œ ë¶ˆëŸ¬ì˜´
17ì‹œ 57ë¶„ / [ì •ë³´] c:\Users\82105\Desktop\Project\Discord\DiscordBot_Gwen\cogs\NormalCommandBot.py ë¡œë“œ ì™„ë£Œ
17ì‹œ 57ë¶„ / [ì •ë³´] 'NormalCommandBot' ë‹¤ì‹œ ë¶ˆëŸ¬ì˜´
17ì‹œ 57ë¶„ / [ì •ë³´] c:\Users\82105\Desktop\Project\Discord\DiscordBot_Gwen\cogs\SearchCommand.py ë¡œë“œ ì™„ë£Œ
17ì‹œ 57ë¶„ / [ì •ë³´] 'SearchCommand' ë‹¤ì‹œ ë¶ˆëŸ¬ì˜´
17ì‹œ 57ë¶„ / ë³‘ì‹ ë“¤ <ì‹¤í—˜ | í•˜ë¦¬í•˜ë£¨ | 758963978331619331> !ì •ê¸€ ì¡°ì´
17ì‹œ 58ë¶„ / [ì˜¤ë¥˜] Traceback (most recent call last):
  File "C:\Users\82105\AppData\Local\Programs\Python\Python39\lib\site-packages\discord\ext\commands\core.py", line 85, in wrapped
    ret = await coro(*args, **kwargs)
  File "c:\Users\82105\Desktop\Project\Discord\DiscordBot_Gwen\cogs\SearchCommand.py", line 502, in ì •ê¸€
    small = soup.find("div", attrs={"class":"fragment-page"}).find_all("img", attrs={"class":"active tip"},limit=3)
AttributeError: 'NoneType' object has no attribute 'find_all'

The above exception was the direct cause of the following exception:

Traceback (most recent call last):
  File "c:\Users\82105\Desktop\Project\Discord\DiscordBot_Gwen\utils\logger.py", line 22, in err
    raise error
  File "C:\Users\82105\AppData\Local\Programs\Python\Python39\lib\site-packages\discord\ext\commands\bot.py", line 939, in invoke
    await ctx.command.invoke(ctx)
  File "C:\Users\82105\AppData\Local\Programs\Python\Python39\lib\site-packages\discord\ext\commands\core.py", line 863, in invoke
    await injected(*ctx.args, **ctx.kwargs)
  File "C:\Users\82105\AppData\Local\Programs\Python\Python39\lib\site-packages\discord\ext\commands\core.py", line 94, in wrapped
    raise CommandInvokeError(exc) from exc
discord.ext.commands.errors.CommandInvokeError: Command raised an exception: AttributeError: 'NoneType' object has no attribute 'find_all'



17ì‹œ 58ë¶„ / ë³‘ì‹ ë“¤ <ì‹¤í—˜ | í•˜ë¦¬í•˜ë£¨ | 758963978331619331> !ì •ê¸€ ì•„ì¹¼ë¦¬
18ì‹œ 00ë¶„ / ë³‘ì‹ ë“¤ <ì‹¤í—˜ | í•˜ë¦¬í•˜ë£¨ | 758963978331619331> !restart
18ì‹œ 00ë¶„ / [ì •ë³´] c:\Users\82105\Desktop\Project\Discord\DiscordBot_Gwen\cogs\AdminCommand.py ë¡œë“œ ì™„ë£Œ
18ì‹œ 00ë¶„ / [ì •ë³´] 'AdminCommand' ë‹¤ì‹œ ë¶ˆëŸ¬ì˜´
18ì‹œ 00ë¶„ / [ì •ë³´] c:\Users\82105\Desktop\Project\Discord\DiscordBot_Gwen\cogs\event.py ë¡œë“œ ì™„ë£Œ
18ì‹œ 00ë¶„ / [ì •ë³´] 'event' ë‹¤ì‹œ ë¶ˆëŸ¬ì˜´
18ì‹œ 00ë¶„ / [ì •ë³´] c:\Users\82105\Desktop\Project\Discord\DiscordBot_Gwen\cogs\NormalCommandBot.py ë¡œë“œ ì™„ë£Œ
18ì‹œ 00ë¶„ / [ì •ë³´] 'NormalCommandBot' ë‹¤ì‹œ ë¶ˆëŸ¬ì˜´
18ì‹œ 00ë¶„ / [ì •ë³´] c:\Users\82105\Desktop\Project\Discord\DiscordBot_Gwen\cogs\SearchCommand.py ë¡œë“œ ì™„ë£Œ
18ì‹œ 00ë¶„ / [ì •ë³´] 'SearchCommand' ë‹¤ì‹œ ë¶ˆëŸ¬ì˜´
18ì‹œ 00ë¶„ / ë³‘ì‹ ë“¤ <ì‹¤í—˜ | í•˜ë¦¬í•˜ë£¨ | 758963978331619331> !ì •ê¸€ ì•„ì¹¼ë¦¬
18ì‹œ 01ë¶„ / [ì˜¤ë¥˜] Traceback (most recent call last):
  File "C:\Users\82105\AppData\Local\Programs\Python\Python39\lib\site-packages\discord\ext\commands\core.py", line 85, in wrapped
    ret = await coro(*args, **kwargs)
  File "c:\Users\82105\Desktop\Project\Discord\DiscordBot_Gwen\cogs\SearchCommand.py", line 511, in ì •ê¸€
    small = soup.find("div", attrs={"class":"fragment-page"}).find_all("img", attrs={"class":"active tip"},limit=3)
AttributeError: 'NoneType' object has no attribute 'find_all'

The above exception was the direct cause of the following exception:

Traceback (most recent call last):
  File "c:\Users\82105\Desktop\Project\Discord\DiscordBot_Gwen\utils\logger.py", line 22, in err
    raise error
  File "C:\Users\82105\AppData\Local\Programs\Python\Python39\lib\site-packages\discord\ext\commands\bot.py", line 939, in invoke
    await ctx.command.invoke(ctx)
  File "C:\Users\82105\AppData\Local\Programs\Python\Python39\lib\site-packages\discord\ext\commands\core.py", line 863, in invoke
    await injected(*ctx.args, **ctx.kwargs)
  File "C:\Users\82105\AppData\Local\Programs\Python\Python39\lib\site-packages\discord\ext\commands\core.py", line 94, in wrapped
    raise CommandInvokeError(exc) from exc
discord.ext.commands.errors.CommandInvokeError: Command raised an exception: AttributeError: 'NoneType' object has no attribute 'find_all'



18ì‹œ 02ë¶„ / ë³‘ì‹ ë“¤ <ì‹¤í—˜ | í•˜ë¦¬í•˜ë£¨ | 758963978331619331> !ì›ë”œ ì¹´íƒ€ë¦¬ë‚˜
18ì‹œ 04ë¶„ / ë³‘ì‹ ë“¤ <ì‹¤í—˜ | í•˜ë¦¬í•˜ë£¨ | 758963978331619331> !ì›ë”œ ì¡°ì´
19ì‹œ 25ë¶„ / ë³‘ì‹ ë“¤ <ì‹¤í—˜ | í•˜ë¦¬í•˜ë£¨ | 758963978331619331> !íƒ‘ ì•„í¬ìƒ¨
19ì‹œ 26ë¶„ / ë³‘ì‹ ë“¤ <ì‹¤í—˜ | í•˜ë¦¬í•˜ë£¨ | 758963978331619331> !ë¯¸ë“œ ì œì´ìŠ¤
21ì‹œ 14ë¶„ / ë³‘ì‹ ë“¤ <ğŸ“©ì±„íŒ…ì°½ | ì•Œ ìˆ˜ ì—†ìŒ | 449764097601437702> <:071:883743097123651664>
21ì‹œ 14ë¶„ / [ì •ë³´] ì•Œ ìˆ˜ ì—†ìŒì´(ê°€) '<:071:883743097123651664>' ë©”ì‹œì§€ë¥¼ ì‚­ì œ
22ì‹œ 28ë¶„ / ë³‘ì‹ ë“¤ <ì‹¤í—˜ | í•˜ë¦¬í•˜ë£¨ | 758963978331619331> !íƒ‘ ì•„í¬ìƒ¨
22ì‹œ 29ë¶„ / ë³‘ì‹ ë“¤ <ì‹¤í—˜ | í•˜ë¦¬í•˜ë£¨ | 758963978331619331> !ë¯¸ë“œ ì•„í¬ìƒ¨
