20ì‹œ 27ë¶„ / [ì •ë³´] c:\Users\82105\Downloads\SetaBot-2.3\cogs\event.py ë¡œë“œ ì™„ë£Œ
20ì‹œ 27ë¶„ / [ì •ë³´] c:\Users\82105\Downloads\SetaBot-2.3\cogs\example.py ë¡œë“œ ì™„ë£Œ
20ì‹œ 27ë¶„ / [ì •ë³´] c:\Users\82105\Downloads\SetaBot-2.3\cogs\sample.py ë¡œë“œ ì™„ë£Œ
20ì‹œ 27ë¶„ / [ì •ë³´] ======================
20ì‹œ 27ë¶„ / [ì •ë³´] < êµ¬ë™ ì™„ë£Œ >
20ì‹œ 27ë¶„ / [ì •ë³´] ë´‡ ì´ë¦„ : ê·¸ì›¬
20ì‹œ 27ë¶„ / [ì •ë³´] ë´‡ ì•„ì´ë”” : 885030846069899264
20ì‹œ 27ë¶„ / [ì •ë³´] ======================
20ì‹œ 32ë¶„ / [ì •ë³´] c:\Users\82105\Downloads\SetaBot-2.3\cogs\event.py ë¡œë“œ ì™„ë£Œ
20ì‹œ 32ë¶„ / [ì •ë³´] c:\Users\82105\Downloads\SetaBot-2.3\cogs\example.py ë¡œë“œ ì™„ë£Œ
20ì‹œ 32ë¶„ / [ì •ë³´] c:\Users\82105\Downloads\SetaBot-2.3\cogs\sample.py ë¡œë“œ ì™„ë£Œ
20ì‹œ 32ë¶„ / [ì •ë³´] ======================
20ì‹œ 32ë¶„ / [ì •ë³´] < êµ¬ë™ ì™„ë£Œ >
20ì‹œ 32ë¶„ / [ì •ë³´] ë´‡ ì´ë¦„ : ê·¸ì›¬
20ì‹œ 32ë¶„ / [ì •ë³´] ë´‡ ì•„ì´ë”” : 885030846069899264
20ì‹œ 32ë¶„ / [ì •ë³´] ======================
20ì‹œ 33ë¶„ / [ì •ë³´] c:\Users\82105\Downloads\SetaBot-2.3\cogs\event.py ë¡œë“œ ì™„ë£Œ
20ì‹œ 33ë¶„ / [ì •ë³´] c:\Users\82105\Downloads\SetaBot-2.3\cogs\example.py ë¡œë“œ ì™„ë£Œ
20ì‹œ 33ë¶„ / [ì •ë³´] c:\Users\82105\Downloads\SetaBot-2.3\cogs\sample.py ë¡œë“œ ì™„ë£Œ
20ì‹œ 33ë¶„ / [ì •ë³´] ======================
20ì‹œ 33ë¶„ / [ì •ë³´] < êµ¬ë™ ì™„ë£Œ >
20ì‹œ 33ë¶„ / [ì •ë³´] ë´‡ ì´ë¦„ : ê·¸ì›¬
20ì‹œ 33ë¶„ / [ì •ë³´] ë´‡ ì•„ì´ë”” : 885030846069899264
20ì‹œ 33ë¶„ / [ì •ë³´] ======================
20ì‹œ 33ë¶„ / ë´‡ì„œë²„ <ì¼ë°˜ | í•˜ë¦¬í•˜ë£¨ | 758963978331619331> !
20ì‹œ 37ë¶„ / [ì •ë³´] c:\Users\82105\Downloads\SetaBot-2.3\cogs\event.py ë¡œë“œ ì™„ë£Œ
20ì‹œ 37ë¶„ / [ì •ë³´] c:\Users\82105\Downloads\SetaBot-2.3\cogs\example.py ë¡œë“œ ì™„ë£Œ
20ì‹œ 37ë¶„ / [ì •ë³´] c:\Users\82105\Downloads\SetaBot-2.3\cogs\sample.py ë¡œë“œ ì™„ë£Œ
20ì‹œ 37ë¶„ / [ì •ë³´] ======================
20ì‹œ 37ë¶„ / [ì •ë³´] < êµ¬ë™ ì™„ë£Œ >
20ì‹œ 37ë¶„ / [ì •ë³´] ë´‡ ì´ë¦„ : ê·¸ì›¬
20ì‹œ 37ë¶„ / [ì •ë³´] ë´‡ ì•„ì´ë”” : 885030846069899264
20ì‹œ 37ë¶„ / [ì •ë³´] ======================
20ì‹œ 38ë¶„ / ë´‡ì„œë²„ <ì¼ë°˜ | í•˜ë¦¬í•˜ë£¨ | 758963978331619331> !ì•ˆë…•
20ì‹œ 38ë¶„ / ë´‡ì„œë²„ <ì¼ë°˜ | í•˜ë¦¬í•˜ë£¨ | 758963978331619331> !info
20ì‹œ 47ë¶„ / [ì •ë³´] c:\Users\82105\Downloads\SetaBot-2.3\cogs\event.py ë¡œë“œ ì™„ë£Œ
20ì‹œ 47ë¶„ / [ì •ë³´] c:\Users\82105\Downloads\SetaBot-2.3\cogs\example.py ë¡œë“œ ì™„ë£Œ
20ì‹œ 47ë¶„ / [ì •ë³´] c:\Users\82105\Downloads\SetaBot-2.3\cogs\sample.py ë¡œë“œ ì™„ë£Œ
20ì‹œ 47ë¶„ / [ì •ë³´] ======================
20ì‹œ 47ë¶„ / [ì •ë³´] < êµ¬ë™ ì™„ë£Œ >
20ì‹œ 47ë¶„ / [ì •ë³´] ======================
20ì‹œ 49ë¶„ / ë´‡ì„œë²„ <ì¼ë°˜ | í•˜ë¦¬í•˜ë£¨ | 758963978331619331> ê·¸ì›¬ì•„ ì•ˆë…•
20ì‹œ 49ë¶„ / ë´‡ì„œë²„ <ì¼ë°˜ | í•˜ë¦¬í•˜ë£¨ | 758963978331619331> ê·¸ì›¬ì•„ ë‹µì¥
20ì‹œ 49ë¶„ / ë´‡ì„œë²„ <ì¼ë°˜ | í•˜ë¦¬í•˜ë£¨ | 758963978331619331> ê·¸ì›¬ì•„ ì¹­ì°¬
20ì‹œ 50ë¶„ / ë´‡ì„œë²„ <ì¼ë°˜ | í•˜ë¦¬í•˜ë£¨ | 758963978331619331> ê·¸ì›¬ì•„ ì¹­ì°¬ ë‚˜
20ì‹œ 50ë¶„ / ë´‡ì„œë²„ <ì¼ë°˜ | í•˜ë¦¬í•˜ë£¨ | 758963978331619331> ê·¸ì›¬ ë°œì‚¬ ë‚˜ ë‚˜
20ì‹œ 50ë¶„ / ë´‡ì„œë²„ <ì¼ë°˜ | í•˜ë¦¬í•˜ë£¨ | 758963978331619331> ê·¸ì›¬ ë°œì‚¬ ë„ˆ ë‚˜
20ì‹œ 50ë¶„ / ë´‡ì„œë²„ <ì¼ë°˜ | í•˜ë¦¬í•˜ë£¨ | 758963978331619331> ê·¸ì›¬ ë°œì‚¬
20ì‹œ 50ë¶„ / ë´‡ì„œë²„ <ì¼ë°˜ | í•˜ë¦¬í•˜ë£¨ | 758963978331619331> ê·¸ì›¬ ì¹˜ì•ˆ
20ì‹œ 50ë¶„ / ë´‡ì„œë²„ <ì¼ë°˜ | í•˜ë¦¬í•˜ë£¨ | 758963978331619331> ê·¸ì›¬ì•„ ë°œì‚¬ ë„ˆ ë‚˜
20ì‹œ 51ë¶„ / ë´‡ì„œë²„ <ì¼ë°˜ | í•˜ë¦¬í•˜ë£¨ | 758963978331619331> ê·¸ì›¬ì•„ ë§í•´ ã…‡ã…‡
20ì‹œ 51ë¶„ / [ì˜¤ë¥˜] Traceback (most recent call last):
  File "C:\Users\82105\AppData\Local\Programs\Python\Python39\lib\site-packages\discord\ext\commands\core.py", line 85, in wrapped
    ret = await coro(*args, **kwargs)
  File "c:\Users\82105\Downloads\SetaBot-2.3\cogs\example.py", line 53, in ë§í•´
    await ctx.message.delete()  # ìœ ì €ê°€ ì“´ ë©”ì‹œì§€ëŠ” ì§€ì›ë‹ˆë‹¤.
  File "C:\Users\82105\AppData\Local\Programs\Python\Python39\lib\site-packages\discord\message.py", line 1023, in delete
    await self._state.http.delete_message(self.channel.id, self.id)
  File "C:\Users\82105\AppData\Local\Programs\Python\Python39\lib\site-packages\discord\http.py", line 248, in request
    raise Forbidden(r, data)
discord.errors.Forbidden: 403 Forbidden (error code: 50013): Missing Permissions

The above exception was the direct cause of the following exception:

Traceback (most recent call last):
  File "c:\Users\82105\Downloads\SetaBot-2.3\utils\logger.py", line 22, in err
    raise error
  File "C:\Users\82105\AppData\Local\Programs\Python\Python39\lib\site-packages\discord\ext\commands\bot.py", line 939, in invoke
    await ctx.command.invoke(ctx)
  File "C:\Users\82105\AppData\Local\Programs\Python\Python39\lib\site-packages\discord\ext\commands\core.py", line 863, in invoke
    await injected(*ctx.args, **ctx.kwargs)
  File "C:\Users\82105\AppData\Local\Programs\Python\Python39\lib\site-packages\discord\ext\commands\core.py", line 94, in wrapped
    raise CommandInvokeError(exc) from exc
discord.ext.commands.errors.CommandInvokeError: Command raised an exception: Forbidden: 403 Forbidden (error code: 50013): Missing Permissions



20ì‹œ 51ë¶„ / ë´‡ì„œë²„ <ì¼ë°˜ | í•˜ë¦¬í•˜ë£¨ | 758963978331619331> ê·¸ì›¬ì•„ ë§í•´
20ì‹œ 51ë¶„ / ë´‡ì„œë²„ <ì¼ë°˜ | í•˜ë¦¬í•˜ë£¨ | 758963978331619331> ê·¸ì›¬ì•„ ë§í•´
20ì‹œ 51ë¶„ / ë´‡ì„œë²„ <ì¼ë°˜ | í•˜ë¦¬í•˜ë£¨ | 758963978331619331> ê·¸ì›¬ì•„ í•‘
20ì‹œ 52ë¶„ / ë´‡ì„œë²„ <ì¼ë°˜ | í•˜ë¦¬í•˜ë£¨ | 758963978331619331> ê·¸ì›¬ì•„ íƒ•ìˆ˜ìœ¡
20ì‹œ 52ë¶„ / [ì˜¤ë¥˜] Traceback (most recent call last):
  File "C:\Users\82105\AppData\Local\Programs\Python\Python39\lib\site-packages\discord\ext\commands\core.py", line 85, in wrapped
    ret = await coro(*args, **kwargs)
  File "c:\Users\82105\Downloads\SetaBot-2.3\cogs\example.py", line 71, in íƒ•ìˆ˜ìœ¡
    result = await util_box.ox(self.bot, window, ctx)
  File "c:\Users\82105\Downloads\SetaBot-2.3\utils\util_box.py", line 28, in ox
    await message.clear_reactions()
  File "C:\Users\82105\AppData\Local\Programs\Python\Python39\lib\site-packages\discord\message.py", line 1309, in clear_reactions
    await self._state.http.clear_reactions(self.channel.id, self.id)
  File "C:\Users\82105\AppData\Local\Programs\Python\Python39\lib\site-packages\discord\http.py", line 248, in request
    raise Forbidden(r, data)
discord.errors.Forbidden: 403 Forbidden (error code: 50013): Missing Permissions

The above exception was the direct cause of the following exception:

Traceback (most recent call last):
  File "c:\Users\82105\Downloads\SetaBot-2.3\utils\logger.py", line 22, in err
    raise error
  File "C:\Users\82105\AppData\Local\Programs\Python\Python39\lib\site-packages\discord\ext\commands\bot.py", line 939, in invoke
    await ctx.command.invoke(ctx)
  File "C:\Users\82105\AppData\Local\Programs\Python\Python39\lib\site-packages\discord\ext\commands\core.py", line 863, in invoke
    await injected(*ctx.args, **ctx.kwargs)
  File "C:\Users\82105\AppData\Local\Programs\Python\Python39\lib\site-packages\discord\ext\commands\core.py", line 94, in wrapped
    raise CommandInvokeError(exc) from exc
discord.ext.commands.errors.CommandInvokeError: Command raised an exception: Forbidden: 403 Forbidden (error code: 50013): Missing Permissions



20ì‹œ 52ë¶„ / ë´‡ì„œë²„ <ì¼ë°˜ | í•˜ë¦¬í•˜ë£¨ | 758963978331619331> ê·¸ì›¬ì•„ íƒ•ìˆ˜ìœ¡
20ì‹œ 52ë¶„ / [ì˜¤ë¥˜] Traceback (most recent call last):
  File "C:\Users\82105\AppData\Local\Programs\Python\Python39\lib\site-packages\discord\ext\commands\core.py", line 85, in wrapped
    ret = await coro(*args, **kwargs)
  File "c:\Users\82105\Downloads\SetaBot-2.3\cogs\example.py", line 71, in íƒ•ìˆ˜ìœ¡
    result = await util_box.ox(self.bot, window, ctx)
  File "c:\Users\82105\Downloads\SetaBot-2.3\utils\util_box.py", line 25, in ox
    await message.clear_reactions()
  File "C:\Users\82105\AppData\Local\Programs\Python\Python39\lib\site-packages\discord\message.py", line 1309, in clear_reactions
    await self._state.http.clear_reactions(self.channel.id, self.id)
  File "C:\Users\82105\AppData\Local\Programs\Python\Python39\lib\site-packages\discord\http.py", line 248, in request
    raise Forbidden(r, data)
discord.errors.Forbidden: 403 Forbidden (error code: 50013): Missing Permissions

The above exception was the direct cause of the following exception:

Traceback (most recent call last):
  File "c:\Users\82105\Downloads\SetaBot-2.3\utils\logger.py", line 22, in err
    raise error
  File "C:\Users\82105\AppData\Local\Programs\Python\Python39\lib\site-packages\discord\ext\commands\bot.py", line 939, in invoke
    await ctx.command.invoke(ctx)
  File "C:\Users\82105\AppData\Local\Programs\Python\Python39\lib\site-packages\discord\ext\commands\core.py", line 863, in invoke
    await injected(*ctx.args, **ctx.kwargs)
  File "C:\Users\82105\AppData\Local\Programs\Python\Python39\lib\site-packages\discord\ext\commands\core.py", line 94, in wrapped
    raise CommandInvokeError(exc) from exc
discord.ext.commands.errors.CommandInvokeError: Command raised an exception: Forbidden: 403 Forbidden (error code: 50013): Missing Permissions



20ì‹œ 53ë¶„ / ë´‡ì„œë²„ <ì¼ë°˜ | í•˜ë¦¬í•˜ë£¨ | 758963978331619331> ê·¸ì›¬ì•„ í”„ë¡œí•„
20ì‹œ 54ë¶„ / [ì •ë³´] c:\Users\82105\Downloads\SetaBot-2.3\cogs\event.py ë¡œë“œ ì™„ë£Œ
20ì‹œ 54ë¶„ / [ì •ë³´] c:\Users\82105\Downloads\SetaBot-2.3\cogs\example.py ë¡œë“œ ì™„ë£Œ
20ì‹œ 54ë¶„ / [ì •ë³´] c:\Users\82105\Downloads\SetaBot-2.3\cogs\sample.py ë¡œë“œ ì™„ë£Œ
20ì‹œ 54ë¶„ / [ì •ë³´] ======================
20ì‹œ 54ë¶„ / [ì •ë³´] < êµ¬ë™ ì™„ë£Œ >
20ì‹œ 54ë¶„ / [ì •ë³´] ======================
20ì‹œ 54ë¶„ / ë´‡ì„œë²„ <ì¼ë°˜ | í•˜ë¦¬í•˜ë£¨ | 758963978331619331> ê·¸ì›¬ì•„ íƒ•ìˆ˜ìœ¡
20ì‹œ 55ë¶„ / [ì˜¤ë¥˜] Traceback (most recent call last):
  File "C:\Users\82105\AppData\Local\Programs\Python\Python39\lib\site-packages\discord\ext\commands\core.py", line 85, in wrapped
    ret = await coro(*args, **kwargs)
  File "c:\Users\82105\Downloads\SetaBot-2.3\cogs\example.py", line 71, in íƒ•ìˆ˜ìœ¡
    result = await util_box.ox(self.bot, window, ctx)
  File "c:\Users\82105\Downloads\SetaBot-2.3\utils\util_box.py", line 28, in ox
    await message.clear_reactions()
  File "C:\Users\82105\AppData\Local\Programs\Python\Python39\lib\site-packages\discord\message.py", line 1309, in clear_reactions
    await self._state.http.clear_reactions(self.channel.id, self.id)
  File "C:\Users\82105\AppData\Local\Programs\Python\Python39\lib\site-packages\discord\http.py", line 248, in request
    raise Forbidden(r, data)
discord.errors.Forbidden: 403 Forbidden (error code: 50013): Missing Permissions

The above exception was the direct cause of the following exception:

Traceback (most recent call last):
  File "c:\Users\82105\Downloads\SetaBot-2.3\utils\logger.py", line 22, in err
    raise error
  File "C:\Users\82105\AppData\Local\Programs\Python\Python39\lib\site-packages\discord\ext\commands\bot.py", line 939, in invoke
    await ctx.command.invoke(ctx)
  File "C:\Users\82105\AppData\Local\Programs\Python\Python39\lib\site-packages\discord\ext\commands\core.py", line 863, in invoke
    await injected(*ctx.args, **ctx.kwargs)
  File "C:\Users\82105\AppData\Local\Programs\Python\Python39\lib\site-packages\discord\ext\commands\core.py", line 94, in wrapped
    raise CommandInvokeError(exc) from exc
discord.ext.commands.errors.CommandInvokeError: Command raised an exception: Forbidden: 403 Forbidden (error code: 50013): Missing Permissions



20ì‹œ 58ë¶„ / [ì •ë³´] c:\Users\82105\Downloads\SetaBot-2.3\cogs\event.py ë¡œë“œ ì™„ë£Œ
20ì‹œ 58ë¶„ / [ì •ë³´] c:\Users\82105\Downloads\SetaBot-2.3\cogs\example.py ë¡œë“œ ì™„ë£Œ
20ì‹œ 58ë¶„ / [ì •ë³´] c:\Users\82105\Downloads\SetaBot-2.3\cogs\sample.py ë¡œë“œ ì™„ë£Œ
20ì‹œ 58ë¶„ / [ì •ë³´] ======================
20ì‹œ 58ë¶„ / [ì •ë³´] < êµ¬ë™ ì™„ë£Œ >
20ì‹œ 58ë¶„ / [ì •ë³´] ======================
20ì‹œ 58ë¶„ / ë´‡ì„œë²„ <ì¼ë°˜ | í•˜ë¦¬í•˜ë£¨ | 758963978331619331> ë°”ë³´
21ì‹œ 04ë¶„ / [ì •ë³´] c:\Users\82105\Downloads\SetaBot-2.3\cogs\event.py ë¡œë“œ ì™„ë£Œ
21ì‹œ 04ë¶„ / [ì •ë³´] c:\Users\82105\Downloads\SetaBot-2.3\cogs\example.py ë¡œë“œ ì™„ë£Œ
21ì‹œ 04ë¶„ / [ì •ë³´] c:\Users\82105\Downloads\SetaBot-2.3\cogs\sample.py ë¡œë“œ ì™„ë£Œ
21ì‹œ 04ë¶„ / [ì •ë³´] ======================
21ì‹œ 04ë¶„ / [ì •ë³´] < êµ¬ë™ ì™„ë£Œ >
21ì‹œ 04ë¶„ / [ì •ë³´] ======================
21ì‹œ 04ë¶„ / ë´‡ì„œë²„ <ì¼ë°˜ | í•˜ë¦¬í•˜ë£¨ | 758963978331619331> ê·¸ì›¬ì•„ ì¡ë‹´
21ì‹œ 04ë¶„ / ë´‡ì„œë²„ <ì¼ë°˜ | í•˜ë¦¬í•˜ë£¨ | 758963978331619331> ê·¸ì›¬ì•„ ì¡ë‹´
21ì‹œ 05ë¶„ / ë´‡ì„œë²„ <ì¼ë°˜ | í•˜ë¦¬í•˜ë£¨ | 758963978331619331> !ì¡ë‹´
21ì‹œ 05ë¶„ / [ì •ë³´] c:\Users\82105\Downloads\SetaBot-2.3\cogs\event.py ë¡œë“œ ì™„ë£Œ
21ì‹œ 05ë¶„ / [ì •ë³´] c:\Users\82105\Downloads\SetaBot-2.3\cogs\example.py ë¡œë“œ ì™„ë£Œ
21ì‹œ 05ë¶„ / [ì •ë³´] c:\Users\82105\Downloads\SetaBot-2.3\cogs\sample.py ë¡œë“œ ì™„ë£Œ
21ì‹œ 05ë¶„ / [ì •ë³´] ======================
21ì‹œ 05ë¶„ / [ì •ë³´] < êµ¬ë™ ì™„ë£Œ >
21ì‹œ 05ë¶„ / [ì •ë³´] ======================
21ì‹œ 06ë¶„ / ë³‘ì‹ ë“¤ <ì‹¤í—˜ | í•˜ë¦¬í•˜ë£¨ | 758963978331619331> ê·¸ì›¬ì•„ ì¡ë‹´
21ì‹œ 07ë¶„ / ë³‘ì‹ ë“¤ <ì‹¤í—˜ | í•˜ë¦¬í•˜ë£¨ | 758963978331619331> ë°”ë³´
21ì‹œ 07ë¶„ / ë³‘ì‹ ë“¤ <ì‹¤í—˜ | í•˜ë¦¬í•˜ë£¨ | 758963978331619331> ê·¸ì›¬ì•„ ì•ˆë…•
21ì‹œ 12ë¶„ / ë³‘ì‹ ë“¤ <ì‹¤í—˜ | ì†¡ì°¬í˜• | 620609712785850398> ì£¼ì•„ë°”ë³´
21ì‹œ 13ë¶„ / ë³‘ì‹ ë“¤ <ì‹¤í—˜ | ì†¡ì°¬í˜• | 620609712785850398> ë°”ë³´
21ì‹œ 13ë¶„ / ë³‘ì‹ ë“¤ <ì‹¤í—˜ | í•˜ë¦¬í•˜ë£¨ | 758963978331619331> ì°¬í˜•ì´ ë°”ë³´
21ì‹œ 13ë¶„ / ë³‘ì‹ ë“¤ <ì‹¤í—˜ | ê¹€ê°•ëƒ‰ | 582041127323041813> ê·¸ì›¬ì•„
21ì‹œ 13ë¶„ / ë³‘ì‹ ë“¤ <ì‹¤í—˜ | ê¹€ê°•ëƒ‰ | 582041127323041813> ê·¸ì›¬ì•„ ì‚¬ë‘í•´
21ì‹œ 14ë¶„ / ë³‘ì‹ ë“¤ <ì‹¤í—˜ | í•˜ë¦¬í•˜ë£¨ | 758963978331619331> ê·¸ì›¬ì•„ ë°œì‚¬ ì£¼í™©ì´ ìˆ˜í•™
21ì‹œ 14ë¶„ / ë³‘ì‹ ë“¤ <ì‹¤í—˜ | ê¹€ê°•ëƒ‰ | 582041127323041813> ?
21ì‹œ 14ë¶„ / ë³‘ì‹ ë“¤ <ì‹¤í—˜ | í•˜ë¦¬í•˜ë£¨ | 758963978331619331> íˆíˆë°œì‚¬
21ì‹œ 17ë¶„ / [ì •ë³´] c:\Users\82105\Downloads\SetaBot-2.3\cogs\event.py ë¡œë“œ ì™„ë£Œ
21ì‹œ 17ë¶„ / [ì •ë³´] c:\Users\82105\Downloads\SetaBot-2.3\cogs\example.py ë¡œë“œ ì™„ë£Œ
21ì‹œ 17ë¶„ / [ì •ë³´] c:\Users\82105\Downloads\SetaBot-2.3\cogs\sample.py ë¡œë“œ ì™„ë£Œ
21ì‹œ 17ë¶„ / [ì •ë³´] ======================
21ì‹œ 17ë¶„ / [ì •ë³´] < êµ¬ë™ ì™„ë£Œ >
21ì‹œ 17ë¶„ / [ì •ë³´] ======================
21ì‹œ 17ë¶„ / ë³‘ì‹ ë“¤ <ì‹¤í—˜ | í•˜ë¦¬í•˜ë£¨ | 758963978331619331> ì°¬í˜•ì´ ë°”ë³´
21ì‹œ 17ë¶„ / ë³‘ì‹ ë“¤ <ì‹¤í—˜ | í•˜ë¦¬í•˜ë£¨ | 758963978331619331> ìŒ ë°”ë³´
21ì‹œ 18ë¶„ / ë³‘ì‹ ë“¤ <ì‹¤í—˜ | ê¹€ê°•ëƒ‰ | 582041127323041813> ê·¸ì›¬ì•„  ë°•ì£¼ì•„  ì• ë¯¸
21ì‹œ 18ë¶„ / ë³‘ì‹ ë“¤ <ì‹¤í—˜ | ê¹€ê°•ëƒ‰ | 582041127323041813> ì´ìƒˆê¸°
21ì‹œ 18ë¶„ / ë³‘ì‹ ë“¤ <ì‹¤í—˜ | ê¹€ê°•ëƒ‰ | 582041127323041813> ë‚´ë§ì”¹ìŒ
21ì‹œ 18ë¶„ / ë³‘ì‹ ë“¤ <ì‹¤í—˜ | í•˜ë¦¬í•˜ë£¨ | 758963978331619331> ê·¸ë”´ê±° ì—†ë‹¤
21ì‹œ 18ë¶„ / ë³‘ì‹ ë“¤ <ì‹¤í—˜ | í•˜ë¦¬í•˜ë£¨ | 758963978331619331> ê·¸ì›¬ì•„ ì•ˆë…•
21ì‹œ 18ë¶„ / ë³‘ì‹ ë“¤ <ì‹¤í—˜ | í•˜ë¦¬í•˜ë£¨ | 758963978331619331> !ì•ˆë…•
21ì‹œ 18ë¶„ / ë³‘ì‹ ë“¤ <ì‹¤í—˜ | í•˜ë¦¬í•˜ë£¨ | 758963978331619331> ì¼ì¼€ í•´ë„ ë¨
21ì‹œ 18ë¶„ / ë³‘ì‹ ë“¤ <ì‹¤í—˜ | ê¹€ê°•ëƒ‰ | 582041127323041813> ê·¸ì›¬ì•„  í—¤ìœ¼ì‘
21ì‹œ 18ë¶„ / ë³‘ì‹ ë“¤ <ì‹¤í—˜ | í•˜ë¦¬í•˜ë£¨ | 758963978331619331> ê·¸ì›¬ì•„ í—¤ìœ¼ì‘
21ì‹œ 18ë¶„ / ë³‘ì‹ ë“¤ <ì‹¤í—˜ | í•˜ë¦¬í•˜ë£¨ | 758963978331619331> ë„ˆë§ì€ ì™œ ì”¹ëƒ
21ì‹œ 18ë¶„ / ë³‘ì‹ ë“¤ <ì‹¤í—˜ | í•˜ë¦¬í•˜ë£¨ | 758963978331619331> ã…‹ã…‹ã…‹ã…‹ã…‹ã…‹ã…‹
21ì‹œ 18ë¶„ / ë³‘ì‹ ë“¤ <ì‹¤í—˜ | ê¹€ê°•ëƒ‰ | 582041127323041813> ã„¹ã…‡ã…‹ã…‹
21ì‹œ 19ë¶„ / ë³‘ì‹ ë“¤ <ì‹¤í—˜ | í•˜ë¦¬í•˜ë£¨ | 758963978331619331> !ì¡ë‹´
21ì‹œ 25ë¶„ / ë³‘ì‹ ë“¤ <ì‹¤í—˜ | ì¥ì„ íš¨ | 534534395118485506> ì•„ì§€ë¥´ë„ ë§Œë“¤ì–´ ì¤˜ìš”
21ì‹œ 27ë¶„ / ë³‘ì‹ ë“¤ <ì‹¤í—˜ | Triaina | 496627750858260480> ë°•ì£¼ì•„
21ì‹œ 27ë¶„ / ë³‘ì‹ ë“¤ <ì‹¤í—˜ | Triaina | 496627750858260480> ì”¹ë…„ì•„ ë‹¤ì‹œ ì˜¨ë‹¤ë©”
21ì‹œ 27ë¶„ / ë³‘ì‹ ë“¤ <ì‹¤í—˜ | Triaina | 496627750858260480> ì´ ã…ˆã„¹ í•˜ê³ ìˆë„¤
21ì‹œ 37ë¶„ / ë³‘ì‹ ë“¤ <ì‹¤í—˜ | ê¹€ê°•ëƒ‰ | 582041127323041813> ê°•ëƒ‰ì´#31961
22ì‹œ 50ë¶„ / [ì •ë³´] c:\Users\82105\Downloads\SetaBot-2.3\cogs\CommandBot.py ë¡œë“œ ì™„ë£Œ
22ì‹œ 50ë¶„ / [ì •ë³´] c:\Users\82105\Downloads\SetaBot-2.3\cogs\event.py ë¡œë“œ ì™„ë£Œ
22ì‹œ 50ë¶„ / [ì •ë³´] ======================
22ì‹œ 50ë¶„ / [ì •ë³´] < êµ¬ë™ ì™„ë£Œ >
22ì‹œ 50ë¶„ / [ì •ë³´] ======================
22ì‹œ 50ë¶„ / ë³‘ì‹ ë“¤ <ì‹¤í—˜ | í•˜ë¦¬í•˜ë£¨ | 758963978331619331> ê·¸ì›¬ì•„ ê°€ìœ„ë°”ìœ„ë³´
22ì‹œ 50ë¶„ / [ì˜¤ë¥˜] Traceback (most recent call last):
  File "C:\Users\82105\AppData\Local\Programs\Python\Python39\lib\site-packages\discord\ext\commands\core.py", line 85, in wrapped
    ret = await coro(*args, **kwargs)
  File "c:\Users\82105\Downloads\SetaBot-2.3\cogs\CommandBot.py", line 39, in ê°€ìœ„ë°”ìœ„ë³´
    await ctx.message.clear_reactions()
  File "C:\Users\82105\AppData\Local\Programs\Python\Python39\lib\site-packages\discord\message.py", line 1309, in clear_reactions
    await self._state.http.clear_reactions(self.channel.id, self.id)
  File "C:\Users\82105\AppData\Local\Programs\Python\Python39\lib\site-packages\discord\http.py", line 248, in request
    raise Forbidden(r, data)
discord.errors.Forbidden: 403 Forbidden (error code: 50013): Missing Permissions

The above exception was the direct cause of the following exception:

Traceback (most recent call last):
  File "c:\Users\82105\Downloads\SetaBot-2.3\utils\logger.py", line 22, in err
    raise error
  File "C:\Users\82105\AppData\Local\Programs\Python\Python39\lib\site-packages\discord\ext\commands\bot.py", line 939, in invoke
    await ctx.command.invoke(ctx)
  File "C:\Users\82105\AppData\Local\Programs\Python\Python39\lib\site-packages\discord\ext\commands\core.py", line 863, in invoke
    await injected(*ctx.args, **ctx.kwargs)
  File "C:\Users\82105\AppData\Local\Programs\Python\Python39\lib\site-packages\discord\ext\commands\core.py", line 94, in wrapped
    raise CommandInvokeError(exc) from exc
discord.ext.commands.errors.CommandInvokeError: Command raised an exception: Forbidden: 403 Forbidden (error code: 50013): Missing Permissions



22ì‹œ 50ë¶„ / ë³‘ì‹ ë“¤ <ì‹¤í—˜ | í•˜ë¦¬í•˜ë£¨ | 758963978331619331> ì• ë¯¸
22ì‹œ 52ë¶„ / ë³‘ì‹ ë“¤ <ì‹¤í—˜ | í•˜ë¦¬í•˜ë£¨ | 758963978331619331> !ê°€ìœ„ë°”ìœ„ë³´
22ì‹œ 52ë¶„ / [ì˜¤ë¥˜] Traceback (most recent call last):
  File "C:\Users\82105\AppData\Local\Programs\Python\Python39\lib\site-packages\discord\ext\commands\core.py", line 85, in wrapped
    ret = await coro(*args, **kwargs)
  File "c:\Users\82105\Downloads\SetaBot-2.3\cogs\CommandBot.py", line 36, in ê°€ìœ„ë°”ìœ„ë³´
    await ctx.message.clear_reactions()
  File "C:\Users\82105\AppData\Local\Programs\Python\Python39\lib\site-packages\discord\message.py", line 1309, in clear_reactions
    await self._state.http.clear_reactions(self.channel.id, self.id)
  File "C:\Users\82105\AppData\Local\Programs\Python\Python39\lib\site-packages\discord\http.py", line 248, in request
    raise Forbidden(r, data)
discord.errors.Forbidden: 403 Forbidden (error code: 50013): Missing Permissions

The above exception was the direct cause of the following exception:

Traceback (most recent call last):
  File "c:\Users\82105\Downloads\SetaBot-2.3\utils\logger.py", line 22, in err
    raise error
  File "C:\Users\82105\AppData\Local\Programs\Python\Python39\lib\site-packages\discord\ext\commands\bot.py", line 939, in invoke
    await ctx.command.invoke(ctx)
  File "C:\Users\82105\AppData\Local\Programs\Python\Python39\lib\site-packages\discord\ext\commands\core.py", line 863, in invoke
    await injected(*ctx.args, **ctx.kwargs)
  File "C:\Users\82105\AppData\Local\Programs\Python\Python39\lib\site-packages\discord\ext\commands\core.py", line 94, in wrapped
    raise CommandInvokeError(exc) from exc
discord.ext.commands.errors.CommandInvokeError: Command raised an exception: Forbidden: 403 Forbidden (error code: 50013): Missing Permissions



22ì‹œ 56ë¶„ / ë³‘ì‹ ë“¤ <ì‹¤í—˜ | ê¹€ê°•ëƒ‰ | 582041127323041813> !ê°€ìœ„ë°”ìœ„ë³´
22ì‹œ 57ë¶„ / [ì˜¤ë¥˜] Traceback (most recent call last):
  File "C:\Users\82105\AppData\Local\Programs\Python\Python39\lib\site-packages\discord\ext\commands\core.py", line 85, in wrapped
    ret = await coro(*args, **kwargs)
  File "c:\Users\82105\Downloads\SetaBot-2.3\cogs\CommandBot.py", line 42, in ê°€ìœ„ë°”ìœ„ë³´
    await ctx.message.clear_reactions()
  File "C:\Users\82105\AppData\Local\Programs\Python\Python39\lib\site-packages\discord\message.py", line 1309, in clear_reactions
    await self._state.http.clear_reactions(self.channel.id, self.id)
  File "C:\Users\82105\AppData\Local\Programs\Python\Python39\lib\site-packages\discord\http.py", line 248, in request
    raise Forbidden(r, data)
discord.errors.Forbidden: 403 Forbidden (error code: 50013): Missing Permissions

The above exception was the direct cause of the following exception:

Traceback (most recent call last):
  File "c:\Users\82105\Downloads\SetaBot-2.3\utils\logger.py", line 22, in err
    raise error
  File "C:\Users\82105\AppData\Local\Programs\Python\Python39\lib\site-packages\discord\ext\commands\bot.py", line 939, in invoke
    await ctx.command.invoke(ctx)
  File "C:\Users\82105\AppData\Local\Programs\Python\Python39\lib\site-packages\discord\ext\commands\core.py", line 863, in invoke
    await injected(*ctx.args, **ctx.kwargs)
  File "C:\Users\82105\AppData\Local\Programs\Python\Python39\lib\site-packages\discord\ext\commands\core.py", line 94, in wrapped
    raise CommandInvokeError(exc) from exc
discord.ext.commands.errors.CommandInvokeError: Command raised an exception: Forbidden: 403 Forbidden (error code: 50013): Missing Permissions



22ì‹œ 57ë¶„ / ë³‘ì‹ ë“¤ <ì‹¤í—˜ | ê¹€ê°•ëƒ‰ | 582041127323041813> ?
22ì‹œ 57ë¶„ / ë³‘ì‹ ë“¤ <ì‹¤í—˜ | ê¹€ê°•ëƒ‰ | 582041127323041813> ì‹œë°œë ¨ì´
22ì‹œ 57ë¶„ / ë³‘ì‹ ë“¤ <ì‹¤í—˜ | ê¹€ê°•ëƒ‰ | 582041127323041813> ì•„ê°€ë¦¬ë”±ëŒ€
22ì‹œ 57ë¶„ / ë³‘ì‹ ë“¤ <ì‹¤í—˜ | ê¹€ê°•ëƒ‰ | 582041127323041813> ì’¸ì´ë²Œ,,
22ì‹œ 57ë¶„ / ë³‘ì‹ ë“¤ <ì‹¤í—˜ | ê¹€ê°•ëƒ‰ | 582041127323041813> ê·¸ì›¬ì•„
22ì‹œ 57ë¶„ / ë³‘ì‹ ë“¤ <ì‹¤í—˜ | ê¹€ê°•ëƒ‰ | 582041127323041813> ì‚¬ë‘í•´
23ì‹œ 02ë¶„ / ë³‘ì‹ ë“¤ <ì‹¤í—˜ | í•˜ë¦¬í•˜ë£¨ | 758963978331619331> !ê°€ìœ„ë°”ìœ„ë³´
23ì‹œ 02ë¶„ / ë³‘ì‹ ë“¤ <ì‹¤í—˜ | í•˜ë¦¬í•˜ë£¨ | 758963978331619331> !ê°€ìœ„ë°”ìœ„ë³´
23ì‹œ 02ë¶„ / ë³‘ì‹ ë“¤ <ì‹¤í—˜ | ì‹ ìŠ¹ë¯¼ | 405354618068008970> ë­”ã…ˆê°™ì€ê±¸
23ì‹œ 02ë¶„ / ë³‘ì‹ ë“¤ <ì‹¤í—˜ | ì‹ ìŠ¹ë¯¼ | 405354618068008970> ë§Œë“ ê±°ì•¼
23ì‹œ 03ë¶„ / [ì •ë³´] c:\Users\82105\Downloads\SetaBot-2.3\cogs\CommandBot.py ë¡œë“œ ì™„ë£Œ
23ì‹œ 03ë¶„ / [ì •ë³´] c:\Users\82105\Downloads\SetaBot-2.3\cogs\event.py ë¡œë“œ ì™„ë£Œ
23ì‹œ 03ë¶„ / [ì •ë³´] ======================
23ì‹œ 03ë¶„ / [ì •ë³´] < êµ¬ë™ ì™„ë£Œ >
23ì‹œ 03ë¶„ / [ì •ë³´] ======================
23ì‹œ 03ë¶„ / ë³‘ì‹ ë“¤ <ì‹¤í—˜ | ë°•ë°•ë„ë„í˜„í˜„ | 453463786075062274> ìŠ¹ë¯¼ì´ë„ ì•„ë‹ˆê³ 
23ì‹œ 03ë¶„ / ë³‘ì‹ ë“¤ <ì‹¤í—˜ | ë°•ë°•ë„ë„í˜„í˜„ | 453463786075062274> ë¼ê³  í• ë»”~
23ì‹œ 03ë¶„ / ë³‘ì‹ ë“¤ <ì‹¤í—˜ | í•˜ë¦¬í•˜ë£¨ | 758963978331619331> !ê°€ìœ„ë°”ìœ„ë³´
23ì‹œ 03ë¶„ / ë³‘ì‹ ë“¤ <ì‹¤í—˜ | ê¹€ê°•ëƒ‰ | 582041127323041813> !ê°€ìœ„ë°”ìœ„ë³´
23ì‹œ 03ë¶„ / ë³‘ì‹ ë“¤ <ì‹¤í—˜ | ì‹ ìŠ¹ë¯¼ | 405354618068008970> ã…‹ã…‹ã…‹ã…‹ã…‹ã…‹ã…‹
23ì‹œ 03ë¶„ / ë³‘ì‹ ë“¤ <ì‹¤í—˜ | ê¹€ê°•ëƒ‰ | 582041127323041813> !ê°€ìœ„ë°”ìœ„ë³´
23ì‹œ 03ë¶„ / ë³‘ì‹ ë“¤ <ì‹¤í—˜ | ê¹€ê°•ëƒ‰ | 582041127323041813> ì¥¬ì§€
23ì‹œ 03ë¶„ / ë³‘ì‹ ë“¤ <ì‹¤í—˜ | ê¹€ê°•ëƒ‰ | 582041127323041813> ã…‹
23ì‹œ 03ë¶„ / ë³‘ì‹ ë“¤ <ì‹¤í—˜ | ì‹ ìŠ¹ë¯¼ | 405354618068008970> ã…‹ã…‹ã…‹ã…‹ã…‹ã…‹ã…‹ã…‹ã…‹
23ì‹œ 03ë¶„ / ë³‘ì‹ ë“¤ <ì‹¤í—˜ | ê¹€ê°•ëƒ‰ | 582041127323041813> !ê°€ìœ„ë°”ìœ„ë³´
23ì‹œ 04ë¶„ / ë³‘ì‹ ë“¤ <ì‹¤í—˜ | ì‹ ìŠ¹ë¯¼ | 405354618068008970> ã…‹ã…‹ã…‹ã…‹ã…‹ã…‹ã…‹ã…‹
23ì‹œ 04ë¶„ / ë³‘ì‹ ë“¤ <ì‹¤í—˜ | ê¹€ê°•ëƒ‰ | 582041127323041813> !ê°€ìœ„ë°”ìš°ë¹„ã…—
23ì‹œ 04ë¶„ / ë³‘ì‹ ë“¤ <ì‹¤í—˜ | ê¹€ê°•ëƒ‰ | 582041127323041813> !ê°€ìœ„ë°”ì„¹ìŠ¤
23ì‹œ 04ë¶„ / ë³‘ì‹ ë“¤ <ì‹¤í—˜ | ê¹€ê°•ëƒ‰ | 582041127323041813> !ì„¹ìŠ¤
23ì‹œ 04ë¶„ / ë³‘ì‹ ë“¤ <ì‹¤í—˜ | ì‹ ìŠ¹ë¯¼ | 405354618068008970> ?
23ì‹œ 04ë¶„ / ë³‘ì‹ ë“¤ <ì‹¤í—˜ | ê¹€ê°•ëƒ‰ | 582041127323041813> !ì„¹ìŠ¤í•˜ì
23ì‹œ 04ë¶„ / ë³‘ì‹ ë“¤ <ì‹¤í—˜ | í•˜ë¦¬í•˜ë£¨ | 758963978331619331> ì£¼í™©ì´ ë°”ë³´
23ì‹œ 04ë¶„ / ë³‘ì‹ ë“¤ <ì‹¤í—˜ | ê¹€ê°•ëƒ‰ | 582041127323041813> ?
23ì‹œ 04ë¶„ / ë³‘ì‹ ë“¤ <ì‹¤í—˜ | ê¹€ê°•ëƒ‰ | 582041127323041813> ë°•ì£¼ì•„ë³‘ì‹ 
23ì‹œ 04ë¶„ / ë³‘ì‹ ë“¤ <ì‹¤í—˜ | ì¥ì„ íš¨ | 534534395118485506> ì£¼ì•„ë°”ë³´
23ì‹œ 04ë¶„ / ë³‘ì‹ ë“¤ <ì‹¤í—˜ | ê¹€ê°•ëƒ‰ | 582041127323041813> ì™œ
23ì‹œ 04ë¶„ / ë³‘ì‹ ë“¤ <ì‹¤í—˜ | ê¹€ê°•ëƒ‰ | 582041127323041813> ì•ˆí•´
23ì‹œ 04ë¶„ / ë³‘ì‹ ë“¤ <ì‹¤í—˜ | ê¹€ê°•ëƒ‰ | 582041127323041813> ì£¼ì•„ ã…‚ ã…•ã…‡ì‹ 
23ì‹œ 04ë¶„ / ë³‘ì‹ ë“¤ <ì‹¤í—˜ | ì‹ ìŠ¹ë¯¼ | 405354618068008970> :>
23ì‹œ 04ë¶„ / ë³‘ì‹ ë“¤ <ì‹¤í—˜ | ê¹€ê°•ëƒ‰ | 582041127323041813> ì£¼ì•„  ë°”ë³´
23ì‹œ 04ë¶„ / ë³‘ì‹ ë“¤ <ì‹¤í—˜ | ê¹€ê°•ëƒ‰ | 582041127323041813> ìŠ¹ë¯¼ ë°”ë³´
23ì‹œ 04ë¶„ / ë³‘ì‹ ë“¤ <ì‹¤í—˜ | ê¹€ê°•ëƒ‰ | 582041127323041813> ë°”ë³´
23ì‹œ 04ë¶„ / ë³‘ì‹ ë“¤ <ì‹¤í—˜ | ì‹ ìŠ¹ë¯¼ | 405354618068008970> ì´ë¯¸ê³µê³µì—°í•œ ì‚¬ì‹¤ì´ë¼
23ì‹œ 04ë¶„ / ë³‘ì‹ ë“¤ <ì‹¤í—˜ | ê¹€ê°•ëƒ‰ | 582041127323041813> ë°”ë³´
23ì‹œ 04ë¶„ / ë³‘ì‹ ë“¤ <ì‹¤í—˜ | ê¹€ê°•ëƒ‰ | 582041127323041813> ë°”ë³´
23ì‹œ 04ë¶„ / ë³‘ì‹ ë“¤ <ì‹¤í—˜ | ì¥ì„ íš¨ | 534534395118485506> ë°”ã…—
23ì‹œ 04ë¶„ / ë³‘ì‹ ë“¤ <ì‹¤í—˜ | ì¥ì„ íš¨ | 534534395118485506> ã…—
23ì‹œ 04ë¶„ / ë³‘ì‹ ë“¤ <ì‹¤í—˜ | ì‹ ìŠ¹ë¯¼ | 405354618068008970> ë§ì„ì•ˆí•˜ë„¤
23ì‹œ 04ë¶„ / ë³‘ì‹ ë“¤ <ì‹¤í—˜ | ê¹€ê°•ëƒ‰ | 582041127323041813> ë°”ë³´
23ì‹œ 04ë¶„ / ë³‘ì‹ ë“¤ <ì‹¤í—˜ | ê¹€ê°•ëƒ‰ | 582041127323041813> ë°”ë³´
23ì‹œ 04ë¶„ / ë³‘ì‹ ë“¤ <ì‹¤í—˜ | ê¹€ê°•ëƒ‰ | 582041127323041813> ë°”ë³´
23ì‹œ 04ë¶„ / ë³‘ì‹ ë“¤ <ì‹¤í—˜ | ê¹€ê°•ëƒ‰ | 582041127323041813> ë°”ë³´
23ì‹œ 04ë¶„ / ë³‘ì‹ ë“¤ <ì‹¤í—˜ | ê¹€ê°•ëƒ‰ | 582041127323041813> ë°”ë³´
23ì‹œ 04ë¶„ / ë³‘ì‹ ë“¤ <ì‹¤í—˜ | ê¹€ê°•ëƒ‰ | 582041127323041813> ë°”ë³´
23ì‹œ 04ë¶„ / ë³‘ì‹ ë“¤ <ì‹¤í—˜ | ê¹€ê°•ëƒ‰ | 582041127323041813> ë°”ë³´
23ì‹œ 04ë¶„ / ë³‘ì‹ ë“¤ <ì‹¤í—˜ | ê¹€ê°•ëƒ‰ | 582041127323041813> ë°”ë³´
23ì‹œ 04ë¶„ / ë³‘ì‹ ë“¤ <ì‹¤í—˜ | ê¹€ê°•ëƒ‰ | 582041127323041813> ë°”ë³´
23ì‹œ 04ë¶„ / ë³‘ì‹ ë“¤ <ì‹¤í—˜ | ê¹€ê°•ëƒ‰ | 582041127323041813> ë°”ë³´
23ì‹œ 04ë¶„ / ë³‘ì‹ ë“¤ <ì‹¤í—˜ | ê¹€ê°•ëƒ‰ | 582041127323041813> ë°”ë³´
23ì‹œ 04ë¶„ / ë³‘ì‹ ë“¤ <ì‹¤í—˜ | ê¹€ê°•ëƒ‰ | 582041127323041813> ë°”ë³´
23ì‹œ 04ë¶„ / ë³‘ì‹ ë“¤ <ì‹¤í—˜ | ì¥ì„ íš¨ | 534534395118485506> ë°”ë³´ë°”ë³´
23ì‹œ 04ë¶„ / ë³‘ì‹ ë“¤ <ì‹¤í—˜ | ê¹€ê°•ëƒ‰ | 582041127323041813> ë°”ë³´
23ì‹œ 04ë¶„ / ë³‘ì‹ ë“¤ <ì‹¤í—˜ | ê¹€ê°•ëƒ‰ | 582041127323041813> ë°”ë³´
23ì‹œ 04ë¶„ / ë³‘ì‹ ë“¤ <ì‹¤í—˜ | ê¹€ê°•ëƒ‰ | 582041127323041813> ë°”ë³´
23ì‹œ 04ë¶„ / ë³‘ì‹ ë“¤ <ì‹¤í—˜ | ê¹€ê°•ëƒ‰ | 582041127323041813> ë°”ë³´
23ì‹œ 04ë¶„ / ë³‘ì‹ ë“¤ <ì‹¤í—˜ | ì‹ ìŠ¹ë¯¼ | 405354618068008970> ????
23ì‹œ 04ë¶„ / ë³‘ì‹ ë“¤ <ì‹¤í—˜ | ê¹€ê°•ëƒ‰ | 582041127323041813> !rank
23ì‹œ 04ë¶„ / ë³‘ì‹ ë“¤ <ì‹¤í—˜ | ì‹ ìŠ¹ë¯¼ | 405354618068008970> ã…‹ã…‹ã…‹ã…‹ã…‹ã…‹ã…‹ã…‹ã…‹ã…‹
23ì‹œ 04ë¶„ / ë³‘ì‹ ë“¤ <ì‹¤í—˜ | ì‹ ìŠ¹ë¯¼ | 405354618068008970> ë¯¸ì³¤ë‹¤
23ì‹œ 05ë¶„ / ë³‘ì‹ ë“¤ <ì‹¤í—˜ | ì¥ì„ íš¨ | 534534395118485506> !rank
23ì‹œ 05ë¶„ / ë³‘ì‹ ë“¤ <ì‹¤í—˜ | í•˜ë¦¬í•˜ë£¨ | 758963978331619331> !ë°œì‚¬ ì£¼í™©ì´ ì¥¬ì§€
23ì‹œ 05ë¶„ / ë³‘ì‹ ë“¤ <ì‹¤í—˜ | ì‹ ìŠ¹ë¯¼ | 405354618068008970> ã…‹ã…‹ã…‹ã…‹ã…‹ã…‹ã…‹ã…‹ã…‹ã…‹
23ì‹œ 05ë¶„ / ë³‘ì‹ ë“¤ <ì‹¤í—˜ | ì‹ ìŠ¹ë¯¼ | 405354618068008970> ã…‹ã…‹ã…‹ã…‹ã…‹ã…‹ã…‹ã…‹ã…‹ã…‹ã…‹ã…‹
23ì‹œ 05ë¶„ / ë³‘ì‹ ë“¤ <ì‹¤í—˜ | ê¹€ê°•ëƒ‰ | 582041127323041813> ?
23ì‹œ 06ë¶„ / ë³‘ì‹ ë“¤ <ì‹¤í—˜ | ê¹€ê°•ëƒ‰ | 582041127323041813> !ë°œì‚¬  ìŠ¹ë¯¼ì´  ë³´ì§€
23ì‹œ 06ë¶„ / ë³‘ì‹ ë“¤ <ì‹¤í—˜ | ì‹ ìŠ¹ë¯¼ | 405354618068008970> ì—†ì–ì•„
23ì‹œ 06ë¶„ / ë³‘ì‹ ë“¤ <ì‹¤í—˜ | ì‹ ìŠ¹ë¯¼ | 405354618068008970> ????????????
23ì‹œ 06ë¶„ / ë³‘ì‹ ë“¤ <ì‹¤í—˜ | ì‹ ìŠ¹ë¯¼ | 405354618068008970> ã…‹ã…‹ã…‹ã…‹ã…‹ã…‹ã…‹ã…‹ã…‹ã…‹ã…‹ã…‹ã…‹
23ì‹œ 06ë¶„ / ë³‘ì‹ ë“¤ <ì‹¤í—˜ | ê¹€ê°•ëƒ‰ | 582041127323041813> !ë°œì‚¬ ìŠ¹ë¯¼ì´ ì •ì•¡!
23ì‹œ 06ë¶„ / ë³‘ì‹ ë“¤ <ì‹¤í—˜ | ê¹€ê°•ëƒ‰ | 582041127323041813> ã…‹ã…‹ã…‹ã…‹ã…‹ã…‹ã…‹ã…‹ã…‹ã…‹ã…‹ã…‹ã…‹ã…‹ã…‹ã…‹ã…‹ã…‹ã…‹ã…‹ã…‹ã…‹ã…‹ã…‹
23ì‹œ 06ë¶„ / ë³‘ì‹ ë“¤ <ì‹¤í—˜ | ì¥ì„ íš¨ | 534534395118485506> !ë°œì‚¬ ì£¼ì•„ ë¨¸ë¦¬ì¹´ë½
23ì‹œ 06ë¶„ / ë³‘ì‹ ë“¤ <ì‹¤í—˜ | ê¹€ê°•ëƒ‰ | 582041127323041813> !ë°œì‚¬ ì£¼ì•„ì–¼êµ´  ì •ì•¡(ì„)
23ì‹œ 06ë¶„ / ë³‘ì‹ ë“¤ <ì‹¤í—˜ | í•˜ë¦¬í•˜ë£¨ | 758963978331619331> !ë°œì‚¬ ì£¼í™©ì´ íƒˆëª¨ë¹”
23ì‹œ 06ë¶„ / ë³‘ì‹ ë“¤ <ì‹¤í—˜ | ê¹€ê°•ëƒ‰ | 582041127323041813> ?
23ì‹œ 06ë¶„ / ë³‘ì‹ ë“¤ <ì‹¤í—˜ | ì‹ ìŠ¹ë¯¼ | 405354618068008970> ì´ë¯¸
23ì‹œ 06ë¶„ / ë³‘ì‹ ë“¤ <ì‹¤í—˜ | ì‹ ìŠ¹ë¯¼ | 405354618068008970> íƒˆëª¨ì•„ë‹˜>?
23ì‹œ 06ë¶„ / ë³‘ì‹ ë“¤ <ì‹¤í—˜ | í•˜ë¦¬í•˜ë£¨ | 758963978331619331> ë§ëŠ”ë“¯
23ì‹œ 06ë¶„ / ë³‘ì‹ ë“¤ <ì‹¤í—˜ | ê¹€ê°•ëƒ‰ | 582041127323041813> !ë°œì‚¬ ì£¼ì•„ì—„ë§ˆ íš¨ë„
23ì‹œ 06ë¶„ / ë³‘ì‹ ë“¤ <ì‹¤í—˜ | í•˜ë¦¬í•˜ë£¨ | 758963978331619331> ã…ˆã……
23ì‹œ 06ë¶„ / ë³‘ì‹ ë“¤ <ì‹¤í—˜ | ì‹ ìŠ¹ë¯¼ | 405354618068008970> ã…‹ã…‹ã…‹ã…‹ã…‹ã…‹ã…‹ã…‹ã…‹
23ì‹œ 06ë¶„ / ë³‘ì‹ ë“¤ <ì‹¤í—˜ | ì¥ì„ íš¨ | 534534395118485506> !ë°œì‚¬ ì•„ì§€ë¥´ ìŠˆë¦¬ë§ˆ
23ì‹œ 06ë¶„ / ë³‘ì‹ ë“¤ <ì‹¤í—˜ | ì‹ ìŠ¹ë¯¼ | 405354618068008970> ã…‹
23ì‹œ 06ë¶„ / ë³‘ì‹ ë“¤ <ì‹¤í—˜ | ì‹ ìŠ¹ë¯¼ | 405354618068008970> ã…‹ã…‹ã…‹ã…‹ã…‹ã…‹ã…‹ã…‹
23ì‹œ 07ë¶„ / ë³‘ì‹ ë“¤ <ì‹¤í—˜ | ê¹€ê°•ëƒ‰ | 582041127323041813> !ë°œì‚¬ ê°±í”Œë­í¬ í˜€ì–´ì–´ì–´ì—…ìƒ
23ì‹œ 07ë¶„ / ë³‘ì‹ ë“¤ <ì‹¤í—˜ | ì¥ì„ íš¨ | 534534395118485506> !ë°œì‚¬ ì½”ë¡œë‚˜í™•ì§„ì ê¸°ì¹¨
23ì‹œ 07ë¶„ / ë³‘ì‹ ë“¤ <ì‹¤í—˜ | ê¹€ê°•ëƒ‰ | 582041127323041813> !ë°œì‚¬ ìŠ¹ë¯¼ì´ ì—„ë§ˆ ì‚¬ë‘
23ì‹œ 07ë¶„ / ë³‘ì‹ ë“¤ <ì‹¤í—˜ | í•˜ë¦¬í•˜ë£¨ | 758963978331619331> !ë§í•´ ë§í•´
23ì‹œ 07ë¶„ / [ì •ë³´] í•˜ë¦¬í•˜ë£¨ì´(ê°€) '!ë§í•´ ë§í•´'ë¼ê³  í•œ ë©”ì‹œì§€ë¥¼ ì‚­ì œí–ˆì–´!
23ì‹œ 07ë¶„ / ë³‘ì‹ ë“¤ <ì‹¤í—˜ | ê¹€ê°•ëƒ‰ | 582041127323041813> ?
23ì‹œ 07ë¶„ / ë³‘ì‹ ë“¤ <ì‹¤í—˜ | í•˜ë¦¬í•˜ë£¨ | 758963978331619331> !ë§í•´ ë³‘ì‹ ë…„
23ì‹œ 07ë¶„ / [ì •ë³´] í•˜ë¦¬í•˜ë£¨ì´(ê°€) '!ë§í•´ ë³‘ì‹ ë…„'ë¼ê³  í•œ ë©”ì‹œì§€ë¥¼ ì‚­ì œí–ˆì–´!
23ì‹œ 07ë¶„ / ë³‘ì‹ ë“¤ <ì‹¤í—˜ | ê¹€ê°•ëƒ‰ | 582041127323041813> !ë§í•´
23ì‹œ 07ë¶„ / ë³‘ì‹ ë“¤ <ì‹¤í—˜ | ê¹€ê°•ëƒ‰ | 582041127323041813> !ë§í•´ ë„ˆë‘ì„¹ìŠ¤í•˜ê³ ì‹¶ì–´
23ì‹œ 07ë¶„ / [ì •ë³´] ê¹€ê°•ëƒ‰ì´(ê°€) '!ë§í•´ ë„ˆë‘ì„¹ìŠ¤í•˜ê³ ì‹¶ì–´'ë¼ê³  í•œ ë©”ì‹œì§€ë¥¼ ì‚­ì œí–ˆì–´!
23ì‹œ 07ë¶„ / ë³‘ì‹ ë“¤ <ì‹¤í—˜ | ê¹€ê°•ëƒ‰ | 582041127323041813> ^^
23ì‹œ 07ë¶„ / ë³‘ì‹ ë“¤ <ì‹¤í—˜ | ì¥ì„ íš¨ | 534534395118485506> !ë§í•´ ì£¼ì•„ë³‘ì‹ 
23ì‹œ 07ë¶„ / [ì •ë³´] ì¥ì„ íš¨ì´(ê°€) '!ë§í•´ ì£¼ì•„ë³‘ì‹ 'ë¼ê³  í•œ ë©”ì‹œì§€ë¥¼ ì‚­ì œí–ˆì–´!
23ì‹œ 07ë¶„ / ë³‘ì‹ ë“¤ <ì‹¤í—˜ | í•˜ë¦¬í•˜ë£¨ | 758963978331619331> ã…£ã…ˆë„í•œë‹¤
23ì‹œ 07ë¶„ / ë³‘ì‹ ë“¤ <ì‹¤í—˜ | ê¹€ê°•ëƒ‰ | 582041127323041813> í•˜ëŸ¬ê°€ì
23ì‹œ 07ë¶„ / ë³‘ì‹ ë“¤ <ì‹¤í—˜ | ê¹€ê°•ëƒ‰ | 582041127323041813> ^^
23ì‹œ 07ë¶„ / ë³‘ì‹ ë“¤ <ì‹¤í—˜ | ê¹€ê°•ëƒ‰ | 582041127323041813> !ë§í•´ í—¤ìœ¼ì‘,,,,
23ì‹œ 07ë¶„ / [ì •ë³´] ê¹€ê°•ëƒ‰ì´(ê°€) '!ë§í•´ í—¤ìœ¼ì‘,,,,'ë¼ê³  í•œ ë©”ì‹œì§€ë¥¼ ì‚­ì œí–ˆì–´!
23ì‹œ 08ë¶„ / ë³‘ì‹ ë“¤ <ì‹¤í—˜ | ê¹€ê°•ëƒ‰ | 582041127323041813> !ë§í•´ í—¤ìœ¼ì‘ ë‚˜ëŠ” ì£¼ì¸ë‹˜ì˜,,,
23ì‹œ 08ë¶„ / [ì •ë³´] ê¹€ê°•ëƒ‰ì´(ê°€) '!ë§í•´ í—¤ìœ¼ì‘ ë‚˜ëŠ” ì£¼ì¸ë‹˜ì˜,,,'ë¼ê³  í•œ ë©”ì‹œì§€ë¥¼ ì‚­ì œí–ˆì–´!
23ì‹œ 08ë¶„ / ë³‘ì‹ ë“¤ <ì‹¤í—˜ | ì¥ì„ íš¨ | 534534395118485506> !ë§í•´ ì£¼í™©ì´ ë¨¸ë¦¬ì¹´ë½
23ì‹œ 08ë¶„ / [ì •ë³´] ì¥ì„ íš¨ì´(ê°€) '!ë§í•´ ì£¼í™©ì´ ë¨¸ë¦¬ì¹´ë½'ë¼ê³  í•œ ë©”ì‹œì§€ë¥¼ ì‚­ì œí–ˆì–´!
23ì‹œ 08ë¶„ / ë³‘ì‹ ë“¤ <ì‹¤í—˜ | ê¹€ê°•ëƒ‰ | 582041127323041813> ?
23ì‹œ 08ë¶„ / ë³‘ì‹ ë“¤ <ì‹¤í—˜ | ê¹€ê°•ëƒ‰ | 582041127323041813> !ë§í•´ ë‚˜ëŠ” ë³‘í˜„ì´ì˜ ë¨¸ë¦¬ì¹´ë½
23ì‹œ 08ë¶„ / [ì •ë³´] ê¹€ê°•ëƒ‰ì´(ê°€) '!ë§í•´ ë‚˜ëŠ” ë³‘í˜„ì´ì˜ ë¨¸ë¦¬ì¹´ë½'ë¼ê³  í•œ ë©”ì‹œì§€ë¥¼ ì‚­ì œí–ˆì–´!
23ì‹œ 08ë¶„ / ë³‘ì‹ ë“¤ <ì‹¤í—˜ | ì¥ì„ íš¨ | 534534395118485506> !ë§í•´ ì˜¤ëŠ˜ì€ ë‚´ê°€ ì‚­ë°œí•˜ëŠ” ë¯¸ìš©ì‚¬!
23ì‹œ 08ë¶„ / [ì •ë³´] ì¥ì„ íš¨ì´(ê°€) '!ë§í•´ ì˜¤ëŠ˜ì€ ë‚´ê°€ ì‚­ë°œí•˜ëŠ” ë¯¸ìš©ì‚¬!'ë¼ê³  í•œ ë©”ì‹œì§€ë¥¼ ì‚­ì œí–ˆì–´!
23ì‹œ 09ë¶„ / ë³‘ì‹ ë“¤ <ì‹¤í—˜ | ì¥ì„ íš¨ | 534534395118485506> !ë°œì‚¬ ì½”ë¡œë‚˜
23ì‹œ 09ë¶„ / ë³‘ì‹ ë“¤ <ì‹¤í—˜ | ê¹€ê°•ëƒ‰ | 582041127323041813> !ë§í•´ ë°•ì£¼ì•„ë³‘ì‹ ìƒˆë¼ ë°•ì£¼ì•„ë³‘ì‹ ìƒˆë¼ ë°•ì£¼ì•„ë³‘ì‹ ìƒˆë¼ ë°•ì£¼ì•„ë³‘ì‹ ìƒˆë¼ ë°•ì£¼ì•„ë³‘ì‹ ìƒˆë¼ ë°•ì£¼ì•„ë³‘ì‹ ìƒˆë¼ë°•ì£¼ì•„ë³‘ì‹ ìƒˆë¼ë°•ì£¼ì•„ë³‘ì‹ ìƒˆë¼ã…ë°•ì£¼ì•„ë³‘ì‹ ìƒˆë¼ë°•ì£¼ì•„ë³‘ì‹ ìƒˆë¼ë°•ì£¼ì•„ë³‘ì‹ ìƒˆë¼ë°•ì£¼ì•„ë³‘ì‹ ìƒˆë¼ë°•ì£¼ì•„ë³‘ì‹ ìƒˆë¼ë°•ì£¼ì•„ë³‘ì‹ ìƒˆë¼ë°•ì£¼ì•„ë³‘ì‹ ìƒˆë¼ë°•ì£¼ì•„ë³‘ì‹ ìƒˆë¼ë°•ì£¼ì•„ë³‘ì‹ ìƒˆë¼ë°•ì£¼ì•„ë³‘ì‹ ìƒˆë¼ë°•ì£¼ì•„ë³‘ì‹ ìƒˆë¼ë°•ì£¼ì•„ë³‘ì‹ ìƒˆë¼ë°•ì£¼ì•„ë³‘ì‹ ìƒˆë¼ë°•ì£¼ì•„ë³‘ì‹ ìƒˆë¼
23ì‹œ 09ë¶„ / [ì •ë³´] ê¹€ê°•ëƒ‰ì´(ê°€) '!ë§í•´ ë°•ì£¼ì•„ë³‘ì‹ ìƒˆë¼ ë°•ì£¼ì•„ë³‘ì‹ ìƒˆë¼ ë°•ì£¼ì•„ë³‘ì‹ ìƒˆë¼ ë°•ì£¼ì•„ë³‘ì‹ ìƒˆë¼ ë°•ì£¼ì•„ë³‘ì‹ ìƒˆë¼ ë°•ì£¼ì•„ë³‘ì‹ ìƒˆë¼ë°•ì£¼ì•„ë³‘ì‹ ìƒˆë¼ë°•ì£¼ì•„ë³‘ì‹ ìƒˆë¼ã…ë°•ì£¼ì•„ë³‘ì‹ ìƒˆë¼ë°•ì£¼ì•„ë³‘ì‹ ìƒˆë¼ë°•ì£¼ì•„ë³‘ì‹ ìƒˆë¼ë°•ì£¼ì•„ë³‘ì‹ ìƒˆë¼ë°•ì£¼ì•„ë³‘ì‹ ìƒˆë¼ë°•ì£¼ì•„ë³‘ì‹ ìƒˆë¼ë°•ì£¼ì•„ë³‘ì‹ ìƒˆë¼ë°•ì£¼ì•„ë³‘ì‹ ìƒˆë¼ë°•ì£¼ì•„ë³‘ì‹ ìƒˆë¼ë°•ì£¼ì•„ë³‘ì‹ ìƒˆë¼ë°•ì£¼ì•„ë³‘ì‹ ìƒˆë¼ë°•ì£¼ì•„ë³‘ì‹ ìƒˆë¼ë°•ì£¼ì•„ë³‘ì‹ ìƒˆë¼ë°•ì£¼ì•„ë³‘ì‹ ìƒˆë¼'ë¼ê³  í•œ ë©”ì‹œì§€ë¥¼ ì‚­ì œí–ˆì–´!
23ì‹œ 09ë¶„ / ë³‘ì‹ ë“¤ <ì‹¤í—˜ | ì‹ ìŠ¹ë¯¼ | 405354618068008970> ã…‹ã…‹ã…‹ã…‹ã…‹ã…‹ã…‹ã…‹ã…‹
23ì‹œ 09ë¶„ / ë³‘ì‹ ë“¤ <ì‹¤í—˜ | ì‹ ìŠ¹ë¯¼ | 405354618068008970> ã…‹ã…‹ã…‹ã…‹ã…‹ã…‹ã…‹ã…‹ã…‹ã…‹ã…‹ã…‹
23ì‹œ 09ë¶„ / ë³‘ì‹ ë“¤ <ì‹¤í—˜ | ì‹ ìŠ¹ë¯¼ | 405354618068008970> ã…‹ã…‹ã…‹ã…‹ã…‹ã…‹ã…‹
23ì‹œ 09ë¶„ / [ì •ë³´] ì¥ì„ íš¨ì´(ê°€) '!ë°œì‚¬ ì½”ë¡œë‚˜'ë¼ê³  í•œ ë©”ì‹œì§€ë¥¼ ì‚­ì œí–ˆì–´!
23ì‹œ 09ë¶„ / ë³‘ì‹ ë“¤ <ì‹¤í—˜ | ì‹ ìŠ¹ë¯¼ | 405354618068008970> ã…‹ã…‹ã…‹ã…‹ã…‹ã…‹ã…‹ã…‹ã…‹ã…‹ã…‹ã…‹ã…‹
23ì‹œ 09ë¶„ / ë³‘ì‹ ë“¤ <ì‹¤í—˜ | ê¹€ê°•ëƒ‰ | 582041127323041813> !ë§í•´  ë‚œ ì•„ê°€ ê·¸ì›¬ ì‘ì•  ì§±ìŒ”
23ì‹œ 09ë¶„ / [ì •ë³´] ê¹€ê°•ëƒ‰ì´(ê°€) '!ë§í•´  ë‚œ ì•„ê°€ ê·¸ì›¬ ì‘ì•  ì§±ìŒ”'ë¼ê³  í•œ ë©”ì‹œì§€ë¥¼ ì‚­ì œí–ˆì–´!
23ì‹œ 09ë¶„ / ë³‘ì‹ ë“¤ <ì‹¤í—˜ | ê¹€ê°•ëƒ‰ | 582041127323041813> ?
23ì‹œ 09ë¶„ / ë³‘ì‹ ë“¤ <ì‹¤í—˜ | ê¹€ê°•ëƒ‰ | 582041127323041813> ì„ ë„˜ë„¤
23ì‹œ 09ë¶„ / ë³‘ì‹ ë“¤ <ì‹¤í—˜ | ì¥ì„ íš¨ | 534534395118485506> !ë§í•´ ì•„ì§€ë¥´ëŠ” í™©ì œì¸ë° ë³‘ì‹ ì´ë„¤ ã…‹
23ì‹œ 09ë¶„ / [ì •ë³´] ì¥ì„ íš¨ì´(ê°€) '!ë§í•´ ì•„ì§€ë¥´ëŠ” í™©ì œì¸ë° ë³‘ì‹ ì´ë„¤ ã…‹'ë¼ê³  í•œ ë©”ì‹œì§€ë¥¼ ì‚­ì œí–ˆì–´!
23ì‹œ 09ë¶„ / ë³‘ì‹ ë“¤ <ì‹¤í—˜ | ê¹€ê°•ëƒ‰ | 582041127323041813> !ë§í•´  ìŠ¹ë¯¼ì´ë³‘ì‹ ìƒˆë¼ìŠ¹ë¯¼ì´ë³‘ì‹ ìƒˆë¼ìŠ¹ë¯¼ì´ë³‘ì‹ ìƒˆë¼ìŠ¹ë¯¼ì´ë³‘ì‹ ìƒˆë¼ìŠ¹ë¯¼ì´ë³‘ì‹ ìƒˆë¼ìŠ¹ë¯¼ì´ë³‘ì‹ ìƒˆë¼ìŠ¹ë¯¼ì´ë³‘ì‹ ìƒˆë¼ìŠ¹ë¯¼ì´ë³‘ì‹ ìƒˆë¼ìŠ¹ë¯¼ì´ë³‘ì‹ ìƒˆë¼ìŠ¹ë¯¼ì´ë³‘ì‹ ìƒˆë¼ìŠ¹ë¯¼ì´ë³‘ì‹ ìƒˆë¼ìŠ¹ë¯¼ì´ë³‘ì‹ ìƒˆë¼ìŠ¹ë¯¼ì´ë³‘ì‹ ìƒˆë¼
23ì‹œ 09ë¶„ / [ì •ë³´] ê¹€ê°•ëƒ‰ì´(ê°€) '!ë§í•´  ìŠ¹ë¯¼ì´ë³‘ì‹ ìƒˆë¼ìŠ¹ë¯¼ì´ë³‘ì‹ ìƒˆë¼ìŠ¹ë¯¼ì´ë³‘ì‹ ìƒˆë¼ìŠ¹ë¯¼ì´ë³‘ì‹ ìƒˆë¼ìŠ¹ë¯¼ì´ë³‘ì‹ ìƒˆë¼ìŠ¹ë¯¼ì´ë³‘ì‹ ìƒˆë¼ìŠ¹ë¯¼ì´ë³‘ì‹ ìƒˆë¼ìŠ¹ë¯¼ì´ë³‘ì‹ ìƒˆë¼ìŠ¹ë¯¼ì´ë³‘ì‹ ìƒˆë¼ìŠ¹ë¯¼ì´ë³‘ì‹ ìƒˆë¼ìŠ¹ë¯¼ì´ë³‘ì‹ ìƒˆë¼ìŠ¹ë¯¼ì´ë³‘ì‹ ìƒˆë¼ìŠ¹ë¯¼ì´ë³‘ì‹ ìƒˆë¼'ë¼ê³  í•œ ë©”ì‹œì§€ë¥¼ ì‚­ì œí–ˆì–´!
23ì‹œ 09ë¶„ / ë³‘ì‹ ë“¤ <ì‹¤í—˜ | ê¹€ê°•ëƒ‰ | 582041127323041813> ìŠ¹ë¯¼ì´ë³‘ì‹ ìƒˆë¼ìŠ¹ë¯¼ì´ë³‘ì‹ ìƒˆë¼ìŠ¹ë¯¼ì´ë³‘ì‹ ìƒˆë¼ìŠ¹ë¯¼ì´ë³‘ì‹ ìƒˆë¼ìŠ¹ë¯¼ì´ë³‘ì‹ ìƒˆë¼ìŠ¹ë¯¼ì´ë³‘ì‹ ìƒˆë¼ìŠ¹ë¯¼ì´ë³‘ì‹ ìƒˆë¼ìŠ¹ë¯¼ì´ë³‘ì‹ ìƒˆë¼ìŠ¹ë¯¼ì´ë³‘ì‹ ìƒˆë¼ìŠ¹ë¯¼ì´ë³‘ì‹ ìƒˆë¼ìŠ¹ë¯¼ì´ë³‘ì‹ ìƒˆë¼ìŠ¹ë¯¼ì´ë³‘ì‹ ìƒˆë¼ìŠ¹ë¯¼ì´ë³‘ì‹ ìƒˆë¼ìŠ¹ë¯¼ì´ë³‘ì‹ ìƒˆë¼ìŠ¹ë¯¼ì´ë³‘ì‹ ìƒˆë¼ìŠ¹ë¯¼ì´ë³‘ì‹ ìƒˆë¼ìŠ¹ë¯¼ì´ë³‘ì‹ ìƒˆë¼ìŠ¹ë¯¼ì´ë³‘ì‹ ìƒˆë¼
23ì‹œ 09ë¶„ / ë³‘ì‹ ë“¤ <ì‹¤í—˜ | ê¹€ê°•ëƒ‰ | 582041127323041813> ìŠ¹ë¯¼ì´ë³‘ì‹ ìƒˆë¼ìŠ¹ë¯¼ì´ë³‘ì‹ ìƒˆë¼ìŠ¹ë¯¼ì´ë³‘ì‹ ìƒˆë¼ìŠ¹ë¯¼ì´ë³‘ì‹ ìƒˆë¼ìŠ¹ë¯¼ì´ë³‘ì‹ ìƒˆë¼ìŠ¹ë¯¼ì´ë³‘ì‹ ìƒˆë¼ìŠ¹ë¯¼ì´ë³‘ì‹ ìƒˆë¼ìŠ¹ë¯¼ì´ë³‘ì‹ ìƒˆë¼ìŠ¹ë¯¼ì´ë³‘ì‹ ìƒˆë¼ìŠ¹ë¯¼ì´ë³‘ì‹ ìƒˆë¼ìŠ¹ë¯¼ì´ë³‘ì‹ ìƒˆë¼ìŠ¹ë¯¼ì´ë³‘ì‹ ìƒˆë¼ìŠ¹ë¯¼ì´ë³‘ì‹ ìƒˆë¼
23ì‹œ 09ë¶„ / ë³‘ì‹ ë“¤ <ì‹¤í—˜ | ê¹€ê°•ëƒ‰ | 582041127323041813> ìŠ¹ë¯¼ì´ë³‘ì‹ ìƒˆë¼ìŠ¹ë¯¼ì´ë³‘ì‹ ìƒˆë¼ìŠ¹ë¯¼ì´ë³‘ì‹ ìƒˆë¼ìŠ¹ë¯¼ì´ë³‘ì‹ ìƒˆë¼ìŠ¹ë¯¼ì´ë³‘ì‹ ìƒˆë¼ìŠ¹ë¯¼ì´ë³‘ì‹ ìƒˆë¼ìŠ¹ë¯¼ì´ë³‘ì‹ ìƒˆë¼ìŠ¹ë¯¼ì´ë³‘ì‹ ìƒˆë¼ìŠ¹ë¯¼ì´ë³‘ì‹ ìƒˆë¼ìŠ¹ë¯¼ì´ë³‘ì‹ ìƒˆë¼ìŠ¹ë¯¼ì´ë³‘ì‹ ìƒˆë¼
23ì‹œ 09ë¶„ / ë³‘ì‹ ë“¤ <ì‹¤í—˜ | ì‹ ìŠ¹ë¯¼ | 405354618068008970> ?
23ì‹œ 09ë¶„ / ë³‘ì‹ ë“¤ <ì‹¤í—˜ | ê¹€ê°•ëƒ‰ | 582041127323041813> ìŠ¹ë¯¼ì´ë³‘ì‹ ìƒˆë¼ìŠ¹ë¯¼ì´ë³‘ì‹ ìƒˆë¼ìŠ¹ë¯¼ì´ë³‘ì‹ ìƒˆë¼ìŠ¹ë¯¼ì´ë³‘ì‹ ìƒˆë¼ìŠ¹ë¯¼ì´ë³‘ì‹ ìƒˆë¼ìŠ¹ë¯¼ì´ë³‘ì‹ ìƒˆë¼ìŠ¹ë¯¼ì´ë³‘ì‹ ìƒˆë¼ìŠ¹ë¯¼ì´ë³‘ì‹ ìƒˆë¼ìŠ¹ë¯¼ì´ë³‘ì‹ ìƒˆë¼ìŠ¹ë¯¼ì´ë³‘ì‹ ìƒˆë¼ìŠ¹ë¯¼ì´ë³‘ì‹ ìƒˆë¼ìŠ¹ë¯¼ì´ë³‘ì‹ ìƒˆë¼ìŠ¹ë¯¼ì´ë³‘ì‹ ìƒˆë¼ìŠ¹ë¯¼ì´ë³‘ì‹ ìƒˆë¼
23ì‹œ 09ë¶„ / ë³‘ì‹ ë“¤ <ì‹¤í—˜ | í•˜ë¦¬í•˜ë£¨ | 758963978331619331> !ê°€ìœ„ë°”ìœ„ë³´
23ì‹œ 10ë¶„ / ë³‘ì‹ ë“¤ <ì‹¤í—˜ | ê¹€ê°•ëƒ‰ | 582041127323041813> !ë§í•´  ë°´í•˜ë©´  ì—„ë§ˆì—†ìŒ
23ì‹œ 10ë¶„ / [ì •ë³´] ê¹€ê°•ëƒ‰ì´(ê°€) '!ë§í•´  ë°´í•˜ë©´  ì—„ë§ˆì—†ìŒ'ë¼ê³  í•œ ë©”ì‹œì§€ë¥¼ ì‚­ì œí–ˆì–´!
23ì‹œ 10ë¶„ / ë³‘ì‹ ë“¤ <ì‹¤í—˜ | ê¹€ê°•ëƒ‰ | 582041127323041813> !ë§í•´ ê°€ìœ„ë°”ìœ„ë³´ ì¡´ë‚˜ëª»í•˜ë„¤ ë³‘ì‹ ë…„ì´ ã…‹ã…‹
23ì‹œ 10ë¶„ / [ì •ë³´] ê¹€ê°•ëƒ‰ì´(ê°€) '!ë§í•´ ê°€ìœ„ë°”ìœ„ë³´ ì¡´ë‚˜ëª»í•˜ë„¤ ë³‘ì‹ ë…„ì´ ã…‹ã…‹'ë¼ê³  í•œ ë©”ì‹œì§€ë¥¼ ì‚­ì œí–ˆì–´!
23ì‹œ 10ë¶„ / ë³‘ì‹ ë“¤ <ì‹¤í—˜ | ì¥ì„ íš¨ | 534534395118485506> !ë§í•´ ì‹ ì§€ë“œ ë¨¸ë¦¬ì¹´ë½ ë‚´ê°€ ì˜ë¼ì¤¬ì–´!
23ì‹œ 10ë¶„ / [ì •ë³´] ì¥ì„ íš¨ì´(ê°€) '!ë§í•´ ì‹ ì§€ë“œ ë¨¸ë¦¬ì¹´ë½ ë‚´ê°€ ì˜ë¼ì¤¬ì–´!'ë¼ê³  í•œ ë©”ì‹œì§€ë¥¼ ì‚­ì œí–ˆì–´!
23ì‹œ 10ë¶„ / ë³‘ì‹ ë“¤ <ì‹¤í—˜ | í•˜ë¦¬í•˜ë£¨ | 758963978331619331> !ë§í•´ ë‹ˆì• ë¯¸
23ì‹œ 10ë¶„ / [ì •ë³´] í•˜ë¦¬í•˜ë£¨ì´(ê°€) '!ë§í•´ ë‹ˆì• ë¯¸'ë¼ê³  í•œ ë©”ì‹œì§€ë¥¼ ì‚­ì œí–ˆì–´!
23ì‹œ 10ë¶„ / ë³‘ì‹ ë“¤ <ì‹¤í—˜ | ê¹€ê°•ëƒ‰ | 582041127323041813> !ë§í•´ ì‚¬ë‘í•´
23ì‹œ 10ë¶„ / [ì •ë³´] ê¹€ê°•ëƒ‰ì´(ê°€) '!ë§í•´ ì‚¬ë‘í•´'ë¼ê³  í•œ ë©”ì‹œì§€ë¥¼ ì‚­ì œí–ˆì–´!
23ì‹œ 10ë¶„ / ë³‘ì‹ ë“¤ <ì‹¤í—˜ | ê¹€ê°•ëƒ‰ | 582041127323041813> ë‹ˆì• ë¯¸ì‚¬ë‘í•´
23ì‹œ 10ë¶„ / ë³‘ì‹ ë“¤ <ì‹¤í—˜ | ì¥ì„ íš¨ | 534534395118485506> !ë§í•´ ë¼ì´ì¦ˆ í—¤ì–´ìŠ¤íƒ€ì¼ë„ ë‚´ê°€ ì˜ë¼ì¤€ê±°ì•¼!
23ì‹œ 10ë¶„ / [ì •ë³´] ì¥ì„ íš¨ì´(ê°€) '!ë§í•´ ë¼ì´ì¦ˆ í—¤ì–´ìŠ¤íƒ€ì¼ë„ ë‚´ê°€ ì˜ë¼ì¤€ê±°ì•¼!'ë¼ê³  í•œ ë©”ì‹œì§€ë¥¼ ì‚­ì œí–ˆì–´!
23ì‹œ 10ë¶„ / ë³‘ì‹ ë“¤ <ì‹¤í—˜ | ê¹€ê°•ëƒ‰ | 582041127323041813> !ë§í•´ ë‹ˆì—„ë§ˆ ì—´ëª…
23ì‹œ 10ë¶„ / [ì •ë³´] ê¹€ê°•ëƒ‰ì´(ê°€) '!ë§í•´ ë‹ˆì—„ë§ˆ ì—´ëª…'ë¼ê³  í•œ ë©”ì‹œì§€ë¥¼ ì‚­ì œí–ˆì–´!
23ì‹œ 10ë¶„ / ë³‘ì‹ ë“¤ <ì‹¤í—˜ | ê¹€ê°•ëƒ‰ | 582041127323041813> !ë§í•´ ìš°ë¦¬ì—„ë§ˆ ì•„ì§€ë¥´
23ì‹œ 10ë¶„ / [ì •ë³´] ê¹€ê°•ëƒ‰ì´(ê°€) '!ë§í•´ ìš°ë¦¬ì—„ë§ˆ ì•„ì§€ë¥´'ë¼ê³  í•œ ë©”ì‹œì§€ë¥¼ ì‚­ì œí–ˆì–´!
23ì‹œ 10ë¶„ / ë³‘ì‹ ë“¤ <ì‹¤í—˜ | ì‹ ìŠ¹ë¯¼ | 405354618068008970> ã…‹ã…‹ã…‹ã…‹ã…‹ã…‹?
23ì‹œ 10ë¶„ / ë³‘ì‹ ë“¤ <ì‹¤í—˜ | ì¥ì„ íš¨ | 534534395118485506> !ë§í•´ ã…‡ã…ˆ
23ì‹œ 10ë¶„ / [ì •ë³´] ì¥ì„ íš¨ì´(ê°€) '!ë§í•´ ã…‡ã…ˆ'ë¼ê³  í•œ ë©”ì‹œì§€ë¥¼ ì‚­ì œí–ˆì–´!
23ì‹œ 10ë¶„ / ë³‘ì‹ ë“¤ <ì‹¤í—˜ | ê¹€ê°•ëƒ‰ | 582041127323041813> !ë§í•´ ìŠ¹ë¯¼ì´ ì—„ë§ˆ ìš°ë¥´ê³³
23ì‹œ 10ë¶„ / [ì •ë³´] ê¹€ê°•ëƒ‰ì´(ê°€) '!ë§í•´ ìŠ¹ë¯¼ì´ ì—„ë§ˆ ìš°ë¥´ê³³'ë¼ê³  í•œ ë©”ì‹œì§€ë¥¼ ì‚­ì œí–ˆì–´!
23ì‹œ 10ë¶„ / ë³‘ì‹ ë“¤ <ì‹¤í—˜ | ì‹ ìŠ¹ë¯¼ | 405354618068008970> ?
23ì‹œ 11ë¶„ / ë³‘ì‹ ë“¤ <ì‹¤í—˜ | ê¹€ê°•ëƒ‰ | 582041127323041813> !ë§í–Š ã……
23ì‹œ 11ë¶„ / ë³‘ì‹ ë“¤ <ì‹¤í—˜ | ê¹€ê°•ëƒ‰ | 582041127323041813> !ë§í•´ ã…ˆã……
23ì‹œ 11ë¶„ / [ì •ë³´] ê¹€ê°•ëƒ‰ì´(ê°€) '!ë§í•´ ã…ˆã……'ë¼ê³  í•œ ë©”ì‹œì§€ë¥¼ ì‚­ì œí–ˆì–´!
23ì‹œ 11ë¶„ / ë³‘ì‹ ë“¤ <ì‹¤í—˜ | ì¥ì„ íš¨ | 534534395118485506> !ë§í•´ ì´ì´ì‰ ì•—ì‚´ë¼ë§ë¼ì´ì¿°
23ì‹œ 11ë¶„ / [ì •ë³´] ì¥ì„ íš¨ì´(ê°€) '!ë§í•´ ì´ì´ì‰ ì•—ì‚´ë¼ë§ë¼ì´ì¿°'ë¼ê³  í•œ ë©”ì‹œì§€ë¥¼ ì‚­ì œí–ˆì–´!
23ì‹œ 11ë¶„ / ë³‘ì‹ ë“¤ <ì‹¤í—˜ | ê¹€ê°•ëƒ‰ | 582041127323041813> !ë§í•´ ê·¸ëŸ° ëª…ë ¹ì–´ëŠ” ë§ì•„!
23ì‹œ 11ë¶„ / [ì •ë³´] ê¹€ê°•ëƒ‰ì´(ê°€) '!ë§í•´ ê·¸ëŸ° ëª…ë ¹ì–´ëŠ” ë§ì•„!'ë¼ê³  í•œ ë©”ì‹œì§€ë¥¼ ì‚­ì œí–ˆì–´!
23ì‹œ 11ë¶„ / ë³‘ì‹ ë“¤ <ì‹¤í—˜ | ì‹ ìŠ¹ë¯¼ | 405354618068008970> ì‹ ì£¼í™© ì–´ë¨¸ë‹ˆ ì°¸ê¹¨ë¹µìœ„ì— ìˆœì‚´íŒ¨í‹°ë‘ì¥ê»´ì„œ ê¶Œì¢…ë¹ˆì´ë¨¹ìŒ
23ì‹œ 11ë¶„ / [ì •ë³´] ì‹ ìŠ¹ë¯¼ì´(ê°€) 'ì‹ ì£¼í™© ì–´ë¨¸ë‹ˆ ì°¸ê¹¨ë¹µìœ„ì— ìˆœì‚´íŒ¨í‹°ë‘ì¥ê»´ì„œ ê¶Œì¢…ë¹ˆì´ë¨¹ìŒ'ë¼ê³  í•œ ë©”ì‹œì§€ë¥¼ ì‚­ì œí–ˆì–´!
23ì‹œ 11ë¶„ / ë³‘ì‹ ë“¤ <ì‹¤í—˜ | ê¹€ê°•ëƒ‰ | 582041127323041813> !ë§í•´ ë‚˜ëŠ” ì„¹ìŠ¤í‚¹
23ì‹œ 11ë¶„ / [ì •ë³´] ê¹€ê°•ëƒ‰ì´(ê°€) '!ë§í•´ ë‚˜ëŠ” ì„¹ìŠ¤í‚¹'ë¼ê³  í•œ ë©”ì‹œì§€ë¥¼ ì‚­ì œí–ˆì–´!
23ì‹œ 11ë¶„ / ë³‘ì‹ ë“¤ <ì‹¤í—˜ | ê¹€ê°•ëƒ‰ | 582041127323041813> ?
23ì‹œ 11ë¶„ / ë³‘ì‹ ë“¤ <ì‹¤í—˜ | ì‹ ìŠ¹ë¯¼ | 405354618068008970> ã…‹ã…‹ã…‹ã…‹ã…‹ã…‹ã…‹ã…‹ã…‹ã…‹
23ì‹œ 11ë¶„ / ë³‘ì‹ ë“¤ <ì‹¤í—˜ | ê¹€ê°•ëƒ‰ | 582041127323041813> ë­ì—¿ì§€
23ì‹œ 11ë¶„ / ë³‘ì‹ ë“¤ <ì‹¤í—˜ | ì¥ì„ íš¨ | 534534395118485506> !ë§í•´ ê¶Œì¢…ë¹ˆì´ ì˜¤ëŠ˜ ë°°ë“œë¯¼í„´ ì¹˜ëŠ”ë° ë‚œì…í–ˆìŒ
23ì‹œ 11ë¶„ / [ì •ë³´] ì¥ì„ íš¨ì´(ê°€) '!ë§í•´ ê¶Œì¢…ë¹ˆì´ ì˜¤ëŠ˜ ë°°ë“œë¯¼í„´ ì¹˜ëŠ”ë° ë‚œì…í–ˆìŒ'ë¼ê³  í•œ ë©”ì‹œì§€ë¥¼ ì‚­ì œí–ˆì–´!
23ì‹œ 11ë¶„ / ë³‘ì‹ ë“¤ <ì‹¤í—˜ | ê¹€ê°•ëƒ‰ | 582041127323041813> !ë§í•´ ìŠ¹ë¯¼ì´ ë³´ì§€
23ì‹œ 11ë¶„ / [ì •ë³´] ê¹€ê°•ëƒ‰ì´(ê°€) '!ë§í•´ ìŠ¹ë¯¼ì´ ë³´ì§€'ë¼ê³  í•œ ë©”ì‹œì§€ë¥¼ ì‚­ì œí–ˆì–´!
23ì‹œ 11ë¶„ / ë³‘ì‹ ë“¤ <ì‹¤í—˜ | ì‹ ìŠ¹ë¯¼ | 405354618068008970> ?
23ì‹œ 11ë¶„ / ë³‘ì‹ ë“¤ <ì‹¤í—˜ | ì‹ ìŠ¹ë¯¼ | 405354618068008970> ê·¸ì›¬
23ì‹œ 11ë¶„ / ë³‘ì‹ ë“¤ <ì‹¤í—˜ | ì‹ ìŠ¹ë¯¼ | 405354618068008970> ì•„ê°€ë¦¬
23ì‹œ 11ë¶„ / ë³‘ì‹ ë“¤ <ì‹¤í—˜ | ê¹€ê°•ëƒ‰ | 582041127323041813> !ë§í•´ ìŠ¹ë¯¼ì´ ë³´ì§€ì—  ê¶Œì¢…ë¹ˆ  ìì§€ê°€,,,
23ì‹œ 11ë¶„ / [ì •ë³´] ê¹€ê°•ëƒ‰ì´(ê°€) '!ë§í•´ ìŠ¹ë¯¼ì´ ë³´ì§€ì—  ê¶Œì¢…ë¹ˆ  ìì§€ê°€,,,'ë¼ê³  í•œ ë©”ì‹œì§€ë¥¼ ì‚­ì œí–ˆì–´!
23ì‹œ 11ë¶„ / ë³‘ì‹ ë“¤ <ì‹¤í—˜ | ì‹ ìŠ¹ë¯¼ | 405354618068008970> ë‹«ê²Œí•´ë´
23ì‹œ 12ë¶„ / [ì •ë³´] c:\Users\82105\Downloads\SetaBot-2.3\cogs\CommandBot.py ë¡œë“œ ì™„ë£Œ
23ì‹œ 12ë¶„ / [ì •ë³´] c:\Users\82105\Downloads\SetaBot-2.3\cogs\event.py ë¡œë“œ ì™„ë£Œ
23ì‹œ 12ë¶„ / [ì •ë³´] ======================
23ì‹œ 12ë¶„ / [ì •ë³´] < êµ¬ë™ ì™„ë£Œ >
23ì‹œ 12ë¶„ / [ì •ë³´] ======================
23ì‹œ 12ë¶„ / ë³‘ì‹ ë“¤ <ì‹¤í—˜ | í•˜ë¦¬í•˜ë£¨ | 758963978331619331> !ë§í•´ íˆíˆ
23ì‹œ 12ë¶„ / [ì •ë³´] í•˜ë¦¬í•˜ë£¨ì´(ê°€) '!ë§í•´ íˆíˆ'ë¼ê³  í•œ ë©”ì‹œì§€ë¥¼ ì‚­ì œí–ˆì–´!
23ì‹œ 12ë¶„ / ë³‘ì‹ ë“¤ <ì‹¤í—˜ | ì¥ì„ íš¨ | 534534395118485506> !ë§í•´ ì•„ì§€ë¥´ ë³‘ì‹ 
23ì‹œ 12ë¶„ / [ì •ë³´] ì¥ì„ íš¨ì´(ê°€) '!ë§í•´ ì•„ì§€ë¥´ ë³‘ì‹ 'ë¼ê³  í•œ ë©”ì‹œì§€ë¥¼ ì‚­ì œí–ˆì–´!
23ì‹œ 12ë¶„ / ë³‘ì‹ ë“¤ <ì‹¤í—˜ | ì‹ ìŠ¹ë¯¼ | 405354618068008970> ?
23ì‹œ 12ë¶„ / ë³‘ì‹ ë“¤ <ì‹¤í—˜ | ì‹ ìŠ¹ë¯¼ | 405354618068008970> !ë§
23ì‹œ 12ë¶„ / ë³‘ì‹ ë“¤ <ì‹¤í—˜ | ì‹ ìŠ¹ë¯¼ | 405354618068008970> !ì
23ì‹œ 12ë¶„ / ë³‘ì‹ ë“¤ <ì‹¤í—˜ | ì‹ ìŠ¹ë¯¼ | 405354618068008970> !ì§€
23ì‹œ 13ë¶„ / ë³‘ì‹ ë“¤ <ì‹¤í—˜ | í•˜ë¦¬í•˜ë£¨ | 758963978331619331> !ë§í•´ ì§€ë„
23ì‹œ 13ë¶„ / [ì •ë³´] í•˜ë¦¬í•˜ë£¨ì´(ê°€) '!ë§í•´ ì§€ë„'ë¼ê³  í•œ ë©”ì‹œì§€ë¥¼ ì‚­ì œí–ˆì–´!
23ì‹œ 14ë¶„ / ë³‘ì‹ ë“¤ <ì‹¤í—˜ | ì¥ì„ íš¨ | 534534395118485506> !ë§í•´ ë„ë¡œ
23ì‹œ 14ë¶„ / [ì •ë³´] ì¥ì„ íš¨ì´(ê°€) '!ë§í•´ ë„ë¡œ'ë¼ê³  í•œ ë©”ì‹œì§€ë¥¼ ì‚­ì œí–ˆì–´!
23ì‹œ 15ë¶„ / ë³‘ì‹ ë“¤ <ì‹¤í—˜ | ê¹€ê°•ëƒ‰ | 582041127323041813> !ë§í•´  ìš°ì™“, ììœ„ì¤‘ì— ì¥ì•¡ì´.. ã…¡ã…¡;;
23ì‹œ 15ë¶„ / [ì •ë³´] ê¹€ê°•ëƒ‰ì´(ê°€) '!ë§í•´  ìš°ì™“, ììœ„ì¤‘ì— ì¥ì•¡ì´.. ã…¡ã…¡;;'ë¼ê³  í•œ ë©”ì‹œì§€ë¥¼ ì‚­ì œí–ˆì–´!
23ì‹œ 15ë¶„ / ë³‘ì‹ ë“¤ <ì‹¤í—˜ | ê¹€ê°•ëƒ‰ | 582041127323041813> !ë§í•´ ë™ì„±ì• ìëŠ” ì•„ë‹™ë‹ˆë‹¤ë§Œ, í•­ë¬¸ììœ„ë¥¼ ì¦ê¸°ëŠ” í¸ì¸ë°
ì ˆì • ì§ì „ì— ì¥ì•¡ì´ ìŸì•„ì ¸ ë‚˜ì™”ë„¤ìš”. ì‹ í˜¸ë„ ì—†ì´..
ë”ìš±ì´, ê³„ë€íƒ•ì˜ ê³„ë€ê°™ì€ í¬ê³  ëˆ„ëŸ° ê±´ë”ê¸°ë“¤ì´.. ã…¡ã……ã…¡a; ëª½ê¸€ëª½ê¸€.
ì•„ë¬´ ë§› ì—†ì´ ë¯¸ëŒê±°ë¦´ ë¿ì¸ ê±¸ ë³´ë©´ ë¶„ëª… ë°°ì„¤ë¬¼ì€ ì•„ë‹™ë‹ˆë‹¤ë§Œ.. 
ë­ì–´, ê°ì„¤. ë²Œì¨ í•´ê°€ ì¤‘ì²œì…ë‹ˆë‹¤. ì‹ì‚¬ëŠ” í•˜ì…¨ëŠ”ì§€ìš”.
23ì‹œ 15ë¶„ / [ì •ë³´] ê¹€ê°•ëƒ‰ì´(ê°€) '!ë§í•´ ë™ì„±ì• ìëŠ” ì•„ë‹™ë‹ˆë‹¤ë§Œ, í•­ë¬¸ììœ„ë¥¼ ì¦ê¸°ëŠ” í¸ì¸ë°
ì ˆì • ì§ì „ì— ì¥ì•¡ì´ ìŸì•„ì ¸ ë‚˜ì™”ë„¤ìš”. ì‹ í˜¸ë„ ì—†ì´..
ë”ìš±ì´, ê³„ë€íƒ•ì˜ ê³„ë€ê°™ì€ í¬ê³  ëˆ„ëŸ° ê±´ë”ê¸°ë“¤ì´.. ã…¡ã……ã…¡a; ëª½ê¸€ëª½ê¸€.
ì•„ë¬´ ë§› ì—†ì´ ë¯¸ëŒê±°ë¦´ ë¿ì¸ ê±¸ ë³´ë©´ ë¶„ëª… ë°°ì„¤ë¬¼ì€ ì•„ë‹™ë‹ˆë‹¤ë§Œ.. 
ë­ì–´, ê°ì„¤. ë²Œì¨ í•´ê°€ ì¤‘ì²œì…ë‹ˆë‹¤. ì‹ì‚¬ëŠ” í•˜ì…¨ëŠ”ì§€ìš”.'ë¼ê³  í•œ ë©”ì‹œì§€ë¥¼ ì‚­ì œí–ˆì–´!
23ì‹œ 16ë¶„ / ë³‘ì‹ ë“¤ <ì‹¤í—˜ | ì‹ ìŠ¹ë¯¼ | 405354618068008970> ?
23ì‹œ 16ë¶„ / ë³‘ì‹ ë“¤ <ì‹¤í—˜ | í•˜ë¦¬í•˜ë£¨ | 758963978331619331> ì§€!!ë„
23ì‹œ 16ë¶„ / ë³‘ì‹ ë“¤ <ì‹¤í—˜ | ê¹€ê°•ëƒ‰ | 582041127323041813> d
23ì‹œ 16ë¶„ / ë³‘ì‹ ë“¤ <ì‹¤í—˜ | í•˜ë¦¬í•˜ë£¨ | 758963978331619331> ë°”ë³´
23ì‹œ 16ë¶„ / ë³‘ì‹ ë“¤ <ì‹¤í—˜ | ê¹€ê°•ëƒ‰ | 582041127323041813> ì–¸ì œë´ì¡°
23ì‹œ 16ë¶„ / ë³‘ì‹ ë“¤ <ì‹¤í—˜ | ê¹€ê°•ëƒ‰ | 582041127323041813> ì¡´ë‚˜ì›ƒê¸°ë„¤
23ì‹œ 16ë¶„ / ë³‘ì‹ ë“¤ <ì‹¤í—˜ | ê¹€ê°•ëƒ‰ | 582041127323041813> ã…‹ã…‹ã…‹ã…‹ã…‹ã…‹ã…‹ã…‹ã…‹ã…‹
23ì‹œ 16ë¶„ / ë³‘ì‹ ë“¤ <ì‹¤í—˜ | ê¹€ê°•ëƒ‰ | 582041127323041813> ìš°ì™“,,
23ì‹œ 16ë¶„ / ë³‘ì‹ ë“¤ <ì‹¤í—˜ | ê¹€ê°•ëƒ‰ | 582041127323041813> ììœ„ì¤‘ì— ì¥ì•¡ì´,,
23ì‹œ 16ë¶„ / ë³‘ì‹ ë“¤ <ì‹¤í—˜ | ì‹ ìŠ¹ë¯¼ | 405354618068008970> ì˜êµ¬ì œëª…ì¢€
23ì‹œ 17ë¶„ / ë³‘ì‹ ë“¤ <ì‹¤í—˜ | ê¹€ê°•ëƒ‰ | 582041127323041813> !ë§í•´ í—ˆê²½ì˜ì˜ 33ì •ì±…!
23ì‹œ 17ë¶„ / [ì •ë³´] ê¹€ê°•ëƒ‰ì´(ê°€) '!ë§í•´ í—ˆê²½ì˜ì˜ 33ì •ì±…!'ë¼ê³  í•œ ë©”ì‹œì§€ë¥¼ ì‚­ì œí–ˆì–´!
23ì‹œ 24ë¶„ / [ì •ë³´] c:\Users\82105\Downloads\SetaBot-2.3\cogs\CommandBot.py ë¡œë“œ ì™„ë£Œ
23ì‹œ 24ë¶„ / [ì •ë³´] c:\Users\82105\Downloads\SetaBot-2.3\cogs\event.py ë¡œë“œ ì™„ë£Œ
23ì‹œ 24ë¶„ / [ì •ë³´] ======================
23ì‹œ 24ë¶„ / [ì •ë³´] < êµ¬ë™ ì™„ë£Œ >
23ì‹œ 24ë¶„ / [ì •ë³´] ======================
23ì‹œ 24ë¶„ / ë³‘ì‹ ë“¤ <ì‹¤í—˜ | í•˜ë¦¬í•˜ë£¨ | 758963978331619331> !ì „ì  ì‹œë¦¬í•˜ë£¨
23ì‹œ 24ë¶„ / [ì˜¤ë¥˜] Traceback (most recent call last):
  File "C:\Users\82105\AppData\Local\Programs\Python\Python39\lib\site-packages\discord\ext\commands\core.py", line 85, in wrapped
    ret = await coro(*args, **kwargs)
  File "c:\Users\82105\Downloads\SetaBot-2.3\cogs\CommandBot.py", line 114, in ì „ì 
    embed = discord.Embed(title=message_content + " ë‹˜ì˜ í”Œë ˆì´ì–´ ì •ë³´", description="", color=0x62c1cc)
NameError: name 'message_content' is not defined

The above exception was the direct cause of the following exception:

Traceback (most recent call last):
  File "c:\Users\82105\Downloads\SetaBot-2.3\utils\logger.py", line 22, in err
    raise error
  File "C:\Users\82105\AppData\Local\Programs\Python\Python39\lib\site-packages\discord\ext\commands\bot.py", line 939, in invoke
    await ctx.command.invoke(ctx)
  File "C:\Users\82105\AppData\Local\Programs\Python\Python39\lib\site-packages\discord\ext\commands\core.py", line 863, in invoke
    await injected(*ctx.args, **ctx.kwargs)
  File "C:\Users\82105\AppData\Local\Programs\Python\Python39\lib\site-packages\discord\ext\commands\core.py", line 94, in wrapped
    raise CommandInvokeError(exc) from exc
discord.ext.commands.errors.CommandInvokeError: Command raised an exception: NameError: name 'message_content' is not defined



23ì‹œ 25ë¶„ / [ì •ë³´] c:\Users\82105\Downloads\SetaBot-2.3\cogs\CommandBot.py ë¡œë“œ ì™„ë£Œ
23ì‹œ 25ë¶„ / [ì •ë³´] c:\Users\82105\Downloads\SetaBot-2.3\cogs\event.py ë¡œë“œ ì™„ë£Œ
23ì‹œ 25ë¶„ / [ì •ë³´] ======================
23ì‹œ 25ë¶„ / [ì •ë³´] < êµ¬ë™ ì™„ë£Œ >
23ì‹œ 25ë¶„ / [ì •ë³´] ======================
23ì‹œ 25ë¶„ / ë³‘ì‹ ë“¤ <ì‹¤í—˜ | í•˜ë¦¬í•˜ë£¨ | 758963978331619331> !ì „ì  ì‹œë¦¬í•˜ë£¨
23ì‹œ 25ë¶„ / ë³‘ì‹ ë“¤ <ì‹¤í—˜ | ê¹€ê°•ëƒ‰ | 582041127323041813> !ì „ì    ì›ë”œë©˜íƒˆê¹¨ê³ í•¨
23ì‹œ 25ë¶„ / ë³‘ì‹ ë“¤ <ì‹¤í—˜ | ì¥ì„ íš¨ | 534534395118485506> !ì „ì  hamnet
23ì‹œ 25ë¶„ / ë³‘ì‹ ë“¤ <ì‹¤í—˜ | ê¹€ê°•ëƒ‰ | 582041127323041813> ?
23ì‹œ 25ë¶„ / ë³‘ì‹ ë“¤ <ì‹¤í—˜ | í•˜ë¦¬í•˜ë£¨ | 758963978331619331> !ì „ì  Archetto
23ì‹œ 25ë¶„ / ë³‘ì‹ ë“¤ <ì‹¤í—˜ | ì‹ ìŠ¹ë¯¼ | 405354618068008970> !ì „ì  ë‚´ê°€ì´êµ¬ì—­ì›ë”œ
23ì‹œ 26ë¶„ / ë³‘ì‹ ë“¤ <ì‹¤í—˜ | ì‹ ìŠ¹ë¯¼ | 405354618068008970> ã…‹ã…‹ã…‹ã…‹ã…‹ã…‹ã…‹ã…‹ã…‹ã…‹
23ì‹œ 26ë¶„ / ë³‘ì‹ ë“¤ <ì‹¤í—˜ | ê¹€ê°•ëƒ‰ | 582041127323041813> ìš°ìš°ã…œã„±,,,
23ì‹œ 26ë¶„ / ë³‘ì‹ ë“¤ <ì‹¤í—˜ | ì‹ ìŠ¹ë¯¼ | 405354618068008970> ã…‹ã…‹ã…‹ã…‹ã…‹ã…‹ã…‹ã…‹ã…‹
23ì‹œ 29ë¶„ / ë³‘ì‹ ë“¤ <ì‹¤í—˜ | í•˜ë¦¬í•˜ë£¨ | 758963978331619331> !ì „ì 
23ì‹œ 29ë¶„ / ë³‘ì‹ ë“¤ <ì‹¤í—˜ | í•˜ë¦¬í•˜ë£¨ | 758963978331619331> !ì „ì  ã…‡
23ì‹œ 29ë¶„ / [ì˜¤ë¥˜] Traceback (most recent call last):
  File "C:\Users\82105\AppData\Local\Programs\Python\Python39\lib\site-packages\discord\ext\commands\core.py", line 85, in wrapped
    ret = await coro(*args, **kwargs)
  File "c:\Users\82105\Downloads\SetaBot-2.3\cogs\CommandBot.py", line 94, in ì „ì 
    img = soup.find("div", attrs={"class":"SummonerRatingMedium"}).find("img").get('src')
AttributeError: 'NoneType' object has no attribute 'find'

The above exception was the direct cause of the following exception:

Traceback (most recent call last):
  File "c:\Users\82105\Downloads\SetaBot-2.3\utils\logger.py", line 22, in err
    raise error
  File "C:\Users\82105\AppData\Local\Programs\Python\Python39\lib\site-packages\discord\ext\commands\bot.py", line 939, in invoke
    await ctx.command.invoke(ctx)
  File "C:\Users\82105\AppData\Local\Programs\Python\Python39\lib\site-packages\discord\ext\commands\core.py", line 863, in invoke
    await injected(*ctx.args, **ctx.kwargs)
  File "C:\Users\82105\AppData\Local\Programs\Python\Python39\lib\site-packages\discord\ext\commands\core.py", line 94, in wrapped
    raise CommandInvokeError(exc) from exc
discord.ext.commands.errors.CommandInvokeError: Command raised an exception: AttributeError: 'NoneType' object has no attribute 'find'



23ì‹œ 30ë¶„ / ë³‘ì‹ ë“¤ <ì‹¤í—˜ | ê¹€ê°•ëƒ‰ | 582041127323041813> !ì „ì  ì•¼ìŠ¤í‚¹
23ì‹œ 33ë¶„ / ë³‘ì‹ ë“¤ <ì‹¤í—˜ | í•˜ë¦¬í•˜ë£¨ | 758963978331619331> !ì „ì  ì¹¼ë‚ ë¶€ë¦¬ì„œë¦¬ë²”
23ì‹œ 33ë¶„ / ë³‘ì‹ ë“¤ <ì‹¤í—˜ | ping | 669911401183182848> ìƒê°ë³´ë‹¤
23ì‹œ 33ë¶„ / ë³‘ì‹ ë“¤ <ì‹¤í—˜ | ping | 669911401183182848> ë¹¨ë¦¬ë§Œë“¤ì—ˆë…¸
23ì‹œ 38ë¶„ / ë³‘ì‹ ë“¤ <ì‹¤í—˜ | Triaina | 496627750858260480> !ì „ì  Tr1aina
23ì‹œ 38ë¶„ / ë³‘ì‹ ë“¤ <ì‹¤í—˜ | Triaina | 496627750858260480> ì˜¤
23ì‹œ 38ë¶„ / ë³‘ì‹ ë“¤ <ì‹¤í—˜ | Triaina | 496627750858260480> ë°•ì£¼ì•„ ë‹¤ì‹œ ëŒì•„ì˜¤ì§€ ì•Šì„ê±¸
23ì‹œ 38ë¶„ / ë³‘ì‹ ë“¤ <ì‹¤í—˜ | Triaina | 496627750858260480> ìš©ì„œí•˜ì§€ ì•Šìœ¼ë§ˆ
23ì‹œ 38ë¶„ / ë³‘ì‹ ë“¤ <ì‹¤í—˜ | Triaina | 496627750858260480> ì”¹ìƒˆì•¼
23ì‹œ 54ë¶„ / ë³‘ì‹ ë“¤ <ğŸ“©ì±„íŒ…ì°½ | Triaina | 496627750858260480> https://youtu.be/SgrBMreVPD8
23ì‹œ 54ë¶„ / [ì •ë³´] Triainaì´(ê°€) 'https://youtu.be/SgrBMreVPD8'ë¼ê³  í•œ ë©”ì‹œì§€ë¥¼ 'https://youtu.be/SgrBMreVPD8'ë¡œ ìˆ˜ì •í–ˆì–´!
