08ì‹œ 41ë¶„ / [ì •ë³´] ======================
08ì‹œ 41ë¶„ / [ì •ë³´] < êµ¬ë™ ì™„ë£Œ >
08ì‹œ 41ë¶„ / [ì •ë³´] ======================
08ì‹œ 50ë¶„ / ë³‘ì‹ ë“¤ <ğŸ“©ì±„íŒ…ì°½ | í•˜ë¦¬í•˜ë£¨ | 758963978331619331> ã„±
08ì‹œ 50ë¶„ / ë³‘ì‹ ë“¤ <ğŸ“©ì±„íŒ…ì°½ | í•˜ë¦¬í•˜ë£¨ | 758963978331619331> ì´ ìƒˆë¼ ë­”ë°
09ì‹œ 39ë¶„ / [ì •ë³´] ======================
09ì‹œ 39ë¶„ / [ì •ë³´] < êµ¬ë™ ì™„ë£Œ >
09ì‹œ 39ë¶„ / [ì •ë³´] ======================
11ì‹œ 55ë¶„ / ë³‘ì‹ ë“¤ <ğŸ“©ì±„íŒ…ì°½ | í•˜ë¦¬í•˜ë£¨ | 758963978331619331> https://youtu.be/1Z6CHioIn3s
11ì‹œ 55ë¶„ / ë³‘ì‹ ë“¤ <ğŸ“©ì±„íŒ…ì°½ | í•˜ë¦¬í•˜ë£¨ | 758963978331619331> ê´œì°®ë„¤ìš”
11ì‹œ 55ë¶„ / ë³‘ì‹ ë“¤ <ğŸ“©ì±„íŒ…ì°½ | í•˜ë¦¬í•˜ë£¨ | 758963978331619331> íˆíˆ
12ì‹œ 42ë¶„ / ë³‘ì‹ ë“¤ <ğŸ“©ì±„íŒ…ì°½ | ì¥ì„ íš¨ | 534534395118485506> ë¯¸ì‹±ë…¸ê°€ ë‚˜ì˜¤ë„¤
12ì‹œ 49ë¶„ / [ì •ë³´] c:\Users\82105\Desktop\Project\Discord\DiscordBot_Gwen\cogs\AdminCommand.py ë¡œë“œ ì™„ë£Œ
12ì‹œ 49ë¶„ / [ì •ë³´] c:\Users\82105\Desktop\Project\Discord\DiscordBot_Gwen\cogs\event.py ë¡œë“œ ì™„ë£Œ
12ì‹œ 49ë¶„ / [ì •ë³´] c:\Users\82105\Desktop\Project\Discord\DiscordBot_Gwen\cogs\Favorability.py ë¡œë“œ ì™„ë£Œ
12ì‹œ 49ë¶„ / [ì •ë³´] c:\Users\82105\Desktop\Project\Discord\DiscordBot_Gwen\cogs\NormalCommandBot.py ë¡œë“œ ì™„ë£Œ
12ì‹œ 49ë¶„ / [ì •ë³´] c:\Users\82105\Desktop\Project\Discord\DiscordBot_Gwen\cogs\SearchCommand.py ë¡œë“œ ì™„ë£Œ
12ì‹œ 49ë¶„ / [ì •ë³´] ======================
12ì‹œ 49ë¶„ / [ì •ë³´] < êµ¬ë™ ì™„ë£Œ >
12ì‹œ 49ë¶„ / [ì •ë³´] ======================
12ì‹œ 55ë¶„ / ë´‡ì„œë²„ <ì¼ë°˜ | í•˜ë¦¬í•˜ë£¨ | 758963978331619331> #ì•ˆë…•
12ì‹œ 56ë¶„ / ë´‡ì„œë²„ <ì¼ë°˜ | í•˜ë¦¬í•˜ë£¨ | 758963978331619331> #ì „ì  archetto
12ì‹œ 56ë¶„ / ë´‡ì„œë²„ <ì¼ë°˜ | í•˜ë¦¬í•˜ë£¨ | 758963978331619331> #ì „ì  ì‹œë¦¬í•˜ë£¨
12ì‹œ 56ë¶„ / ë´‡ì„œë²„ <ì¼ë°˜ | í•˜ë¦¬í•˜ë£¨ | 758963978331619331> #íƒ‘ ì•„ì¹¼ë¦¬
12ì‹œ 56ë¶„ / [ì˜¤ë¥˜] Traceback (most recent call last):
  File "C:\Users\82105\AppData\Local\Programs\Python\Python39\lib\site-packages\discord\ext\commands\core.py", line 85, in wrapped
    ret = await coro(*args, **kwargs)
  File "c:\Users\82105\Desktop\Project\Discord\DiscordBot_Gwen\cogs\SearchCommand.py", line 278, in íƒ‘
    chamPro = soup.find("div", attrs={"class":"champion-stats-header-info__image"}).find("img").get("src")
AttributeError: 'NoneType' object has no attribute 'find'

The above exception was the direct cause of the following exception:

Traceback (most recent call last):
  File "c:\Users\82105\Desktop\Project\Discord\DiscordBot_Gwen\utils\logger.py", line 22, in err
    raise error
  File "C:\Users\82105\AppData\Local\Programs\Python\Python39\lib\site-packages\discord\ext\commands\bot.py", line 939, in invoke
    await ctx.command.invoke(ctx)
  File "C:\Users\82105\AppData\Local\Programs\Python\Python39\lib\site-packages\discord\ext\commands\core.py", line 863, in invoke
    await injected(*ctx.args, **ctx.kwargs)
  File "C:\Users\82105\AppData\Local\Programs\Python\Python39\lib\site-packages\discord\ext\commands\core.py", line 94, in wrapped
    raise CommandInvokeError(exc) from exc
discord.ext.commands.errors.CommandInvokeError: Command raised an exception: AttributeError: 'NoneType' object has no attribute 'find'



12ì‹œ 57ë¶„ / ë´‡ì„œë²„ <ì¼ë°˜ | í•˜ë¦¬í•˜ë£¨ | 758963978331619331> #restart
12ì‹œ 57ë¶„ / [ì •ë³´] c:\Users\82105\Desktop\Project\Discord\DiscordBot_Gwen\cogs\AdminCommand.py ë¡œë“œ ì™„ë£Œ
12ì‹œ 57ë¶„ / [ì •ë³´] 'AdminCommand' reload complete
12ì‹œ 57ë¶„ / [ì •ë³´] c:\Users\82105\Desktop\Project\Discord\DiscordBot_Gwen\cogs\event.py ë¡œë“œ ì™„ë£Œ
12ì‹œ 57ë¶„ / [ì •ë³´] 'event' reload complete
12ì‹œ 57ë¶„ / [ì •ë³´] c:\Users\82105\Desktop\Project\Discord\DiscordBot_Gwen\cogs\Favorability.py ë¡œë“œ ì™„ë£Œ
12ì‹œ 57ë¶„ / [ì •ë³´] 'Favorability' reload complete
12ì‹œ 57ë¶„ / [ì •ë³´] c:\Users\82105\Desktop\Project\Discord\DiscordBot_Gwen\cogs\NormalCommandBot.py ë¡œë“œ ì™„ë£Œ
12ì‹œ 57ë¶„ / [ì •ë³´] 'NormalCommandBot' reload complete
12ì‹œ 57ë¶„ / [ì •ë³´] c:\Users\82105\Desktop\Project\Discord\DiscordBot_Gwen\cogs\SearchCommand.py ë¡œë“œ ì™„ë£Œ
12ì‹œ 57ë¶„ / [ì •ë³´] 'SearchCommand' reload complete
12ì‹œ 57ë¶„ / ë´‡ì„œë²„ <ì¼ë°˜ | í•˜ë¦¬í•˜ë£¨ | 758963978331619331> #ì „ì  ì‹œë¦¬í•˜ë£¨
13ì‹œ 03ë¶„ / [ì •ë³´] c:\Users\82105\Desktop\Project\Discord\DiscordBot_Gwen\cogs\AdminCommand.py ë¡œë“œ ì™„ë£Œ
13ì‹œ 03ë¶„ / [ì •ë³´] c:\Users\82105\Desktop\Project\Discord\DiscordBot_Gwen\cogs\event.py ë¡œë“œ ì™„ë£Œ
13ì‹œ 03ë¶„ / [ì •ë³´] c:\Users\82105\Desktop\Project\Discord\DiscordBot_Gwen\cogs\Favorability.py ë¡œë“œ ì™„ë£Œ
13ì‹œ 03ë¶„ / [ì •ë³´] c:\Users\82105\Desktop\Project\Discord\DiscordBot_Gwen\cogs\NormalCommandBot.py ë¡œë“œ ì™„ë£Œ
13ì‹œ 03ë¶„ / [ì •ë³´] c:\Users\82105\Desktop\Project\Discord\DiscordBot_Gwen\cogs\SearchCommand.py ë¡œë“œ ì™„ë£Œ
13ì‹œ 03ë¶„ / ë´‡ì„œë²„ <ã…ã… | í•˜ë¦¬í•˜ë£¨ | 758963978331619331> #ê°€ìœ„ë°”ìœ„ë³´
13ì‹œ 03ë¶„ / [ì •ë³´] ======================
13ì‹œ 03ë¶„ / [ì •ë³´] < êµ¬ë™ ì™„ë£Œ >
13ì‹œ 03ë¶„ / [ì •ë³´] ======================
13ì‹œ 15ë¶„ / [ì •ë³´] c:\Users\82105\Desktop\Project\Discord\DiscordBot_Gwen\cogs\AdminCommand.py ë¡œë“œ ì™„ë£Œ
13ì‹œ 15ë¶„ / [ì •ë³´] c:\Users\82105\Desktop\Project\Discord\DiscordBot_Gwen\cogs\event.py ë¡œë“œ ì™„ë£Œ
13ì‹œ 15ë¶„ / [ì •ë³´] c:\Users\82105\Desktop\Project\Discord\DiscordBot_Gwen\cogs\Favorability.py ë¡œë“œ ì™„ë£Œ
13ì‹œ 15ë¶„ / [ì •ë³´] c:\Users\82105\Desktop\Project\Discord\DiscordBot_Gwen\cogs\NormalCommandBot.py ë¡œë“œ ì™„ë£Œ
13ì‹œ 15ë¶„ / [ì •ë³´] c:\Users\82105\Desktop\Project\Discord\DiscordBot_Gwen\cogs\SearchCommand.py ë¡œë“œ ì™„ë£Œ
13ì‹œ 15ë¶„ / [ì •ë³´] ======================
13ì‹œ 15ë¶„ / [ì •ë³´] < êµ¬ë™ ì™„ë£Œ >
13ì‹œ 15ë¶„ / [ì •ë³´] ======================
13ì‹œ 15ë¶„ / ë´‡ì„œë²„ <ã…ã… | í•˜ë¦¬í•˜ë£¨ | 758963978331619331> #ì „ì  ì‹œë¦¬í•˜ë£¨
13ì‹œ 20ë¶„ / ë´‡ì„œë²„ <ã…ã… | í•˜ë¦¬í•˜ë£¨ | 758963978331619331> #ì±”í”¼ì–¸ ì•„ì¹¼ë¦¬
13ì‹œ 20ë¶„ / [ì˜¤ë¥˜] Traceback (most recent call last):
  File "C:\Users\82105\AppData\Local\Programs\Python\Python39\lib\site-packages\discord\ext\commands\core.py", line 85, in wrapped
    ret = await coro(*args, **kwargs)
  File "c:\Users\82105\Desktop\Project\Discord\DiscordBot_Gwen\cogs\SearchCommand.py", line 124, in ì±”í”¼ì–¸
    chamPro = soup.find("div", attrs={"class":"champion-stats-header-info__image"}).find("img").get("src")
AttributeError: 'NoneType' object has no attribute 'find'

The above exception was the direct cause of the following exception:

Traceback (most recent call last):
  File "c:\Users\82105\Desktop\Project\Discord\DiscordBot_Gwen\utils\logger.py", line 13, in err
    raise error
  File "C:\Users\82105\AppData\Local\Programs\Python\Python39\lib\site-packages\discord\ext\commands\bot.py", line 939, in invoke
    await ctx.command.invoke(ctx)
  File "C:\Users\82105\AppData\Local\Programs\Python\Python39\lib\site-packages\discord\ext\commands\core.py", line 863, in invoke
    await injected(*ctx.args, **ctx.kwargs)
  File "C:\Users\82105\AppData\Local\Programs\Python\Python39\lib\site-packages\discord\ext\commands\core.py", line 94, in wrapped
    raise CommandInvokeError(exc) from exc
discord.ext.commands.errors.CommandInvokeError: Command raised an exception: AttributeError: 'NoneType' object has no attribute 'find'



13ì‹œ 52ë¶„ / ë´‡ì„œë²„ <ã…ã… | í•˜ë¦¬í•˜ë£¨ | 758963978331619331> !ì „ì  í•˜ë¦¬í•˜ë£¨
13ì‹œ 53ë¶„ / [ì •ë³´] c:\Users\82105\Desktop\Project\Discord\DiscordBot_Gwen\cogs\AdminCommand.py ë¡œë“œ ì™„ë£Œ
13ì‹œ 53ë¶„ / [ì •ë³´] c:\Users\82105\Desktop\Project\Discord\DiscordBot_Gwen\cogs\event.py ë¡œë“œ ì™„ë£Œ
13ì‹œ 53ë¶„ / [ì •ë³´] c:\Users\82105\Desktop\Project\Discord\DiscordBot_Gwen\cogs\Favorability.py ë¡œë“œ ì™„ë£Œ
13ì‹œ 53ë¶„ / [ì •ë³´] c:\Users\82105\Desktop\Project\Discord\DiscordBot_Gwen\cogs\NormalCommandBot.py ë¡œë“œ ì™„ë£Œ
13ì‹œ 53ë¶„ / [ì •ë³´] c:\Users\82105\Desktop\Project\Discord\DiscordBot_Gwen\cogs\SearchCommand.py ë¡œë“œ ì™„ë£Œ
13ì‹œ 53ë¶„ / [ì •ë³´] ======================
13ì‹œ 53ë¶„ / [ì •ë³´] < êµ¬ë™ ì™„ë£Œ >
13ì‹œ 53ë¶„ / [ì •ë³´] ======================
13ì‹œ 53ë¶„ / ë´‡ì„œë²„ <ã…ã… | í•˜ë¦¬í•˜ë£¨ | 758963978331619331> #ì „ì  í•˜ë¦¬í•˜ë£¨
13ì‹œ 53ë¶„ / ë´‡ì„œë²„ <ã…ã… | í•˜ë¦¬í•˜ë£¨ | 758963978331619331> #ì „ì  ì‹œë¦¬í•˜ë£¨
13ì‹œ 53ë¶„ / ë´‡ì„œë²„ <ã…ã… | í•˜ë¦¬í•˜ë£¨ | 758963978331619331> #ì „ì  archetto
13ì‹œ 57ë¶„ / ë´‡ì„œë²„ <ã…ã… | í•˜ë¦¬í•˜ë£¨ | 758963978331619331> #restart
13ì‹œ 57ë¶„ / [ì •ë³´] c:\Users\82105\Desktop\Project\Discord\DiscordBot_Gwen\cogs\AdminCommand.py ë¡œë“œ ì™„ë£Œ
13ì‹œ 57ë¶„ / [ì •ë³´] 'AdminCommand' reload complete
13ì‹œ 57ë¶„ / [ì •ë³´] c:\Users\82105\Desktop\Project\Discord\DiscordBot_Gwen\cogs\event.py ë¡œë“œ ì™„ë£Œ
13ì‹œ 57ë¶„ / [ì •ë³´] 'event' reload complete
13ì‹œ 57ë¶„ / [ì •ë³´] c:\Users\82105\Desktop\Project\Discord\DiscordBot_Gwen\cogs\Favorability.py ë¡œë“œ ì™„ë£Œ
13ì‹œ 57ë¶„ / [ì •ë³´] 'Favorability' reload complete
13ì‹œ 57ë¶„ / [ì •ë³´] c:\Users\82105\Desktop\Project\Discord\DiscordBot_Gwen\cogs\NormalCommandBot.py ë¡œë“œ ì™„ë£Œ
13ì‹œ 57ë¶„ / [ì •ë³´] 'NormalCommandBot' reload complete
13ì‹œ 57ë¶„ / [ì •ë³´] c:\Users\82105\Desktop\Project\Discord\DiscordBot_Gwen\cogs\SearchCommand.py ë¡œë“œ ì™„ë£Œ
13ì‹œ 57ë¶„ / [ì •ë³´] 'SearchCommand' reload complete
13ì‹œ 57ë¶„ / ë´‡ì„œë²„ <ã…ã… | í•˜ë¦¬í•˜ë£¨ | 758963978331619331> #íƒ‘ ì¡°ì´
13ì‹œ 58ë¶„ / ë´‡ì„œë²„ <ã…ã… | í•˜ë¦¬í•˜ë£¨ | 758963978331619331> #restart
13ì‹œ 58ë¶„ / [ì •ë³´] c:\Users\82105\Desktop\Project\Discord\DiscordBot_Gwen\cogs\AdminCommand.py ë¡œë“œ ì™„ë£Œ
13ì‹œ 58ë¶„ / [ì •ë³´] 'AdminCommand' reload complete
13ì‹œ 58ë¶„ / [ì •ë³´] c:\Users\82105\Desktop\Project\Discord\DiscordBot_Gwen\cogs\event.py ë¡œë“œ ì™„ë£Œ
13ì‹œ 58ë¶„ / [ì •ë³´] 'event' reload complete
13ì‹œ 58ë¶„ / [ì •ë³´] c:\Users\82105\Desktop\Project\Discord\DiscordBot_Gwen\cogs\Favorability.py ë¡œë“œ ì™„ë£Œ
13ì‹œ 58ë¶„ / [ì •ë³´] 'Favorability' reload complete
13ì‹œ 58ë¶„ / [ì •ë³´] c:\Users\82105\Desktop\Project\Discord\DiscordBot_Gwen\cogs\NormalCommandBot.py ë¡œë“œ ì™„ë£Œ
13ì‹œ 58ë¶„ / [ì •ë³´] 'NormalCommandBot' reload complete
13ì‹œ 58ë¶„ / [ì •ë³´] c:\Users\82105\Desktop\Project\Discord\DiscordBot_Gwen\cogs\SearchCommand.py ë¡œë“œ ì™„ë£Œ
13ì‹œ 58ë¶„ / [ì •ë³´] 'SearchCommand' reload complete
13ì‹œ 58ë¶„ / ë´‡ì„œë²„ <ã…ã… | í•˜ë¦¬í•˜ë£¨ | 758963978331619331> #ë¯¸ë“œ ì¡°ì´
14ì‹œ 00ë¶„ / [ì •ë³´] c:\Users\82105\Desktop\Project\Discord\DiscordBot_Gwen\cogs\AdminCommand.py ë¡œë“œ ì™„ë£Œ
14ì‹œ 00ë¶„ / [ì •ë³´] c:\Users\82105\Desktop\Project\Discord\DiscordBot_Gwen\cogs\event.py ë¡œë“œ ì™„ë£Œ
14ì‹œ 00ë¶„ / [ì •ë³´] c:\Users\82105\Desktop\Project\Discord\DiscordBot_Gwen\cogs\Favorability.py ë¡œë“œ ì™„ë£Œ
14ì‹œ 00ë¶„ / [ì •ë³´] c:\Users\82105\Desktop\Project\Discord\DiscordBot_Gwen\cogs\NormalCommandBot.py ë¡œë“œ ì™„ë£Œ
14ì‹œ 00ë¶„ / [ì •ë³´] c:\Users\82105\Desktop\Project\Discord\DiscordBot_Gwen\cogs\SearchCommand.py ë¡œë“œ ì™„ë£Œ
14ì‹œ 00ë¶„ / [ì •ë³´] ======================
14ì‹œ 00ë¶„ / [ì •ë³´] < êµ¬ë™ ì™„ë£Œ >
14ì‹œ 00ë¶„ / [ì •ë³´] ======================
14ì‹œ 00ë¶„ / ë³‘ì‹ ë“¤ <ğŸ“©ì±„íŒ…ì°½ | í•˜ë¦¬í•˜ë£¨ | 758963978331619331> !ë¯¸ë“œ ë°±ìŠ¤
14ì‹œ 00ë¶„ / ë³‘ì‹ ë“¤ <ğŸ“©ì±„íŒ…ì°½ | í•˜ë¦¬í•˜ë£¨ | 758963978331619331> #ë¯¸ë“œ ë°±ìŠ¤
15ì‹œ 30ë¶„ / [ì •ë³´] ======================
15ì‹œ 30ë¶„ / [ì •ë³´] < êµ¬ë™ ì™„ë£Œ >
15ì‹œ 30ë¶„ / [ì •ë³´] ======================
16ì‹œ 06ë¶„ / ë³‘ì‹ ë“¤ <ğŸ“©ì±„íŒ…ì°½ | ê¹€ê°•ëƒ‰ | 582041127323041813> anjrh
16ì‹œ 08ë¶„ / ë³‘ì‹ ë“¤ <ğŸ“©ì±„íŒ…ì°½ | ê¹€ê°•ëƒ‰ | 582041127323041813> ?
16ì‹œ 08ë¶„ / ë³‘ì‹ ë“¤ <ğŸ“©ì±„íŒ…ì°½ | ê¹€ê°•ëƒ‰ | 582041127323041813> ???
16ì‹œ 08ë¶„ / ë³‘ì‹ ë“¤ <ğŸ“©ì±„íŒ…ì°½ | ê¹€ê°•ëƒ‰ | 582041127323041813> ì•„í•˜!
16ì‹œ 08ë¶„ / ë³‘ì‹ ë“¤ <ğŸ“©ì±„íŒ…ì°½ | ê¹€ê°•ëƒ‰ | 582041127323041813> ì•„ë‹ˆê·¼ë°  ì €ê±°ì§„ì§œ ì™œë„£ì€ê±°ëƒ ã…‹ã…‹ã…‹ã…‹ã…‹ã…‹ã…‹ã…‹ã…‹ã…‹ã…‹ã…‹
19ì‹œ 18ë¶„ / [ì •ë³´] ======================
19ì‹œ 18ë¶„ / [ì •ë³´] < êµ¬ë™ ì™„ë£Œ >
19ì‹œ 18ë¶„ / [ì •ë³´] ======================
19ì‹œ 36ë¶„ / ë³‘ì‹ ë“¤ <ğŸ“©ì±„íŒ…ì°½ | TÌ´ÌƒÍ–rÌµÍ˜Ì1Ì¸Í‘Í aÌ¸ÍÌiÌ¶Ì‰ÌnÌ´ÌŒÌ’aÌ´ÌÍ’ | 496627750858260480> ë„£ê³  ì‹¶ë°ì–ì•„
23ì‹œ 24ë¶„ / ë³‘ì‹ ë“¤ <íˆíˆë§ˆí¬ | ê¹€ê°•ëƒ‰ | 582041127323041813> ì´ëŸ°ì‹ìœ¼ë¡œ
23ì‹œ 24ë¶„ / ë³‘ì‹ ë“¤ <íˆíˆë§ˆí¬ | ê¹€ê°•ëƒ‰ | 582041127323041813> ì¨ë‘ì…ˆ
23ì‹œ 24ë¶„ / ë³‘ì‹ ë“¤ <íˆíˆë§ˆí¬ | ê¹€ê°•ëƒ‰ | 582041127323041813> ì´ë¦„ íŠ¹ì„± ë„êµ¬ ìŠ¤í‚¬ (ë‹¤ì´ë§¥ìŠ¤ìœ ë¬´) ìˆœìœ¼ë¡œ ã…‡ ã…‡
23ì‹œ 25ë¶„ / ë³‘ì‹ ë“¤ <íˆíˆë§ˆí¬ | ê¹€ê°•ëƒ‰ | 582041127323041813> ì´ê²¼ì„ë–„ ì´ê±¸ì§€ë…¸ ã…‹
23ì‹œ 25ë¶„ / ë³‘ì‹ ë“¤ <íˆíˆë§ˆí¬ | ê¹€ê°•ëƒ‰ | 582041127323041813> ì¡‹ì„ë•Œ
23ì‹œ 25ë¶„ / ë³‘ì‹ ë“¤ <íˆíˆë§ˆí¬ | ê¹€ê°•ëƒ‰ | 582041127323041813> ì´ê±¸ì§€ë…¸ ã…‹
