00ì‹œ 30ë¶„ / ë³‘ì‹ ë“¤ <ì‹¤í—˜ | ê¹€ê°•ëƒ‰ | 582041127323041813> !íƒ‘ ê°±í”Œë­í¬
00ì‹œ 34ë¶„ / ë³‘ì‹ ë“¤ <ğŸ§¬ì •ì‹ ë‚˜ê°„-í˜¸ì¬ | í•˜ë¦¬í•˜ë£¨ | 758963978331619331> ì˜¤ë Œë§Œì—
00ì‹œ 34ë¶„ / ë³‘ì‹ ë“¤ <ğŸ§¬ì •ì‹ ë‚˜ê°„-í˜¸ì¬ | í•˜ë¦¬í•˜ë£¨ | 758963978331619331> ì†Œì•„ì˜¨ë³´ë‹ˆê¹Œ
00ì‹œ 34ë¶„ / ë³‘ì‹ ë“¤ <ğŸ§¬ì •ì‹ ë‚˜ê°„-í˜¸ì¬ | í•˜ë¦¬í•˜ë£¨ | 758963978331619331> ì¬ë°Œë„¤
00ì‹œ 57ë¶„ / ë³‘ì‹ ë“¤ <ğŸ§¬ì •ì‹ ë‚˜ê°„-í˜¸ì¬ | ê¹€ê°•ëƒ‰ | 582041127323041813> <@!397036116676575233> ë³‘í˜„ì´ë¥¼ ë–¨ì–´ëœ¨ë¦¬ë¼ëŠ”
00ì‹œ 57ë¶„ / ë³‘ì‹ ë“¤ <ğŸ§¬ì •ì‹ ë‚˜ê°„-í˜¸ì¬ | ê¹€ê°•ëƒ‰ | 582041127323041813> ë¯¸ì…˜ì„ ì»´í”Œë¦¬íŠ¸í–‡ë‹¤
00ì‹œ 58ë¶„ / ë³‘ì‹ ë“¤ <ğŸ§¬ì •ì‹ ë‚˜ê°„-í˜¸ì¬ | MURYAN | 397036116676575233> ã…‹ã…‹ã…‹ã…‹ã…‹ã…‹ã…‹ã…‹ã…‹ã…‹ã…‹ã…‹ã…‹ã…‹ã…‹
00ì‹œ 58ë¶„ / ë³‘ì‹ ë“¤ <ğŸ§¬ì •ì‹ ë‚˜ê°„-í˜¸ì¬ | MURYAN | 397036116676575233> ì¡´ë‚˜ì›ƒê¸°ë„¤
00ì‹œ 58ë¶„ / ë³‘ì‹ ë“¤ <ğŸ§¬ì •ì‹ ë‚˜ê°„-í˜¸ì¬ | ê¹€ê°•ëƒ‰ | 582041127323041813> ì•„ë‹ˆ
00ì‹œ 58ë¶„ / ë³‘ì‹ ë“¤ <ğŸ§¬ì •ì‹ ë‚˜ê°„-í˜¸ì¬ | ê¹€ê°•ëƒ‰ | 582041127323041813> ë§ˆì´ê°€
00ì‹œ 58ë¶„ / ë³‘ì‹ ë“¤ <ğŸ§¬ì •ì‹ ë‚˜ê°„-í˜¸ì¬ | MURYAN | 397036116676575233> ì´ê±´ë´ì•¼ì§€
00ì‹œ 58ë¶„ / ë³‘ì‹ ë“¤ <ğŸ§¬ì •ì‹ ë‚˜ê°„-í˜¸ì¬ | ê¹€ê°•ëƒ‰ | 582041127323041813> í¬ë¼ì¼„ì„ ã…‡ì•ˆê°€
00ì‹œ 58ë¶„ / ë³‘ì‹ ë“¤ <ğŸ§¬ì •ì‹ ë‚˜ê°„-í˜¸ì¬ | ê¹€ê°•ëƒ‰ | 582041127323041813> ì•„ë‹ˆ;
00ì‹œ 58ë¶„ / ë³‘ì‹ ë“¤ <ğŸ§¬ì •ì‹ ë‚˜ê°„-í˜¸ì¬ | ê¹€ê°•ëƒ‰ | 582041127323041813> ì •ë³µìë“¤ê³ 
00ì‹œ 58ë¶„ / ë³‘ì‹ ë“¤ <ğŸ§¬ì •ì‹ ë‚˜ê°„-í˜¸ì¬ | ê¹€ê°•ëƒ‰ | 582041127323041813> ë“œë½ê°€ëŠ”ë†ˆì€
00ì‹œ 58ë¶„ / ë³‘ì‹ ë“¤ <ğŸ§¬ì •ì‹ ë‚˜ê°„-í˜¸ì¬ | ê¹€ê°•ëƒ‰ | 582041127323041813> ì²¨ã…ë³´ë„¤
00ì‹œ 58ë¶„ / ë³‘ì‹ ë“¤ <ğŸ§¬ì •ì‹ ë‚˜ê°„-í˜¸ì¬ | MURYAN | 397036116676575233> ì•„ ë‚˜ë„ì´ì œ
00ì‹œ 58ë¶„ / ë³‘ì‹ ë“¤ <ğŸ§¬ì •ì‹ ë‚˜ê°„-í˜¸ì¬ | MURYAN | 397036116676575233> ì°¨ì¥ë‹˜ë•Œì²˜ëŸ¼
00ì‹œ 59ë¶„ / ë³‘ì‹ ë“¤ <ğŸ§¬ì •ì‹ ë‚˜ê°„-í˜¸ì¬ | MURYAN | 397036116676575233> ì‹œê°„í…€ í•œì‹œê°„ë‘ê³ 
00ì‹œ 59ë¶„ / ë³‘ì‹ ë“¤ <ğŸ§¬ì •ì‹ ë‚˜ê°„-í˜¸ì¬ | MURYAN | 397036116676575233> ì½ì„êº¼ì•¼
00ì‹œ 59ë¶„ / ë³‘ì‹ ë“¤ <ğŸ§¬ì •ì‹ ë‚˜ê°„-í˜¸ì¬ | MURYAN | 397036116676575233> ì‚ì§
00ì‹œ 59ë¶„ / ë³‘ì‹ ë“¤ <ğŸ§¬ì •ì‹ ë‚˜ê°„-í˜¸ì¬ | ê¹€ê°•ëƒ‰ | 582041127323041813> ?
00ì‹œ 59ë¶„ / ë³‘ì‹ ë“¤ <ğŸ§¬ì •ì‹ ë‚˜ê°„-í˜¸ì¬ | ê¹€ê°•ëƒ‰ | 582041127323041813> ì–´ì§€ëŸ½ë„¤
01ì‹œ 01ë¶„ / ë³‘ì‹ ë“¤ <ğŸ§¬ì •ì‹ ë‚˜ê°„-í˜¸ì¬ | MURYAN | 397036116676575233> ê·¸ëŸ¬ê²Œ ë‚´ê°€
01ì‹œ 01ë¶„ / ë³‘ì‹ ë“¤ <ğŸ§¬ì •ì‹ ë‚˜ê°„-í˜¸ì¬ | ê¹€ê°•ëƒ‰ | 582041127323041813> ëŠ¦ã…‡ëŠ 
01ì‹œ 01ë¶„ / ë³‘ì‹ ë“¤ <ğŸ§¬ì •ì‹ ë‚˜ê°„-í˜¸ì¬ | MURYAN | 397036116676575233> ì˜¤ëŠ˜ ì†”ë­í•˜ë¼
01ì‹œ 01ë¶„ / ë³‘ì‹ ë“¤ <ğŸ§¬ì •ì‹ ë‚˜ê°„-í˜¸ì¬ | MURYAN | 397036116676575233> í–‡ì–ì•„
01ì‹œ 01ë¶„ / ë³‘ì‹ ë“¤ <ğŸ§¬ì •ì‹ ë‚˜ê°„-í˜¸ì¬ | MURYAN | 397036116676575233> ã…‹ã…‹ã…‹ã…‹ã…‹ã…‹
01ì‹œ 01ë¶„ / ë³‘ì‹ ë“¤ <ğŸ§¬ì •ì‹ ë‚˜ê°„-í˜¸ì¬ | ê¹€ê°•ëƒ‰ | 582041127323041813> ^^
01ì‹œ 01ë¶„ / ë³‘ì‹ ë“¤ <ğŸ§¬ì •ì‹ ë‚˜ê°„-í˜¸ì¬ | ê¹€ê°•ëƒ‰ | 582041127323041813> ë‚œ
01ì‹œ 01ë¶„ / ë³‘ì‹ ë“¤ <ğŸ§¬ì •ì‹ ë‚˜ê°„-í˜¸ì¬ | ê¹€ê°•ëƒ‰ | 582041127323041813> ì ìˆ˜ì—¬ìœ ìˆì–´ì„œ
01ì‹œ 01ë¶„ / ë³‘ì‹ ë“¤ <ğŸ§¬ì •ì‹ ë‚˜ê°„-í˜¸ì¬ | ê¹€ê°•ëƒ‰ | 582041127323041813> ^^
01ì‹œ 01ë¶„ / ë³‘ì‹ ë“¤ <ğŸ§¬ì •ì‹ ë‚˜ê°„-í˜¸ì¬ | ê¹€ê°•ëƒ‰ | 582041127323041813> ì‹¤3ì¸ë°
09ì‹œ 28ë¶„ / [ì •ë³´] ======================
09ì‹œ 28ë¶„ / [ì •ë³´] < êµ¬ë™ ì™„ë£Œ >
09ì‹œ 28ë¶„ / [ì •ë³´] ======================
09ì‹œ 29ë¶„ / ë³‘ì‹ ë“¤ <ì‹¤í—˜ | í•˜ë¦¬í•˜ë£¨ | 758963978331619331> !ë¯¸ë“œ ë²¨ì½”ì¦ˆ
09ì‹œ 30ë¶„ / ë³‘ì‹ ë“¤ <ì‹¤í—˜ | í•˜ë¦¬í•˜ë£¨ | 758963978331619331> !ì •ê¸€ ìœ ë¯¸
09ì‹œ 30ë¶„ / ë³‘ì‹ ë“¤ <ì‹¤í—˜ | í•˜ë¦¬í•˜ë£¨ | 758963978331619331> !ì •ê¸€ ê°€ë Œ
09ì‹œ 31ë¶„ / ë³‘ì‹ ë“¤ <ğŸ§¬ì •ì‹ ë‚˜ê°„-í˜¸ì¬ | ë°•ë³‘í˜„ | 690902795452416043> zzzzzzzzzzzzzzzzzzzzzzzz
09ì‹œ 31ë¶„ / ë³‘ì‹ ë“¤ <ì‹¤í—˜ | í•˜ë¦¬í•˜ë£¨ | 758963978331619331> !ì •ê¸€ ì•¼ìŠ¤ì˜¤
09ì‹œ 32ë¶„ / ë³‘ì‹ ë“¤ <ì‹¤í—˜ | í•˜ë¦¬í•˜ë£¨ | 758963978331619331> !ì¡ë‹´
09ì‹œ 34ë¶„ / ë³‘ì‹ ë“¤ <ì‹¤í—˜ | í•˜ë¦¬í•˜ë£¨ | 758963978331619331> íˆíˆë°”ë³´
09ì‹œ 40ë¶„ / ë³‘ì‹ ë“¤ <ì‹¤í—˜ | í•˜ë¦¬í•˜ë£¨ | 758963978331619331> !restart
09ì‹œ 40ë¶„ / [ì •ë³´] c:\Users\82105\Desktop\Project\Discord\DiscordBot_Gwen\cogs\AdminCommand.py ë¡œë“œ ì™„ë£Œ
09ì‹œ 40ë¶„ / [ì •ë³´] 'AdminCommand' ë‹¤ì‹œ ë¶ˆëŸ¬ì˜´
09ì‹œ 40ë¶„ / [ì •ë³´] c:\Users\82105\Desktop\Project\Discord\DiscordBot_Gwen\cogs\event.py ë¡œë“œ ì™„ë£Œ
09ì‹œ 40ë¶„ / [ì •ë³´] 'event' ë‹¤ì‹œ ë¶ˆëŸ¬ì˜´
09ì‹œ 40ë¶„ / [ì •ë³´] c:\Users\82105\Desktop\Project\Discord\DiscordBot_Gwen\cogs\NormalCommandBot.py ë¡œë“œ ì™„ë£Œ
09ì‹œ 40ë¶„ / [ì •ë³´] 'NormalCommandBot' ë‹¤ì‹œ ë¶ˆëŸ¬ì˜´
09ì‹œ 40ë¶„ / [ì •ë³´] c:\Users\82105\Desktop\Project\Discord\DiscordBot_Gwen\cogs\SearchCommand.py ë¡œë“œ ì™„ë£Œ
09ì‹œ 40ë¶„ / [ì •ë³´] 'SearchCommand' ë‹¤ì‹œ ë¶ˆëŸ¬ì˜´
09ì‹œ 40ë¶„ / ë³‘ì‹ ë“¤ <ì‹¤í—˜ | í•˜ë¦¬í•˜ë£¨ | 758963978331619331> !íˆíˆë„¤ì´ìŠ¤ë¼ê³  ë§í•´ì¤˜
09ì‹œ 40ë¶„ / ë³‘ì‹ ë“¤ <ì‹¤í—˜ | í•˜ë¦¬í•˜ë£¨ | 758963978331619331> ì• ë¯¸
09ì‹œ 41ë¶„ / ë³‘ì‹ ë“¤ <ì‹¤í—˜ | í•˜ë¦¬í•˜ë£¨ | 758963978331619331> ë¼ê³  ë§í•´ì¤˜
09ì‹œ 41ë¶„ / ë³‘ì‹ ë“¤ <ì‹¤í—˜ | í•˜ë¦¬í•˜ë£¨ | 758963978331619331> íˆíˆë„¤ì´ìŠ¤ë¼ê³  ë§í•´ì¤˜
09ì‹œ 41ë¶„ / ë³‘ì‹ ë“¤ <ì‹¤í—˜ | í•˜ë¦¬í•˜ë£¨ | 758963978331619331> !restart
09ì‹œ 42ë¶„ / [ì •ë³´] c:\Users\82105\Desktop\Project\Discord\DiscordBot_Gwen\cogs\AdminCommand.py ë¡œë“œ ì™„ë£Œ
09ì‹œ 42ë¶„ / [ì •ë³´] 'AdminCommand' ë‹¤ì‹œ ë¶ˆëŸ¬ì˜´
09ì‹œ 42ë¶„ / [ì •ë³´] c:\Users\82105\Desktop\Project\Discord\DiscordBot_Gwen\cogs\event.py ë¡œë“œ ì™„ë£Œ
09ì‹œ 42ë¶„ / [ì •ë³´] 'event' ë‹¤ì‹œ ë¶ˆëŸ¬ì˜´
09ì‹œ 42ë¶„ / [ì •ë³´] c:\Users\82105\Desktop\Project\Discord\DiscordBot_Gwen\cogs\NormalCommandBot.py ë¡œë“œ ì™„ë£Œ
09ì‹œ 42ë¶„ / [ì •ë³´] 'NormalCommandBot' ë‹¤ì‹œ ë¶ˆëŸ¬ì˜´
09ì‹œ 42ë¶„ / [ì •ë³´] c:\Users\82105\Desktop\Project\Discord\DiscordBot_Gwen\cogs\SearchCommand.py ë¡œë“œ ì™„ë£Œ
09ì‹œ 42ë¶„ / [ì •ë³´] 'SearchCommand' ë‹¤ì‹œ ë¶ˆëŸ¬ì˜´
09ì‹œ 42ë¶„ / ë³‘ì‹ ë“¤ <ì‹¤í—˜ | í•˜ë¦¬í•˜ë£¨ | 758963978331619331> ë¼ê³  ë§í•´ì¤˜
09ì‹œ 43ë¶„ / ë³‘ì‹ ë“¤ <ì‹¤í—˜ | í•˜ë¦¬í•˜ë£¨ | 758963978331619331> ê·¸ì›¬ì•„ ë§í•´ì¤˜
09ì‹œ 43ë¶„ / ë³‘ì‹ ë“¤ <ì‹¤í—˜ | í•˜ë¦¬í•˜ë£¨ | 758963978331619331> !ë¯¸ë“œ ì¡°ì´
09ì‹œ 45ë¶„ / ë³‘ì‹ ë“¤ <ì‹¤í—˜ | TÌ´ÌƒÍ–rÌµÍ˜Ì1Ì¸Í‘Í aÌ¸ÍÌiÌ¶Ì‰ÌnÌ´ÌŒÌ’aÌ´ÌÍ’ | 496627750858260480> ì„ ìƒë‹˜ ì§ˆë¬¸ì´ ìˆìŠµë‹ˆë‹¤
09ì‹œ 45ë¶„ / ë³‘ì‹ ë“¤ <ì‹¤í—˜ | TÌ´ÌƒÍ–rÌµÍ˜Ì1Ì¸Í‘Í aÌ¸ÍÌiÌ¶Ì‰ÌnÌ´ÌŒÌ’aÌ´ÌÍ’ | 496627750858260480> ì €ê±° ë’¤ì— ë°°ê²½ì´ ë‹¤ ì´ˆë¡ìƒ‰ì¸ë°
09ì‹œ 45ë¶„ / ë³‘ì‹ ë“¤ <ì‹¤í—˜ | TÌ´ÌƒÍ–rÌµÍ˜Ì1Ì¸Í‘Í aÌ¸ÍÌiÌ¶Ì‰ÌnÌ´ÌŒÌ’aÌ´ÌÍ’ | 496627750858260480> ë¹„ìŠ¤í‚· í˜¼ì ê²€ì€ìƒ‰ì…ë‹ˆë‹¤
09ì‹œ 45ë¶„ / ë³‘ì‹ ë“¤ <ì‹¤í—˜ | TÌ´ÌƒÍ–rÌµÍ˜Ì1Ì¸Í‘Í aÌ¸ÍÌiÌ¶Ì‰ÌnÌ´ÌŒÌ’aÌ´ÌÍ’ | 496627750858260480> ì™œê·¸ëŸ°ê°€ìš”?
09ì‹œ 45ë¶„ / ë³‘ì‹ ë“¤ <ì‹¤í—˜ | í•˜ë¦¬í•˜ë£¨ | 758963978331619331> ì˜µì§€ê°€
09ì‹œ 45ë¶„ / ë³‘ì‹ ë“¤ <ì‹¤í—˜ | í•˜ë¦¬í•˜ë£¨ | 758963978331619331> ì €ëŸ°
09ì‹œ 45ë¶„ / ë³‘ì‹ ë“¤ <ì‹¤í—˜ | í•˜ë¦¬í•˜ë£¨ | 758963978331619331> ì´ë¯¸ì§€ë¥¼
09ì‹œ 46ë¶„ / ë³‘ì‹ ë“¤ <ì‹¤í—˜ | í•˜ë¦¬í•˜ë£¨ | 758963978331619331> ì”ë‹ˆë‹¤
09ì‹œ 46ë¶„ / ë³‘ì‹ ë“¤ <ì‹¤í—˜ | TÌ´ÌƒÍ–rÌµÍ˜Ì1Ì¸Í‘Í aÌ¸ÍÌiÌ¶Ì‰ÌnÌ´ÌŒÌ’aÌ´ÌÍ’ | 496627750858260480> ì•„í•˜
09ì‹œ 46ë¶„ / ë³‘ì‹ ë“¤ <ì‹¤í—˜ | TÌ´ÌƒÍ–rÌµÍ˜Ì1Ì¸Í‘Í aÌ¸ÍÌiÌ¶Ì‰ÌnÌ´ÌŒÌ’aÌ´ÌÍ’ | 496627750858260480> í•™êµì‹­ë‹ˆê¹Œ?
09ì‹œ 48ë¶„ / ë³‘ì‹ ë“¤ <ì‹¤í—˜ | í•˜ë¦¬í•˜ë£¨ | 758963978331619331> ã…–
09ì‹œ 48ë¶„ / ë³‘ì‹ ë“¤ <ì‹¤í—˜ | TÌ´ÌƒÍ–rÌµÍ˜Ì1Ì¸Í‘Í aÌ¸ÍÌiÌ¶Ì‰ÌnÌ´ÌŒÌ’aÌ´ÌÍ’ | 496627750858260480> ã…‹
09ì‹œ 48ë¶„ / ë³‘ì‹ ë“¤ <ì‹¤í—˜ | TÌ´ÌƒÍ–rÌµÍ˜Ì1Ì¸Í‘Í aÌ¸ÍÌiÌ¶Ì‰ÌnÌ´ÌŒÌ’aÌ´ÌÍ’ | 496627750858260480> ëˆ„ê°€ í•™êµë¥¼ ê°?
09ì‹œ 48ë¶„ / ë³‘ì‹ ë“¤ <ì‹¤í—˜ | í•˜ë¦¬í•˜ë£¨ | 758963978331619331> ^ã…£ë°œ
10ì‹œ 21ë¶„ / ë³‘ì‹ ë“¤ <ì‹¤í—˜ | TÌ´ÌƒÍ–rÌµÍ˜Ì1Ì¸Í‘Í aÌ¸ÍÌiÌ¶Ì‰ÌnÌ´ÌŒÌ’aÌ´ÌÍ’ | 496627750858260480> !ì±”í”¼ì–¸ ì¹´ì´ì‚¬
10ì‹œ 23ë¶„ / ë³‘ì‹ ë“¤ <ì‹¤í—˜ | í•˜ë¦¬í•˜ë£¨ | 758963978331619331> íˆíˆë„¤ì´ìŠ¤
10ì‹œ 23ë¶„ / ë³‘ì‹ ë“¤ <ì‹¤í—˜ | TÌ´ÌƒÍ–rÌµÍ˜Ì1Ì¸Í‘Í aÌ¸ÍÌiÌ¶Ì‰ÌnÌ´ÌŒÌ’aÌ´ÌÍ’ | 496627750858260480> ì£¼ì•„ì•¼ ë¡¤í•˜ì
10ì‹œ 24ë¶„ / ë³‘ì‹ ë“¤ <ì‹¤í—˜ | TÌ´ÌƒÍ–rÌµÍ˜Ì1Ì¸Í‘Í aÌ¸ÍÌiÌ¶Ì‰ÌnÌ´ÌŒÌ’aÌ´ÌÍ’ | 496627750858260480> ì•„ í•™êµì§€
10ì‹œ 24ë¶„ / ë³‘ì‹ ë“¤ <ì‹¤í—˜ | ê¹€ê°•ëƒ‰ | 582041127323041813> !ì¹¼ë‚ ë¹„
10ì‹œ 26ë¶„ / ë³‘ì‹ ë“¤ <ì‹¤í—˜ | í•˜ë¦¬í•˜ë£¨ | 758963978331619331> !ë¯¸ë“œ ì¹´ì´ì‚¬
10ì‹œ 27ë¶„ / ë³‘ì‹ ë“¤ <ì‹¤í—˜ | TÌ´ÌƒÍ–rÌµÍ˜Ì1Ì¸Í‘Í aÌ¸ÍÌiÌ¶Ì‰ÌnÌ´ÌŒÌ’aÌ´ÌÍ’ | 496627750858260480> !ë¯¸ë“œ ì´ì¦ˆë¦¬ì–¼
10ì‹œ 27ë¶„ / ë³‘ì‹ ë“¤ <ì‹¤í—˜ | í•˜ë¦¬í•˜ë£¨ | 758963978331619331> !íƒ‘ ì¼€ì´í‹€ë¦°
10ì‹œ 27ë¶„ / ë³‘ì‹ ë“¤ <ì‹¤í—˜ | TÌ´ÌƒÍ–rÌµÍ˜Ì1Ì¸Í‘Í aÌ¸ÍÌiÌ¶Ì‰ÌnÌ´ÌŒÌ’aÌ´ÌÍ’ | 496627750858260480> ì•„ë‹ˆ ì´ì¦ˆë£¬ì„ ì§€ê¸ˆ ë³´ì—¬ì¤€ë‹¤ê³ ?
10ì‹œ 27ë¶„ / ë³‘ì‹ ë“¤ <ì‹¤í—˜ | TÌ´ÌƒÍ–rÌµÍ˜Ì1Ì¸Í‘Í aÌ¸ÍÌiÌ¶Ì‰ÌnÌ´ÌŒÌ’aÌ´ÌÍ’ | 496627750858260480> ã…‹ã…‹ã…‹ã…‹ã…‹
10ì‹œ 27ë¶„ / ë³‘ì‹ ë“¤ <ì‹¤í—˜ | í•˜ë¦¬í•˜ë£¨ | 758963978331619331> !íƒ‘ ì¼€ì´í‹€ë¦°
10ì‹œ 27ë¶„ / ë³‘ì‹ ë“¤ <ì‹¤í—˜ | í•˜ë¦¬í•˜ë£¨ | 758963978331619331> ì—¬ê¸° ì¸í„°ë„· ëŠë ¤
10ì‹œ 27ë¶„ / ë³‘ì‹ ë“¤ <ì‹¤í—˜ | TÌ´ÌƒÍ–rÌµÍ˜Ì1Ì¸Í‘Í aÌ¸ÍÌiÌ¶Ì‰ÌnÌ´ÌŒÌ’aÌ´ÌÍ’ | 496627750858260480> !ì¹˜ì† ì´ì¦ˆë¦¬ì–¼
10ì‹œ 27ë¶„ / ë³‘ì‹ ë“¤ <ì‹¤í—˜ | TÌ´ÌƒÍ–rÌµÍ˜Ì1Ì¸Í‘Í aÌ¸ÍÌiÌ¶Ì‰ÌnÌ´ÌŒÌ’aÌ´ÌÍ’ | 496627750858260480> !ê°€ìœ„ë°”ìœ„ë³´
10ì‹œ 28ë¶„ / ë³‘ì‹ ë“¤ <ì‹¤í—˜ | TÌ´ÌƒÍ–rÌµÍ˜Ì1Ì¸Í‘Í aÌ¸ÍÌiÌ¶Ì‰ÌnÌ´ÌŒÌ’aÌ´ÌÍ’ | 496627750858260480> ã…‹
10ì‹œ 28ë¶„ / ë³‘ì‹ ë“¤ <ì‹¤í—˜ | TÌ´ÌƒÍ–rÌµÍ˜Ì1Ì¸Í‘Í aÌ¸ÍÌiÌ¶Ì‰ÌnÌ´ÌŒÌ’aÌ´ÌÍ’ | 496627750858260480> ã…ˆë°¥
10ì‹œ 28ë¶„ / ë³‘ì‹ ë“¤ <ì‹¤í—˜ | í•˜ë¦¬í•˜ë£¨ | 758963978331619331> !ê·¸ì›¬ì‹ ê°€ìœ„ë°”ìœ„ë³´
10ì‹œ 28ë¶„ / ë³‘ì‹ ë“¤ <ì‹¤í—˜ | TÌ´ÌƒÍ–rÌµÍ˜Ì1Ì¸Í‘Í aÌ¸ÍÌiÌ¶Ì‰ÌnÌ´ÌŒÌ’aÌ´ÌÍ’ | 496627750858260480> ã…‹
10ì‹œ 28ë¶„ / ë³‘ì‹ ë“¤ <ì‹¤í—˜ | í•˜ë¦¬í•˜ë£¨ | 758963978331619331> ã…‹
10ì‹œ 31ë¶„ / [ì •ë³´] ======================
10ì‹œ 31ë¶„ / [ì •ë³´] < êµ¬ë™ ì™„ë£Œ >
10ì‹œ 31ë¶„ / [ì •ë³´] ======================
10ì‹œ 32ë¶„ / ë³‘ì‹ ë“¤ <ì‹¤í—˜ | í•˜ë¦¬í•˜ë£¨ | 758963978331619331> !ê·¸ì›¬ì‹ ê°€ìœ„ë°”ìœ„ë³´
11ì‹œ 25ë¶„ / [ì •ë³´] ======================
11ì‹œ 25ë¶„ / [ì •ë³´] < êµ¬ë™ ì™„ë£Œ >
11ì‹œ 25ë¶„ / [ì •ë³´] ======================
11ì‹œ 39ë¶„ / ë³‘ì‹ ë“¤ <ğŸ“Šëª…ë ¹ì–´ | ì´íƒœí˜„ | 492914018969845773> !p https://www.youtube.com/watch?v=O-Yky07M_dw
11ì‹œ 39ë¶„ / [ì •ë³´] ì´íƒœí˜„ì´(ê°€) '!p https://www.youtube.com/watch?v=O-Yky07M_dw' ë©”ì‹œì§€ë¥¼ '!p https://www.youtube.com/watch?v=O-Yky07M_dw' ë¡œ ìˆ˜ì •
15ì‹œ 15ë¶„ / [ì •ë³´] ======================
15ì‹œ 15ë¶„ / [ì •ë³´] < êµ¬ë™ ì™„ë£Œ >
15ì‹œ 15ë¶„ / [ì •ë³´] ======================
15ì‹œ 41ë¶„ / ë³‘ì‹ ë“¤ <ì‹¤í—˜ | í•˜ë¦¬í•˜ë£¨ | 758963978331619331> !restart
15ì‹œ 41ë¶„ / [ì •ë³´] c:\Users\82105\Desktop\Project\Discord\DiscordBot_Gwen\cogs\AdminCommand.py ë¡œë“œ ì™„ë£Œ
15ì‹œ 41ë¶„ / [ì •ë³´] 'AdminCommand' ë‹¤ì‹œ ë¶ˆëŸ¬ì˜´
15ì‹œ 41ë¶„ / [ì •ë³´] c:\Users\82105\Desktop\Project\Discord\DiscordBot_Gwen\cogs\event.py ë¡œë“œ ì™„ë£Œ
15ì‹œ 41ë¶„ / [ì •ë³´] 'event' ë‹¤ì‹œ ë¶ˆëŸ¬ì˜´
15ì‹œ 41ë¶„ / [ì •ë³´] c:\Users\82105\Desktop\Project\Discord\DiscordBot_Gwen\cogs\NormalCommandBot.py ë¡œë“œ ì™„ë£Œ
15ì‹œ 41ë¶„ / [ì •ë³´] 'NormalCommandBot' ë‹¤ì‹œ ë¶ˆëŸ¬ì˜´
15ì‹œ 41ë¶„ / [ì •ë³´] c:\Users\82105\Desktop\Project\Discord\DiscordBot_Gwen\cogs\SearchCommand.py ë¡œë“œ ì™„ë£Œ
15ì‹œ 41ë¶„ / [ì •ë³´] 'SearchCommand' ë‹¤ì‹œ ë¶ˆëŸ¬ì˜´
16ì‹œ 27ë¶„ / [ì •ë³´] ======================
16ì‹œ 27ë¶„ / [ì •ë³´] < êµ¬ë™ ì™„ë£Œ >
16ì‹œ 27ë¶„ / [ì •ë³´] ======================
17ì‹œ 34ë¶„ / ë³‘ì‹ ë“¤ <ì‹¤í—˜ | í•˜ë¦¬í•˜ë£¨ | 758963978331619331> !restart
17ì‹œ 34ë¶„ / [ì •ë³´] c:\Users\82105\Desktop\Project\Discord\DiscordBot_Gwen\cogs\AdminCommand.py ë¡œë“œ ì™„ë£Œ
17ì‹œ 34ë¶„ / [ì •ë³´] 'AdminCommand' ë‹¤ì‹œ ë¶ˆëŸ¬ì˜´
17ì‹œ 34ë¶„ / [ì •ë³´] c:\Users\82105\Desktop\Project\Discord\DiscordBot_Gwen\cogs\event.py ë¡œë“œ ì™„ë£Œ
17ì‹œ 34ë¶„ / [ì •ë³´] 'event' ë‹¤ì‹œ ë¶ˆëŸ¬ì˜´
17ì‹œ 34ë¶„ / [ì •ë³´] c:\Users\82105\Desktop\Project\Discord\DiscordBot_Gwen\cogs\NormalCommandBot.py ë¡œë“œ ì™„ë£Œ
17ì‹œ 34ë¶„ / [ì •ë³´] 'NormalCommandBot' ë‹¤ì‹œ ë¶ˆëŸ¬ì˜´
17ì‹œ 34ë¶„ / [ì •ë³´] c:\Users\82105\Desktop\Project\Discord\DiscordBot_Gwen\cogs\SearchCommand.py ë¡œë“œ ì™„ë£Œ
17ì‹œ 34ë¶„ / [ì •ë³´] 'SearchCommand' ë‹¤ì‹œ ë¶ˆëŸ¬ì˜´
17ì‹œ 34ë¶„ / ë³‘ì‹ ë“¤ <ì‹¤í—˜ | í•˜ë¦¬í•˜ë£¨ | 758963978331619331> !restart
17ì‹œ 34ë¶„ / [ì •ë³´] c:\Users\82105\Desktop\Project\Discord\DiscordBot_Gwen\cogs\AdminCommand.py ë¡œë“œ ì™„ë£Œ
17ì‹œ 34ë¶„ / [ì •ë³´] 'AdminCommand' ë‹¤ì‹œ ë¶ˆëŸ¬ì˜´
17ì‹œ 34ë¶„ / [ì •ë³´] c:\Users\82105\Desktop\Project\Discord\DiscordBot_Gwen\cogs\event.py ë¡œë“œ ì™„ë£Œ
17ì‹œ 34ë¶„ / [ì •ë³´] 'event' ë‹¤ì‹œ ë¶ˆëŸ¬ì˜´
17ì‹œ 34ë¶„ / [ì •ë³´] c:\Users\82105\Desktop\Project\Discord\DiscordBot_Gwen\cogs\NormalCommandBot.py ë¡œë“œ ì™„ë£Œ
17ì‹œ 34ë¶„ / [ì •ë³´] 'NormalCommandBot' ë‹¤ì‹œ ë¶ˆëŸ¬ì˜´
17ì‹œ 34ë¶„ / [ì •ë³´] c:\Users\82105\Desktop\Project\Discord\DiscordBot_Gwen\cogs\SearchCommand.py ë¡œë“œ ì™„ë£Œ
17ì‹œ 34ë¶„ / [ì •ë³´] 'SearchCommand' ë‹¤ì‹œ ë¶ˆëŸ¬ì˜´
17ì‹œ 34ë¶„ / ë´‡ì„œë²„ <ì¼ë°˜ | í•˜ë¦¬í•˜ë£¨ | 758963978331619331> !restart
17ì‹œ 34ë¶„ / [ì •ë³´] c:\Users\82105\Desktop\Project\Discord\DiscordBot_Gwen\cogs\AdminCommand.py ë¡œë“œ ì™„ë£Œ
17ì‹œ 34ë¶„ / [ì •ë³´] 'AdminCommand' reload complete
17ì‹œ 34ë¶„ / [ì •ë³´] c:\Users\82105\Desktop\Project\Discord\DiscordBot_Gwen\cogs\event.py ë¡œë“œ ì™„ë£Œ
17ì‹œ 34ë¶„ / [ì •ë³´] 'event' reload complete
17ì‹œ 34ë¶„ / [ì •ë³´] c:\Users\82105\Desktop\Project\Discord\DiscordBot_Gwen\cogs\NormalCommandBot.py ë¡œë“œ ì™„ë£Œ
17ì‹œ 34ë¶„ / [ì •ë³´] 'NormalCommandBot' reload complete
17ì‹œ 34ë¶„ / [ì •ë³´] c:\Users\82105\Desktop\Project\Discord\DiscordBot_Gwen\cogs\SearchCommand.py ë¡œë“œ ì™„ë£Œ
17ì‹œ 34ë¶„ / [ì •ë³´] 'SearchCommand' reload complete
17ì‹œ 35ë¶„ / ë´‡ì„œë²„ <ì¼ë°˜ | í•˜ë¦¬í•˜ë£¨ | 758963978331619331> !restart
17ì‹œ 35ë¶„ / [ì •ë³´] c:\Users\82105\Desktop\Project\Discord\DiscordBot_Gwen\cogs\AdminCommand.py ë¡œë“œ ì™„ë£Œ
17ì‹œ 35ë¶„ / [ì •ë³´] 'AdminCommand' reload complete
17ì‹œ 35ë¶„ / [ì •ë³´] c:\Users\82105\Desktop\Project\Discord\DiscordBot_Gwen\cogs\event.py ë¡œë“œ ì™„ë£Œ
17ì‹œ 35ë¶„ / [ì •ë³´] 'event' reload complete
17ì‹œ 35ë¶„ / [ì •ë³´] c:\Users\82105\Desktop\Project\Discord\DiscordBot_Gwen\cogs\NormalCommandBot.py ë¡œë“œ ì™„ë£Œ
17ì‹œ 35ë¶„ / [ì •ë³´] 'NormalCommandBot' reload complete
17ì‹œ 35ë¶„ / [ì •ë³´] c:\Users\82105\Desktop\Project\Discord\DiscordBot_Gwen\cogs\SearchCommand.py ë¡œë“œ ì™„ë£Œ
17ì‹œ 35ë¶„ / [ì •ë³´] 'SearchCommand' reload complete
17ì‹œ 35ë¶„ / ë´‡ì„œë²„ <ì¼ë°˜ | í•˜ë¦¬í•˜ë£¨ | 758963978331619331> !restart
17ì‹œ 35ë¶„ / [ì •ë³´] c:\Users\82105\Desktop\Project\Discord\DiscordBot_Gwen\cogs\AdminCommand.py ë¡œë“œ ì™„ë£Œ
17ì‹œ 35ë¶„ / [ì •ë³´] 'AdminCommand' reload complete
17ì‹œ 35ë¶„ / [ì •ë³´] c:\Users\82105\Desktop\Project\Discord\DiscordBot_Gwen\cogs\event.py ë¡œë“œ ì™„ë£Œ
17ì‹œ 35ë¶„ / [ì •ë³´] 'event' reload complete
17ì‹œ 35ë¶„ / [ì •ë³´] c:\Users\82105\Desktop\Project\Discord\DiscordBot_Gwen\cogs\NormalCommandBot.py ë¡œë“œ ì™„ë£Œ
17ì‹œ 35ë¶„ / [ì •ë³´] 'NormalCommandBot' reload complete
17ì‹œ 35ë¶„ / [ì •ë³´] c:\Users\82105\Desktop\Project\Discord\DiscordBot_Gwen\cogs\SearchCommand.py ë¡œë“œ ì™„ë£Œ
17ì‹œ 35ë¶„ / [ì •ë³´] 'SearchCommand' reload complete
17ì‹œ 35ë¶„ / ë´‡ì„œë²„ <ì¼ë°˜ | í•˜ë¦¬í•˜ë£¨ | 758963978331619331> !restart
17ì‹œ 35ë¶„ / [ì •ë³´] c:\Users\82105\Desktop\Project\Discord\DiscordBot_Gwen\cogs\AdminCommand.py ë¡œë“œ ì™„ë£Œ
17ì‹œ 35ë¶„ / [ì •ë³´] 'AdminCommand' reload complete
17ì‹œ 35ë¶„ / [ì •ë³´] c:\Users\82105\Desktop\Project\Discord\DiscordBot_Gwen\cogs\event.py ë¡œë“œ ì™„ë£Œ
17ì‹œ 35ë¶„ / [ì •ë³´] 'event' reload complete
17ì‹œ 35ë¶„ / [ì •ë³´] c:\Users\82105\Desktop\Project\Discord\DiscordBot_Gwen\cogs\NormalCommandBot.py ë¡œë“œ ì™„ë£Œ
17ì‹œ 35ë¶„ / [ì •ë³´] 'NormalCommandBot' reload complete
17ì‹œ 35ë¶„ / [ì •ë³´] c:\Users\82105\Desktop\Project\Discord\DiscordBot_Gwen\cogs\SearchCommand.py ë¡œë“œ ì™„ë£Œ
17ì‹œ 35ë¶„ / [ì •ë³´] 'SearchCommand' reload complete
17ì‹œ 36ë¶„ / ë´‡ì„œë²„ <ì¼ë°˜ | í•˜ë¦¬í•˜ë£¨ | 758963978331619331> !í”„ë¡œí•„
17ì‹œ 49ë¶„ / ë³‘ì‹ ë“¤ <ì‹¤í—˜ | TÌ´ÌƒÍ–rÌµÍ˜Ì1Ì¸Í‘Í aÌ¸ÍÌiÌ¶Ì‰ÌnÌ´ÌŒÌ’aÌ´ÌÍ’ | 496627750858260480> !ì£¼ì•„
17ì‹œ 49ë¶„ / ë³‘ì‹ ë“¤ <ì‹¤í—˜ | TÌ´ÌƒÍ–rÌµÍ˜Ì1Ì¸Í‘Í aÌ¸ÍÌiÌ¶Ì‰ÌnÌ´ÌŒÌ’aÌ´ÌÍ’ | 496627750858260480> !ì±”í”¼ì–¸ ì´ì¦ˆë¦¬ì–¼
17ì‹œ 49ë¶„ / ë³‘ì‹ ë“¤ <ì‹¤í—˜ | í•˜ë¦¬í•˜ë£¨ | 758963978331619331> ê³ ë”´ ëª…ë ¹ì–´ëŠ” ì—†ë‹¤
17ì‹œ 49ë¶„ / ë³‘ì‹ ë“¤ <ì‹¤í—˜ | TÌ´ÌƒÍ–rÌµÍ˜Ì1Ì¸Í‘Í aÌ¸ÍÌiÌ¶Ì‰ÌnÌ´ÌŒÌ’aÌ´ÌÍ’ | 496627750858260480> ì•„
17ì‹œ 49ë¶„ / ë³‘ì‹ ë“¤ <ì‹¤í—˜ | TÌ´ÌƒÍ–rÌµÍ˜Ì1Ì¸Í‘Í aÌ¸ÍÌiÌ¶Ì‰ÌnÌ´ÌŒÌ’aÌ´ÌÍ’ | 496627750858260480> ë§Œë“¤ì–´ì£¼ì…ˆ
17ì‹œ 50ë¶„ / ë³‘ì‹ ë“¤ <ì‹¤í—˜ | í•˜ë¦¬í•˜ë£¨ | 758963978331619331> !ë¯¸ë“œ ì´ì¦ˆë¦¬ì–¼
17ì‹œ 50ë¶„ / ë³‘ì‹ ë“¤ <ì‹¤í—˜ | TÌ´ÌƒÍ–rÌµÍ˜Ì1Ì¸Í‘Í aÌ¸ÍÌiÌ¶Ì‰ÌnÌ´ÌŒÌ’aÌ´ÌÍ’ | 496627750858260480> !ë¯¸ë“œ ë°•ì£¼ì•„
17ì‹œ 50ë¶„ / ë³‘ì‹ ë“¤ <ì‹¤í—˜ | í•˜ë¦¬í•˜ë£¨ | 758963978331619331> ìœ¼ ì—­ê²¨ì›Œ
17ì‹œ 50ë¶„ / ë³‘ì‹ ë“¤ <ì‹¤í—˜ | TÌ´ÌƒÍ–rÌµÍ˜Ì1Ì¸Í‘Í aÌ¸ÍÌiÌ¶Ì‰ÌnÌ´ÌŒÌ’aÌ´ÌÍ’ | 496627750858260480> ì•„ë‹ˆ ì™œ ì–´ì—†ìŒ
17ì‹œ 50ë¶„ / ë³‘ì‹ ë“¤ <ì‹¤í—˜ | TÌ´ÌƒÍ–rÌµÍ˜Ì1Ì¸Í‘Í aÌ¸ÍÌiÌ¶Ì‰ÌnÌ´ÌŒÌ’aÌ´ÌÍ’ | 496627750858260480> ë§Œë“¤ì–´ì£¼ì…ˆ
17ì‹œ 50ë¶„ / ë³‘ì‹ ë“¤ <ì‹¤í—˜ | TÌ´ÌƒÍ–rÌµÍ˜Ì1Ì¸Í‘Í aÌ¸ÍÌiÌ¶Ì‰ÌnÌ´ÌŒÌ’aÌ´ÌÍ’ | 496627750858260480> !ì¹˜ì† ì´ì¦ˆë¦¬ì–¼
17ì‹œ 52ë¶„ / ë³‘ì‹ ë“¤ <ğŸ“©ì±„íŒ…ì°½ | ì‹œí˜„ ë¶€ê³„ | 626297445101338624> taewoongwoong.kro.kr
17ì‹œ 53ë¶„ / ë³‘ì‹ ë“¤ <ì‹¤í—˜ | í•˜ë¦¬í•˜ë£¨ | 758963978331619331> ë¯¸ë“œ ì´ì¦ˆ í”½ë¥ ì´
17ì‹œ 54ë¶„ / ë³‘ì‹ ë“¤ <ì‹¤í—˜ | í•˜ë¦¬í•˜ë£¨ | 758963978331619331> ìŠ¤ì¹´ë„ˆ í”½ë¥ ë³´ë‹¤
17ì‹œ 54ë¶„ / ë³‘ì‹ ë“¤ <ì‹¤í—˜ | í•˜ë¦¬í•˜ë£¨ | 758963978331619331> ë†’ë…¸
18ì‹œ 31ë¶„ / [ì •ë³´] ======================
18ì‹œ 31ë¶„ / [ì •ë³´] < êµ¬ë™ ì™„ë£Œ >
18ì‹œ 31ë¶„ / [ì •ë³´] ======================
19ì‹œ 13ë¶„ / ë³‘ì‹ ë“¤ <ğŸ§¬ì •ì‹ ë‚˜ê°„-í˜¸ì¬ | ë°•ë³‘í˜„ | 690902795452416043> zzzzzzzzzzzzz
19ì‹œ 13ë¶„ / ë³‘ì‹ ë“¤ <ğŸ§¬ì •ì‹ ë‚˜ê°„-í˜¸ì¬ | ë°•ë³‘í˜„ | 690902795452416043> ê·¸ê²Œ ë§ëŠ”ê±°ëƒ??ã…‹ã…‹ã…‹ã…‹
19ì‹œ 13ë¶„ / ë³‘ì‹ ë“¤ <ğŸ§¬ì •ì‹ ë‚˜ê°„-í˜¸ì¬ | MURYAN | 397036116676575233> ê·¸ëŸ¬ê²Œ
19ì‹œ 13ë¶„ / ë³‘ì‹ ë“¤ <ğŸ§¬ì •ì‹ ë‚˜ê°„-í˜¸ì¬ | MURYAN | 397036116676575233> í•´ ë‹¤ ì§€ê³ 
19ì‹œ 13ë¶„ / ë³‘ì‹ ë“¤ <ğŸ§¬ì •ì‹ ë‚˜ê°„-í˜¸ì¬ | MURYAN | 397036116676575233> ìº„ìº„í•œì´ì‹œê°„ì—
19ì‹œ 13ë¶„ / ë³‘ì‹ ë“¤ <ğŸ§¬ì •ì‹ ë‚˜ê°„-í˜¸ì¬ | MURYAN | 397036116676575233> í•™ì›ê°€ëŠ”ê²Œ
19ì‹œ 13ë¶„ / ë³‘ì‹ ë“¤ <ğŸ§¬ì •ì‹ ë‚˜ê°„-í˜¸ì¬ | MURYAN | 397036116676575233> ë§ëŠ”ê±°ëƒ
19ì‹œ 13ë¶„ / ë³‘ì‹ ë“¤ <ğŸ§¬ì •ì‹ ë‚˜ê°„-í˜¸ì¬ | ë°•ë³‘í˜„ | 690902795452416043> ë‚œ
19ì‹œ 13ë¶„ / ë³‘ì‹ ë“¤ <ğŸ§¬ì •ì‹ ë‚˜ê°„-í˜¸ì¬ | ë°•ë³‘í˜„ | 690902795452416043> ì§‘ë„ì°©
19ì‹œ 13ë¶„ / ë³‘ì‹ ë“¤ <ğŸ§¬ì •ì‹ ë‚˜ê°„-í˜¸ì¬ | ë°•ë³‘í˜„ | 690902795452416043> í•œì§€ ì¢€ ë¬ëŠ”ì ±
19ì‹œ 14ë¶„ / ë³‘ì‹ ë“¤ <ğŸ§¬ì •ì‹ ë‚˜ê°„-í˜¸ì¬ | ë°•ë³‘í˜„ | 690902795452416043> ì£ ìŠ¤ë°” ë¹¨ê³  ìˆëŠ”ë
19ì‹œ 32ë¶„ / [ì •ë³´] c:\Users\82105\Desktop\Project\Discord\DiscordBot_Gwen\cogs\AdminCommand.py ë¡œë“œ ì™„ë£Œ
19ì‹œ 32ë¶„ / [ì •ë³´] c:\Users\82105\Desktop\Project\Discord\DiscordBot_Gwen\cogs\event.py ë¡œë“œ ì™„ë£Œ
19ì‹œ 32ë¶„ / [ì •ë³´] c:\Users\82105\Desktop\Project\Discord\DiscordBot_Gwen\cogs\Favorability.py ë¡œë“œ ì™„ë£Œ
19ì‹œ 32ë¶„ / [ì •ë³´] c:\Users\82105\Desktop\Project\Discord\DiscordBot_Gwen\cogs\NormalCommandBot.py ë¡œë“œ ì™„ë£Œ
19ì‹œ 32ë¶„ / [ì •ë³´] c:\Users\82105\Desktop\Project\Discord\DiscordBot_Gwen\cogs\SearchCommand.py ë¡œë“œ ì™„ë£Œ
19ì‹œ 32ë¶„ / [ì •ë³´] ======================
19ì‹œ 32ë¶„ / [ì •ë³´] < êµ¬ë™ ì™„ë£Œ >
19ì‹œ 32ë¶„ / [ì •ë³´] ======================
19ì‹œ 32ë¶„ / ë´‡ì„œë²„ <ì¼ë°˜ | í•˜ë¦¬í•˜ë£¨ | 758963978331619331> !í•™ìŠµ ì´ì œ ë¶€í„°
19ì‹œ 32ë¶„ / [ì˜¤ë¥˜] Traceback (most recent call last):
  File "C:\Users\82105\AppData\Local\Programs\Python\Python39\lib\site-packages\discord\ext\commands\core.py", line 85, in wrapped
    ret = await coro(*args, **kwargs)
  File "c:\Users\82105\Desktop\Project\Discord\DiscordBot_Gwen\cogs\Favorability.py", line 19, in í•™ìŠµ
    word = ctx.split(" ")
AttributeError: 'Context' object has no attribute 'split'

The above exception was the direct cause of the following exception:

Traceback (most recent call last):
  File "c:\Users\82105\Desktop\Project\Discord\DiscordBot_Gwen\utils\logger.py", line 22, in err
    raise error
  File "C:\Users\82105\AppData\Local\Programs\Python\Python39\lib\site-packages\discord\ext\commands\bot.py", line 939, in invoke
    await ctx.command.invoke(ctx)
  File "C:\Users\82105\AppData\Local\Programs\Python\Python39\lib\site-packages\discord\ext\commands\core.py", line 863, in invoke
    await injected(*ctx.args, **ctx.kwargs)
  File "C:\Users\82105\AppData\Local\Programs\Python\Python39\lib\site-packages\discord\ext\commands\core.py", line 94, in wrapped
    raise CommandInvokeError(exc) from exc
discord.ext.commands.errors.CommandInvokeError: Command raised an exception: AttributeError: 'Context' object has no attribute 'split'



19ì‹œ 34ë¶„ / ë´‡ì„œë²„ <ì¼ë°˜ | í•˜ë¦¬í•˜ë£¨ | 758963978331619331> !ë¯¸ë“œ ì•„ì¹¼ë¦¬
19ì‹œ 34ë¶„ / ë´‡ì„œë²„ <ì¼ë°˜ | í•˜ë¦¬í•˜ë£¨ | 758963978331619331> !ë¯¸ë“œ ì¡°ì´
19ì‹œ 36ë¶„ / ë´‡ì„œë²„ <ì¼ë°˜ | í•˜ë¦¬í•˜ë£¨ | 758963978331619331> ê·¸ì›¬ì•„ ê¹€ê°•ëƒ‰ ã…„
19ì‹œ 38ë¶„ / ë´‡ì„œë²„ <ì¼ë°˜ | í•˜ë¦¬í•˜ë£¨ | 758963978331619331> !í•™ìŠµ ã…‡ ã…‡
19ì‹œ 38ë¶„ / [ì˜¤ë¥˜] Traceback (most recent call last):
  File "C:\Users\82105\AppData\Local\Programs\Python\Python39\lib\site-packages\discord\ext\commands\core.py", line 85, in wrapped
    ret = await coro(*args, **kwargs)
  File "c:\Users\82105\Desktop\Project\Discord\DiscordBot_Gwen\cogs\Favorability.py", line 19, in í•™ìŠµ
    word = ctx.split(" ")
AttributeError: 'Context' object has no attribute 'split'

The above exception was the direct cause of the following exception:

Traceback (most recent call last):
  File "c:\Users\82105\Desktop\Project\Discord\DiscordBot_Gwen\utils\logger.py", line 22, in err
    raise error
  File "C:\Users\82105\AppData\Local\Programs\Python\Python39\lib\site-packages\discord\ext\commands\bot.py", line 939, in invoke
    await ctx.command.invoke(ctx)
  File "C:\Users\82105\AppData\Local\Programs\Python\Python39\lib\site-packages\discord\ext\commands\core.py", line 863, in invoke
    await injected(*ctx.args, **ctx.kwargs)
  File "C:\Users\82105\AppData\Local\Programs\Python\Python39\lib\site-packages\discord\ext\commands\core.py", line 94, in wrapped
    raise CommandInvokeError(exc) from exc
discord.ext.commands.errors.CommandInvokeError: Command raised an exception: AttributeError: 'Context' object has no attribute 'split'



19ì‹œ 38ë¶„ / ë´‡ì„œë²„ <ì¼ë°˜ | í•˜ë¦¬í•˜ë£¨ | 758963978331619331> !restart
19ì‹œ 38ë¶„ / [ì •ë³´] c:\Users\82105\Desktop\Project\Discord\DiscordBot_Gwen\cogs\AdminCommand.py ë¡œë“œ ì™„ë£Œ
19ì‹œ 38ë¶„ / [ì •ë³´] 'AdminCommand' reload complete
19ì‹œ 38ë¶„ / [ì •ë³´] c:\Users\82105\Desktop\Project\Discord\DiscordBot_Gwen\cogs\event.py ë¡œë“œ ì™„ë£Œ
19ì‹œ 38ë¶„ / [ì •ë³´] 'event' reload complete
19ì‹œ 38ë¶„ / [ì •ë³´] c:\Users\82105\Desktop\Project\Discord\DiscordBot_Gwen\cogs\Favorability.py ë¡œë“œ ì™„ë£Œ
19ì‹œ 38ë¶„ / [ì •ë³´] 'Favorability' reload complete
19ì‹œ 38ë¶„ / [ì •ë³´] c:\Users\82105\Desktop\Project\Discord\DiscordBot_Gwen\cogs\NormalCommandBot.py ë¡œë“œ ì™„ë£Œ
19ì‹œ 38ë¶„ / [ì •ë³´] 'NormalCommandBot' reload complete
19ì‹œ 38ë¶„ / [ì •ë³´] c:\Users\82105\Desktop\Project\Discord\DiscordBot_Gwen\cogs\SearchCommand.py ë¡œë“œ ì™„ë£Œ
19ì‹œ 38ë¶„ / [ì •ë³´] 'SearchCommand' reload complete
19ì‹œ 38ë¶„ / ë´‡ì„œë²„ <ì¼ë°˜ | í•˜ë¦¬í•˜ë£¨ | 758963978331619331> !í•™ìŠµ ã…‡ ã…‡
19ì‹œ 38ë¶„ / [ì˜¤ë¥˜] Traceback (most recent call last):
  File "C:\Users\82105\AppData\Local\Programs\Python\Python39\lib\site-packages\discord\ext\commands\core.py", line 85, in wrapped
    ret = await coro(*args, **kwargs)
  File "c:\Users\82105\Desktop\Project\Discord\DiscordBot_Gwen\cogs\Favorability.py", line 19, in í•™ìŠµ
    word = ctx.split(" ")
AttributeError: 'Context' object has no attribute 'split'

The above exception was the direct cause of the following exception:

Traceback (most recent call last):
  File "c:\Users\82105\Desktop\Project\Discord\DiscordBot_Gwen\utils\logger.py", line 22, in err
    raise error
  File "C:\Users\82105\AppData\Local\Programs\Python\Python39\lib\site-packages\discord\ext\commands\bot.py", line 939, in invoke
    await ctx.command.invoke(ctx)
  File "C:\Users\82105\AppData\Local\Programs\Python\Python39\lib\site-packages\discord\ext\commands\core.py", line 863, in invoke
    await injected(*ctx.args, **ctx.kwargs)
  File "C:\Users\82105\AppData\Local\Programs\Python\Python39\lib\site-packages\discord\ext\commands\core.py", line 94, in wrapped
    raise CommandInvokeError(exc) from exc
discord.ext.commands.errors.CommandInvokeError: Command raised an exception: AttributeError: 'Context' object has no attribute 'split'



19ì‹œ 39ë¶„ / ë´‡ì„œë²„ <ì¼ë°˜ | í•˜ë¦¬í•˜ë£¨ | 758963978331619331> !restart
19ì‹œ 39ë¶„ / [ì •ë³´] c:\Users\82105\Desktop\Project\Discord\DiscordBot_Gwen\cogs\AdminCommand.py ë¡œë“œ ì™„ë£Œ
19ì‹œ 39ë¶„ / [ì •ë³´] 'AdminCommand' reload complete
19ì‹œ 39ë¶„ / [ì •ë³´] c:\Users\82105\Desktop\Project\Discord\DiscordBot_Gwen\cogs\event.py ë¡œë“œ ì™„ë£Œ
19ì‹œ 39ë¶„ / [ì •ë³´] 'event' reload complete
19ì‹œ 39ë¶„ / [ì •ë³´] c:\Users\82105\Desktop\Project\Discord\DiscordBot_Gwen\cogs\Favorability.py ë¡œë“œ ì™„ë£Œ
19ì‹œ 39ë¶„ / [ì •ë³´] 'Favorability' reload complete
19ì‹œ 39ë¶„ / [ì •ë³´] c:\Users\82105\Desktop\Project\Discord\DiscordBot_Gwen\cogs\NormalCommandBot.py ë¡œë“œ ì™„ë£Œ
19ì‹œ 39ë¶„ / [ì •ë³´] 'NormalCommandBot' reload complete
19ì‹œ 39ë¶„ / [ì •ë³´] c:\Users\82105\Desktop\Project\Discord\DiscordBot_Gwen\cogs\SearchCommand.py ë¡œë“œ ì™„ë£Œ
19ì‹œ 39ë¶„ / [ì •ë³´] 'SearchCommand' reload complete
19ì‹œ 39ë¶„ / ë´‡ì„œë²„ <ì¼ë°˜ | í•˜ë¦¬í•˜ë£¨ | 758963978331619331> !í•™ìŠµ ã…‡ ã…‡
19ì‹œ 39ë¶„ / [ì˜¤ë¥˜] Traceback (most recent call last):
  File "C:\Users\82105\AppData\Local\Programs\Python\Python39\lib\site-packages\discord\ext\commands\core.py", line 85, in wrapped
    ret = await coro(*args, **kwargs)
  File "c:\Users\82105\Desktop\Project\Discord\DiscordBot_Gwen\cogs\Favorability.py", line 19, in í•™ìŠµ
    word = ctx.split(" ")
AttributeError: 'Context' object has no attribute 'split'

The above exception was the direct cause of the following exception:

Traceback (most recent call last):
  File "c:\Users\82105\Desktop\Project\Discord\DiscordBot_Gwen\utils\logger.py", line 22, in err
    raise error
  File "C:\Users\82105\AppData\Local\Programs\Python\Python39\lib\site-packages\discord\ext\commands\bot.py", line 939, in invoke
    await ctx.command.invoke(ctx)
  File "C:\Users\82105\AppData\Local\Programs\Python\Python39\lib\site-packages\discord\ext\commands\core.py", line 863, in invoke
    await injected(*ctx.args, **ctx.kwargs)
  File "C:\Users\82105\AppData\Local\Programs\Python\Python39\lib\site-packages\discord\ext\commands\core.py", line 94, in wrapped
    raise CommandInvokeError(exc) from exc
discord.ext.commands.errors.CommandInvokeError: Command raised an exception: AttributeError: 'Context' object has no attribute 'split'



21ì‹œ 41ë¶„ / [ì •ë³´] ======================
21ì‹œ 41ë¶„ / [ì •ë³´] < êµ¬ë™ ì™„ë£Œ >
21ì‹œ 41ë¶„ / [ì •ë³´] ======================
21ì‹œ 59ë¶„ / ë³‘ì‹ ë“¤ <ì‹¤í—˜ | TÌ´ÌƒÍ–rÌµÍ˜Ì1Ì¸Í‘Í aÌ¸ÍÌiÌ¶Ì‰ÌnÌ´ÌŒÌ’aÌ´ÌÍ’ | 496627750858260480> <@!758963978331619331> ë§ˆí¬ ì‰ì´ë” ë³´ë‚´ì¤˜
21ì‹œ 59ë¶„ / ë³‘ì‹ ë“¤ <ì‹¤í—˜ | TÌ´ÌƒÍ–rÌµÍ˜Ì1Ì¸Í‘Í aÌ¸ÍÌiÌ¶Ì‰ÌnÌ´ÌŒÌ’aÌ´ÌÍ’ | 496627750858260480> ì‘ì• 
22ì‹œ 53ë¶„ / ë³‘ì‹ ë“¤ <ğŸ§¬ì •ì‹ ë‚˜ê°„-í˜¸ì¬ | ê¹€ê°•ëƒ‰ | 582041127323041813> ?
23ì‹œ 26ë¶„ / ë³‘ì‹ ë“¤ <ì‹¤í—˜ | í•˜ë¦¬í•˜ë£¨ | 758963978331619331> !ì›ë”œ ì•„í¬ìƒ¨
