00ì‹œ 40ë¶„ / ë³‘ì‹ ë“¤ <ğŸ“Šëª…ë ¹ì–´ | ë°•ë³‘í˜„ | 690902795452416043> !p ëì´ë¼ê³  ë§í•˜ì§€ë§ˆ
00ì‹œ 40ë¶„ / ë³‘ì‹ ë“¤ <ğŸ“Šëª…ë ¹ì–´ | ë°•ë³‘í˜„ | 690902795452416043> !p ëì´ë¼ê³  ë§í•˜ì§€ë§ˆ 1ì‹œê°„
00ì‹œ 47ë¶„ / ë³‘ì‹ ë“¤ <ğŸ“©ì±„íŒ…ì°½ | ping | 669911401183182848> ì •ê¸€ìš©ìœ¼ë¡œ
00ì‹œ 47ë¶„ / ë³‘ì‹ ë“¤ <ğŸ“©ì±„íŒ…ì°½ | ping | 669911401183182848> í‚¨ë“œì—°ìŠµì¤‘
00ì‹œ 47ë¶„ / ë³‘ì‹ ë“¤ <ğŸ“©ì±„íŒ…ì°½ | ping | 669911401183182848> ã…ã…Œã…Š?
00ì‹œ 50ë¶„ / ë³‘ì‹ ë“¤ <ğŸ“©ì±„íŒ…ì°½ | ping | 669911401183182848> ì‚¬ì‹¤ì´ë¸”ë¦°ë„í•¨
01ì‹œ 14ë¶„ / ë³‘ì‹ ë“¤ <ğŸ“Šëª…ë ¹ì–´ | ë°•ë³‘í˜„ | 690902795452416043> !skip
01ì‹œ 24ë¶„ / ë³‘ì‹ ë“¤ <ğŸ“©ì±„íŒ…ì°½ | ê¹€ê°•ëƒ‰ | 582041127323041813> ã…†ã……ã…Œã…Š
01ì‹œ 41ë¶„ / ë³‘ì‹ ë“¤ <ğŸ“©ì±„íŒ…ì°½ | ping | 669911401183182848> ì•„ë‹ˆê·¼ë°ã„¹ã…‡
01ì‹œ 41ë¶„ / ë³‘ì‹ ë“¤ <ğŸ“©ì±„íŒ…ì°½ | ping | 669911401183182848> ì œë“œìŠ¤ì˜¤ìš”ë„¤ë¥´ë¸”ë‘â†ì´ë†ˆë“¤ì€
01ì‹œ 41ë¶„ / ë³‘ì‹ ë“¤ <ğŸ“©ì±„íŒ…ì°½ | ping | 669911401183182848> ì ˆëŒ€ëª»ì´ê¸°ê² ìŒ
01ì‹œ 42ë¶„ / ë³‘ì‹ ë“¤ <ğŸ“©ì±„íŒ…ì°½ | ping | 669911401183182848> ìš”ë„¤ëŠ” ê¶ë‚˜ì˜¨í›„ì—
01ì‹œ 43ë¶„ / ë³‘ì‹ ë“¤ <ğŸ“©ì±„íŒ…ì°½ | ping | 669911401183182848> 3íƒ€Qí•œë²ˆë§Œ ì˜ëª»ë§ì•„ë„ ë°”ë¡œ ì°ë¦¬ê³ 
01ì‹œ 43ë¶„ / ë³‘ì‹ ë“¤ <ğŸ“©ì±„íŒ…ì°½ | ping | 669911401183182848> Qí”¼í•˜ê±°ë‚˜ ê±°ë¦¬ì•ˆì¤˜ë„ ê·¸ëƒ¥ Eë¡œ ê³„ì†ë”°ë¼ì™€ì„œ ë•Œë¦¬ëŠ”ê±° ê°œíŒ¨ê³ ì‹¶ìŒ
01ì‹œ 44ë¶„ / ë³‘ì‹ ë“¤ <ğŸ“©ì±„íŒ…ì°½ | ping | 669911401183182848> ê·¸ë‚˜ë§ˆ ìŠ¤ì˜¤ ìš”ë„¤ ìƒëŒ€ë¡  ì• ë‹ˆë¹„ì•„ ìœ íš¨í•´ì„œ ì“°ëŠ”ë°
01ì‹œ 48ë¶„ / [ì •ë³´] pingì´(ê°€) 'Qí”¼í•˜ê±°ë‚˜ ê±°ë¦¬ì•ˆì¤˜ë„ ê·¸ëƒ¥ Eë¡œ ê³„ì†ë”°ë¼ì™€ì„œ ë•Œë¦¬ëŠ”ê±° ê°œíŒ¨ê³ ì‹¶ìŒ' ë©”ì‹œì§€ë¥¼ ì‚­ì œ
01ì‹œ 48ë¶„ / [ì •ë³´] pingì´(ê°€) 'ìš”ë„¤ëŠ” ê¶ë‚˜ì˜¨í›„ì—' ë©”ì‹œì§€ë¥¼ ì‚­ì œ
01ì‹œ 48ë¶„ / [ì •ë³´] pingì´(ê°€) '3íƒ€Qí•œë²ˆë§Œ ì˜ëª»ë§ì•„ë„ ë°”ë¡œ ì°ë¦¬ê³ ' ë©”ì‹œì§€ë¥¼ ì‚­ì œ
03ì‹œ 08ë¶„ / ë³‘ì‹ ë“¤ <ğŸ§¬ì •ì‹ ë‚˜ê°„-í˜¸ì¬ | MURYAN | 397036116676575233> <@758963978331619331>
03ì‹œ 09ë¶„ / ë³‘ì‹ ë“¤ <ğŸ§¬ì •ì‹ ë‚˜ê°„-í˜¸ì¬ | MURYAN | 397036116676575233> ì•¼ë§ë‹¤
03ì‹œ 09ë¶„ / ë³‘ì‹ ë“¤ <ğŸ§¬ì •ì‹ ë‚˜ê°„-í˜¸ì¬ | MURYAN | 397036116676575233> ë² ì¸ 1í‹°ì–´ë˜ê³ 
03ì‹œ 09ë¶„ / ë³‘ì‹ ë“¤ <ğŸ§¬ì •ì‹ ë‚˜ê°„-í˜¸ì¬ | MURYAN | 397036116676575233> ê·¸ì‹œì ˆë² ì¸ ëŒì•„ì™“ëŠ”ë°
03ì‹œ 09ë¶„ / ë³‘ì‹ ë“¤ <ğŸ§¬ì •ì‹ ë‚˜ê°„-í˜¸ì¬ | MURYAN | 397036116676575233> ìƒê°í•´ë³´ë‹ˆ ë£°ë£¨ë¥¼ ë‹¤ì‹œ
03ì‹œ 09ë¶„ / ë³‘ì‹ ë“¤ <ğŸ§¬ì •ì‹ ë‚˜ê°„-í˜¸ì¬ | MURYAN | 397036116676575233> êµ¬í•´ì•¼ë ë•Œê°€
03ì‹œ 09ë¶„ / ë³‘ì‹ ë“¤ <ğŸ§¬ì •ì‹ ë‚˜ê°„-í˜¸ì¬ | MURYAN | 397036116676575233> ì˜¨ê±°ê°™ì•„
03ì‹œ 09ë¶„ / ë³‘ì‹ ë“¤ <ğŸ§¬ì •ì‹ ë‚˜ê°„-í˜¸ì¬ | MURYAN | 397036116676575233> ë£°ë£¨...
08ì‹œ 36ë¶„ / [ì •ë³´] ======================
08ì‹œ 36ë¶„ / [ì •ë³´] < êµ¬ë™ ì™„ë£Œ >
08ì‹œ 36ë¶„ / [ì •ë³´] ======================
08ì‹œ 41ë¶„ / [ì •ë³´] ======================
08ì‹œ 41ë¶„ / [ì •ë³´] < êµ¬ë™ ì™„ë£Œ >
08ì‹œ 41ë¶„ / [ì •ë³´] ======================
08ì‹œ 47ë¶„ / [ì •ë³´] ======================
08ì‹œ 47ë¶„ / [ì •ë³´] < êµ¬ë™ ì™„ë£Œ >
08ì‹œ 47ë¶„ / [ì •ë³´] ======================
09ì‹œ 00ë¶„ / [ì •ë³´] ======================
09ì‹œ 00ë¶„ / [ì •ë³´] < êµ¬ë™ ì™„ë£Œ >
09ì‹œ 00ë¶„ / [ì •ë³´] ======================
09ì‹œ 20ë¶„ / [ì •ë³´] ======================
09ì‹œ 20ë¶„ / [ì •ë³´] < êµ¬ë™ ì™„ë£Œ >
09ì‹œ 20ë¶„ / [ì •ë³´] ======================
09ì‹œ 26ë¶„ / ë³‘ì‹ ë“¤ <ì‹¤í—˜ | TÌ´ÌƒÍ–rÌµÍ˜Ì1Ì¸Í‘Í aÌ¸ÍÌiÌ¶Ì‰ÌnÌ´ÌŒÌ’aÌ´ÌÍ’ | 496627750858260480> #ì±”í”¼ì–¸ ì¹´ì´ì‚¬
10ì‹œ 32ë¶„ / [ì •ë³´] ======================
10ì‹œ 32ë¶„ / [ì •ë³´] < êµ¬ë™ ì™„ë£Œ >
10ì‹œ 32ë¶„ / [ì •ë³´] ======================
10ì‹œ 38ë¶„ / [ì •ë³´] ======================
10ì‹œ 38ë¶„ / [ì •ë³´] < êµ¬ë™ ì™„ë£Œ >
10ì‹œ 38ë¶„ / [ì •ë³´] ======================
10ì‹œ 39ë¶„ / [ì •ë³´] ======================
10ì‹œ 39ë¶„ / [ì •ë³´] < êµ¬ë™ ì™„ë£Œ >
10ì‹œ 39ë¶„ / [ì •ë³´] ======================
10ì‹œ 47ë¶„ / ë³‘ì‹ ë“¤ <ğŸ§¬ì •ì‹ ë‚˜ê°„-í˜¸ì¬ | ê¹€ê°•ëƒ‰ | 582041127323041813> tLQKF
10ì‹œ 47ë¶„ / ë³‘ì‹ ë“¤ <ğŸ§¬ì •ì‹ ë‚˜ê°„-í˜¸ì¬ | ê¹€ê°•ëƒ‰ | 582041127323041813> ë‚˜ëŠ”
10ì‹œ 47ë¶„ / ë³‘ì‹ ë“¤ <ğŸ§¬ì •ì‹ ë‚˜ê°„-í˜¸ì¬ | ê¹€ê°•ëƒ‰ | 582041127323041813> ì•ˆì°¾ì•„ì£¼ë…¸
10ì‹œ 47ë¶„ / ë³‘ì‹ ë“¤ <ğŸ§¬ì •ì‹ ë‚˜ê°„-í˜¸ì¬ | ê¹€ê°•ëƒ‰ | 582041127323041813> ã… ã… 
10ì‹œ 48ë¶„ / ë³‘ì‹ ë“¤ <ğŸ§¬ì •ì‹ ë‚˜ê°„-í˜¸ì¬ | MURYAN | 397036116676575233> ì•„ë‹ˆê·¼ë° ì£¼í™©ì´ë‘ ë“€ì˜¤í•œë‹¤ì¹˜ê³ 
10ì‹œ 48ë¶„ / [ì •ë³´] ======================
10ì‹œ 48ë¶„ / [ì •ë³´] < êµ¬ë™ ì™„ë£Œ >
10ì‹œ 48ë¶„ / [ì •ë³´] ======================
10ì‹œ 48ë¶„ / ë³‘ì‹ ë“¤ <ğŸ§¬ì •ì‹ ë‚˜ê°„-í˜¸ì¬ | MURYAN | 397036116676575233> ë² ì¸ë£°ë£¨ë‚˜ ì§•í¬ìŠ¤ì¹´ë¥´ë§ˆ ë ì¹´ì´ì‚¬ë©´
10ì‹œ 48ë¶„ / ë³‘ì‹ ë“¤ <ğŸ§¬ì •ì‹ ë‚˜ê°„-í˜¸ì¬ | MURYAN | 397036116676575233> ë”±ë´ë„ ë² ì¸ë£°ë£¨ê°€ ê°€ì¥ ìŠ¹ë¥  ë‚®ì•„ë³´ì´ì§€ì•Šëƒ
10ì‹œ 48ë¶„ / ë³‘ì‹ ë“¤ <ğŸ§¬ì •ì‹ ë‚˜ê°„-í˜¸ì¬ | ê¹€ê°•ëƒ‰ | 582041127323041813> ã…‹ã…‹ã…‹ã…‹ã…‹ã…‹ã…‹ã…‹ã…‹ã…‹ã…‹ã…‹ã…‹ã…‹ã…‹ã…‹ã…‹ã…‹ã…‹ã…‹ã…‹
11ì‹œ 22ë¶„ / [ì •ë³´] ======================
11ì‹œ 22ë¶„ / [ì •ë³´] < êµ¬ë™ ì™„ë£Œ >
11ì‹œ 22ë¶„ / [ì •ë³´] ======================
11ì‹œ 26ë¶„ / [ì •ë³´] ======================
11ì‹œ 26ë¶„ / [ì •ë³´] < êµ¬ë™ ì™„ë£Œ >
11ì‹œ 26ë¶„ / [ì •ë³´] ======================
11ì‹œ 28ë¶„ / [ì •ë³´] ======================
11ì‹œ 28ë¶„ / [ì •ë³´] < êµ¬ë™ ì™„ë£Œ >
11ì‹œ 28ë¶„ / [ì •ë³´] ======================
11ì‹œ 45ë¶„ / [ì •ë³´] ======================
11ì‹œ 45ë¶„ / [ì •ë³´] < êµ¬ë™ ì™„ë£Œ >
11ì‹œ 45ë¶„ / [ì •ë³´] ======================
12ì‹œ 23ë¶„ / [ì •ë³´] ======================
12ì‹œ 23ë¶„ / [ì •ë³´] < êµ¬ë™ ì™„ë£Œ >
12ì‹œ 23ë¶„ / [ì •ë³´] ======================
12ì‹œ 59ë¶„ / [ì •ë³´] ======================
12ì‹œ 59ë¶„ / [ì •ë³´] < êµ¬ë™ ì™„ë£Œ >
12ì‹œ 59ë¶„ / [ì •ë³´] ======================
13ì‹œ 36ë¶„ / [ì •ë³´] ======================
13ì‹œ 36ë¶„ / [ì •ë³´] < êµ¬ë™ ì™„ë£Œ >
13ì‹œ 36ë¶„ / [ì •ë³´] ======================
13ì‹œ 37ë¶„ / [ì •ë³´] ======================
13ì‹œ 37ë¶„ / [ì •ë³´] < êµ¬ë™ ì™„ë£Œ >
13ì‹œ 37ë¶„ / [ì •ë³´] ======================
14ì‹œ 18ë¶„ / [ì •ë³´] ì‹¤í–‰ ì™„ë£Œ
14ì‹œ 19ë¶„ / [ì •ë³´] ì‹¤í–‰ ì™„ë£Œ
15ì‹œ 17ë¶„ / [ì •ë³´] c:\Users\82105\Desktop\Project\Discord\DiscordBot_Gwen\cogs\AdminCommand.py ë¡œë“œ ì™„ë£Œ
15ì‹œ 17ë¶„ / [ì •ë³´] c:\Users\82105\Desktop\Project\Discord\DiscordBot_Gwen\cogs\event.py ë¡œë“œ ì™„ë£Œ
15ì‹œ 17ë¶„ / [ì •ë³´] c:\Users\82105\Desktop\Project\Discord\DiscordBot_Gwen\cogs\Favorability.py ë¡œë“œ ì™„ë£Œ
15ì‹œ 17ë¶„ / [ì •ë³´] c:\Users\82105\Desktop\Project\Discord\DiscordBot_Gwen\cogs\NormalCommandBot.py ë¡œë“œ ì™„ë£Œ
15ì‹œ 17ë¶„ / [ì •ë³´] c:\Users\82105\Desktop\Project\Discord\DiscordBot_Gwen\cogs\SearchCommand.py ë¡œë“œ ì™„ë£Œ
15ì‹œ 17ë¶„ / [ì •ë³´] ======================
15ì‹œ 17ë¶„ / [ì •ë³´] < êµ¬ë™ ì™„ë£Œ >
15ì‹œ 17ë¶„ / [ì •ë³´] ======================
15ì‹œ 17ë¶„ / ë´‡ì„œë²„ <ã…ã… | í•˜ë¦¬í•˜ë£¨ | 758963978331619331> #ì „ì  archetto
15ì‹œ 17ë¶„ / [ì˜¤ë¥˜] Traceback (most recent call last):
  File "C:\Users\82105\AppData\Local\Programs\Python\Python39\lib\site-packages\urllib3\connectionpool.py", line 699, in urlopen
    httplib_response = self._make_request(
  File "C:\Users\82105\AppData\Local\Programs\Python\Python39\lib\site-packages\urllib3\connectionpool.py", line 382, in _make_request
    self._validate_conn(conn)
  File "C:\Users\82105\AppData\Local\Programs\Python\Python39\lib\site-packages\urllib3\connectionpool.py", line 1010, in _validate_conn
    conn.connect()
  File "C:\Users\82105\AppData\Local\Programs\Python\Python39\lib\site-packages\urllib3\connection.py", line 411, in connect
    self.sock = ssl_wrap_socket(
  File "C:\Users\82105\AppData\Local\Programs\Python\Python39\lib\site-packages\urllib3\util\ssl_.py", line 449, in ssl_wrap_socket
    ssl_sock = _ssl_wrap_socket_impl(
  File "C:\Users\82105\AppData\Local\Programs\Python\Python39\lib\site-packages\urllib3\util\ssl_.py", line 493, in _ssl_wrap_socket_impl
    return ssl_context.wrap_socket(sock, server_hostname=server_hostname)
  File "C:\Users\82105\AppData\Local\Programs\Python\Python39\lib\ssl.py", line 500, in wrap_socket
    return self.sslsocket_class._create(
  File "C:\Users\82105\AppData\Local\Programs\Python\Python39\lib\ssl.py", line 1040, in _create
    self.do_handshake()
  File "C:\Users\82105\AppData\Local\Programs\Python\Python39\lib\ssl.py", line 1309, in do_handshake
    self._sslobj.do_handshake()
ssl.SSLCertVerificationError: [SSL: CERTIFICATE_VERIFY_FAILED] certificate verify failed: self signed certificate (_ssl.c:1129)

During handling of the above exception, another exception occurred:

Traceback (most recent call last):
  File "C:\Users\82105\AppData\Local\Programs\Python\Python39\lib\site-packages\requests\adapters.py", line 439, in send
    resp = conn.urlopen(
  File "C:\Users\82105\AppData\Local\Programs\Python\Python39\lib\site-packages\urllib3\connectionpool.py", line 755, in urlopen
    retries = retries.increment(
  File "C:\Users\82105\AppData\Local\Programs\Python\Python39\lib\site-packages\urllib3\util\retry.py", line 574, in increment
    raise MaxRetryError(_pool, url, error or ResponseError(cause))
urllib3.exceptions.MaxRetryError: HTTPSConnectionPool(host='kr.op.gg', port=443): Max retries exceeded with url: /summoner/userName=archetto (Caused by SSLError(SSLCertVerificationError(1, '[SSL: CERTIFICATE_VERIFY_FAILED] certificate verify failed: self signed certificate (_ssl.c:1129)')))

During handling of the above exception, another exception occurred:

Traceback (most recent call last):
  File "C:\Users\82105\AppData\Local\Programs\Python\Python39\lib\site-packages\discord\ext\commands\core.py", line 85, in wrapped
    ret = await coro(*args, **kwargs)
  File "c:\Users\82105\Desktop\Project\Discord\DiscordBot_Gwen\cogs\SearchCommand.py", line 32, in ì „ì 
    res = requests.get(url).text
  File "C:\Users\82105\AppData\Local\Programs\Python\Python39\lib\site-packages\requests\api.py", line 75, in get
    return request('get', url, params=params, **kwargs)
  File "C:\Users\82105\AppData\Local\Programs\Python\Python39\lib\site-packages\requests\api.py", line 61, in request
    return session.request(method=method, url=url, **kwargs)
  File "C:\Users\82105\AppData\Local\Programs\Python\Python39\lib\site-packages\requests\sessions.py", line 542, in request
    resp = self.send(prep, **send_kwargs)
  File "C:\Users\82105\AppData\Local\Programs\Python\Python39\lib\site-packages\requests\sessions.py", line 655, in send
    r = adapter.send(request, **kwargs)
  File "C:\Users\82105\AppData\Local\Programs\Python\Python39\lib\site-packages\requests\adapters.py", line 514, in send
    raise SSLError(e, request=request)
requests.exceptions.SSLError: HTTPSConnectionPool(host='kr.op.gg', port=443): Max retries exceeded with url: /summoner/userName=archetto (Caused by SSLError(SSLCertVerificationError(1, '[SSL: CERTIFICATE_VERIFY_FAILED] certificate verify failed: self signed certificate (_ssl.c:1129)')))

The above exception was the direct cause of the following exception:

Traceback (most recent call last):
  File "c:\Users\82105\Desktop\Project\Discord\DiscordBot_Gwen\utils\logger.py", line 22, in err
    raise error
  File "C:\Users\82105\AppData\Local\Programs\Python\Python39\lib\site-packages\discord\ext\commands\bot.py", line 939, in invoke
    await ctx.command.invoke(ctx)
  File "C:\Users\82105\AppData\Local\Programs\Python\Python39\lib\site-packages\discord\ext\commands\core.py", line 863, in invoke
    await injected(*ctx.args, **ctx.kwargs)
  File "C:\Users\82105\AppData\Local\Programs\Python\Python39\lib\site-packages\discord\ext\commands\core.py", line 94, in wrapped
    raise CommandInvokeError(exc) from exc
discord.ext.commands.errors.CommandInvokeError: Command raised an exception: SSLError: HTTPSConnectionPool(host='kr.op.gg', port=443): Max retries exceeded with url: /summoner/userName=archetto (Caused by SSLError(SSLCertVerificationError(1, '[SSL: CERTIFICATE_VERIFY_FAILED] certificate verify failed: self signed certificate (_ssl.c:1129)')))



15ì‹œ 18ë¶„ / ë´‡ì„œë²„ <ã…ã… | í•˜ë¦¬í•˜ë£¨ | 758963978331619331> #ì „ì  ì‹œë¦¬í•˜ë£¨
15ì‹œ 18ë¶„ / [ì˜¤ë¥˜] Traceback (most recent call last):
  File "C:\Users\82105\AppData\Local\Programs\Python\Python39\lib\site-packages\urllib3\connectionpool.py", line 699, in urlopen
    httplib_response = self._make_request(
  File "C:\Users\82105\AppData\Local\Programs\Python\Python39\lib\site-packages\urllib3\connectionpool.py", line 382, in _make_request
    self._validate_conn(conn)
  File "C:\Users\82105\AppData\Local\Programs\Python\Python39\lib\site-packages\urllib3\connectionpool.py", line 1010, in _validate_conn
    conn.connect()
  File "C:\Users\82105\AppData\Local\Programs\Python\Python39\lib\site-packages\urllib3\connection.py", line 411, in connect
    self.sock = ssl_wrap_socket(
  File "C:\Users\82105\AppData\Local\Programs\Python\Python39\lib\site-packages\urllib3\util\ssl_.py", line 449, in ssl_wrap_socket
    ssl_sock = _ssl_wrap_socket_impl(
  File "C:\Users\82105\AppData\Local\Programs\Python\Python39\lib\site-packages\urllib3\util\ssl_.py", line 493, in _ssl_wrap_socket_impl
    return ssl_context.wrap_socket(sock, server_hostname=server_hostname)
  File "C:\Users\82105\AppData\Local\Programs\Python\Python39\lib\ssl.py", line 500, in wrap_socket
    return self.sslsocket_class._create(
  File "C:\Users\82105\AppData\Local\Programs\Python\Python39\lib\ssl.py", line 1040, in _create
    self.do_handshake()
  File "C:\Users\82105\AppData\Local\Programs\Python\Python39\lib\ssl.py", line 1309, in do_handshake
    self._sslobj.do_handshake()
ssl.SSLCertVerificationError: [SSL: CERTIFICATE_VERIFY_FAILED] certificate verify failed: self signed certificate (_ssl.c:1129)

During handling of the above exception, another exception occurred:

Traceback (most recent call last):
  File "C:\Users\82105\AppData\Local\Programs\Python\Python39\lib\site-packages\requests\adapters.py", line 439, in send
    resp = conn.urlopen(
  File "C:\Users\82105\AppData\Local\Programs\Python\Python39\lib\site-packages\urllib3\connectionpool.py", line 755, in urlopen
    retries = retries.increment(
  File "C:\Users\82105\AppData\Local\Programs\Python\Python39\lib\site-packages\urllib3\util\retry.py", line 574, in increment
    raise MaxRetryError(_pool, url, error or ResponseError(cause))
urllib3.exceptions.MaxRetryError: HTTPSConnectionPool(host='kr.op.gg', port=443): Max retries exceeded with url: /summoner/userName=%EC%8B%9C%EB%A6%AC%ED%95%98%EB%A3%A8 (Caused by SSLError(SSLCertVerificationError(1, '[SSL: CERTIFICATE_VERIFY_FAILED] certificate verify failed: self signed certificate (_ssl.c:1129)')))

During handling of the above exception, another exception occurred:

Traceback (most recent call last):
  File "C:\Users\82105\AppData\Local\Programs\Python\Python39\lib\site-packages\discord\ext\commands\core.py", line 85, in wrapped
    ret = await coro(*args, **kwargs)
  File "c:\Users\82105\Desktop\Project\Discord\DiscordBot_Gwen\cogs\SearchCommand.py", line 32, in ì „ì 
    res = requests.get(url).text
  File "C:\Users\82105\AppData\Local\Programs\Python\Python39\lib\site-packages\requests\api.py", line 75, in get
    return request('get', url, params=params, **kwargs)
  File "C:\Users\82105\AppData\Local\Programs\Python\Python39\lib\site-packages\requests\api.py", line 61, in request
    return session.request(method=method, url=url, **kwargs)
  File "C:\Users\82105\AppData\Local\Programs\Python\Python39\lib\site-packages\requests\sessions.py", line 542, in request
    resp = self.send(prep, **send_kwargs)
  File "C:\Users\82105\AppData\Local\Programs\Python\Python39\lib\site-packages\requests\sessions.py", line 655, in send
    r = adapter.send(request, **kwargs)
  File "C:\Users\82105\AppData\Local\Programs\Python\Python39\lib\site-packages\requests\adapters.py", line 514, in send
    raise SSLError(e, request=request)
requests.exceptions.SSLError: HTTPSConnectionPool(host='kr.op.gg', port=443): Max retries exceeded with url: /summoner/userName=%EC%8B%9C%EB%A6%AC%ED%95%98%EB%A3%A8 (Caused by SSLError(SSLCertVerificationError(1, '[SSL: CERTIFICATE_VERIFY_FAILED] certificate verify failed: self signed certificate (_ssl.c:1129)')))

The above exception was the direct cause of the following exception:

Traceback (most recent call last):
  File "c:\Users\82105\Desktop\Project\Discord\DiscordBot_Gwen\utils\logger.py", line 22, in err
    raise error
  File "C:\Users\82105\AppData\Local\Programs\Python\Python39\lib\site-packages\discord\ext\commands\bot.py", line 939, in invoke
    await ctx.command.invoke(ctx)
  File "C:\Users\82105\AppData\Local\Programs\Python\Python39\lib\site-packages\discord\ext\commands\core.py", line 863, in invoke
    await injected(*ctx.args, **ctx.kwargs)
  File "C:\Users\82105\AppData\Local\Programs\Python\Python39\lib\site-packages\discord\ext\commands\core.py", line 94, in wrapped
    raise CommandInvokeError(exc) from exc
discord.ext.commands.errors.CommandInvokeError: Command raised an exception: SSLError: HTTPSConnectionPool(host='kr.op.gg', port=443): Max retries exceeded with url: /summoner/userName=%EC%8B%9C%EB%A6%AC%ED%95%98%EB%A3%A8 (Caused by SSLError(SSLCertVerificationError(1, '[SSL: CERTIFICATE_VERIFY_FAILED] certificate verify failed: self signed certificate (_ssl.c:1129)')))



15ì‹œ 18ë¶„ / ë´‡ì„œë²„ <ã…ã… | í•˜ë¦¬í•˜ë£¨ | 758963978331619331> #ì±”í”¼ì–¸ ì•„ì¹¼ë¦¬
15ì‹œ 20ë¶„ / ë´‡ì„œë²„ <ã…ã… | í•˜ë¦¬í•˜ë£¨ | 758963978331619331> #restart
15ì‹œ 20ë¶„ / [ì •ë³´] c:\Users\82105\Desktop\Project\Discord\DiscordBot_Gwen\cogs\AdminCommand.py ë¡œë“œ ì™„ë£Œ
15ì‹œ 20ë¶„ / [ì •ë³´] 'AdminCommand' reload complete
15ì‹œ 20ë¶„ / [ì •ë³´] c:\Users\82105\Desktop\Project\Discord\DiscordBot_Gwen\cogs\event.py ë¡œë“œ ì™„ë£Œ
15ì‹œ 20ë¶„ / [ì •ë³´] 'event' reload complete
15ì‹œ 20ë¶„ / [ì •ë³´] c:\Users\82105\Desktop\Project\Discord\DiscordBot_Gwen\cogs\Favorability.py ë¡œë“œ ì™„ë£Œ
15ì‹œ 20ë¶„ / [ì •ë³´] 'Favorability' reload complete
15ì‹œ 20ë¶„ / [ì •ë³´] c:\Users\82105\Desktop\Project\Discord\DiscordBot_Gwen\cogs\NormalCommandBot.py ë¡œë“œ ì™„ë£Œ
15ì‹œ 20ë¶„ / [ì •ë³´] 'NormalCommandBot' reload complete
15ì‹œ 20ë¶„ / [ì •ë³´] c:\Users\82105\Desktop\Project\Discord\DiscordBot_Gwen\cogs\SearchCommand.py ë¡œë“œ ì™„ë£Œ
15ì‹œ 20ë¶„ / [ì •ë³´] 'SearchCommand' reload complete
15ì‹œ 20ë¶„ / ë´‡ì„œë²„ <ã…ã… | í•˜ë¦¬í•˜ë£¨ | 758963978331619331> #ì „ì  ì‹œë¦¬í•˜ë£¨
15ì‹œ 20ë¶„ / ë´‡ì„œë²„ <ã…ã… | í•˜ë¦¬í•˜ë£¨ | 758963978331619331> #ì „ì  archetto
15ì‹œ 24ë¶„ / ë³‘ì‹ ë“¤ <ğŸ“©ì±„íŒ…ì°½ | í•˜ë¦¬í•˜ë£¨ | 758963978331619331> #íˆíˆë„¤ì´ìŠ¤
18ì‹œ 59ë¶„ / [ì •ë³´] ======================
18ì‹œ 59ë¶„ / [ì •ë³´] < êµ¬ë™ ì™„ë£Œ >
18ì‹œ 59ë¶„ / [ì •ë³´] ======================
21ì‹œ 57ë¶„ / ë³‘ì‹ ë“¤ <ğŸ“©ì±„íŒ…ì°½ | ì¥ì„ íš¨ | 534534395118485506> At the end of the experiment, Regina said, â€œI donâ€™t look at the elderly in the same way that I used to anymore.  
â†’ that I used toëŠ” ì„ í–‰ì‚¬ (the same way )ë¥¼ ìˆ˜ì‹í•˜ëŠ” ê´€ê³„ë¶€ì‚¬ì ˆì´ë‹¤. â†’ used to ë‹¤ìŒì— ë™ì¼í•œ ì–´êµ¬ì˜ ë°˜ë³µì„ í”¼í•˜ê¸° ìœ„í•´ ( )ê°€ ìƒëµë˜ì—ˆë‹¤.
21ì‹œ 57ë¶„ / ë³‘ì‹ ë“¤ <ğŸ“©ì±„íŒ…ì°½ | ì¥ì„ íš¨ | 534534395118485506> ì•„ëŠ”ë¶„
22ì‹œ 03ë¶„ / [ì •ë³´] ì¥ì„ íš¨ì´(ê°€) 'At the end of the experiment, Regina said, â€œI donâ€™t look at the elderly in the same way that I used to anymore.  
â†’ that I used toëŠ” ì„ í–‰ì‚¬ (the same way )ë¥¼ ìˆ˜ì‹í•˜ëŠ” ê´€ê³„ë¶€ì‚¬ì ˆì´ë‹¤. â†’ used to ë‹¤ìŒì— ë™ì¼í•œ ì–´êµ¬ì˜ ë°˜ë³µì„ í”¼í•˜ê¸° ìœ„í•´ ( )ê°€ ìƒëµë˜ì—ˆë‹¤.' ë©”ì‹œì§€ë¥¼ ì‚­ì œ
22ì‹œ 03ë¶„ / [ì •ë³´] ì¥ì„ íš¨ì´(ê°€) 'ì•„ëŠ”ë¶„' ë©”ì‹œì§€ë¥¼ ì‚­ì œ
23ì‹œ 30ë¶„ / ë³‘ì‹ ë“¤ <ğŸ“©ì±„íŒ…ì°½ | TÌ´ÌƒÍ–rÌµÍ˜Ì1Ì¸Í‘Í aÌ¸ÍÌiÌ¶Ì‰ÌnÌ´ÌŒÌ’aÌ´ÌÍ’ | 496627750858260480> <@!620609712785850398> ë‚œì´ë„ í‰í™”í•´ë„ë¨?
23ì‹œ 30ë¶„ / ë³‘ì‹ ë“¤ <ğŸ“©ì±„íŒ…ì°½ | ì†¡ì°¬í˜• | 620609712785850398> dd
23ì‹œ 30ë¶„ / ë³‘ì‹ ë“¤ <ğŸ“©ì±„íŒ…ì°½ | TÌ´ÌƒÍ–rÌµÍ˜Ì1Ì¸Í‘Í aÌ¸ÍÌiÌ¶Ì‰ÌnÌ´ÌŒÌ’aÌ´ÌÍ’ | 496627750858260480> ã…‡ã…‹
23ì‹œ 40ë¶„ / ë³‘ì‹ ë“¤ <ğŸ“©ì±„íŒ…ì°½ | ë°•ë¬¸ê·  | 817580757753135104> <@!758963978331619331>
23ì‹œ 40ë¶„ / ë³‘ì‹ ë“¤ <ğŸ“©ì±„íŒ…ì°½ | ë°•ë¬¸ê·  | 817580757753135104> ìëƒ
