00ì‹œ 37ë¶„ / ë³‘ì‹ ë“¤ <ğŸ§¬ì •ì‹ ë‚˜ê°„-í˜¸ì¬ | ê¹€ê°•ëƒ‰ | 582041127323041813> <@!397036116676575233>
00ì‹œ 37ë¶„ / ë³‘ì‹ ë“¤ <ğŸ§¬ì •ì‹ ë‚˜ê°„-í˜¸ì¬ | ê¹€ê°•ëƒ‰ | 582041127323041813> ì•„ì§ë„
00ì‹œ 37ë¶„ / ë³‘ì‹ ë“¤ <ğŸ§¬ì •ì‹ ë‚˜ê°„-í˜¸ì¬ | ê¹€ê°•ëƒ‰ | 582041127323041813> ìëƒ
00ì‹œ 55ë¶„ / [ì •ë³´] ======================
00ì‹œ 55ë¶„ / [ì •ë³´] < êµ¬ë™ ì™„ë£Œ >
00ì‹œ 55ë¶„ / [ì •ë³´] ======================
09ì‹œ 59ë¶„ / [ì •ë³´] c:\Users\82105\Desktop\Project\Discord\DiscordBot_Gwen\cogs\AdminCommand.py ë¡œë“œ ì™„ë£Œ
09ì‹œ 59ë¶„ / [ì •ë³´] c:\Users\82105\Desktop\Project\Discord\DiscordBot_Gwen\cogs\event.py ë¡œë“œ ì™„ë£Œ
09ì‹œ 59ë¶„ / [ì •ë³´] c:\Users\82105\Desktop\Project\Discord\DiscordBot_Gwen\cogs\NormalCommandBot.py ë¡œë“œ ì™„ë£Œ
09ì‹œ 59ë¶„ / [ì •ë³´] c:\Users\82105\Desktop\Project\Discord\DiscordBot_Gwen\cogs\SearchCommand.py ë¡œë“œ ì™„ë£Œ
09ì‹œ 59ë¶„ / [ì •ë³´] ======================
09ì‹œ 59ë¶„ / [ì •ë³´] < êµ¬ë™ ì™„ë£Œ >
09ì‹œ 59ë¶„ / [ì •ë³´] ======================
10ì‹œ 18ë¶„ / ë³‘ì‹ ë“¤ <ì‹¤í—˜ | í•˜ë¦¬í•˜ë£¨ | 758963978331619331> !restart
10ì‹œ 18ë¶„ / [ì •ë³´] c:\Users\82105\Desktop\Project\Discord\DiscordBot_Gwen\cogs\AdminCommand.py ë¡œë“œ ì™„ë£Œ
10ì‹œ 18ë¶„ / [ì •ë³´] 'AdminCommand' ë‹¤ì‹œ ë¶ˆëŸ¬ì˜´
10ì‹œ 18ë¶„ / [ì •ë³´] c:\Users\82105\Desktop\Project\Discord\DiscordBot_Gwen\cogs\event.py ë¡œë“œ ì™„ë£Œ
10ì‹œ 18ë¶„ / [ì •ë³´] 'event' ë‹¤ì‹œ ë¶ˆëŸ¬ì˜´
10ì‹œ 18ë¶„ / [ì •ë³´] c:\Users\82105\Desktop\Project\Discord\DiscordBot_Gwen\cogs\NormalCommandBot.py ë¡œë“œ ì™„ë£Œ
10ì‹œ 18ë¶„ / [ì •ë³´] 'NormalCommandBot' ë‹¤ì‹œ ë¶ˆëŸ¬ì˜´
10ì‹œ 18ë¶„ / [ì •ë³´] c:\Users\82105\Desktop\Project\Discord\DiscordBot_Gwen\cogs\SearchCommand.py ë¡œë“œ ì™„ë£Œ
10ì‹œ 18ë¶„ / [ì •ë³´] 'SearchCommand' ë‹¤ì‹œ ë¶ˆëŸ¬ì˜´
10ì‹œ 18ë¶„ / ë³‘ì‹ ë“¤ <ì‹¤í—˜ | í•˜ë¦¬í•˜ë£¨ | 758963978331619331> !ì±”í”¼ì–¸ ì•„ì¹¼ã„¹
10ì‹œ 18ë¶„ / ë³‘ì‹ ë“¤ <ì‹¤í—˜ | í•˜ë¦¬í•˜ë£¨ | 758963978331619331> !ì±”í”¼ì–¸ ì•„ì¹¼ë¦¬
10ì‹œ 19ë¶„ / ë³‘ì‹ ë“¤ <ì‹¤í—˜ | í•˜ë¦¬í•˜ë£¨ | 758963978331619331> !restart
10ì‹œ 19ë¶„ / [ì •ë³´] c:\Users\82105\Desktop\Project\Discord\DiscordBot_Gwen\cogs\AdminCommand.py ë¡œë“œ ì™„ë£Œ
10ì‹œ 19ë¶„ / [ì •ë³´] 'AdminCommand' ë‹¤ì‹œ ë¶ˆëŸ¬ì˜´
10ì‹œ 19ë¶„ / [ì •ë³´] c:\Users\82105\Desktop\Project\Discord\DiscordBot_Gwen\cogs\event.py ë¡œë“œ ì™„ë£Œ
10ì‹œ 19ë¶„ / [ì •ë³´] 'event' ë‹¤ì‹œ ë¶ˆëŸ¬ì˜´
10ì‹œ 19ë¶„ / [ì •ë³´] c:\Users\82105\Desktop\Project\Discord\DiscordBot_Gwen\cogs\NormalCommandBot.py ë¡œë“œ ì™„ë£Œ
10ì‹œ 19ë¶„ / [ì •ë³´] 'NormalCommandBot' ë‹¤ì‹œ ë¶ˆëŸ¬ì˜´
10ì‹œ 19ë¶„ / [ì •ë³´] c:\Users\82105\Desktop\Project\Discord\DiscordBot_Gwen\cogs\SearchCommand.py ë¡œë“œ ì™„ë£Œ
10ì‹œ 19ë¶„ / [ì •ë³´] 'SearchCommand' ë‹¤ì‹œ ë¶ˆëŸ¬ì˜´
10ì‹œ 19ë¶„ / ë³‘ì‹ ë“¤ <ì‹¤í—˜ | í•˜ë¦¬í•˜ë£¨ | 758963978331619331> !ì±”í”¼ì–¸ ì•„ì¹¼ë¦¬
10ì‹œ 19ë¶„ / ë³‘ì‹ ë“¤ <ğŸ“©ì±„íŒ…ì°½ | TÌ´ÌƒÍ–rÌµÍ˜Ì1Ì¸Í‘Í aÌ¸ÍÌiÌ¶Ì‰ÌnÌ´ÌŒÌ’aÌ´ÌÍ’ | 496627750858260480> ì¼€ë„¨ë„ ë„ˆí”„ë„¤
10ì‹œ 20ë¶„ / ë³‘ì‹ ë“¤ <ì‹¤í—˜ | í•˜ë¦¬í•˜ë£¨ | 758963978331619331> !restart
10ì‹œ 20ë¶„ / [ì •ë³´] c:\Users\82105\Desktop\Project\Discord\DiscordBot_Gwen\cogs\AdminCommand.py ë¡œë“œ ì™„ë£Œ
10ì‹œ 20ë¶„ / [ì •ë³´] 'AdminCommand' ë‹¤ì‹œ ë¶ˆëŸ¬ì˜´
10ì‹œ 20ë¶„ / [ì •ë³´] c:\Users\82105\Desktop\Project\Discord\DiscordBot_Gwen\cogs\event.py ë¡œë“œ ì™„ë£Œ
10ì‹œ 20ë¶„ / [ì •ë³´] 'event' ë‹¤ì‹œ ë¶ˆëŸ¬ì˜´
10ì‹œ 20ë¶„ / [ì •ë³´] c:\Users\82105\Desktop\Project\Discord\DiscordBot_Gwen\cogs\NormalCommandBot.py ë¡œë“œ ì™„ë£Œ
10ì‹œ 20ë¶„ / [ì •ë³´] 'NormalCommandBot' ë‹¤ì‹œ ë¶ˆëŸ¬ì˜´
10ì‹œ 20ë¶„ / [ì •ë³´] c:\Users\82105\Desktop\Project\Discord\DiscordBot_Gwen\cogs\SearchCommand.py ë¡œë“œ ì™„ë£Œ
10ì‹œ 20ë¶„ / [ì •ë³´] 'SearchCommand' ë‹¤ì‹œ ë¶ˆëŸ¬ì˜´
10ì‹œ 20ë¶„ / ë³‘ì‹ ë“¤ <ì‹¤í—˜ | í•˜ë¦¬í•˜ë£¨ | 758963978331619331> !ì±”í”¼ì–¸ ì•„ì¹¼ë¦¬
10ì‹œ 21ë¶„ / ë³‘ì‹ ë“¤ <ì‹¤í—˜ | í•˜ë¦¬í•˜ë£¨ | 758963978331619331> !restart
10ì‹œ 21ë¶„ / [ì •ë³´] c:\Users\82105\Desktop\Project\Discord\DiscordBot_Gwen\cogs\AdminCommand.py ë¡œë“œ ì™„ë£Œ
10ì‹œ 21ë¶„ / [ì •ë³´] 'AdminCommand' ë‹¤ì‹œ ë¶ˆëŸ¬ì˜´
10ì‹œ 21ë¶„ / [ì •ë³´] c:\Users\82105\Desktop\Project\Discord\DiscordBot_Gwen\cogs\event.py ë¡œë“œ ì™„ë£Œ
10ì‹œ 21ë¶„ / [ì •ë³´] 'event' ë‹¤ì‹œ ë¶ˆëŸ¬ì˜´
10ì‹œ 21ë¶„ / [ì •ë³´] c:\Users\82105\Desktop\Project\Discord\DiscordBot_Gwen\cogs\NormalCommandBot.py ë¡œë“œ ì™„ë£Œ
10ì‹œ 21ë¶„ / [ì •ë³´] 'NormalCommandBot' ë‹¤ì‹œ ë¶ˆëŸ¬ì˜´
10ì‹œ 21ë¶„ / [ì •ë³´] c:\Users\82105\Desktop\Project\Discord\DiscordBot_Gwen\cogs\SearchCommand.py ë¡œë“œ ì™„ë£Œ
10ì‹œ 21ë¶„ / [ì •ë³´] 'SearchCommand' ë‹¤ì‹œ ë¶ˆëŸ¬ì˜´
10ì‹œ 21ë¶„ / ë³‘ì‹ ë“¤ <ì‹¤í—˜ | í•˜ë¦¬í•˜ë£¨ | 758963978331619331> !ì±”í”¼ì–¸ ì•„ì¹¼ë¦¬
10ì‹œ 22ë¶„ / ë³‘ì‹ ë“¤ <ì‹¤í—˜ | í•˜ë¦¬í•˜ë£¨ | 758963978331619331> !ì±”í”¼ì–¸ ì•„ì¹¼ë¦¬
10ì‹œ 24ë¶„ / ë³‘ì‹ ë“¤ <ì‹¤í—˜ | í•˜ë¦¬í•˜ë£¨ | 758963978331619331> !restart
10ì‹œ 24ë¶„ / [ì •ë³´] c:\Users\82105\Desktop\Project\Discord\DiscordBot_Gwen\cogs\AdminCommand.py ë¡œë“œ ì™„ë£Œ
10ì‹œ 24ë¶„ / [ì •ë³´] 'AdminCommand' ë‹¤ì‹œ ë¶ˆëŸ¬ì˜´
10ì‹œ 24ë¶„ / [ì •ë³´] c:\Users\82105\Desktop\Project\Discord\DiscordBot_Gwen\cogs\event.py ë¡œë“œ ì™„ë£Œ
10ì‹œ 24ë¶„ / [ì •ë³´] 'event' ë‹¤ì‹œ ë¶ˆëŸ¬ì˜´
10ì‹œ 24ë¶„ / [ì •ë³´] c:\Users\82105\Desktop\Project\Discord\DiscordBot_Gwen\cogs\NormalCommandBot.py ë¡œë“œ ì™„ë£Œ
10ì‹œ 24ë¶„ / [ì •ë³´] 'NormalCommandBot' ë‹¤ì‹œ ë¶ˆëŸ¬ì˜´
10ì‹œ 24ë¶„ / [ì •ë³´] c:\Users\82105\Desktop\Project\Discord\DiscordBot_Gwen\cogs\SearchCommand.py ë¡œë“œ ì™„ë£Œ
10ì‹œ 24ë¶„ / [ì •ë³´] 'SearchCommand' ë‹¤ì‹œ ë¶ˆëŸ¬ì˜´
10ì‹œ 24ë¶„ / ë³‘ì‹ ë“¤ <ì‹¤í—˜ | í•˜ë¦¬í•˜ë£¨ | 758963978331619331> !ì±”í”¼ì–¸ ì¡°ì´
10ì‹œ 24ë¶„ / ë³‘ì‹ ë“¤ <ì‹¤í—˜ | MURYAN | 397036116676575233> ì•„
10ì‹œ 24ë¶„ / ë³‘ì‹ ë“¤ <ì‹¤í—˜ | MURYAN | 397036116676575233> ê°œì¡¸ë´
10ì‹œ 24ë¶„ / ë³‘ì‹ ë“¤ <ì‹¤í—˜ | MURYAN | 397036116676575233> !ì±”í”¼ì–¸ ì¹´ì´ì‚¬
10ì‹œ 24ë¶„ / ë³‘ì‹ ë“¤ <ì‹¤í—˜ | í•˜ë¦¬í•˜ë£¨ | 758963978331619331> !ì±”í”¼ì–¸ ì•„ì¹¼ë¦¬
10ì‹œ 25ë¶„ / ë³‘ì‹ ë“¤ <ì‹¤í—˜ | í•˜ë¦¬í•˜ë£¨ | 758963978331619331> ì•„ì§
10ì‹œ 25ë¶„ / ë³‘ì‹ ë“¤ <ì‹¤í—˜ | í•˜ë¦¬í•˜ë£¨ | 758963978331619331> ì•ˆë§Œë“¤ì—ˆìŠµë‹ˆë‹¤ ^^7
10ì‹œ 25ë¶„ / ë³‘ì‹ ë“¤ <ì‹¤í—˜ | MURYAN | 397036116676575233> ìŠ¹ë¥ ë„ë‚®ê³ 
10ì‹œ 25ë¶„ / ë³‘ì‹ ë“¤ <ì‹¤í—˜ | MURYAN | 397036116676575233> í‹°ì–´ë„ë‹ë„¤
10ì‹œ 25ë¶„ / ë³‘ì‹ ë“¤ <ì‹¤í—˜ | MURYAN | 397036116676575233> ì¹´ì´ì‚¬ ì“°ë ˆê¸°ì±”
10ì‹œ 25ë¶„ / ë³‘ì‹ ë“¤ <ì‹¤í—˜ | í•˜ë¦¬í•˜ë£¨ | 758963978331619331> ì•„ë˜ëŠ”
10ì‹œ 25ë¶„ / ë³‘ì‹ ë“¤ <ì‹¤í—˜ | í•˜ë¦¬í•˜ë£¨ | 758963978331619331> ì•ˆë³´ì„?
10ì‹œ 25ë¶„ / ë³‘ì‹ ë“¤ <ì‹¤í—˜ | í•˜ë¦¬í•˜ë£¨ | 758963978331619331> ìŠ¹ë¥  í”½ë¥  í‹°ì–´
10ì‹œ 25ë¶„ / ë³‘ì‹ ë“¤ <ì‹¤í—˜ | í•˜ë¦¬í•˜ë£¨ | 758963978331619331> ë‹¤ë‚®ì€
10ì‹œ 25ë¶„ / ë³‘ì‹ ë“¤ <ì‹¤í—˜ | í•˜ë¦¬í•˜ë£¨ | 758963978331619331> ì•„ì¹¼ë¦¬í•˜ëŠ”ê±´ ì–´ë–¤ê°€ìš”
10ì‹œ 25ë¶„ / ë³‘ì‹ ë“¤ <ì‹¤í—˜ | í•˜ë¦¬í•˜ë£¨ | 758963978331619331> ìš”ì¦˜ ì•„ì¹¼ë¦¬ë¡œëŠ”
10ì‹œ 25ë¶„ / ë³‘ì‹ ë“¤ <ì‹¤í—˜ | í•˜ë¦¬í•˜ë£¨ | 758963978331619331> ìºë¦¬ë¥¼ ëª»í•˜ê² ë”ë¼
10ì‹œ 26ë¶„ / ë³‘ì‹ ë“¤ <ì‹¤í—˜ | í•˜ë¦¬í•˜ë£¨ | 758963978331619331> íˆíˆ
10ì‹œ 26ë¶„ / ë³‘ì‹ ë“¤ <ì‹¤í—˜ | í•˜ë¦¬í•˜ë£¨ | 758963978331619331> ì•„ì¹¼ë¦¬
10ì‹œ 26ë¶„ / ë³‘ì‹ ë“¤ <ì‹¤í—˜ | í•˜ë¦¬í•˜ë£¨ | 758963978331619331> ë²„í”„ì¢€
10ì‹œ 27ë¶„ / ë³‘ì‹ ë“¤ <ì‹¤í—˜ | í•˜ë¦¬í•˜ë£¨ | 758963978331619331> !ê·¸ì›¬ DM
10ì‹œ 27ë¶„ / ë³‘ì‹ ë“¤ <ì‹¤í—˜ | í•˜ë¦¬í•˜ë£¨ | 758963978331619331> !DM
10ì‹œ 27ë¶„ / ë³‘ì‹ ë“¤ <ì‹¤í—˜ | í•˜ë¦¬í•˜ë£¨ | 758963978331619331> !DM
10ì‹œ 34ë¶„ / ë³‘ì‹ ë“¤ <ğŸ“©ì±„íŒ…ì°½ | ë¶•ì–´ | 487949939566182400> ã……ã…‚
10ì‹œ 34ë¶„ / ë³‘ì‹ ë“¤ <ğŸ“©ì±„íŒ…ì°½ | ë¶•ì–´ | 487949939566182400> ì €ê²Œë¨¸ì•¼
10ì‹œ 35ë¶„ / ë³‘ì‹ ë“¤ <ğŸ“©ì±„íŒ…ì°½ | ë¶•ì–´ | 487949939566182400> 4í‹°ì–´ì— ë°•íë“¯í•œ
10ì‹œ 35ë¶„ / ë³‘ì‹ ë“¤ <ğŸ“©ì±„íŒ…ì°½ | ë¶•ì–´ | 487949939566182400> ëŠë‚Œì´
10ì‹œ 37ë¶„ / ë³‘ì‹ ë“¤ <ì‹¤í—˜ | í•˜ë¦¬í•˜ë£¨ | 758963978331619331> !restart
10ì‹œ 37ë¶„ / [ì •ë³´] c:\Users\82105\Desktop\Project\Discord\DiscordBot_Gwen\cogs\AdminCommand.py ë¡œë“œ ì™„ë£Œ
10ì‹œ 37ë¶„ / [ì •ë³´] 'AdminCommand' ë‹¤ì‹œ ë¶ˆëŸ¬ì˜´
10ì‹œ 37ë¶„ / [ì •ë³´] c:\Users\82105\Desktop\Project\Discord\DiscordBot_Gwen\cogs\event.py ë¡œë“œ ì™„ë£Œ
10ì‹œ 37ë¶„ / [ì •ë³´] 'event' ë‹¤ì‹œ ë¶ˆëŸ¬ì˜´
10ì‹œ 37ë¶„ / [ì •ë³´] c:\Users\82105\Desktop\Project\Discord\DiscordBot_Gwen\cogs\NormalCommandBot.py ë¡œë“œ ì™„ë£Œ
10ì‹œ 37ë¶„ / [ì •ë³´] 'NormalCommandBot' ë‹¤ì‹œ ë¶ˆëŸ¬ì˜´
10ì‹œ 37ë¶„ / [ì •ë³´] c:\Users\82105\Desktop\Project\Discord\DiscordBot_Gwen\cogs\SearchCommand.py ë¡œë“œ ì™„ë£Œ
10ì‹œ 37ë¶„ / [ì •ë³´] 'SearchCommand' ë‹¤ì‹œ ë¶ˆëŸ¬ì˜´
10ì‹œ 37ë¶„ / ë³‘ì‹ ë“¤ <ì‹¤í—˜ | í•˜ë¦¬í•˜ë£¨ | 758963978331619331> !ì±”í”¼ì–¸ ì•„ì¹¼ë¦¬
10ì‹œ 37ë¶„ / [ì˜¤ë¥˜] Traceback (most recent call last):
  File "C:\Users\82105\AppData\Local\Programs\Python\Python39\lib\site-packages\discord\ext\commands\core.py", line 85, in wrapped
    ret = await coro(*args, **kwargs)
  File "c:\Users\82105\Desktop\Project\Discord\DiscordBot_Gwen\cogs\SearchCommand.py", line 184, in ì±”í”¼ì–¸
    luneType = soup.find_all("div", attrs="perk-page__item perk-page__item--mark", limit=2).find("img").get("src")
  File "C:\Users\82105\AppData\Local\Programs\Python\Python39\lib\site-packages\bs4\element.py", line 2253, in __getattr__
    raise AttributeError(
AttributeError: ResultSet object has no attribute 'find'. You're probably treating a list of elements like a single element. Did you call find_all() when you meant to call find()?

The above exception was the direct cause of the following exception:

Traceback (most recent call last):
  File "c:\Users\82105\Desktop\Project\Discord\DiscordBot_Gwen\utils\logger.py", line 22, in err
    raise error
  File "C:\Users\82105\AppData\Local\Programs\Python\Python39\lib\site-packages\discord\ext\commands\bot.py", line 939, in invoke
    await ctx.command.invoke(ctx)
  File "C:\Users\82105\AppData\Local\Programs\Python\Python39\lib\site-packages\discord\ext\commands\core.py", line 863, in invoke
    await injected(*ctx.args, **ctx.kwargs)
  File "C:\Users\82105\AppData\Local\Programs\Python\Python39\lib\site-packages\discord\ext\commands\core.py", line 94, in wrapped
    raise CommandInvokeError(exc) from exc
discord.ext.commands.errors.CommandInvokeError: Command raised an exception: AttributeError: ResultSet object has no attribute 'find'. You're probably treating a list of elements like a single element. Did you call find_all() when you meant to call find()?



10ì‹œ 41ë¶„ / ë³‘ì‹ ë“¤ <ì‹¤í—˜ | í•˜ë¦¬í•˜ë£¨ | 758963978331619331> !restart
10ì‹œ 41ë¶„ / [ì •ë³´] c:\Users\82105\Desktop\Project\Discord\DiscordBot_Gwen\cogs\AdminCommand.py ë¡œë“œ ì™„ë£Œ
10ì‹œ 41ë¶„ / [ì •ë³´] 'AdminCommand' ë‹¤ì‹œ ë¶ˆëŸ¬ì˜´
10ì‹œ 41ë¶„ / [ì •ë³´] c:\Users\82105\Desktop\Project\Discord\DiscordBot_Gwen\cogs\event.py ë¡œë“œ ì™„ë£Œ
10ì‹œ 41ë¶„ / [ì •ë³´] 'event' ë‹¤ì‹œ ë¶ˆëŸ¬ì˜´
10ì‹œ 41ë¶„ / [ì •ë³´] c:\Users\82105\Desktop\Project\Discord\DiscordBot_Gwen\cogs\NormalCommandBot.py ë¡œë“œ ì™„ë£Œ
10ì‹œ 41ë¶„ / [ì •ë³´] 'NormalCommandBot' ë‹¤ì‹œ ë¶ˆëŸ¬ì˜´
10ì‹œ 41ë¶„ / [ì •ë³´] c:\Users\82105\Desktop\Project\Discord\DiscordBot_Gwen\cogs\SearchCommand.py ë¡œë“œ ì™„ë£Œ
10ì‹œ 41ë¶„ / [ì •ë³´] 'SearchCommand' ë‹¤ì‹œ ë¶ˆëŸ¬ì˜´
10ì‹œ 41ë¶„ / ë³‘ì‹ ë“¤ <ì‹¤í—˜ | í•˜ë¦¬í•˜ë£¨ | 758963978331619331> !ì±”í”¼ì–¸ ì•„ì¹¼ë¦¬
10ì‹œ 46ë¶„ / ë³‘ì‹ ë“¤ <ì‹¤í—˜ | MURYAN | 397036116676575233> ê·€ë§Œ
10ì‹œ 46ë¶„ / ë³‘ì‹ ë“¤ <ì‹¤í—˜ | MURYAN | 397036116676575233> ì•ˆë“¤ë¦¬ëŠ”ê²Œì•„ë‹ˆë¼
10ì‹œ 46ë¶„ / ë³‘ì‹ ë“¤ <ì‹¤í—˜ | MURYAN | 397036116676575233> ëˆˆë„ì•ˆë³´ì—¬ìš”
10ì‹œ 46ë¶„ / ë³‘ì‹ ë“¤ <ì‹¤í—˜ | MURYAN | 397036116676575233> íˆíˆ
10ì‹œ 52ë¶„ / ë³‘ì‹ ë“¤ <ì‹¤í—˜ | í•˜ë¦¬í•˜ë£¨ | 758963978331619331> ???????
10ì‹œ 56ë¶„ / ë³‘ì‹ ë“¤ <ì‹¤í—˜ | í•˜ë¦¬í•˜ë£¨ | 758963978331619331> !restart
10ì‹œ 56ë¶„ / [ì •ë³´] c:\Users\82105\Desktop\Project\Discord\DiscordBot_Gwen\cogs\AdminCommand.py ë¡œë“œ ì™„ë£Œ
10ì‹œ 56ë¶„ / [ì •ë³´] 'AdminCommand' ë‹¤ì‹œ ë¶ˆëŸ¬ì˜´
10ì‹œ 56ë¶„ / [ì •ë³´] c:\Users\82105\Desktop\Project\Discord\DiscordBot_Gwen\cogs\event.py ë¡œë“œ ì™„ë£Œ
10ì‹œ 56ë¶„ / [ì •ë³´] 'event' ë‹¤ì‹œ ë¶ˆëŸ¬ì˜´
10ì‹œ 56ë¶„ / [ì •ë³´] c:\Users\82105\Desktop\Project\Discord\DiscordBot_Gwen\cogs\NormalCommandBot.py ë¡œë“œ ì™„ë£Œ
10ì‹œ 56ë¶„ / [ì •ë³´] 'NormalCommandBot' ë‹¤ì‹œ ë¶ˆëŸ¬ì˜´
10ì‹œ 56ë¶„ / [ì •ë³´] c:\Users\82105\Desktop\Project\Discord\DiscordBot_Gwen\cogs\SearchCommand.py ë¡œë“œ ì™„ë£Œ
10ì‹œ 56ë¶„ / [ì •ë³´] 'SearchCommand' ë‹¤ì‹œ ë¶ˆëŸ¬ì˜´
10ì‹œ 56ë¶„ / ë³‘ì‹ ë“¤ <ì‹¤í—˜ | í•˜ë¦¬í•˜ë£¨ | 758963978331619331> !ì±”í”¼ì–¸ ì¡°ì´
10ì‹œ 56ë¶„ / ë³‘ì‹ ë“¤ <ì‹¤í—˜ | MURYAN | 397036116676575233> !ì±”í”¼ì–¸ ì§•í¬ìŠ¤
10ì‹œ 58ë¶„ / ë³‘ì‹ ë“¤ <ì‹¤í—˜ | í•˜ë¦¬í•˜ë£¨ | 758963978331619331> !í•‘
10ì‹œ 59ë¶„ / ë³‘ì‹ ë“¤ <ì‹¤í—˜ | í•˜ë¦¬í•˜ë£¨ | 758963978331619331> !restart
10ì‹œ 59ë¶„ / [ì •ë³´] c:\Users\82105\Desktop\Project\Discord\DiscordBot_Gwen\cogs\AdminCommand.py ë¡œë“œ ì™„ë£Œ
10ì‹œ 59ë¶„ / [ì •ë³´] 'AdminCommand' ë‹¤ì‹œ ë¶ˆëŸ¬ì˜´
10ì‹œ 59ë¶„ / [ì •ë³´] c:\Users\82105\Desktop\Project\Discord\DiscordBot_Gwen\cogs\event.py ë¡œë“œ ì™„ë£Œ
10ì‹œ 59ë¶„ / [ì •ë³´] 'event' ë‹¤ì‹œ ë¶ˆëŸ¬ì˜´
10ì‹œ 59ë¶„ / [ì •ë³´] c:\Users\82105\Desktop\Project\Discord\DiscordBot_Gwen\cogs\NormalCommandBot.py ë¡œë“œ ì™„ë£Œ
10ì‹œ 59ë¶„ / [ì •ë³´] 'NormalCommandBot' ë‹¤ì‹œ ë¶ˆëŸ¬ì˜´
10ì‹œ 59ë¶„ / [ì •ë³´] c:\Users\82105\Desktop\Project\Discord\DiscordBot_Gwen\cogs\SearchCommand.py ë¡œë“œ ì™„ë£Œ
10ì‹œ 59ë¶„ / [ì •ë³´] 'SearchCommand' ë‹¤ì‹œ ë¶ˆëŸ¬ì˜´
10ì‹œ 59ë¶„ / ë³‘ì‹ ë“¤ <ì‹¤í—˜ | í•˜ë¦¬í•˜ë£¨ | 758963978331619331> !ì±”í”¼ì–¸ ì•„ì¹¼ë¦¬
11ì‹œ 04ë¶„ / ë³‘ì‹ ë“¤ <ì‹¤í—˜ | í•˜ë¦¬í•˜ë£¨ | 758963978331619331> !restart
11ì‹œ 04ë¶„ / [ì •ë³´] c:\Users\82105\Desktop\Project\Discord\DiscordBot_Gwen\cogs\AdminCommand.py ë¡œë“œ ì™„ë£Œ
11ì‹œ 04ë¶„ / [ì •ë³´] 'AdminCommand' ë‹¤ì‹œ ë¶ˆëŸ¬ì˜´
11ì‹œ 04ë¶„ / [ì •ë³´] c:\Users\82105\Desktop\Project\Discord\DiscordBot_Gwen\cogs\event.py ë¡œë“œ ì™„ë£Œ
11ì‹œ 04ë¶„ / [ì •ë³´] 'event' ë‹¤ì‹œ ë¶ˆëŸ¬ì˜´
11ì‹œ 04ë¶„ / [ì •ë³´] c:\Users\82105\Desktop\Project\Discord\DiscordBot_Gwen\cogs\NormalCommandBot.py ë¡œë“œ ì™„ë£Œ
11ì‹œ 04ë¶„ / [ì •ë³´] 'NormalCommandBot' ë‹¤ì‹œ ë¶ˆëŸ¬ì˜´
11ì‹œ 04ë¶„ / [ì •ë³´] c:\Users\82105\Desktop\Project\Discord\DiscordBot_Gwen\cogs\SearchCommand.py ë¡œë“œ ì™„ë£Œ
11ì‹œ 04ë¶„ / [ì •ë³´] 'SearchCommand' ë‹¤ì‹œ ë¶ˆëŸ¬ì˜´
11ì‹œ 04ë¶„ / ë³‘ì‹ ë“¤ <ì‹¤í—˜ | í•˜ë¦¬í•˜ë£¨ | 758963978331619331> !ê·¸ì›¬ì‹ ê°€ìœ„ë°”ìœ„ë³´
11ì‹œ 06ë¶„ / ë³‘ì‹ ë“¤ <ì‹¤í—˜ | TÌ´ÌƒÍ–rÌµÍ˜Ì1Ì¸Í‘Í aÌ¸ÍÌiÌ¶Ì‰ÌnÌ´ÌŒÌ’aÌ´ÌÍ’ | 496627750858260480> ã…‹ã…‹ã…‹
11ì‹œ 07ë¶„ / ë³‘ì‹ ë“¤ <ì‹¤í—˜ | TÌ´ÌƒÍ–rÌµÍ˜Ì1Ì¸Í‘Í aÌ¸ÍÌiÌ¶Ì‰ÌnÌ´ÌŒÌ’aÌ´ÌÍ’ | 496627750858260480> !ê·¸ì›¬ì‹ ê°€ìœ„ë°”ìœ„ë³´
11ì‹œ 07ë¶„ / ë³‘ì‹ ë“¤ <ì‹¤í—˜ | TÌ´ÌƒÍ–rÌµÍ˜Ì1Ì¸Í‘Í aÌ¸ÍÌiÌ¶Ì‰ÌnÌ´ÌŒÌ’aÌ´ÌÍ’ | 496627750858260480> ì£¼ì‘
11ì‹œ 08ë¶„ / ë³‘ì‹ ë“¤ <ì‹¤í—˜ | TÌ´ÌƒÍ–rÌµÍ˜Ì1Ì¸Í‘Í aÌ¸ÍÌiÌ¶Ì‰ÌnÌ´ÌŒÌ’aÌ´ÌÍ’ | 496627750858260480> !ê·¸ì›¬ì‹ ê°€ìœ„ë°”ìœ„ë³´
11ì‹œ 08ë¶„ / ë³‘ì‹ ë“¤ <ì‹¤í—˜ | TÌ´ÌƒÍ–rÌµÍ˜Ì1Ì¸Í‘Í aÌ¸ÍÌiÌ¶Ì‰ÌnÌ´ÌŒÌ’aÌ´ÌÍ’ | 496627750858260480> !ê·¸ì›¬ì‹ ê°€ìœ„ë°”ìœ„ë³´
11ì‹œ 08ë¶„ / ë³‘ì‹ ë“¤ <ì‹¤í—˜ | TÌ´ÌƒÍ–rÌµÍ˜Ì1Ì¸Í‘Í aÌ¸ÍÌiÌ¶Ì‰ÌnÌ´ÌŒÌ’aÌ´ÌÍ’ | 496627750858260480> !ê·¸ì›¬ì‹ ê°€ìœ„ë°”ìœ„ë³´
11ì‹œ 08ë¶„ / ë³‘ì‹ ë“¤ <ì‹¤í—˜ | TÌ´ÌƒÍ–rÌµÍ˜Ì1Ì¸Í‘Í aÌ¸ÍÌiÌ¶Ì‰ÌnÌ´ÌŒÌ’aÌ´ÌÍ’ | 496627750858260480> í  ì£¼ì‘ì€ ì•„ë‹ˆë„¤
11ì‹œ 14ë¶„ / ë³‘ì‹ ë“¤ <ì‹¤í—˜ | TÌ´ÌƒÍ–rÌµÍ˜Ì1Ì¸Í‘Í aÌ¸ÍÌiÌ¶Ì‰ÌnÌ´ÌŒÌ’aÌ´ÌÍ’ | 496627750858260480> !ê·¸ì›¬ì‹ ê°€ìœ„ë°”ìœ„ë³´
11ì‹œ 14ë¶„ / ë³‘ì‹ ë“¤ <ì‹¤í—˜ | TÌ´ÌƒÍ–rÌµÍ˜Ì1Ì¸Í‘Í aÌ¸ÍÌiÌ¶Ì‰ÌnÌ´ÌŒÌ’aÌ´ÌÍ’ | 496627750858260480> dã…—
11ì‹œ 15ë¶„ / [ì •ë³´] ë´‡ì„œë²„ ì„œë²„ì—ì„œ ì«“ê²¨ë‚¬ì–´...
11ì‹œ 15ë¶„ / [ì •ë³´] ë´‡ì„œë²„ ì„œë²„ì— ë“¤ì–´ê°”ì–´!
11ì‹œ 15ë¶„ / ë´‡ì„œë²„ <ì¼ë°˜ | í•˜ë¦¬í•˜ë£¨ | 758963978331619331> !ê°€ìœ„ë°”ìœ„ë³´
11ì‹œ 15ë¶„ / ë´‡ì„œë²„ <ì¼ë°˜ | í•˜ë¦¬í•˜ë£¨ | 758963978331619331> !ì „ì  ì‹œë¦¬í•˜ë£¨
11ì‹œ 15ë¶„ / ë´‡ì„œë²„ <ì¼ë°˜ | í•˜ë¦¬í•˜ë£¨ | 758963978331619331> !ì±”í”¼ì–¸ ì•„ì¹¼ë¦¬
11ì‹œ 16ë¶„ / ë´‡ì„œë²„ <ì¼ë°˜ | í•˜ë¦¬í•˜ë£¨ | 758963978331619331> ê·¸ì›¬ì•„ ì¡ë‹´
11ì‹œ 16ë¶„ / ë´‡ì„œë²„ <ì¼ë°˜ | í•˜ë¦¬í•˜ë£¨ | 758963978331619331> ê·¸ì›¬ì•„ ì•ˆë…•
11ì‹œ 16ë¶„ / ë³‘ì‹ ë“¤ <ê³µì§€ | í•˜ë¦¬í•˜ë£¨ | 758963978331619331> ê·¸ì›¬ ë´‡ ì¶”ê°€: https://discord.com/api/oauth2/authorize?client_id=885030846069899264&permissions=137442552896&scope=bot
11ì‹œ 17ë¶„ / [ì •ë³´] í•˜ë¦¬í•˜ë£¨ì´(ê°€) 'ê·¸ì›¬ ë´‡ ì¶”ê°€: https://discord.com/api/oauth2/authorize?client_id=885030846069899264&permissions=137442552896&scope=bot' ë©”ì‹œì§€ë¥¼ 'ê·¸ì›¬ ë´‡ ì¶”ê°€: https://discord.com/api/oauth2/authorize?client_id=885030846069899264&permissions=137442552896&scope=bot
#ë¯¸ì™„ì„±' ë¡œ ìˆ˜ì •
